--------- beginning of main
02-03 19:47:22.057  6122  6122 I System.out: PlatformHealth: Loaded health data for 0 platforms
02-03 19:47:34.607  6122  6122 I System.out: 📝 HYBRID SEARCH: Starting for 'banana fresh'
02-03 19:47:34.747  6122  6122 I System.out: 💾 CACHE: Found cached results for 0 platforms (0 products)
02-03 19:47:34.750  6122  6122 I System.out: === STARTING RAW SCRAPE: banana fresh (pincode: 560001) ===
02-03 19:47:34.750  6122  6122 I System.out: === NO LOCAL FILTERING - All intelligence handled by backend AI ===
02-03 19:47:34.751  6122  7383 I System.out: === Launching all scrapers ===
02-03 19:47:34.752  6122  7385 I System.out: Amazon: Starting (HTTP)
02-03 19:47:34.752  6122  7387 I System.out: Blinkit: Starting (WebView)
02-03 19:47:34.753  6122  7386 I System.out: Amazon Fresh: Starting (HTTP)
02-03 19:47:34.754  6122  7389 I System.out: Amazon: Searching for 'banana fresh'...
02-03 19:47:34.754  6122  7387 I System.out: Blinkit: Searching for 'banana fresh'...
02-03 19:47:34.754  6122  7391 I System.out: Zepto: Starting (WebView)
02-03 19:47:34.755  6122  7390 I System.out: Instamart: Starting (WebView)
02-03 19:47:34.756  6122  7387 I System.out: WebView: Location set to pincode=560001, lat=12.9352, lon=77.6245
02-03 19:47:34.756  6122  7389 I System.out: Amazon: Fetching https://www.amazon.in/s?k=banana+fresh (pincode: 560001)
02-03 19:47:34.757  6122  7395 I System.out: Zepto: Searching for 'banana fresh'...
02-03 19:47:34.757  6122  7391 I System.out: Amazon Fresh: Searching for 'banana fresh'...
02-03 19:47:34.757  6122  7384 I System.out: Flipkart Minutes: Starting (WebView)
02-03 19:47:34.757  6122  7390 I System.out: Instamart: Searching for 'banana fresh'...
02-03 19:47:34.758  6122  7391 I System.out: Amazon Fresh: Fetching https://www.amazon.in/s?k=banana+fresh&i=nowstore (pincode: 560001)
02-03 19:47:34.759  6122  7395 I System.out: DirectApiScraper: Zepto: Starting API scrape for 'banana fresh'
02-03 19:47:34.760  6122  7384 I System.out: Flipkart Minutes: Searching for 'banana fresh'...
02-03 19:47:34.760  6122  7390 I System.out: DirectApiScraper: Instamart: Starting API scrape for 'banana fresh'
02-03 19:47:34.760  6122  7384 I System.out: Flipkart Minutes: HTTP request to https://m.flipkart.com/search?q=banana+fresh&marketplace=GROCERY
02-03 19:47:34.960  6122  7395 I System.out: DirectApiScraper: Zepto: API error: Unable to resolve host "api.zeptonow.com": No address associated with hostname
02-03 19:47:35.014  6122  7390 I System.out: DirectApiScraper: Instamart: storeId fetch HTTP 404
02-03 19:47:35.093  6122  7390 I System.out: DirectApiScraper: Instamart: HTTP 404
02-03 19:47:35.094  6122  7390 I System.out: Instamart: Direct API failed (HTTP 404)
02-03 19:47:35.094  6122  7390 I System.out: WebView: Location set to pincode=560001, lat=12.9716, lon=77.5946
02-03 19:47:35.370  6122  7384 I System.out: Flipkart Minutes: Got 496420 chars via HTTP
02-03 19:47:35.477  6122  7395 I System.out: DirectApiScraper: Zepto: HTTP 404
02-03 19:47:35.477  6122  7384 I System.out: Flipkart Minutes: No product cards found
02-03 19:47:35.477  6122  7384 I System.out: Flipkart Minutes: HTTP request to https://m.flipkart.com/grocery-supermart-store?q=banana+fresh
02-03 19:47:35.477  6122  7395 I System.out: Zepto: Direct API failed (HTTP 404)
02-03 19:47:35.478  6122  7395 I System.out: Zepto: Loading https://www.zeptonow.com/search?query=banana+fresh
02-03 19:47:35.478  6122  7395 I System.out: WebView: Location set to pincode=560001, lat=12.9352, lon=77.6245
02-03 19:47:35.532  6122  7387 I System.out: Blinkit: Starting Blinkit-specific extraction...
02-03 19:47:35.537  6122  7387 I System.out: Blinkit: Found 0 product images
02-03 19:47:35.545  6122  7387 I System.out: Blinkit: Found 0 data-* elements
02-03 19:47:35.549  6122  7387 I System.out: Blinkit: Found 0 product links
02-03 19:47:35.549  6122  7387 I System.out: Blinkit: Blinkit extraction found 0 products
02-03 19:47:35.568  6122  7390 I System.out: Instamart: Trying __NEXT_DATA__ extraction...
02-03 19:47:35.569  6122  7390 I System.out: Instamart: Trying Cloudinary image extraction...
02-03 19:47:35.606  6122  7390 I System.out: Instamart: Found 0 Cloudinary/Swiggy images
02-03 19:47:35.606  6122  7390 I System.out: Instamart: Trying general image extraction...
02-03 19:47:35.627  6122  7390 I System.out: Instamart: Found 1 images with alt
02-03 19:47:35.627  6122  7390 I System.out: Instamart: Trying data-* extraction...
02-03 19:47:35.653  6122  7390 I System.out: Instamart: Found 4 data-* elements
02-03 19:47:35.669  6122  7390 I System.out: Instamart: Trying generic resilient extraction...
02-03 19:47:35.723  6122  7384 I System.out: Flipkart Minutes: Got 523686 chars via HTTP
02-03 19:47:35.786  6122  7390 I System.out: Instamart: Total extraction found 0 products
02-03 19:47:35.794  6122  7384 I System.out: Flipkart Minutes: Using WebView (SPA site)...
02-03 19:47:35.794  6122  7384 I System.out: WebView: Location set to pincode=560001, lat=12.9352, lon=77.6245
02-03 19:47:35.794  6122  7384 I System.out: Flipkart Minutes: Trying URL 1/1: https://m.flipkart.com/search?q=banana+fresh&marketplace=GROCERY
02-03 19:47:35.851  6122  6122 I System.out: WebView: Created with User-Agent: Mozilla/5.0 (Linux; Android 14; SM-G998B) AppleWebKit/537.36 (KHTML, like Gecko) Chrome/121.0.6167.101 Mobile Safari/537.36
02-03 19:47:35.868  6122  6122 I System.out: WebView: Set location cookies for www.zeptonow.com with pincode=560001
02-03 19:47:35.894  6122  7387 I System.out: Blinkit: Attempt 1/3 with 9s timeout
02-03 19:47:35.942  6122  6122 I System.out: WebView: Created with User-Agent: Mozilla/5.0 (Linux; Android 13; Pixel 7 Pro) AppleWebKit/537.36 (KHTML, like Gecko) Chrome/120.0.6099.230 Mobile Safari/537.36
02-03 19:47:35.973  6122  6122 I System.out: WebView: Set location cookies for m.flipkart.com with pincode=560001
02-03 19:47:35.993  6122  6122 I System.out: WebView: Created with User-Agent: Mozilla/5.0 (Linux; Android 14; SM-G998B) AppleWebKit/537.36 (KHTML, like Gecko) Chrome/121.0.6167.101 Mobile Safari/537.36
02-03 19:47:36.004  6122  6122 I System.out: WebView: Set location cookies for blinkit.com with pincode=560001
02-03 19:47:36.077  6122  7390 I System.out: Instamart: Trying __NEXT_DATA__ extraction...
02-03 19:47:36.078  6122  7390 I System.out: Instamart: Trying Cloudinary image extraction...
02-03 19:47:36.085  6122  7390 I System.out: Instamart: Found 0 Cloudinary/Swiggy images
02-03 19:47:36.085  6122  7390 I System.out: Instamart: Trying general image extraction...
02-03 19:47:36.091  6122  7390 I System.out: Instamart: Found 1 images with alt
02-03 19:47:36.091  6122  7390 I System.out: Instamart: Trying data-* extraction...
02-03 19:47:36.097  6122  7390 I System.out: Instamart: Found 4 data-* elements
02-03 19:47:36.099  6122  7390 I System.out: Instamart: Trying generic resilient extraction...
02-03 19:47:36.120  6122  7390 I System.out: Instamart: Total extraction found 0 products
02-03 19:47:36.121  6122  7390 I System.out: Instamart: Attempt 1/3 with 9s timeout
02-03 19:47:36.140  6122  6122 I System.out: WebView: Created with User-Agent: Mozilla/5.0 (Linux; Android 14; SM-S918B) AppleWebKit/537.36 (KHTML, like Gecko) Chrome/121.0.6167.143 Mobile Safari/537.36
02-03 19:47:36.170  6122  6122 I System.out: WebView: Set comprehensive Swiggy cookies for pincode=560001
02-03 19:47:36.172  6122  6122 I System.out: WebView: Set location cookies for www.swiggy.com with pincode=560001
02-03 19:47:36.207  6122  7391 I System.out: Amazon Fresh: Received HTML (427799 bytes)
02-03 19:47:36.306  6122  7391 I System.out: Amazon Fresh: Found 3 product cards
02-03 19:47:36.311  6122  7391 I System.out: Amazon Fresh: Using ASIN: B01D3DJW72
02-03 19:47:36.311  6122  7391 I System.out: Amazon Fresh: Product URL for 'Modern Kitchens' = https://www.amazon.in/dp/B01D3DJW72?pincode=560001&i=nowstore
02-03 19:47:36.312  6122  7391 I System.out: Amazon Fresh: ✓ Added Modern Kitchens at ₹90.0 -> https://www.amazon.in/dp/B01D3DJW72?pincode=560001&i=nowstore
02-03 19:47:36.317  6122  7391 I System.out: Amazon Fresh: Using ASIN: B0CYBVR2TB
02-03 19:47:36.317  6122  7391 I System.out: Amazon Fresh: Product URL for 'Karachi Bakery' = https://www.amazon.in/dp/B0CYBVR2TB?pincode=560001&i=nowstore
02-03 19:47:36.318  6122  7391 I System.out: Amazon Fresh: ✓ Added Karachi Bakery at ₹119.0 -> https://www.amazon.in/dp/B0CYBVR2TB?pincode=560001&i=nowstore
02-03 19:47:36.323  6122  7391 I System.out: Amazon Fresh: Using ASIN: B0CBCLPFMP
02-03 19:47:36.323  6122  7391 I System.out: Amazon Fresh: Product URL for 'Sproutlets' = https://www.amazon.in/dp/B0CBCLPFMP?pincode=560001&i=nowstore
02-03 19:47:36.324  6122  7391 I System.out: Amazon Fresh: ✓ Added Sproutlets at ₹375.0 -> https://www.amazon.in/dp/B0CBCLPFMP?pincode=560001&i=nowstore
02-03 19:47:36.324  6122  7391 I System.out: Amazon Fresh: ✓ Found 3 products
02-03 19:47:36.324  6122  7391 I System.out: Amazon Fresh: Returning 3 products: [Modern Kitchens, Karachi Bakery, Sproutlets]
02-03 19:47:36.324  6122  7391 I System.out: Amazon Fresh: [RAW] Got 3 products
02-03 19:47:36.329  6122  7391 I System.out: Amazon Fresh: ✓ 3 products (raw, unfiltered)
02-03 19:47:36.329  6122  7391 I System.out: Amazon Fresh: Completed (1/10)
02-03 19:47:36.330  6122  6122 I System.out: [STREAM] Amazon Fresh: 3 products at 1579ms
02-03 19:47:36.330  6122  6122 I System.out: 🔍 Per-platform AI: Amazon Fresh - queued (3 products, timeout=4000ms, reason=fresh)
02-03 19:47:36.330  6122  6122 I System.out: 🔍 Per-platform AI: Amazon Fresh - started
02-03 19:47:36.331  6122  6122 I System.out: 🔍 Best Deal Search: 'banana fresh' → Primary keyword: 'banana'
02-03 19:47:36.332  6122  6122 I System.out: 📊 Relevance: HIGH=0, MEDIUM=3, LOW=0
02-03 19:47:36.332  6122  6122 I System.out:   ⚠️ MED [0]: Modern Kitchens = ₹90.0
02-03 19:47:36.332  6122  6122 I System.out:   ⚠️ MED [0]: Karachi Bakery = ₹119.0
02-03 19:47:36.332  6122  6122 I System.out:   ⚠️ MED [0]: Sproutlets = ₹375.0
02-03 19:47:36.333  6122  6122 I System.out:   📏 Per-unit comparison: 0 products have calculable unit price
02-03 19:47:36.333  6122  6122 I System.out: 🏆 Best Deal: Modern Kitchens = ₹90.0
02-03 19:47:36.333  6122  6122 I System.out: 📊 Scraping: 1/10 platforms, Total: 3
02-03 19:47:36.519  6122  7389 I System.out: Amazon: Found 20 product cards
02-03 19:47:36.524  6122  6122 I System.out: WebView Console: Error with Permissions-Policy header: Unrecognized feature: 'browsing-topics'. (:0)
02-03 19:47:36.524  6122  6122 I System.out: WebView Console: Error with Permissions-Policy header: Unrecognized feature: 'web-share'. (:0)
02-03 19:47:36.524  6122  7389 I System.out: Amazon: Using ASIN: B0B76N29T8
02-03 19:47:36.524  6122  7389 I System.out: Amazon: ✓ Added Rare Variety/Elakki/Yellow Swe at ₹140.0 -> https://www.amazon.in/dp/B0B76N29T8?pincode=560001
02-03 19:47:36.527  6122  7389 I System.out: Amazon: Using ASIN: B0FYXY6552
02-03 19:47:36.528  6122  7389 I System.out: Amazon: ✓ Added Banana Plant - Musa Velutin, B at ₹299.0 -> https://www.amazon.in/dp/B0FYXY6552?pincode=560001
02-03 19:47:36.535  6122  7389 I System.out: Amazon: Using ASIN: B0CF68CHRP
02-03 19:47:36.535  6122  7389 I System.out: Amazon: ✓ Added Mphmi at ₹299.0 -> https://www.amazon.in/dp/B0CF68CHRP?pincode=560001
02-03 19:47:36.539  6122  7389 I System.out: Amazon: Using ASIN: B0DFVB2QKB
02-03 19:47:36.539  6122  7389 I System.out: Amazon: ✓ Added M-Tech Gardens at ₹260.0 -> https://www.amazon.in/dp/B0DFVB2QKB?pincode=560001
02-03 19:47:36.545  6122  7389 I System.out: Amazon: Using ASIN: B0BS3LJWSP
02-03 19:47:36.545  6122  7389 I System.out: Amazon: ✓ Added Nursery Live at ₹99.0 -> https://www.amazon.in/dp/B0BS3LJWSP?pincode=560001
02-03 19:47:36.549  6122  7389 I System.out: Amazon: Using ASIN: B0BS3NFH27
02-03 19:47:36.550  6122  7389 I System.out: Amazon: ✓ Added Nursery Live at ₹99.0 -> https://www.amazon.in/dp/B0BS3NFH27?pincode=560001
02-03 19:47:36.550  6122  7389 I System.out: Amazon: ✓ Found 6 products
02-03 19:47:36.550  6122  7389 I System.out: Amazon: [RAW] Got 5 products
02-03 19:47:36.554  6122  7389 I System.out: Amazon: ✓ 5 products (raw, unfiltered)
02-03 19:47:36.554  6122  7389 I System.out: Amazon: Completed (2/10)
02-03 19:47:36.563  6122  6122 I System.out: WebView: Anti-detection script injected on page start
02-03 19:47:36.585  6122  6122 I System.out: WebView: Anti-detection script injected on page start
02-03 19:47:36.586  6122  6122 I System.out: WebView: Anti-detection script injected on page start
02-03 19:47:36.649  6122  6122 I System.out: WebView Console: Anti-detection script injected successfully (:175)
02-03 19:47:36.716  6122  6122 I System.out: WebView Console: Anti-detection script injected successfully (:175)
02-03 19:47:36.717  6122  6122 I System.out: WebView Console: Anti-detection script injected successfully (:175)
02-03 19:47:36.749  6122  6122 I System.out: WebView: Anti-detection script injected on page start
02-03 19:47:36.808  6122  6122 I System.out: WebView Console: Anti-detection script injected successfully (:175)
02-03 19:47:37.875  6122  6122 I System.out: WebView Console: Warning: Component with name Placeholderis not available. Returning a fallback View (https://static-assets-web.flixcart.com/batman-returns/batman-returns/p/0dabfea1025c670ad99726ae9939d123/CrossCommon.js:1)
02-03 19:47:37.908  6122  6122 I System.out: WebView Console: Warning: Component with name RNShimmeringViewis not available. Returning a fallback View (https://static-assets-web.flixcart.com/batman-returns/batman-returns/p/0dabfea1025c670ad99726ae9939d123/CrossCommon.js:1)
02-03 19:47:37.923  6122  6122 I System.out: WebView Console: Warning: Component with name GifViewis not available. Returning a fallback View (https://static-assets-web.flixcart.com/batman-returns/batman-returns/p/0dabfea1025c670ad99726ae9939d123/CrossCommon.js:1)
02-03 19:47:37.923  6122  6122 I System.out: WebView Console: Warning: Component with name LiveVideoViewis not available. Returning a fallback View (https://static-assets-web.flixcart.com/batman-returns/batman-returns/p/0dabfea1025c670ad99726ae9939d123/CrossCommon.js:1)
02-03 19:47:38.798  6122  6122 I System.out: WebView Console: ServiceWorker registration successful with scope:  https://www.flipkart.com/ (https://www.flipkart.com/search?q=banana+fresh&marketplace=GROCERY:1720)
02-03 19:47:38.798  6122  6122 I System.out: WebView Console: ServiceWorker is active and sending message :  https://www.flipkart.com/ (https://www.flipkart.com/search?q=banana+fresh&marketplace=GROCERY:1729)
02-03 19:47:38.807  6122  6122 I System.out: WebView Console: Anti-detection script injected successfully (:175)
02-03 19:47:39.160  6122  6122 I System.out: WebView Console: Sync registration failed for web push Heart beat: UnknownError: Background Sync is disabled. (https://www.flipkart.com/search?q=banana+fresh&marketplace=GROCERY:1751)
02-03 19:47:39.163  6122  6122 I System.out: WebView Console: hide header timeout (https://instamart-media-assets.swiggy.com/swiggy/raw/upload/dash-front-assets/js/app.es6.cd83c1c300ead98d.js:88)
02-03 19:47:39.265  6122  6122 I System.out: WebView Console: Unrecognized feature: 'browsing-topics'. (https://connect.facebook.net/signals/config/1149898238733621?v=2.9.256&r=stable&domain=www.swiggy.com&hme=18f1088ef3e8892a74f943ddaee05e3bbd28c980d3b65c4c57d9fe86969d4bce&ex_m=95%2C158%2C135%2C20%2C67%2C68%2C128%2C63%2C42%2C129%2C72%2C62%2C10%2C142%2C81%2C15%2C94%2C123%2C116%2C70%2C73%2C122%2C139%2C103%2C144%2C7%2C3%2C4%2C6%2C5%2C2%2C82%2C92%2C145%2C226%2C170%2C56%2C228%2C229%2C49%2C185%2C27%2C69%2C234%2C233%2C173%2C29%2C55%2C9%2C58%2C88%2C89%2C90%2C96%2C119%2C28%2C26%2C121%2C118%2C117%2C136%2C71%2C138%2C137%2C44%2C54%2C112%2C14%2C141%2C39%2C215%2C217%2C180%2C23%2C24%2C25%2C17%2C18%2C38%2C34%2C36%2C35%2C77%2C83%2C87%2C101%2C127%2C130%2C40%2C102%2C21%2C19%2C108%2C64%2C32%2C132%2C131%2C133%2C124%2C22%2C31%2C53%2C100%2C140%2C65%2C16%2C134%2C105%2C76%2C61%2C30%2C195%2C165%2C285%2C213%2C156%2C198%2C191%2C166%2C98%2C120%2C75%2C110%2C48%2C41%2C43%2C104%2C109%2C115%2C52%2C59%2C114%2C47%2C50%2C46%2C91%2C143%2C0%2C113%2C13%2C111%2C11%2C1%2C51%2C84%2C57%2C60%2C107%2C80%2C79%2C146%2C147%2C85%2C86%2C8%2C93%2C45%2C125%2C78%2C74%2C66%2C106%2C97%2C37%2C126%2C33%2C99%2C12%2C148:134)
02-03 19:47:39.376  6122  6122 I System.out: WebView Console: Unrecognized feature: 'browsing-topics'. (https://connect.facebook.net/signals/config/1685726148383397?v=2.9.256&r=stable&domain=blinkit.com&hme=18f1088ef3e8892a74f943ddaee05e3bbd28c980d3b65c4c57d9fe86969d4bce&ex_m=95%2C158%2C135%2C20%2C67%2C68%2C128%2C63%2C42%2C129%2C72%2C62%2C10%2C142%2C81%2C15%2C94%2C123%2C116%2C70%2C73%2C122%2C139%2C103%2C144%2C7%2C3%2C4%2C6%2C5%2C2%2C82%2C92%2C145%2C226%2C170%2C56%2C228%2C229%2C49%2C185%2C27%2C69%2C234%2C233%2C173%2C29%2C55%2C9%2C58%2C88%2C89%2C90%2C96%2C119%2C28%2C26%2C121%2C118%2C117%2C136%2C71%2C138%2C137%2C44%2C54%2C112%2C14%2C141%2C39%2C215%2C217%2C180%2C23%2C24%2C25%2C17%2C18%2C38%2C34%2C36%2C35%2C77%2C83%2C87%2C101%2C127%2C130%2C40%2C102%2C21%2C19%2C108%2C64%2C32%2C132%2C131%2C133%2C124%2C22%2C31%2C53%2C100%2C140%2C65%2C16%2C134%2C105%2C76%2C61%2C30%2C195%2C165%2C285%2C213%2C156%2C198%2C191%2C166%2C98%2C120%2C75%2C110%2C48%2C41%2C43%2C104%2C109%2C115%2C52%2C59%2C114%2C47%2C50%2C46%2C91%2C143%2C0%2C113%2C13%2C111%2C11%2C1%2C51%2C84%2C57%2C60%2C107%2C80%2C79%2C146%2C147%2C85%2C86%2C8%2C93%2C45%2C125%2C78%2C74%2C66%2C106%2C97%2C37%2C126%2C33%2C99%2C12%2C148:134)
02-03 19:47:39.407  6122  6122 I System.out: WebView Console: Anti-detection script injected successfully (:175)
02-03 19:47:39.414  6122  6122 I System.out: WebView Console: Anti-detection script injected successfully (:175)
02-03 19:47:39.847  6122  6122 I System.out: WebView: Error loading https://www.facebook.com/privacy_sandbox/pixel/register/trigger/?id=1149898238733621&ev=PageView&dl=https%3A%2F%2Fwww.swiggy.com%2Finstamart%2Fsearch%3Fcustom_back%3Dtrue%26query%3Dbanana%2Bfresh&rl=&if=false&ts=1770128259285&sw=320&sh=872&v=2.9.256&r=stable&ec=0&o=4126&fbp=fb.1.1770128259279.551628329254353518&eid=ob3_plugin-set_c6a6c67c475186a183a9a287d1c1c9cc93f32cd3cf2b5c23b247096ecff8de1f&ler=empty&cdl=API_unavailable&pmd[title]=Instamart&plt=938.1000000238419&it=1770128258833&coo=false&chmd=&chpv=&chfv=undefined&cf=1&expv2[0]=pl0&expv2[1]=el2&expv2[2]=bc1&expv2[3]=mr2&expv2[4]=ct3&expv2[5]=hf2&rqm=FGET: net::ERR_BLOCKED_BY_ORB
02-03 19:47:39.848  6122  6122 I System.out: WebView: Error loading https://www.facebook.com/privacy_sandbox/pixel/register/trigger/?id=1685726148383397&ev=PageView&dl=https%3A%2F%2Fblinkit.com%2Fs%2F%3Fq%3Dbanana%2Bfresh&rl=&if=false&ts=1770128259392&sw=320&sh=872&v=2.9.256&r=stable&ec=0&o=4126&fbp=fb.1.1770128259384.117475232956798761&eid=ob3_plugin-set_a55d8aef1a00eeeeb926edca0d5e121dee89ee44b76959c4b25fc04f02ba8c7f&ler=empty&cdl=API_unavailable&pmd[title]=Buy%20banana%20fresh%20Online%20%7C%20blinkit&pmd[keywords]=Buy%20Grocery%20Online%2C%20Online%20Grocery%2C%20Grofers%2C%20Groffers%2C%20Groferss%2C%20blinkit%20grofers%2C%20blinkit%2C%20blink%20it%2C%20Grocery%20Store%2C%20Online%20Grocery%20Shopping%2C%20Online%20Grocery%20Store%2C%20Online%20Supermarket%2C%20Free%20Delivery%2C%20Great%20Offers%2C%20Best%20Prices&pmd[description]=Buy%20banana%20fresh%20at%20best%20price%20and%20get%20it%20delivered%20at%20your%20doorstep.&plt=1487.4000000059605&it=1770128259032&coo=false&chmd=&chpv=&chfv=undefined&cf=1&expv2[0]=pl0&expv2[1]=el2&expv2[2]=bc1&expv2[3]=mr2&expv2[4]=ct3&expv2[5]=hf3&rqm=FGET: net::ERR_BLOCKED_BY_ORB
02-03 19:47:40.300  6122  6122 I System.out: WebView Console: Anti-detection script injected successfully (https://blinkit.com/scripts/sentryvendor.df85f9ffd4f9be92831b.js:1)
02-03 19:47:40.333  6122  6122 I System.out: ⏱️ Per-platform AI: Amazon Fresh - timeout after 4002ms
02-03 19:47:40.333  6122  6122 I System.out: 🔍 Best Deal Search: 'banana fresh' → Primary keyword: 'banana'
02-03 19:47:40.334  6122  6122 I System.out: 📊 Relevance: HIGH=0, MEDIUM=3, LOW=0
02-03 19:47:40.334  6122  6122 I System.out:   ⚠️ MED [0]: Modern Kitchens = ₹90.0
02-03 19:47:40.334  6122  6122 I System.out:   ⚠️ MED [0]: Karachi Bakery = ₹119.0
02-03 19:47:40.334  6122  6122 I System.out:   ⚠️ MED [0]: Sproutlets = ₹375.0
02-03 19:47:40.335  6122  6122 I System.out:   📏 Per-unit comparison: 0 products have calculable unit price
02-03 19:47:40.335  6122  6122 I System.out: 🏆 Best Deal: Modern Kitchens = ₹90.0
02-03 19:47:40.407  6122  6122 I System.out: WebView Console: WARNING: Too many active WebGL contexts. Oldest context will be lost. (:111)
02-03 19:47:40.410  6122  6122 I System.out: WebView Console: Anti-detection script injected successfully (:175)
02-03 19:47:40.607  6122  6122 I System.out: WebView Console: WARNING: Too many active WebGL contexts. Oldest context will be lost. (:111)
02-03 19:47:40.608  6122  6122 I System.out: WebView Console: Anti-detection script injected successfully (:175)
02-03 19:47:42.697  6122  6122 I System.out: WebView: Selector ready (img[alt]), extracting
02-03 19:47:42.749  6122  7389 I System.out: Blinkit: Got 151392 chars
02-03 19:47:42.785  6122  7389 I System.out: Blinkit: HTML Structure Monitor:
02-03 19:47:42.785  6122  7389 I System.out:   - Images with alt: 1
02-03 19:47:42.785  6122  7389 I System.out:   - data-product elements: 0
02-03 19:47:42.785  6122  7389 I System.out:   - Product links: 0
02-03 19:47:42.785  6122  7389 I System.out:   - Price occurrences: 48
02-03 19:47:42.804  6122  7389 I System.out: Blinkit: Starting Blinkit-specific extraction...
02-03 19:47:42.805  6122  7389 I System.out: Blinkit: Found 1 product images
02-03 19:47:42.828  6122  7389 I System.out: Blinkit: Found 0 data-* elements
02-03 19:47:42.829  6122  7389 I System.out: Blinkit: Found 0 product links
02-03 19:47:42.829  6122  7389 I System.out: Blinkit: Blinkit extraction found 0 products
02-03 19:47:42.829  6122  7389 I System.out: Blinkit: Blinkit-specific extraction failed, trying generic...
02-03 19:47:42.833  6122  6122 I System.out: WebView: Selector ready (img[src*='cloudinary'], img[src*='swiggy']), extracting
02-03 19:47:42.902  6122  7391 I System.out: Instamart: Got 224287 chars
02-03 19:47:42.968  6122  7389 I System.out: Blinkit: ✓ Found 5 products on attempt 1
02-03 19:47:42.968  6122  7389 I System.out: Blinkit: [RAW] Got 5 products
02-03 19:47:42.970  6122  7389 I System.out: Blinkit: ✓ 5 products (raw, unfiltered)
02-03 19:47:42.971  6122  7389 I System.out: Blinkit: Completed (3/10)
02-03 19:47:42.972  6122  7387 I System.out: JioMart Quick: Starting (WebView)
02-03 19:47:42.974  6122  7387 I System.out: JioMart Quick: Searching for 'banana fresh'...
02-03 19:47:42.974  6122  7387 I System.out: DirectApiScraper: JioMart Quick: Starting API scrape for 'banana fresh'
02-03 19:47:42.977  6122  6122 I System.out: [STREAM] Blinkit: 5 products at 8226ms
02-03 19:47:42.977  6122  6122 I System.out: 🔍 Per-platform AI: Blinkit - queued (5 products, timeout=4000ms, reason=fresh)
02-03 19:47:42.977  6122  6122 I System.out: 🔍 Per-platform AI: Blinkit - started
02-03 19:47:42.978  6122  6122 I System.out: 🔍 Best Deal Search: 'banana fresh' → Primary keyword: 'banana'
02-03 19:47:42.982  6122  6122 I System.out: 📊 Relevance: HIGH=5, MEDIUM=3, LOW=0
02-03 19:47:42.982  6122  6122 I System.out:   ✅ HIGH [50]: Banana (Baale Hannu) = ₹25.0
02-03 19:47:42.982  6122  6122 I System.out:   ✅ HIGH [30]: Baby Banana (Baale Hannu) = ₹26.0
02-03 19:47:42.982  6122  6122 I System.out:   ✅ HIGH [30]: Raw Banana (Baale Kayi) = ₹42.0
02-03 19:47:42.982  6122  6122 I System.out:   ✅ HIGH [30]: Yellaki Banana (Yellaki Baale Hannu) = ₹61.0
02-03 19:47:42.982  6122  6122 I System.out:   ✅ HIGH [50]: Organically Grown Yellaki Banana By Aksh = ₹98.0
02-03 19:47:42.982  6122  6122 I System.out:   ⚠️ MED [0]: Modern Kitchens = ₹90.0
02-03 19:47:42.983  6122  6122 I System.out:   ⚠️ MED [0]: Karachi Bakery = ₹119.0
02-03 19:47:42.983  6122  6122 I System.out:   ⚠️ MED [0]: Sproutlets = ₹375.0
02-03 19:47:42.984  6122  6122 I System.out:   📏 Per-unit comparison: 0 products have calculable unit price
02-03 19:47:42.984  6122  6122 I System.out: 🏆 Best Deal: Banana (Baale Hannu) = ₹25.0
02-03 19:47:42.985  6122  6122 I System.out: 📊 Scraping: 2/10 platforms, Total: 8
02-03 19:47:42.992  6122  7391 I System.out: Instamart: HTML Structure Monitor:
02-03 19:47:42.992  6122  7391 I System.out:   - __NEXT_DATA__: false
02-03 19:47:42.992  6122  7391 I System.out:   - Cloudinary/Swiggy images: 59
02-03 19:47:42.992  6122  7391 I System.out:   - Images with alt: 34
02-03 19:47:42.992  6122  7391 I System.out:   - data-* elements: 232
02-03 19:47:42.992  6122  7391 I System.out:   - Price occurrences: 2
02-03 19:47:42.992  6122  7391 I System.out: Instamart: Trying __NEXT_DATA__ extraction...
02-03 19:47:42.993  6122  7391 I System.out: Instamart: Trying Cloudinary image extraction...
02-03 19:47:43.024  6122  7391 I System.out: Instamart: Found 59 Cloudinary/Swiggy images
02-03 19:47:43.045  6122  7391 I System.out: Instamart: Trying general image extraction...
02-03 19:47:43.075  6122  7391 I System.out: Instamart: Found 34 images with alt
02-03 19:47:43.498  6122  7391 I System.out: Instamart: Trying data-* extraction...
02-03 19:47:43.526  6122  7391 I System.out: Instamart: Found 232 data-* elements
02-03 19:47:43.572  6122  7391 I System.out: Instamart: Trying generic resilient extraction...
02-03 19:47:43.735  6122  7391 I System.out: Instamart: Total extraction found 0 products
02-03 19:47:43.735  6122  7391 I System.out: Instamart: Attempt 1 - no valid products
02-03 19:47:43.735  6122  7391 I System.out: Instamart: ✗ All attempts failed
02-03 19:47:43.735  6122  7391 I System.out: Instamart: [RAW] Got 0 products
02-03 19:47:43.735  6122  7391 I System.out: Instamart: ✗ No products
02-03 19:47:43.735  6122  7391 I System.out: Instamart: Completed (4/10)
02-03 19:47:43.736  6122  7391 I System.out: BigBasket: Starting (WebView)
02-03 19:47:43.737  6122  7391 I System.out: BigBasket: Searching for 'banana fresh'...
02-03 19:47:43.738  6122  7391 I System.out: DirectApiScraper: BigBasket: Starting API scrape for 'banana fresh'
02-03 19:47:44.128  6122  7387 I System.out: DirectApiScraper: JioMart: HTTP 500
02-03 19:47:44.135  6122  7391 I System.out: DirectApiScraper: BigBasket: HTTP 400
02-03 19:47:44.135  6122  7391 I System.out: BigBasket: Direct API failed (HTTP 400)
02-03 19:47:44.135  6122  7391 I System.out: BigBasket: Loading https://www.bigbasket.com/ps/?q=banana+fresh (WebView)...
02-03 19:47:44.136  6122  7391 I System.out: WebView: Location set to pincode=560001, lat=12.9352, lon=77.6245
02-03 19:47:44.147  6122  6122 I System.out: WebView: Created with User-Agent: Mozilla/5.0 (Linux; Android 14; SM-G998B) AppleWebKit/537.36 (KHTML, like Gecko) Chrome/121.0.6167.101 Mobile Safari/537.36
02-03 19:47:44.168  6122  6122 I System.out: WebView: Set location cookies for www.bigbasket.com with pincode=560001
02-03 19:47:44.465  6122  6122 I System.out: WebView: Anti-detection script injected on page start
02-03 19:47:44.482  6122  6122 I System.out: WebView Console: Anti-detection script injected successfully (:175)
02-03 19:47:44.761  6122  7391 I System.out: Flipkart Minutes: URL 1 error: Timed out waiting for 10000 ms
02-03 19:47:44.761  6122  7391 I System.out: Flipkart Minutes: Timeout reached, stopping URL attempts
02-03 19:47:44.761  6122  7391 I System.out: Flipkart Minutes: ✗ All URLs failed
02-03 19:47:44.761  6122  7391 I System.out: Flipkart Minutes: [TIMEOUT]
02-03 19:47:44.761  6122  7391 I System.out: Flipkart Minutes: ✗ No products
02-03 19:47:44.761  6122  7391 I System.out: Flipkart Minutes: Completed (5/10)
02-03 19:47:44.761  6122  6122 I System.out: [STREAM] Flipkart Minutes: 0 products at 10010ms
02-03 19:47:44.762  6122  7391 I System.out: Flipkart: Starting (WebView)
02-03 19:47:44.762  6122  6122 I System.out: 🔍 Per-platform AI: Flipkart Minutes - skipped (0 products)
02-03 19:47:44.762  6122  6122 I System.out: 🔍 Best Deal Search: 'banana fresh' → Primary keyword: 'banana'
02-03 19:47:44.763  6122  7390 I System.out: Flipkart: Searching for 'banana fresh'...
02-03 19:47:44.763  6122  7390 I System.out: Flipkart: Using WebView (SPA site)...
02-03 19:47:44.763  6122  7390 I System.out: WebView: Location set to pincode=560001, lat=12.9352, lon=77.6245
02-03 19:47:44.763  6122  7390 I System.out: Flipkart: Trying URL 1/3: https://m.flipkart.com/search?q=banana+fresh
02-03 19:47:44.764  6122  6122 I System.out: 📊 Relevance: HIGH=5, MEDIUM=3, LOW=0
02-03 19:47:44.764  6122  6122 I System.out:   ✅ HIGH [50]: Banana (Baale Hannu) = ₹25.0
02-03 19:47:44.764  6122  6122 I System.out:   ✅ HIGH [30]: Baby Banana (Baale Hannu) = ₹26.0
02-03 19:47:44.764  6122  6122 I System.out:   ✅ HIGH [30]: Raw Banana (Baale Kayi) = ₹42.0
02-03 19:47:44.765  6122  6122 I System.out:   ✅ HIGH [30]: Yellaki Banana (Yellaki Baale Hannu) = ₹61.0
02-03 19:47:44.765  6122  6122 I System.out:   ✅ HIGH [50]: Organically Grown Yellaki Banana By Aksh = ₹98.0
02-03 19:47:44.765  6122  6122 I System.out:   ⚠️ MED [0]: Modern Kitchens = ₹90.0
02-03 19:47:44.765  6122  6122 I System.out:   ⚠️ MED [0]: Karachi Bakery = ₹119.0
02-03 19:47:44.765  6122  6122 I System.out:   ⚠️ MED [0]: Sproutlets = ₹375.0
02-03 19:47:44.766  6122  6122 I System.out:   📏 Per-unit comparison: 0 products have calculable unit price
02-03 19:47:44.766  6122  6122 I System.out: 🏆 Best Deal: Banana (Baale Hannu) = ₹25.0
02-03 19:47:44.766  6122  6122 I System.out: 🔍 Best Deal Search: 'banana fresh' → Primary keyword: 'banana'
02-03 19:47:44.768  6122  6122 I System.out: 📊 Relevance: HIGH=5, MEDIUM=3, LOW=0
02-03 19:47:44.768  6122  6122 I System.out:   ✅ HIGH [50]: Banana (Baale Hannu) = ₹25.0
02-03 19:47:44.768  6122  6122 I System.out:   ✅ HIGH [30]: Baby Banana (Baale Hannu) = ₹26.0
02-03 19:47:44.768  6122  6122 I System.out:   ✅ HIGH [30]: Raw Banana (Baale Kayi) = ₹42.0
02-03 19:47:44.768  6122  6122 I System.out:   ✅ HIGH [30]: Yellaki Banana (Yellaki Baale Hannu) = ₹61.0
02-03 19:47:44.768  6122  6122 I System.out:   ✅ HIGH [50]: Organically Grown Yellaki Banana By Aksh = ₹98.0
02-03 19:47:44.768  6122  6122 I System.out:   ⚠️ MED [0]: Modern Kitchens = ₹90.0
02-03 19:47:44.768  6122  6122 I System.out:   ⚠️ MED [0]: Karachi Bakery = ₹119.0
02-03 19:47:44.768  6122  6122 I System.out:   ⚠️ MED [0]: Sproutlets = ₹375.0
02-03 19:47:44.770  6122  6122 I System.out:   📏 Per-unit comparison: 0 products have calculable unit price
02-03 19:47:44.770  6122  6122 I System.out: 🏆 Best Deal: Banana (Baale Hannu) = ₹25.0
02-03 19:47:44.770  6122  6122 I System.out: 📊 Scraping: 2/10 platforms, Total: 8
02-03 19:47:44.778  6122  6122 I System.out: WebView: Created with User-Agent: Mozilla/5.0 (Linux; Android 13; OnePlus 11) AppleWebKit/537.36 (KHTML, like Gecko) Chrome/120.0.6099.144 Mobile Safari/537.36
02-03 19:47:44.790  6122  6122 I System.out: WebView: Set location cookies for m.flipkart.com with pincode=560001
02-03 19:47:44.910  6122  6122 I System.out: WebView Console: Anti-detection script injected successfully (:175)
02-03 19:47:44.942  6122  6122 I System.out: WebView Console: Anti-detection script injected successfully (:175)
02-03 19:47:44.946  6122  6122 I System.out: WebView: Anti-detection script injected on page start
02-03 19:47:45.002  6122  6122 I System.out: WebView Console: Anti-detection script injected successfully (:175)
02-03 19:47:45.010  6122  7387 I System.out: DirectApiScraper: JioMart: HTTP 400
02-03 19:47:45.010  6122  7387 I System.out: JioMart Quick: Direct API failed (HTTP 400)
02-03 19:47:45.011  6122  7387 I System.out: JioMart Quick: HTTP request to https://www.jiomart.com/search/banana+fresh?deliveryType=express
02-03 19:47:45.099  6122  7387 I System.out: JioMart Quick: HTTP 403
02-03 19:47:45.204  6122  7387 I System.out: JioMart Quick: HTTP 403
02-03 19:47:45.204  6122  7387 I System.out: JioMart Quick: Using WebView (SPA site)...
02-03 19:47:45.205  6122  7387 I System.out: JioMart Quick: Loading https://www.jiomart.com/search/banana+fresh?deliveryType=express
02-03 19:47:45.205  6122  7387 I System.out: WebView: Location set to pincode=560001, lat=12.9352, lon=77.6245
02-03 19:47:45.221  6122  6122 I System.out: WebView: Created with User-Agent: Mozilla/5.0 (Linux; Android 13; Pixel 7 Pro) AppleWebKit/537.36 (KHTML, like Gecko) Chrome/120.0.6099.230 Mobile Safari/537.36
02-03 19:47:45.242  6122  6122 I System.out: WebView: Set location cookies for www.jiomart.com with pincode=560001
02-03 19:47:45.478  6122  7387 I System.out: Zepto: ✗ Error - Timed out waiting for 10000 ms
02-03 19:47:45.479  6122  7387 I System.out: Zepto: [TIMEOUT]
02-03 19:47:45.479  6122  7387 I System.out: Zepto: ✗ No products
02-03 19:47:45.479  6122  7387 I System.out: Zepto: Completed (6/10)
02-03 19:47:45.479  6122  6122 I System.out: [STREAM] Zepto: 0 products at 10728ms
02-03 19:47:45.480  6122  6122 I System.out: 🔍 Per-platform AI: Zepto - skipped (0 products)
02-03 19:47:45.480  6122  7387 I System.out: JioMart: Starting (WebView)
02-03 19:47:45.480  6122  6122 I System.out: 🔍 Best Deal Search: 'banana fresh' → Primary keyword: 'banana'
02-03 19:47:45.484  6122  7387 I System.out: JioMart: Searching for 'banana fresh'...
02-03 19:47:45.484  6122  7387 I System.out: DirectApiScraper: JioMart: Starting API scrape for 'banana fresh'
02-03 19:47:45.486  6122  6122 I System.out: 📊 Relevance: HIGH=5, MEDIUM=3, LOW=0
02-03 19:47:45.486  6122  6122 I System.out:   ✅ HIGH [50]: Banana (Baale Hannu) = ₹25.0
02-03 19:47:45.486  6122  6122 I System.out:   ✅ HIGH [30]: Baby Banana (Baale Hannu) = ₹26.0
02-03 19:47:45.486  6122  6122 I System.out:   ✅ HIGH [30]: Raw Banana (Baale Kayi) = ₹42.0
02-03 19:47:45.486  6122  6122 I System.out:   ✅ HIGH [30]: Yellaki Banana (Yellaki Baale Hannu) = ₹61.0
02-03 19:47:45.486  6122  6122 I System.out:   ✅ HIGH [50]: Organically Grown Yellaki Banana By Aksh = ₹98.0
02-03 19:47:45.486  6122  6122 I System.out:   ⚠️ MED [0]: Modern Kitchens = ₹90.0
02-03 19:47:45.486  6122  6122 I System.out:   ⚠️ MED [0]: Karachi Bakery = ₹119.0
02-03 19:47:45.486  6122  6122 I System.out:   ⚠️ MED [0]: Sproutlets = ₹375.0
02-03 19:47:45.488  6122  6122 I System.out:   📏 Per-unit comparison: 0 products have calculable unit price
02-03 19:47:45.488  6122  6122 I System.out: 🏆 Best Deal: Banana (Baale Hannu) = ₹25.0
02-03 19:47:45.489  6122  6122 I System.out: 🔍 Best Deal Search: 'banana fresh' → Primary keyword: 'banana'
02-03 19:47:45.492  6122  6122 I System.out: 📊 Relevance: HIGH=5, MEDIUM=3, LOW=0
02-03 19:47:45.492  6122  6122 I System.out:   ✅ HIGH [50]: Banana (Baale Hannu) = ₹25.0
02-03 19:47:45.492  6122  6122 I System.out:   ✅ HIGH [30]: Baby Banana (Baale Hannu) = ₹26.0
02-03 19:47:45.492  6122  6122 I System.out:   ✅ HIGH [30]: Raw Banana (Baale Kayi) = ₹42.0
02-03 19:47:45.492  6122  6122 I System.out:   ✅ HIGH [30]: Yellaki Banana (Yellaki Baale Hannu) = ₹61.0
02-03 19:47:45.492  6122  6122 I System.out:   ✅ HIGH [50]: Organically Grown Yellaki Banana By Aksh = ₹98.0
02-03 19:47:45.492  6122  6122 I System.out:   ⚠️ MED [0]: Modern Kitchens = ₹90.0
02-03 19:47:45.493  6122  6122 I System.out:   ⚠️ MED [0]: Karachi Bakery = ₹119.0
02-03 19:47:45.493  6122  6122 I System.out:   ⚠️ MED [0]: Sproutlets = ₹375.0
02-03 19:47:45.494  6122  6122 I System.out:   📏 Per-unit comparison: 0 products have calculable unit price
02-03 19:47:45.494  6122  6122 I System.out: 🏆 Best Deal: Banana (Baale Hannu) = ₹25.0
02-03 19:47:45.494  6122  6122 I System.out: 📊 Scraping: 2/10 platforms, Total: 8
02-03 19:47:45.543  6122  6122 I System.out: WebView: Error loading https://zn00za9ubdwvj6one-tatadigital.siteintercept.qualtrics.com/SIE/?Q_ZID=ZN_00za9ubdwvj6oNE: net::ERR_NAME_NOT_RESOLVED
02-03 19:47:46.002  6122  6122 I System.out: WebView Console: App data fetch failed with status: 400 (https://www.bbassets.com/monsters-inc/static_pwa/_next/static/chunks/492.9ef1b270fb46e78e.js:1)
02-03 19:47:46.026  6122  6122 I System.out: WebView Console: Unrecognized feature: 'browsing-topics'. (https://connect.facebook.net/signals/config/1395135667375657?v=2.9.256&r=stable&domain=www.bigbasket.com&hme=18f1088ef3e8892a74f943ddaee05e3bbd28c980d3b65c4c57d9fe86969d4bce&ex_m=95%2C158%2C135%2C20%2C67%2C68%2C128%2C63%2C42%2C129%2C72%2C62%2C10%2C142%2C81%2C15%2C94%2C123%2C116%2C70%2C73%2C122%2C139%2C103%2C144%2C7%2C3%2C4%2C6%2C5%2C2%2C82%2C92%2C145%2C226%2C170%2C56%2C228%2C229%2C49%2C185%2C27%2C69%2C234%2C233%2C173%2C29%2C55%2C9%2C58%2C88%2C89%2C90%2C96%2C119%2C28%2C26%2C121%2C118%2C117%2C136%2C71%2C138%2C137%2C44%2C54%2C112%2C14%2C141%2C39%2C215%2C217%2C180%2C23%2C24%2C25%2C17%2C18%2C38%2C34%2C36%2C35%2C77%2C83%2C87%2C101%2C127%2C130%2C40%2C102%2C21%2C19%2C108%2C64%2C32%2C132%2C131%2C133%2C124%2C22%2C31%2C53%2C100%2C140%2C65%2C16%2C134%2C105%2C76%2C61%2C30%2C195%2C165%2C285%2C213%2C156%2C198%2C191%2C166%2C98%2C120%2C75%2C110%2C48%2C41%2C43%2C104%2C109%2C115%2C52%2C59%2C114%2C47%2C50%2C46%2C91%2C143%2C0%2C113%2C13%2C111%2C11%2C1%2C51%2C84%2C57%2C60%2C107%2C80%2C79%2C146%2C147%2C85%2C86%2C8%2C93%2C45%2C125%2C78%2C74%2C66%2C106%2C97%2C37%2C126%2C33%2C99%2C12%2C148:115)
02-03 19:47:46.170  6122  6122 I System.out: WebView: Max wait reached, extracting (indicators: {"ready":false,"prices":0,"products":0,"images":0,"links":0,"jsonLd":1})
02-03 19:47:46.181  6122  6122 I System.out: WebView: Anti-detection script injected on page start
02-03 19:47:46.194  6122  6122 I System.out: WebView: Backup extraction triggered
02-03 19:47:46.286  6122  6122 I System.out: ✅ Per-platform AI: Blinkit - success in 3309ms (aiPowered=true, 5/5 kept, 0 filtered)
02-03 19:47:46.286  6122  6122 I System.out: 🔍 Best Deal Search: 'banana fresh' → Primary keyword: 'banana'
02-03 19:47:46.289  6122  6122 I System.out: 📊 Relevance: HIGH=5, MEDIUM=3, LOW=0
02-03 19:47:46.290  6122  6122 I System.out:   ✅ HIGH [50]: Banana (Baale Hannu) = ₹25.0
02-03 19:47:46.290  6122  6122 I System.out:   ✅ HIGH [30]: Baby Banana (Baale Hannu) = ₹26.0
02-03 19:47:46.290  6122  6122 I System.out:   ✅ HIGH [30]: Raw Banana (Baale Kayi) = ₹42.0
02-03 19:47:46.290  6122  6122 I System.out:   ✅ HIGH [30]: Yellaki Banana (Yellaki Baale Hannu) = ₹61.0
02-03 19:47:46.290  6122  6122 I System.out:   ✅ HIGH [50]: Organically Grown Yellaki Banana By Aksh = ₹98.0
02-03 19:47:46.290  6122  6122 I System.out:   ⚠️ MED [0]: Modern Kitchens = ₹90.0
02-03 19:47:46.290  6122  6122 I System.out:   ⚠️ MED [0]: Karachi Bakery = ₹119.0
02-03 19:47:46.290  6122  6122 I System.out:   ⚠️ MED [0]: Sproutlets = ₹375.0
02-03 19:47:46.291  6122  6122 I System.out:   📏 Per-unit comparison: 0 products have calculable unit price
02-03 19:47:46.291  6122  6122 I System.out: 🏆 Best Deal: Banana (Baale Hannu) = ₹25.0
02-03 19:47:46.471  6122  6122 I System.out: WebView Console: Anti-detection script injected successfully (:175)
02-03 19:47:46.611  6122  6122 I System.out: WebView: Error loading https://www.facebook.com/privacy_sandbox/pixel/register/trigger/?id=1395135667375657&ev=PageView&dl=https%3A%2F%2Fwww.bigbasket.com%2Fps%2F%3Fq%3Dbanana%2Bfresh&rl=&if=false&ts=1770128266038&sw=320&sh=872&v=2.9.256&r=stable&ec=0&o=4126&fbp=fb.1.1770128266032.251396963587347238&ler=empty&cdl=API_unavailable&pmd[title]=&plt=332.19999998807907&it=1770128265733&coo=false&chmd=&chpv=&chfv=undefined&expv2[0]=pl1&expv2[1]=el2&expv2[2]=bc1&expv2[3]=mr2&expv2[4]=ct3&expv2[5]=hf2&rqm=FGET: net::ERR_BLOCKED_BY_ORB
02-03 19:47:46.612  6122  6122 I System.out: WebView: Error loading https://www.facebook.com/privacy_sandbox/pixel/register/trigger/?id=1395135667375657&ev=Search&dl=https%3A%2F%2Fwww.bigbasket.com%2Fps%2F%3Fq%3Dbanana%2Bfresh&rl=&if=false&ts=1770128266047&cd[content_type]=product&sw=320&sh=872&v=2.9.256&r=stable&ec=1&o=4126&fbp=fb.1.1770128266032.251396963587347238&ler=empty&cdl=API_unavailable&plt=332.19999998807907&it=1770128265733&coo=false&chmd=&chpv=&chfv=undefined&expv2[0]=pl1&expv2[1]=el3&expv2[2]=bc1&expv2[3]=mr2&expv2[4]=ct3&expv2[5]=hf2&rqm=FGET: net::ERR_BLOCKED_BY_ORB
02-03 19:47:46.613  6122  6122 I System.out: WebView: Error loading https://www.facebook.com/privacy_sandbox/pixel/register/trigger/?id=1395135667375657&ev=Search&dl=https%3A%2F%2Fwww.bigbasket.com%2Fps%2F%3Fq%3Dbanana%2Bfresh&rl=&if=false&ts=1770128266051&cd[content_type]=product%20&sw=320&sh=872&v=2.9.256&r=stable&ec=2&o=4126&fbp=fb.1.1770128266032.251396963587347238&ler=empty&cdl=API_unavailable&plt=332.19999998807907&it=1770128265733&coo=false&chmd=&chpv=&chfv=undefined&expv2[0]=pl1&expv2[1]=el3&expv2[2]=bc1&expv2[3]=mr2&expv2[4]=ct3&expv2[5]=hf2&rqm=FGET: net::ERR_BLOCKED_BY_ORB
02-03 19:47:46.628  6122  7387 I System.out: DirectApiScraper: JioMart: HTTP 500
02-03 19:47:46.705  6122  6122 I System.out: WebView Console: Warning: Component with name Placeholderis not available. Returning a fallback View (https://static-assets-web.flixcart.com/batman-returns/batman-returns/p/0dabfea1025c670ad99726ae9939d123/CrossCommon.js:1)
02-03 19:47:46.736  6122  6122 I System.out: WebView Console: Warning: Component with name RNShimmeringViewis not available. Returning a fallback View (https://static-assets-web.flixcart.com/batman-returns/batman-returns/p/0dabfea1025c670ad99726ae9939d123/CrossCommon.js:1)
02-03 19:47:46.754  6122  6122 I System.out: WebView Console: Warning: Component with name GifViewis not available. Returning a fallback View (https://static-assets-web.flixcart.com/batman-returns/batman-returns/p/0dabfea1025c670ad99726ae9939d123/CrossCommon.js:1)
02-03 19:47:46.754  6122  6122 I System.out: WebView Console: Warning: Component with name LiveVideoViewis not available. Returning a fallback View (https://static-assets-web.flixcart.com/batman-returns/batman-returns/p/0dabfea1025c670ad99726ae9939d123/CrossCommon.js:1)
02-03 19:47:46.845  6122  6122 I System.out: WebView Console: ServiceWorker registration successful with scope:  https://www.flipkart.com/ (https://www.flipkart.com/search?q=banana+fresh:1736)
02-03 19:47:46.845  6122  6122 I System.out: WebView Console: ServiceWorker is active and sending message :  https://www.flipkart.com/ (https://www.flipkart.com/search?q=banana+fresh:1745)
02-03 19:47:46.862  6122  6122 I System.out: WebView Console: Anti-detection script injected successfully (:175)
02-03 19:47:46.902  6122  6122 I System.out: WebView Console: Sync registration failed for web push Heart beat: UnknownError: Background Sync is disabled. (https://www.flipkart.com/search?q=banana+fresh:1767)
02-03 19:47:47.135  6122  7387 I System.out: DirectApiScraper: JioMart: HTTP 400
02-03 19:47:47.135  6122  7387 I System.out: JioMart: Direct API failed (HTTP 400)
02-03 19:47:47.136  6122  7387 I System.out: JioMart: HTTP request to https://www.jiomart.com/search/banana+fresh
02-03 19:47:47.236  6122  6122 I System.out: WebView: Backup extraction triggered
02-03 19:47:47.248  6122  6122 I System.out: WebView: Backup extraction triggered
02-03 19:47:47.411  6122  6122 I System.out: WebView Console: setNativeProps is deprecated. Please update props using React state instead. (https://static-assets-web.flixcart.com/batman-returns/batman-returns/p/0dabfea1025c670ad99726ae9939d123/CrossCommon.js:1)
02-03 19:47:47.420  6122  6122 I System.out: WebView: Max wait reached, extracting (indicators: {"ready":false,"prices":0,"products":0,"images":0,"links":0,"jsonLd":3})
02-03 19:47:47.420  6122  6122 I System.out: WebView: Max wait reached, extracting (indicators: {"ready":false,"prices":0,"products":0,"images":0,"links":0,"jsonLd":3})
02-03 19:47:47.836  6122  6122 I System.out: WebView Console: Anti-detection script injected successfully (:175)
02-03 19:47:48.025  6122  7387 I System.out: JioMart: HTTP 400
02-03 19:47:48.025  6122  7387 I System.out: JioMart: HTTP request to https://www.jiomart.com/catalogsearch/result/?q=banana+fresh
02-03 19:47:48.947  6122  6122 I System.out: WebView: Max wait reached, extracting (indicators: {"ready":false,"prices":0,"products":0,"images":0,"links":0,"jsonLd":1})
02-03 19:47:49.256  6122  7387 I System.out: JioMart: HTTP 500
02-03 19:47:49.256  6122  7387 I System.out: JioMart: Using WebView (SPA site)...
02-03 19:47:49.256  6122  7387 I System.out: JioMart: Loading https://www.jiomart.com/search/banana+fresh
02-03 19:47:49.257  6122  7387 I System.out: WebView: Location set to pincode=560001, lat=12.9352, lon=77.6245
02-03 19:47:49.273  6122  6122 I System.out: WebView: Created with User-Agent: Mozilla/5.0 (Linux; Android 13; OnePlus 11) AppleWebKit/537.36 (KHTML, like Gecko) Chrome/120.0.6099.144 Mobile Safari/537.36
02-03 19:47:49.287  6122  6122 I System.out: WebView: Set location cookies for www.jiomart.com with pincode=560001
02-03 19:47:49.305  6122  6122 I System.out: WebView: Content ready! Extracting immediately (attempt 0)
02-03 19:47:49.404  6122  7387 I System.out: Flipkart: Got 521001 chars from URL 1
02-03 19:47:49.691  6122  7387 I System.out: Flipkart: ✓ Found 2 products via URL 1
02-03 19:47:49.691  6122  7387 I System.out: Flipkart: [RAW] Got 2 products
02-03 19:47:49.694  6122  7387 I System.out: Flipkart: ✓ 2 products (raw, unfiltered)
02-03 19:47:49.694  6122  7387 I System.out: Flipkart: Completed (7/10)
02-03 19:47:49.699  6122  6122 I System.out: [STREAM] Flipkart: 2 products at 14948ms
02-03 19:47:49.699  6122  6122 I System.out: 🔍 Per-platform AI: Flipkart - queued (2 products, timeout=4000ms, reason=fresh)
02-03 19:47:49.700  6122  6122 I System.out: 🔍 Per-platform AI: Flipkart - started
02-03 19:47:49.701  6122  6122 I System.out: 🔍 Best Deal Search: 'banana fresh' → Primary keyword: 'banana'
02-03 19:47:49.708  6122  6122 I System.out: 📊 Relevance: HIGH=5, MEDIUM=4, LOW=1
02-03 19:47:49.708  6122  6122 I System.out:   ✅ HIGH [50]: Banana (Baale Hannu) = ₹25.0
02-03 19:47:49.708  6122  6122 I System.out:   ✅ HIGH [30]: Baby Banana (Baale Hannu) = ₹26.0
02-03 19:47:49.708  6122  6122 I System.out:   ✅ HIGH [30]: Raw Banana (Baale Kayi) = ₹42.0
02-03 19:47:49.708  6122  6122 I System.out:   ✅ HIGH [30]: Yellaki Banana (Yellaki Baale Hannu) = ₹61.0
02-03 19:47:49.708  6122  6122 I System.out:   ✅ HIGH [50]: Organically Grown Yellaki Banana By Aksh = ₹98.0
02-03 19:47:49.709  6122  6122 I System.out:   ⚠️ MED [0]: Modern Kitchens = ₹90.0
02-03 19:47:49.709  6122  6122 I System.out:   ⚠️ MED [0]: Karachi Bakery = ₹119.0
02-03 19:47:49.709  6122  6122 I System.out:   ⚠️ MED [0]: Sproutlets = ₹375.0
02-03 19:47:49.709  6122  6122 I System.out:   ❌ LOW [-40]: Bansiram Namkeen Mari Kela Wafers Stande = ₹209.0
02-03 19:47:49.711  6122  6122 I System.out:   📏 Per-unit comparison: 0 products have calculable unit price
02-03 19:47:49.711  6122  6122 I System.out: 🏆 Best Deal: Banana (Baale Hannu) = ₹25.0
02-03 19:47:49.711  6122  6122 I System.out: 📊 Scraping: 3/10 platforms, Total: 10
02-03 19:47:49.771  6122  6122 I System.out: BigBasket: Timeout
02-03 19:47:49.771  6122  6122 I System.out: 🔍 Per-platform AI: BigBasket - skipped (0 products)
02-03 19:47:49.771  6122  6122 I System.out: 🔍 Best Deal Search: 'banana fresh' → Primary keyword: 'banana'
02-03 19:47:49.775  6122  6122 I System.out: 📊 Relevance: HIGH=5, MEDIUM=4, LOW=1
02-03 19:47:49.775  6122  6122 I System.out:   ✅ HIGH [50]: Banana (Baale Hannu) = ₹25.0
02-03 19:47:49.775  6122  6122 I System.out:   ✅ HIGH [30]: Baby Banana (Baale Hannu) = ₹26.0
02-03 19:47:49.775  6122  6122 I System.out:   ✅ HIGH [30]: Raw Banana (Baale Kayi) = ₹42.0
02-03 19:47:49.775  6122  6122 I System.out:   ✅ HIGH [30]: Yellaki Banana (Yellaki Baale Hannu) = ₹61.0
02-03 19:47:49.775  6122  6122 I System.out:   ✅ HIGH [50]: Organically Grown Yellaki Banana By Aksh = ₹98.0
02-03 19:47:49.775  6122  6122 I System.out:   ⚠️ MED [0]: Modern Kitchens = ₹90.0
02-03 19:47:49.775  6122  6122 I System.out:   ⚠️ MED [0]: Karachi Bakery = ₹119.0
02-03 19:47:49.775  6122  6122 I System.out:   ⚠️ MED [0]: Sproutlets = ₹375.0
02-03 19:47:49.775  6122  6122 I System.out:   ❌ LOW [-40]: Bansiram Namkeen Mari Kela Wafers Stande = ₹209.0
02-03 19:47:49.777  6122  6122 I System.out:   📏 Per-unit comparison: 0 products have calculable unit price
02-03 19:47:49.777  6122  6122 I System.out: 🏆 Best Deal: Banana (Baale Hannu) = ₹25.0
02-03 19:47:49.777  6122  6122 I System.out: 🔍 Best Deal Search: 'banana fresh' → Primary keyword: 'banana'
02-03 19:47:49.779  6122  6122 I System.out: 📊 Relevance: HIGH=5, MEDIUM=4, LOW=1
02-03 19:47:49.779  6122  6122 I System.out:   ✅ HIGH [50]: Banana (Baale Hannu) = ₹25.0
02-03 19:47:49.779  6122  6122 I System.out:   ✅ HIGH [30]: Baby Banana (Baale Hannu) = ₹26.0
02-03 19:47:49.779  6122  6122 I System.out:   ✅ HIGH [30]: Raw Banana (Baale Kayi) = ₹42.0
02-03 19:47:49.780  6122  6122 I System.out:   ✅ HIGH [30]: Yellaki Banana (Yellaki Baale Hannu) = ₹61.0
02-03 19:47:49.780  6122  6122 I System.out:   ✅ HIGH [50]: Organically Grown Yellaki Banana By Aksh = ₹98.0
02-03 19:47:49.780  6122  6122 I System.out:   ⚠️ MED [0]: Modern Kitchens = ₹90.0
02-03 19:47:49.780  6122  6122 I System.out:   ⚠️ MED [0]: Karachi Bakery = ₹119.0
02-03 19:47:49.780  6122  6122 I System.out:   ⚠️ MED [0]: Sproutlets = ₹375.0
02-03 19:47:49.780  6122  6122 I System.out:   ❌ LOW [-40]: Bansiram Namkeen Mari Kela Wafers Stande = ₹209.0
02-03 19:47:49.781  6122  6122 I System.out:   📏 Per-unit comparison: 0 products have calculable unit price
02-03 19:47:49.781  6122  6122 I System.out: 🏆 Best Deal: Banana (Baale Hannu) = ₹25.0
02-03 19:47:49.781  6122  6122 I System.out: 📊 Scraping: 3/10 platforms, Total: 10
02-03 19:47:49.781  6122  6122 I System.out: JioMart Quick: Timeout
02-03 19:47:49.781  6122  6122 I System.out: 🔍 Per-platform AI: JioMart Quick - skipped (0 products)
02-03 19:47:49.782  6122  6122 I System.out: 🔍 Best Deal Search: 'banana fresh' → Primary keyword: 'banana'
