02-03 21:39:21.459  1187  1309 E minksocket: MinkIPC_QRTR_Service: client with node 1 port 487e went down
02-03 21:39:21.459  1231  1231 I sensors-hal: activate:452, com.samsung.sensor.light_cct/1511 en=1 completed
02-03 21:39:21.460  1630  2755 D SensorManager: registerListener :: 1511, TMD4907 Light CCT  Non-wakeup, 200000, 0, com.samsung.android.displaysolution.EyeComfortSolutionService$1@86ce9c9
02-03 21:39:21.463 31979 31979 I System.out: WebView Console: setNativeProps is deprecated. Please update props using React state instead. (https://static-assets-web.flixcart.com/batman-returns/batman-returns/p/0dabfea1025c670ad99726ae9939d123/CrossCommon.js:1)
02-03 21:39:21.466  2991  2991 I LockscreenNotificationIconsOnlyController: onNotificationInfoUpdated 21
02-03 21:39:21.470  2991  2991 I AODNotificationManager: updateNotification() 
02-03 21:39:21.472  1429  1429 W Layer   : gatherBufferInfo: Received unknown dataspace from gralloc
02-03 21:39:21.472  2991  3535 D LocalImageResolver: Couldn't use ImageDecoder for drawable, falling back to non-resized load.
02-03 21:39:21.472  1429  1429 W Layer   : gatherBufferInfo: Received unknown dataspace from gralloc
02-03 21:39:21.475  2991  3535 D LocalImageResolver: Couldn't use ImageDecoder for drawable, falling back to non-resized load.
02-03 21:39:21.476  2991  2991 D LocalImageResolver: Couldn't use ImageDecoder for drawable, falling back to non-resized load.
02-03 21:39:21.489  1429  1429 W Layer   : gatherBufferInfo: Received unknown dataspace from gralloc
02-03 21:39:21.502  2991  2991 D LocalImageResolver: Couldn't use ImageDecoder for drawable, falling back to non-resized load.
02-03 21:39:21.505  1429  1429 W Layer   : gatherBufferInfo: Received unknown dataspace from gralloc
02-03 21:39:21.515  2991  2991 I LockscreenNotificationIconsOnlyController: onNotificationInfoUpdated 21
02-03 21:39:21.518  2991  2991 I AODNotificationManager: updateNotification() 
02-03 21:39:21.522  1429  1429 W Layer   : gatherBufferInfo: Received unknown dataspace from gralloc
02-03 21:39:21.522  1429  1429 W Layer   : gatherBufferInfo: Received unknown dataspace from gralloc
02-03 21:39:21.522  1231 29796 I sensors-hal: handle_sns_std_sensor_event:141, [SSC_LIGHT] P: 32(32),ch0:3296,ch1:0,c:0,w:0,l:19,m:2,br:63,c1:85,c2:123,i:1
02-03 21:39:21.522  1231  6040 I sensors-hal: handle_indication_realtime:471,  SCHED_FIFO(10) for qmi_cbk
02-03 21:39:21.523  1231  6040 I sensors-hal: handle_sns_std_sensor_event:90, light_cct: ts = 340118062383088 ns; value = [32.000000, 32.000000, 29.000000, 28.000000, 19.000000, 63.000000, 0.204710, 0.000000, 206.000000, 234.000000, 1.000000]
02-03 21:39:21.523  1630  2755 V EyeComfortSolutionService: count : 522 , bopr_value : 29.0, platform_value : 63.0 , app_weighting : 1.0 , cal_value : 0.52298373 , sum_value : 1373.8678 , BOPR_MAX_VALUE : 21000
02-03 21:39:21.524  1231  1231 I sensors-hal: activate:434, com.samsung.sensor.light_cct/1511 en=0
02-03 21:39:21.524  1187  1309 E minksocket: MinkIPC_QRTR_Service: client with node 1 port 487f went down
02-03 21:39:21.525  1231  1231 I sensors-hal: deactivate:384, disconnect qmi to disable sensor
02-03 21:39:21.525  1231  1231 I sensors-hal: activate:452, com.samsung.sensor.light_cct/1511 en=0 completed
02-03 21:39:21.525  1630  2755 D SensorManager: unregisterListener :: com.samsung.android.displaysolution.EyeComfortSolutionService$1@86ce9c9
02-03 21:39:21.539  1429  1429 W Layer   : gatherBufferInfo: Received unknown dataspace from gralloc
02-03 21:39:21.541  1630  2851 D SemWifiSwitchForIndividualAppsService: isSkipTcpMonitorInfo - result:1
02-03 21:39:21.555  1429  1429 W Layer   : gatherBufferInfo: Received unknown dataspace from gralloc
02-03 21:39:21.573  1429  1429 W Layer   : gatherBufferInfo: Received unknown dataspace from gralloc
02-03 21:39:21.589  1429  1429 W Layer   : gatherBufferInfo: Received unknown dataspace from gralloc
02-03 21:39:21.606  1429  1429 W Layer   : gatherBufferInfo: Received unknown dataspace from gralloc
02-03 21:39:21.623  1429  1429 W Layer   : gatherBufferInfo: Received unknown dataspace from gralloc
02-03 21:39:21.639  1429  1429 W Layer   : gatherBufferInfo: Received unknown dataspace from gralloc
02-03 21:39:21.641 31979  5350 I okhttp.OkHttpClient: <-- 200 https://pricehunt-hklm.onrender.com/api/smart-search (298ms, unknown-length body)
02-03 21:39:21.646 31979 31979 I System.out:  Per-platform AI: Zepto - success in 312ms (aiPowered=false, 1/1 kept, 0 filtered)
02-03 21:39:21.646 31979 31979 I System.out:  Best Deal Search: 'milk full cream'  Primary keyword: 'milk'
02-03 21:39:21.647 31979  5160 I System.out: DirectApiScraper: JioMart: HTTP 500
02-03 21:39:21.654 31979 31979 I System.out:  Relevance: HIGH=16, MEDIUM=3, LOW=1
02-03 21:39:21.654 31979 31979 I System.out:    HIGH [40]: Amul Lactose Free Milk, 400 ml = 25.0
02-03 21:39:21.654 31979 31979 I System.out:    HIGH [50]: Arokya Toned Milk, 400 ml = 26.0
02-03 21:39:21.654 31979 31979 I System.out:    HIGH [50]: Heritage Toned Fresh Milk-Pasteurised, 5 = 26.0
02-03 21:39:21.654 31979 31979 I System.out:    HIGH [70]: Nandini Shubham Pasteurized Fresh Milk,  = 27.0
02-03 21:39:21.654 31979 31979 I System.out:    HIGH [40]: Amul Moti Toned Milk (90 Days Shelf Life = 29.0
02-03 21:39:21.655 31979 31979 I System.out:    MED [10]: Rainbow Condensed Milk Original | Rich & = 999.0
02-03 21:39:21.655 31979 31979 I System.out:    MED [0]: GAVYRATAN Pure & Premium Skimmed Milk Po = 1699.0
02-03 21:39:21.655 31979 31979 I System.out:    MED [0]: GAVYRATAN Pure & Premium Skimmed Milk Po = 2219.0
02-03 21:39:21.655 31979 31979 I System.out:    LOW [-10]: Ahuja Mart Milk Powder, EveryDay Dairy W = 849.0
02-03 21:39:21.656  1429  1429 W Layer   : gatherBufferInfo: Received unknown dataspace from gralloc
02-03 21:39:21.657  1630  1630 I Telecom : SamsungTelecomServiceImpl : isInManagedCall - callingPackage : android / callingUser : UserHandle{0} / hasCrossUserAccess : true
02-03 21:39:21.657 31979 31979 I System.out: SearchIntelligence:  Amul Taaza Toned Milk - Pack o  16.0/pack
02-03 21:39:21.659 31979 31979 I System.out: SearchIntelligence:  Couldn't parse quantity from 'Rainbow's Quality Milk Original  12s Convenience Pack  Long Shelf Life Evaporated Milk  Ideal for Tea, Coffee & Dess'
02-03 21:39:21.659 31979 31979 I System.out:    Per-unit comparison: 1 products have calculable unit price
02-03 21:39:21.659 31979 31979 I System.out:      Amul Taaza Toned Milk - Pack of 2 = 32.0 (16/pack)
02-03 21:39:21.659 31979 31979 I System.out:    Per-unit best: Amul Taaza Toned Milk - Pack of 2 (16/pack)
02-03 21:39:21.659 31979 31979 I System.out:  Best Deal: Amul Taaza Toned Milk - Pack of 2 = 32.0
02-03 21:39:21.662  1630  1630 D NotificationManagerService$NotificationListeners: skip send NotificationListenerService - isn't visible, ManagedServiceInfo = ManagedServiceInfo[component=ComponentInfo{com.google.android.ext.services/android.ext.services.notification.Assistant},userid=150,isSystem=false,targetSdkVersion=36,connection=<connection>,service=android.service.notification.INotificationListener$Stub$Proxy@d8bca30]
02-03 21:39:21.662  1630  1630 D NotificationService: isVisibleToListenerForLog() notiType = 4, sbn = StatusBarNotification(pkg=com.android.systemui user=UserHandle{0} id=123 tag=INSIGNIFICANT key=0|com.android.systemui|123|INSIGNIFICANT|10051: Notification(channel=INSIGNIFICANT shortcut=null contentView=null vibrate=null sound=null defaults=0 flags=0 color=0x00000000 groupKey=INSIGNIFICANT vis=PUBLIC semFlags=0x0 semPriority=0 semMissedCount=0))
02-03 21:39:21.662  1630  1630 D NotificationService: isInteractionVisibleToListener is false,   UserId = 0
02-03 21:39:21.662  1630  1630 D NotificationService: isVisibleToListenerForLog() notiType = 4, sbn = StatusBarNotification(pkg=com.android.systemui user=UserHandle{0} id=123 tag=INSIGNIFICANT key=0|com.android.systemui|123|INSIGNIFICANT|10051: Notification(channel=INSIGNIFICANT shortcut=null contentView=null vibrate=null sound=null defaults=0 flags=0 color=0x00000000 groupKey=INSIGNIFICANT vis=PUBLIC semFlags=0x0 semPriority=0 semMissedCount=0))
02-03 21:39:21.662  1630  1630 D NotificationService: isInteractionVisibleToListener is false,   UserId = 0
02-03 21:39:21.662  1630  1630 D NotificationManagerService$NotificationListeners: skip send NotificationListenerService - isn't visible, ManagedServiceInfo = ManagedServiceInfo[component=ComponentInfo{com.google.android.ext.services/android.ext.services.notification.Assistant},userid=10,isSystem=false,targetSdkVersion=36,connection=<connection>,service=android.service.notification.INotificationListener$Stub$Proxy@f31020c]
02-03 21:39:21.662  1630  1630 D NotificationService: isVisibleToListenerForLog() notiType = 4, sbn = StatusBarNotification(pkg=com.android.systemui user=UserHandle{0} id=123 tag=INSIGNIFICANT key=0|com.android.systemui|123|INSIGNIFICANT|10051: Notification(channel=INSIGNIFICANT shortcut=null contentView=null vibrate=null sound=null defaults=0 flags=0 color=0x00000000 groupKey=INSIGNIFICANT vis=PUBLIC semFlags=0x0 semPriority=0 semMissedCount=0))
02-03 21:39:21.662  1630  1630 D NotificationService: isInteractionVisibleToListener is false,   UserId = 0
02-03 21:39:21.662  1630  1630 D NotificationService: isVisibleToListenerForLog() notiType = 4, sbn = StatusBarNotification(pkg=com.android.systemui user=UserHandle{0} id=123 tag=INSIGNIFICANT key=0|com.android.systemui|123|INSIGNIFICANT|10051: Notification(channel=INSIGNIFICANT shortcut=null contentView=null vibrate=null sound=null defaults=0 flags=0 color=0x00000000 groupKey=INSIGNIFICANT vis=PUBLIC semFlags=0x0 semPriority=0 semMissedCount=0))
02-03 21:39:21.662  1630  1630 D NotificationService: isInteractionVisibleToListener is false,   UserId = 0
02-03 21:39:21.670  6784  6784 I NeoBean_NotificationListener: onNotificationPosted()::sbn.getPackageName() = com.android.systemui
02-03 21:39:21.670  6784  6784 I NeoBean_Util: isEmulator() : false
02-03 21:39:21.670  6784  6784 I NeoBean_NotificationListener: sendAudioNotification()
02-03 21:39:21.670  6784  6784 I NeoBean_NotificationListener: uid = 0
02-03 21:39:21.670  6784  6784 I NeoBean_NotificationListener: Usage = 5
02-03 21:39:21.670  6784  6784 I NeoBean_NotificationUtil: noti.sound :null
02-03 21:39:21.670  6784  6784 I NeoBean_NotificationUtil: noti.vibrate :null true
02-03 21:39:21.670  6784  6784 I NeoBean_NotificationUtil: noti.defaults :0
02-03 21:39:21.670  6784  6784 I NeoBean_NotificationUtil: noti.ledARGB :0
02-03 21:39:21.672  1429  1429 W Layer   : gatherBufferInfo: Received unknown dataspace from gralloc
02-03 21:39:21.670  6784  6784 I NeoBean_NotificationUtil: noti.ledOffMS :0
02-03 21:39:21.672  6784  6784 I NeoBean_NotificationUtil: noti.ledOnMS :0
02-03 21:39:21.672  6784  6784 I NeoBean_NotificationUtil: isAlertNeed1 :false
02-03 21:39:21.672  3474  8340 I HoneySpace.NotificationListener: onNotificationPosted com.android.systemui: 0|com.android.systemui|123|INSIGNIFICANT|10051: 0
02-03 21:39:21.673  6784  6784 I NeoBean_NotificationUtil: noti.sound :content://settings/system/notification_sound
02-03 21:39:21.673  6784  6784 I NeoBean_NotificationUtil: noti.vibe :false
02-03 21:39:21.673  6784  6784 I NeoBean_NotificationUtil: noti.importanceVal :2
02-03 21:39:21.673  6784  6784 I NeoBean_NotificationUtil: noti.isGrouping :false
02-03 21:39:21.673  3474  8340 I HoneySpace.BadgeDataSourceImpl: Get notification count. PK(p='com.android.systemui', u=UserHandle{0}) - forceBadgeCount: false, notification listener: 1, badge provider: 0
02-03 21:39:21.673  6784  6784 W System.err: java.lang.NullPointerException: Attempt to invoke virtual method 'boolean android.app.Notification$BubbleMetadata.isNotificationSuppressed()' on a null object reference
02-03 21:39:21.673  6784  6784 W System.err: 	at V6.b.s(SourceFile:1)
02-03 21:39:21.673  6784  6784 W System.err: 	at r2.c.run(SourceFile:668)
02-03 21:39:21.673  6784  6784 W System.err: 	at android.os.Handler.handleCallback(Handler.java:959)
02-03 21:39:21.673  6784  6784 W System.err: 	at android.os.Handler.dispatchMessage(Handler.java:100)
02-03 21:39:21.673  6784  6784 W System.err: 	at android.os.Looper.loopOnce(Looper.java:257)
02-03 21:39:21.673  6784  6784 W System.err: 	at android.os.Looper.loop(Looper.java:342)
02-03 21:39:21.673  6784  6784 W System.err: 	at android.app.ActivityThread.main(ActivityThread.java:9634)
02-03 21:39:21.673  6784  6784 W System.err: 	at java.lang.reflect.Method.invoke(Native Method)
02-03 21:39:21.673  6784  6784 W System.err: 	at com.android.internal.os.RuntimeInit$MethodAndArgsCaller.run(RuntimeInit.java:619)
02-03 21:39:21.673  6784  6784 W System.err: 	at com.android.internal.os.ZygoteInit.main(ZygoteInit.java:929)
02-03 21:39:21.673  6784  6784 I NeoBean_NotificationUtil: isAlertNeed2 :false
02-03 21:39:21.673  3474 31680 I HoneySpace.BadgeDataSourceImpl: Get notification count. PK(p='com.google.android.apps.photos', u=UserHandle{0}) - forceBadgeCount: false, notification listener: 1, badge provider: 0
02-03 21:39:21.673  3474 30608 I HoneySpace.BadgeDataSourceImpl: Get notification count. PK(p='com.google.android.apps.photos', u=UserHandle{0}) - forceBadgeCount: false, notification listener: 1, badge provider: 0
02-03 21:39:21.681  2991  2991 D InterruptionStateProvider:  no Heads up : edgelighting enabled app. -1|com.android.systemui|2131363875|charging_state|10051
02-03 21:39:21.702  2991  2991 I LockscreenNotificationIconsOnlyController: onNotificationInfoUpdated 21
02-03 21:39:21.706  1429  1429 W Layer   : gatherBufferInfo: Received unknown dataspace from gralloc
02-03 21:39:21.709  2991  2991 I AODNotificationManager: updateNotification() 
02-03 21:39:21.722  1429  1429 W Layer   : gatherBufferInfo: Received unknown dataspace from gralloc
02-03 21:39:21.723  1429  1429 W Layer   : gatherBufferInfo: Received unknown dataspace from gralloc
02-03 21:39:21.739  1429  1429 W Layer   : gatherBufferInfo: Received unknown dataspace from gralloc
02-03 21:39:21.756  1429  1429 W Layer   : gatherBufferInfo: Received unknown dataspace from gralloc
02-03 21:39:21.773  1429  1429 W Layer   : gatherBufferInfo: Received unknown dataspace from gralloc
02-03 21:39:21.790  1429  1429 W Layer   : gatherBufferInfo: Received unknown dataspace from gralloc
02-03 21:39:21.807  1429  1429 W Layer   : gatherBufferInfo: Received unknown dataspace from gralloc
02-03 21:39:21.823  1429  1429 W Layer   : gatherBufferInfo: Received unknown dataspace from gralloc
02-03 21:39:21.840  1429  1429 W Layer   : gatherBufferInfo: Received unknown dataspace from gralloc
02-03 21:39:21.857  1429  1429 W Layer   : gatherBufferInfo: Received unknown dataspace from gralloc
02-03 21:39:21.860  1630  2848 V SemStrongRssiRoaming: EVENT_GET_WIFI_INFO_POLL (-46)
02-03 21:39:21.861 20149 20149 I wpa_sslib: cmd: GETNCHOMODE
02-03 21:39:21.862 20149 20149 I wpa_sslib: Response: GETNCHOMODE 0
02-03 21:39:21.864  1630  2731 V SemStrongRssiRoaming: Partial scan success
02-03 21:39:21.868  1744  1744 W wificond: Failed to get NL80211_ATTR_MAX_NUM_AKM_SUITES
02-03 21:39:21.868  6137  6137 I SDHMS:LOAD: type: LoadsFreqs, value: 0:216:8:1369727:1785600:844800:1474175:1881600:710400:316:379:315
02-03 21:39:21.871  1744  1744 W wificond: Failed to get NL80211_ATTR_MAX_NUM_AKM_SUITES
02-03 21:39:21.873  1429  1429 W Layer   : gatherBufferInfo: Received unknown dataspace from gralloc
02-03 21:39:21.874  1744  1744 W wificond: Failed to get NL80211_ATTR_MAX_NUM_AKM_SUITES
02-03 21:39:21.876  1744  1744 W wificond: Failed to get NL80211_ATTR_MAX_NUM_AKM_SUITES
02-03 21:39:21.878  1630  2890 D NetdEventListenerService: DNS Requested by 491, 10362(com.instagram.android), 4(FAIL), isBlocked=true, 0ms
02-03 21:39:21.881  2991  2991 D Bubbles : onEntryUpdated : shouldBubbleUp=false ,key=0|com.android.systemui|123|INSIGNIFICANT|10051
02-03 21:39:21.882  2991  2991 D InterruptionStateProvider:  no Heads up : edgelighting enabled app. 0|com.android.systemui|123|INSIGNIFICANT|10051
02-03 21:39:21.890  1429  1429 W Layer   : gatherBufferInfo: Received unknown dataspace from gralloc
02-03 21:39:21.906  1429  1429 W Layer   : gatherBufferInfo: Received unknown dataspace from gralloc
02-03 21:39:21.918  2991  2991 I LockscreenNotificationIconsOnlyController: onNotificationInfoUpdated 21
02-03 21:39:21.923  1429  1429 W Layer   : gatherBufferInfo: Received unknown dataspace from gralloc
02-03 21:39:21.923  2991  2991 I AODNotificationManager: updateNotification() 
02-03 21:39:21.924  1429  1429 W Layer   : gatherBufferInfo: Received unknown dataspace from gralloc
02-03 21:39:21.927  2991  3535 D LocalImageResolver: Couldn't use ImageDecoder for drawable, falling back to non-resized load.
02-03 21:39:21.928  2991  3535 D LocalImageResolver: Couldn't use ImageDecoder for drawable, falling back to non-resized load.
02-03 21:39:21.933  2991  2991 D LocalImageResolver: Couldn't use ImageDecoder for drawable, falling back to non-resized load.
02-03 21:39:21.940  1429  1429 W Layer   : gatherBufferInfo: Received unknown dataspace from gralloc
02-03 21:39:21.956  2991  2991 D LocalImageResolver: Couldn't use ImageDecoder for drawable, falling back to non-resized load.
02-03 21:39:21.956  1429  1429 W Layer   : gatherBufferInfo: Received unknown dataspace from gralloc
02-03 21:39:21.968  2991  2991 I LockscreenNotificationIconsOnlyController: onNotificationInfoUpdated 21
02-03 21:39:21.971  2991  2991 I AODNotificationManager: updateNotification() 
02-03 21:39:21.973  1429  1429 W Layer   : gatherBufferInfo: Received unknown dataspace from gralloc
02-03 21:39:21.974  1429  1429 W Layer   : gatherBufferInfo: Received unknown dataspace from gralloc
02-03 21:39:21.990  1429  1429 W Layer   : gatherBufferInfo: Received unknown dataspace from gralloc
02-03 21:39:22.007  1429  1429 W Layer   : gatherBufferInfo: Received unknown dataspace from gralloc
02-03 21:39:22.007  1630  3112 D WifiNl80211Manager: Scan result ready event
02-03 21:39:22.007  1630  3112 D WifiNative: Scan result ready event
02-03 21:39:22.008  1880 29953 I LOWI-9.0.0.89.z: [LOWI-Scan] lowi_close_record:Scan done in 340096822ms, 9 APs in scan results
02-03 21:39:22.014  1630  2731 D WificondScannerImpl: Filtering out 4 scan results.
02-03 21:39:22.014  1630  2731 V SemStrongRssiRoaming: Partial scan onResults
02-03 21:39:22.014  1630  2731 D SemStrongRssiRoaming: Received 5 partial scan results
02-03 21:39:22.015  1630  2814 V SemWifiScanPool: updateScanResult, partial scan:5 configKeys: 12 pool_bssid:73 pool_configKeys:25
02-03 21:39:22.015  1630  3226 D SLocation: ReceiverPair - handleWifiScan - wifi scanned enter
02-03 21:39:22.015  1630  3226 D SLocation: ReceiverPair - ignore direction of location due to wifi, id = 1, reason = 500
02-03 21:39:22.017  1630  3226 I SLocation: ReceiverPairWithWifi - handle Wifi Scans ID = 16
02-03 21:39:22.017  1630  3226 I SLocation: ReceiverPairWithWifi - force set enter id=16 by wifi scan
02-03 21:39:22.017  1630  3226 D SLocation: ReceiverPair - ignore direction of location due to wifi, id = 16, reason = 500
02-03 21:39:22.017  1630  3226 D SLocation: ReceiverPair - handleWifiScan - wifi scanned enter
02-03 21:39:22.017  1630  3226 D SLocation: ReceiverPair - ignore direction of location due to wifi, id = 19, reason = 500
02-03 21:39:22.017  1630  3226 I SLocation: ReceiverPairWithWifi - handle Wifi Scans ID = 179
02-03 21:39:22.017  1630  3226 I SLocation: ReceiverPairWithWifi - handle Wifi Scans ID = 191
02-03 21:39:22.017  1630  3226 I SLocation: ReceiverPairWithWifi - force set enter id=191 by wifi scan
02-03 21:39:22.017  1630  3226 D SLocation: ReceiverPair - ignore direction of location due to wifi, id = 191, reason = 500
02-03 21:39:22.017  1630  3226 I SLocation: ReceiverPairWithWifi - handle Wifi Scans ID = 193
02-03 21:39:22.017  1630  3226 I SLocation: ReceiverPairWithWifi - force set enter id=193 by wifi scan
02-03 21:39:22.017  1630  3226 D SLocation: ReceiverPair - ignore direction of location due to wifi, id = 193, reason = 500
02-03 21:39:22.021  1630  4226 D MARs:ActiveTrafficFilter: filter : com.samsung.android.displayassistant(0)
02-03 21:39:22.021  1630  4226 D FreecessController: com.samsung.android.displayassistant(10408) is important[8]
02-03 21:39:22.023  1429  1429 W Layer   : gatherBufferInfo: Received unknown dataspace from gralloc
02-03 21:39:22.035  1630  2727 I HalDevMgr: bestIfaceCreationProposal is null, requestIface=STA, existingIface=[name=wlan0 type=STA]
02-03 21:39:22.040  1429  1429 W Layer   : gatherBufferInfo: Received unknown dataspace from gralloc
02-03 21:39:22.058  1429  1429 W Layer   : gatherBufferInfo: Received unknown dataspace from gralloc
02-03 21:39:22.074  1429  1429 W Layer   : gatherBufferInfo: Received unknown dataspace from gralloc
02-03 21:39:22.091  1429  1429 W Layer   : gatherBufferInfo: Received unknown dataspace from gralloc
02-03 21:39:22.107  1429  1429 W Layer   : gatherBufferInfo: Received unknown dataspace from gralloc
02-03 21:39:22.124  1429  1429 W Layer   : gatherBufferInfo: Received unknown dataspace from gralloc
02-03 21:39:22.140  1429  1429 W Layer   : gatherBufferInfo: Received unknown dataspace from gralloc
02-03 21:39:22.157  1429  1429 W Layer   : gatherBufferInfo: Received unknown dataspace from gralloc
02-03 21:39:22.174  1429  1429 W Layer   : gatherBufferInfo: Received unknown dataspace from gralloc
02-03 21:39:22.181  6716 12947 I ObjectPool@9791306: Ph_[checker Pool remains: , 9, ] [pool-94-thread-1] 
02-03 21:39:22.191  1429  1429 W Layer   : gatherBufferInfo: Received unknown dataspace from gralloc
02-03 21:39:22.208  1429  1429 W Layer   : gatherBufferInfo: Received unknown dataspace from gralloc
02-03 21:39:22.224  1429  1429 W Layer   : gatherBufferInfo: Received unknown dataspace from gralloc
02-03 21:39:22.241  1429  1429 W Layer   : gatherBufferInfo: Received unknown dataspace from gralloc
02-03 21:39:22.258  1429  1429 W Layer   : gatherBufferInfo: Received unknown dataspace from gralloc
02-03 21:39:22.274  1429  1429 W Layer   : gatherBufferInfo: Received unknown dataspace from gralloc
02-03 21:39:22.282  1630  4226 I NSLocationMonitor: getGPSUsingApps() called
02-03 21:39:22.283  4182 14518 I NSLocationManager_FLP: getGPSUsingApps, No change
02-03 21:39:22.291  1429  1429 W Layer   : gatherBufferInfo: Received unknown dataspace from gralloc
02-03 21:39:22.300  1630  4226 D MARs:ActiveTrafficFilter: filter : com.whatsapp(0)
02-03 21:39:22.300  1630  4226 D FreecessController: com.whatsapp(10320) is important[8]
02-03 21:39:22.308  1429  1429 W Layer   : gatherBufferInfo: Received unknown dataspace from gralloc
02-03 21:39:22.324  1429  1429 W Layer   : gatherBufferInfo: Received unknown dataspace from gralloc
02-03 21:39:22.341  1429  1429 W Layer   : gatherBufferInfo: Received unknown dataspace from gralloc
02-03 21:39:22.358  1429  1429 W Layer   : gatherBufferInfo: Received unknown dataspace from gralloc
02-03 21:39:22.374  1429  1429 W Layer   : gatherBufferInfo: Received unknown dataspace from gralloc
02-03 21:39:22.379 31979 31979 I System.out: WebView: Max wait reached, extracting (indicators: {"ready":false,"prices":0,"products":0,"images":0,"links":0,"jsonLd":1})
02-03 21:39:22.391  1429  1429 W Layer   : gatherBufferInfo: Received unknown dataspace from gralloc
02-03 21:39:22.408  1429  1429 W Layer   : gatherBufferInfo: Received unknown dataspace from gralloc
02-03 21:39:22.418 31979  5160 I System.out: DirectApiScraper: JioMart: HTTP 400
02-03 21:39:22.418 31979  5160 I System.out: JioMart: Direct API failed (HTTP 400)
02-03 21:39:22.419 31979  5160 I System.out: JioMart: HTTP request to https://www.jiomart.com/search/milk+full+cream
02-03 21:39:22.424  1429  1429 W Layer   : gatherBufferInfo: Received unknown dataspace from gralloc
02-03 21:39:22.492  1429  1429 W Layer   : gatherBufferInfo: Received unknown dataspace from gralloc
02-03 21:39:22.508  1429  1429 W Layer   : gatherBufferInfo: Received unknown dataspace from gralloc
02-03 21:39:22.525  1429  1429 W Layer   : gatherBufferInfo: Received unknown dataspace from gralloc
02-03 21:39:22.541  1429  1429 W Layer   : gatherBufferInfo: Received unknown dataspace from gralloc
02-03 21:39:22.558  1429  1429 W Layer   : gatherBufferInfo: Received unknown dataspace from gralloc
02-03 21:39:22.566  1231  8673 I sensors-hal: handle_sns_client_event:540, [0][10282] accel_sample [-0.246,  1.596,  9.774] 340119004151265
02-03 21:39:22.574  1429  1429 W Layer   : gatherBufferInfo: Received unknown dataspace from gralloc
02-03 21:39:22.590  1429  1429 W Layer   : gatherBufferInfo: Received unknown dataspace from gralloc
02-03 21:39:22.595  1630  2851 D SemWifiSwitchForIndividualAppsService: isSkipTcpMonitorInfo - result:1
02-03 21:39:22.608  1429  1429 W Layer   : gatherBufferInfo: Received unknown dataspace from gralloc
02-03 21:39:22.625  1429  1429 W Layer   : gatherBufferInfo: Received unknown dataspace from gralloc
02-03 21:39:22.641  1429  1429 W Layer   : gatherBufferInfo: Received unknown dataspace from gralloc
02-03 21:39:22.658  1429  1429 W Layer   : gatherBufferInfo: Received unknown dataspace from gralloc
02-03 21:39:22.675  1429  1429 W Layer   : gatherBufferInfo: Received unknown dataspace from gralloc
02-03 21:39:22.691  1429  1429 W Layer   : gatherBufferInfo: Received unknown dataspace from gralloc
02-03 21:39:22.708  1429  1429 W Layer   : gatherBufferInfo: Received unknown dataspace from gralloc
02-03 21:39:22.724  1429  1429 W Layer   : gatherBufferInfo: Received unknown dataspace from gralloc
02-03 21:39:22.742  1429  1429 W Layer   : gatherBufferInfo: Received unknown dataspace from gralloc
02-03 21:39:22.758  1429  1429 W Layer   : gatherBufferInfo: Received unknown dataspace from gralloc
02-03 21:39:22.775  1429  1429 W Layer   : gatherBufferInfo: Received unknown dataspace from gralloc
02-03 21:39:22.781  3142 15217 D ApfFilter: (wlan0): Adding RA fe80::1 -> ff02::1 60s 
02-03 21:39:22.783  3142 15217 E ProcfsParsingUtils: failed to read /sys/class/net/wlan0/mtu
02-03 21:39:22.783  3142 15217 E ProcfsParsingUtils: java.nio.file.AccessDeniedException: /sys/class/net/wlan0/mtu
02-03 21:39:22.783  3142 15217 E ProcfsParsingUtils: 	at sun.nio.fs.UnixFileSystemProvider.newByteChannel(UnixFileSystemProvider.java:220)
02-03 21:39:22.783  3142 15217 E ProcfsParsingUtils: 	at java.nio.file.Files.newByteChannel(Files.java:371)
02-03 21:39:22.783  3142 15217 E ProcfsParsingUtils: 	at java.nio.file.Files.newByteChannel(Files.java:422)
02-03 21:39:22.783  3142 15217 E ProcfsParsingUtils: 	at java.nio.file.spi.FileSystemProvider.newInputStream(FileSystemProvider.java:420)
02-03 21:39:22.783  3142 15217 E ProcfsParsingUtils: 	at java.nio.file.Files.newInputStream(Files.java:156)
02-03 21:39:22.783  3142 15217 E ProcfsParsingUtils: 	at java.nio.file.Files.newBufferedReader(Files.java:2844)
02-03 21:39:22.783  3142 15217 E ProcfsParsingUtils: 	at com.android.networkstack.com.android.net.module.util.ProcfsParsingUtils.readFile(ProcfsParsingUtils.java:75)
02-03 21:39:22.783  3142 15217 E ProcfsParsingUtils: 	at com.android.networkstack.com.android.net.module.util.ProcfsParsingUtils.getInterfaceMtu(ProcfsParsingUtils.java:350)
02-03 21:39:22.783  3142 15217 E ProcfsParsingUtils: 	at com.android.networkstack.android.net.apf.ApfFilter$Dependencies.getInterfaceMtu(ApfFilter.java:823)
02-03 21:39:22.783  3142 15217 E ProcfsParsingUtils: 	at com.android.networkstack.android.net.apf.ApfFilter.installNewProgram(ApfFilter.java:4004)
02-03 21:39:22.783  3142 15217 E ProcfsParsingUtils: 	at com.android.networkstack.android.net.apf.ApfFilter.processRa(ApfFilter.java:4215)
02-03 21:39:22.783  3142 15217 E ProcfsParsingUtils: 	at com.android.networkstack.android.net.apf.ApfFilter$RaPacketReader.handlePacket(ApfFilter.java:374)
02-03 21:39:22.783  3142 15217 E ProcfsParsingUtils: 	at com.android.networkstack.android.net.apf.ApfFilter$RaPacketReader.handlePacket(ApfFilter.java:358)
02-03 21:39:22.783  3142 15217 E ProcfsParsingUtils: 	at com.android.networkstack.com.android.net.module.util.FdEventsReader.handleInput(FdEventsReader.java:277)
02-03 21:39:22.783  3142 15217 E ProcfsParsingUtils: 	at com.android.networkstack.com.android.net.module.util.FdEventsReader.lambda$createAndRegisterFd$0(FdEventsReader.java:233)
02-03 21:39:22.783  3142 15217 E ProcfsParsingUtils: 	at com.android.networkstack.com.android.net.module.util.FdEventsReader.$r8$lambda$jjSC4hVD2AlVH3T-DbWnF2T3fK8(FdEventsReader.java:0)
02-03 21:39:22.783  3142 15217 E ProcfsParsingUtils: 	at com.android.networkstack.com.android.net.module.util.FdEventsReader$$ExternalSyntheticLambda0.onFileDescriptorEvents(R8$$SyntheticClass:0)
02-03 21:39:22.783  3142 15217 E ProcfsParsingUtils: 	at android.os.MessageQueue.dispatchEvents(MessageQueue.java:304)
02-03 21:39:22.783  3142 15217 E ProcfsParsingUtils: 	at android.os.MessageQueue.nativePollOnce(Native Method)
02-03 21:39:22.783  3142 15217 E ProcfsParsingUtils: 	at android.os.MessageQueue.next(MessageQueue.java:346)
02-03 21:39:22.783  3142 15217 E ProcfsParsingUtils: 	at android.os.Looper.loopOnce(Looper.java:214)
02-03 21:39:22.783  3142 15217 E ProcfsParsingUtils: 	at android.os.Looper.loop(Looper.java:342)
02-03 21:39:22.783  3142 15217 E ProcfsParsingUtils: 	at android.os.HandlerThread.run(HandlerThread.java:85)
02-03 21:39:22.792  1429  1429 W Layer   : gatherBufferInfo: Received unknown dataspace from gralloc
02-03 21:39:22.808  1429  1429 W Layer   : gatherBufferInfo: Received unknown dataspace from gralloc
02-03 21:39:22.818 32101  5104 I NearbyMediums: No BLE Fast/GATT advertisements found in the latest cycle.
02-03 21:39:22.818 32101  5104 I NearbyMediums: Current Tracked Scanning Clients are : {NearbyConnections.EnvironmentMonitor, NearbySharing, NearbyConnections.TxAdvertisement}
02-03 21:39:22.825  1429  1429 W Layer   : gatherBufferInfo: Received unknown dataspace from gralloc
02-03 21:39:22.841  1429  1429 W Layer   : gatherBufferInfo: Received unknown dataspace from gralloc
02-03 21:39:22.850   830   830 D io_stats: !@   8,0 r 30782892 936725700 w 9314731 149202260 d 3400831 361541280 f 0 0 iot 16389848 0 th 0 0 0 pt 0 inp 0 0 152064.954
02-03 21:39:22.859  1429  1429 W Layer   : gatherBufferInfo: Received unknown dataspace from gralloc
02-03 21:39:22.875  1429  1429 W Layer   : gatherBufferInfo: Received unknown dataspace from gralloc
02-03 21:39:22.884 31979  5160 I System.out: JioMart: HTTP 400
02-03 21:39:22.884 31979  5160 I System.out: JioMart: HTTP request to https://www.jiomart.com/catalogsearch/result/?q=milk+full+cream
02-03 21:39:22.892  1429  1429 W Layer   : gatherBufferInfo: Received unknown dataspace from gralloc
02-03 21:39:22.908  1429  1429 W Layer   : gatherBufferInfo: Received unknown dataspace from gralloc
02-03 21:39:22.925  1429  1429 W Layer   : gatherBufferInfo: Received unknown dataspace from gralloc
02-03 21:39:22.942  1429  1429 W Layer   : gatherBufferInfo: Received unknown dataspace from gralloc
02-03 21:39:22.959  1429  1429 W Layer   : gatherBufferInfo: Received unknown dataspace from gralloc
02-03 21:39:22.975  1429  1429 W Layer   : gatherBufferInfo: Received unknown dataspace from gralloc
02-03 21:39:22.991  1429  1429 W Layer   : gatherBufferInfo: Received unknown dataspace from gralloc
02-03 21:39:23.005 31979 31979 I System.out: WebView: Content ready! Extracting immediately (attempt 0)
02-03 21:39:23.009  1429  1429 W Layer   : gatherBufferInfo: Received unknown dataspace from gralloc
02-03 21:39:23.025  1429  1429 W Layer   : gatherBufferInfo: Received unknown dataspace from gralloc
02-03 21:39:23.118 31979  5167 I System.out: Flipkart: Got 526168 chars from URL 1
02-03 21:39:23.142  1429  1429 W Layer   : gatherBufferInfo: Received unknown dataspace from gralloc
02-03 21:39:23.144 31979  5167 D ResilientExtractor: [Flipkart] Starting extraction from 526168 chars
02-03 21:39:23.144 31979  5167 D ResilientExtractor: [Flipkart] Page title: Milk Full Cream- Buy Products Online at Best Price in India - All Categories | Flipkart.com
02-03 21:39:23.144 31979  5167 D ResilientExtractor: [Flipkart] Trying: Flipkart-Specific
02-03 21:39:23.144 31979  5167 D ResilientExtractor: [Flipkart] Trying Flipkart-specific extraction
02-03 21:39:23.145 31979  5167 D ResilientExtractor: [Flipkart] Found 8 Flipkart product links
02-03 21:39:23.154 31979  5167 D ResilientExtractor: [Flipkart] Flipkart-specific found 0 products
02-03 21:39:23.154 31979  5167 D ResilientExtractor: [Flipkart] Trying: JSON-LD Schema
02-03 21:39:23.154 31979  5167 D ResilientExtractor: [Flipkart] Found 1 JSON-LD scripts
02-03 21:39:23.157 31979  5167 D ResilientExtractor: [Flipkart] Trying: Microdata/itemprop
02-03 21:39:23.157 31979  5167 D ResilientExtractor: [Flipkart] Found 0 microdata product containers
02-03 21:39:23.158 31979  5167 D ResilientExtractor: [Flipkart] Trying: Open Graph
02-03 21:39:23.158  1429  1429 W Layer   : gatherBufferInfo: Received unknown dataspace from gralloc
02-03 21:39:23.160 31979  5167 D ResilientExtractor: [Flipkart] Trying: Next.js Data
02-03 21:39:23.161 31979  5167 D ResilientExtractor: [Flipkart] Trying: Data Attributes
02-03 21:39:23.166 31979  5167 D ResilientExtractor: [Flipkart] Trying: ARIA/Semantic
02-03 21:39:23.169 31979  5167 D ResilientExtractor: [Flipkart] Trying: Image Alt Text
02-03 21:39:23.169 31979  5167 D ResilientExtractor: [Flipkart] Found 0 images with valid alt text
02-03 21:39:23.169 31979  5167 D ResilientExtractor: [Flipkart] Trying: Link Patterns
02-03 21:39:23.171 31979  5167 D ResilientExtractor: [Flipkart] Link pattern 'a[href*='/p/']' found 8 links
02-03 21:39:23.175  1429  1429 W Layer   : gatherBufferInfo: Received unknown dataspace from gralloc
02-03 21:39:23.176  1429  1429 W ComposerExtn: DisplayExtnImpl::SetActiveConfig: HWC Display 3 is not registered!
02-03 21:39:23.179  1630  4668 D SemWifiUsabilityStatsMonitor: onWifiUsabilityStats - seqNum 17939, isSameBssidAndFreq true
02-03 21:39:23.181  1630  2828 I SemWifiLinkQualityMonitor: Link stat: 2892 / 179 / 1.10 (541) / 104 / -49.0 || 100.0 : 104.00 / 0.5 : 0.91 / 0.55 : 0.06 / G (G) || 1b525e352457: 0.154 / 52.058 /  / N || N N / 0 / N 2.0 / N 0 / 152065284 0
02-03 21:39:23.181  1630  2740 D ConnectivityService: notifyType CALLBACK_CAP_CHANGED for [491 WIFI]
02-03 21:39:23.181 31979  5167 D ResilientExtractor: [Flipkart] Link pattern 'a[href*='pid=']' found 8 links
02-03 21:39:23.188  2991  3297 D WifiPickerTracker: updateWifiEntries capabilities
02-03 21:39:23.190  2991  3297 D WifiPickerTracker: update AutoHotspot Entries() : bleAccessPoints -> 0
02-03 21:39:23.190  2991  3297 D WifiPickerTracker: handleNetworkCapabilitiesChanged
02-03 21:39:23.191  1630  2778 D SemWifiApNsd:Client: lpInterface:wlan0
02-03 21:39:23.191  1630  2778 I WifiConnectivityMonitor.NCC: sNetworkCallback(oCC) FULL : 491(valid: true/captive: false)
02-03 21:39:23.191 31979  5167 D ResilientExtractor: [Flipkart] Trying: Price Proximity
02-03 21:39:23.191  1429  1429 W Layer   : gatherBufferInfo: Received unknown dataspace from gralloc
02-03 21:39:23.193  1630  2778 I WifiConnectivityMonitor.NCC: [ Transports: WIFI Capabilities: NOT_METERED&INTERNET&NOT_RESTRICTED&TRUSTED&NOT_VPN&VALIDATED&NOT_ROAMING&FOREGROUND&NOT_CONGESTED&NOT_SUSPENDED&NOT_VCN_MANAGED&NOT_BANDWIDTH_CONSTRAINED LinkUpBandwidth>=21013Kbps LinkDnBandwidth>=31860Kbps TransportInfo: <SSID: <unknown ssid>, BSSID: 02:00:00:**:**:00, MAC: 02:00:00:**:**:00, IP: /192.***.*.102, Security type: 2, Supplicant state: COMPLETED, Wi-Fi standard: 11n, RSSI: -49, Link speed: 104Mbps, Tx Link speed: 104Mbps, Max Supported Tx Link speed: 144Mbps, Rx Link speed: 130Mbps, Max Supported Rx Link speed: 144Mbps, Frequency: 2457MHz, Net ID: -1, Metered hint: false, score: 60, isUsable: true, CarrierMerged: false, SubscriptionId: -1, IsPrimary: 1, Trusted: true, Restricted: false, Ephemeral: false, OEM paid: false, OEM private: false, OSU AP: false, FQDN: <none>, Provider friendly name: <none>, Requesting package name: <none><none>MLO Information: , Is TID-To-Link negotiation supported by the AP: false, AP MLD Address: <none>, AP MLO Link Id: <none>, AP MLO Affiliated links: <none>, Vendor Data: <none>> SignalStrength: -49 AdminUids: [1000] SSID: "Kiwi2" UnderlyingNetworks: Null]
02-03 21:39:23.193  1630  2778 D SemWifiApTrafficPriority: onCapabilitiesChanged Wifi:wlan0,mGapiValue:31.86Uplink: 21.013
02-03 21:39:23.194  1630  2853 D WifiConnectivityMonitor: HANDLE_ON_CAPABILITIES_CHANGED
02-03 21:39:23.194  1630  2853 I WifiConnectivityMonitor: determineMode : MODE_AGG_BY_SWITCH_TO_MOBILE_DATA_OPTION
02-03 21:39:23.194  1630  2853 D OpenNetworkQos[4.00]: updateBssidNoInternet: mBssidNoInternet = false
02-03 21:39:23.194  1630  2853 D OpenNetworkQos[4.00]: getOpenNetworkQosNoInternetStatus: false
02-03 21:39:23.194  1630  2853 D OpenNetworkQos[4.00]: getOpenNetworkQosScores: 26 26 23 
02-03 21:39:23.194  1630  2853 D KNOX_MDM_SettingsProvider: isChangeAllowed() : name = wifi_wcm_qos_sharing_score_summary
02-03 21:39:23.195  1630  2853 I WifiProfileShare: network QoS data was changed (internet), updateQoSData networkType: true, qosData: false
02-03 21:39:23.195  1630  2853 D WifiConnectivityMonitor: VALIDATED_DETECTED
02-03 21:39:23.196  1630  4255 V WifiProfileShare.Caster: update wips network, size: 0
02-03 21:39:23.196  1630  4255 D WifiProfileShare: nearby scanning settings run
02-03 21:39:23.196  1630  4255 D WifiProfileShare: network score provider settings enabled
02-03 21:39:23.196  1630  4255 D OpenNetworkQos[4.00]: getOpenNetworkQosScores: 26 26 23 
02-03 21:39:23.197  1630  4255 D OpenNetworkQos[4.00]: getOpenNetworkQosNoInternetStatus: false
02-03 21:39:23.197  1630  4255 I WifiProfileShare.Caster: current network type: 0, score: [26, 26, 23]
02-03 21:39:23.197  1630  4255 V WifiProfileShare.Cache: update network score 78:32:1b:**:**:35
02-03 21:39:23.197  1630  4255 D WifiProfileShare.ScanMatcher: getMcfDataList size:1
02-03 21:39:23.197  1630  4255 I WifiProfileShare.Caster: qos data was updated , before:type:QOS, pBssid:60:45:4d, qosData:7b after:type:QOS, pBssid:60:45:4d, qosData:7b
02-03 21:39:23.201 32101  2465 I NullBinder: NullBinder for android.net.action.RECOMMEND_NETWORKS triggering remote TransactionTooLargeException due to Service without Chimera impl, calling uid: 1000, calling pid: 0
02-03 21:39:23.201 32101  2465 W .gms.persistent: Large reply transaction of 1056768 bytes, interface descriptor , code 1
02-03 21:39:23.204  5872  7208 I HBD     : i onCapabilitiesChanged network : 491 current network state : wifi 
02-03 21:39:23.205  2991  3126 D Tile.WifiTile: handleUpdateState isTransient=false transientEnabling =false cb.isTransient=false state.state = 2 mStateBeforeClick.value =true enabled =true
02-03 21:39:23.206  1630  4255 I [MCFSDK_android_1.2.27006]_4_McfCasterImpl: isNetworkEnabled - type : 1 ret : true
02-03 21:39:23.206  1630  4255 D WifiProfileShare.McfCast: -ME--- mIsNetworkEnabled :true
02-03 21:39:23.206  1630  4255 D WifiProfileShare.McfCast: updateQoSData ignored, same contents
02-03 21:39:23.206  1630  4255 D WifiProfileShare.MCF: success update QosData !
02-03 21:39:23.207  1429  1429 W Layer   : gatherBufferInfo: Received unknown dataspace from gralloc
02-03 21:39:23.207  1630  4255 I [MCFSDK_android_1.2.27006]_4_McfCasterImpl: isNetworkEnabled - type : 1 ret : true
02-03 21:39:23.207  1630  4255 D WifiProfileShare.McfCast: -ME--- mIsNetworkEnabled :true
02-03 21:39:23.207  1630  4255 D WifiProfileShare.McfCast: -ME--- updatePasswordDate pwdData size:1
02-03 21:39:23.209 13722 13793 D WM-NetworkStateTracker: Network capabilities changed: [ Transports: WIFI Capabilities: NOT_METERED&INTERNET&NOT_RESTRICTED&TRUSTED&NOT_VPN&VALIDATED&NOT_ROAMING&FOREGROUND&NOT_CONGESTED&NOT_SUSPENDED&NOT_VCN_MANAGED&NOT_BANDWIDTH_CONSTRAINED LinkUpBandwidth>=21013Kbps LinkDnBandwidth>=31860Kbps TransportInfo: <SSID: <unknown ssid>, BSSID: 02:00:00:00:00:00, MAC: 02:00:00:00:00:00, IP: /192.168.0.102, Security type: 2, Supplicant state: COMPLETED, Wi-Fi standard: 11n, RSSI: -49, Link speed: 104Mbps, Tx Link speed: 104Mbps, Max Supported Tx Link speed: 144Mbps, Rx Link speed: 130Mbps, Max Supported Rx Link speed: 144Mbps, Frequency: 2457MHz, Net ID: -1, Metered hint: false, score: 60, isUsable: true, CarrierMerged: false, SubscriptionId: -1, IsPrimary: -1, Trusted: true, Restricted: false, Ephemeral: false, OEM paid: false, OEM private: false, OSU AP: false, FQDN: <none>, Provider friendly name: <none>, Requesting package name: <none><none>MLO Information: , Is TID-To-Link negotiation supported by the AP: false, AP MLD Address: <none>, AP MLO Link Id: <none>, AP MLO Affiliated links: <none>, Vendor Data: <none>> SignalStrength: -49 UnderlyingNetworks: Null]
02-03 21:39:23.225  1429  1429 W Layer   : gatherBufferInfo: Received unknown dataspace from gralloc
02-03 21:39:23.242  1429  1429 W Layer   : gatherBufferInfo: Received unknown dataspace from gralloc
02-03 21:39:23.259  1429  1429 W Layer   : gatherBufferInfo: Received unknown dataspace from gralloc
02-03 21:39:23.264 31979  5167 D ResilientExtractor: [Flipkart] Price proximity found 111 candidates
02-03 21:39:23.267 31979  5167 D ResilientExtractor: Price analysis - Valid: [340.0], Savings: [], PerUnit: []
02-03 21:39:23.267 31979  5167 D ResilientExtractor: Using valid price: 340.0 (from 1 candidates)
02-03 21:39:23.275  1429  1429 W Layer   : gatherBufferInfo: Received unknown dataspace from gralloc
02-03 21:39:23.281 31979  5167 W ResilientExtractor: [Flipkart]  No product URL for: with 2 offers - using baseUrl
02-03 21:39:23.283 31979  5167 D ResilientExtractor: Price analysis - Valid: [498.0], Savings: [], PerUnit: []
02-03 21:39:23.283 31979  5167 D ResilientExtractor: Using valid price: 498.0 (from 1 candidates)
02-03 21:39:23.286  6716 12947 I ObjectPool@9791306: Ph_[checker Pool remains: , 9, ] [pool-94-thread-1] 
02-03 21:39:23.292  1429  1429 W Layer   : gatherBufferInfo: Received unknown dataspace from gralloc
02-03 21:39:23.297 31979  5167 W ResilientExtractor: [Flipkart]  No product URL for: with 2 offers - using baseUrl
02-03 21:39:23.300 31979  5167 D ResilientExtractor: Price analysis - Valid: [664.0], Savings: [], PerUnit: []
02-03 21:39:23.300 31979  5167 D ResilientExtractor: Using valid price: 664.0 (from 1 candidates)
02-03 21:39:23.305  5872  5872 I HBD     : i onCapabilityChanged  setNetworkState currentNetworkState : wifi 
02-03 21:39:23.309  1429  1429 W Layer   : gatherBufferInfo: Received unknown dataspace from gralloc
02-03 21:39:23.313 31979  5167 W ResilientExtractor: [Flipkart]  No product URL for: with Bank offer - using baseUrl
02-03 21:39:23.315 31979  5167 D ResilientExtractor: Price analysis - Valid: [600.0], Savings: [], PerUnit: []
02-03 21:39:23.316 31979  5167 D ResilientExtractor: Using valid price: 600.0 (from 1 candidates)
02-03 21:39:23.325  1429  1429 W Layer   : gatherBufferInfo: Received unknown dataspace from gralloc
02-03 21:39:23.328 31979  5167 W ResilientExtractor: [Flipkart]  No product URL for: with Bank offer - using baseUrl
02-03 21:39:23.331 31979  5167 D ResilientExtractor: Price analysis - Valid: [1135.0], Savings: [], PerUnit: []
02-03 21:39:23.331 31979  5167 D ResilientExtractor: Using valid price: 1135.0 (from 1 candidates)
02-03 21:39:23.342  1429  1429 W Layer   : gatherBufferInfo: Received unknown dataspace from gralloc
02-03 21:39:23.345 31979  5167 W ResilientExtractor: [Flipkart]  No product URL for: with 2 offers - using baseUrl
02-03 21:39:23.347 31979  5167 D ResilientExtractor: Price analysis - Valid: [169.0], Savings: [], PerUnit: []
02-03 21:39:23.347 31979  5167 D ResilientExtractor: Using valid price: 169.0 (from 1 candidates)
02-03 21:39:23.358  1429  1429 W Layer   : gatherBufferInfo: Received unknown dataspace from gralloc
02-03 21:39:23.360 31979  5167 W ResilientExtractor: [Flipkart]  No product URL for: with Bank offer - using baseUrl
02-03 21:39:23.363 31979  5167 D ResilientExtractor: Price analysis - Valid: [700.0, 632.0, 600.0], Savings: [], PerUnit: []
02-03 21:39:23.363 31979  5167 D ResilientExtractor: Using valid price: 600.0 (from 3 candidates)
02-03 21:39:23.375  1429  1429 W Layer   : gatherBufferInfo: Received unknown dataspace from gralloc
02-03 21:39:23.381 31979  5167 W ResilientExtractor: [Flipkart]  No product URL for: Green Milk Pannir Rose Face Gel, 50 ml - using baseUrl
02-03 21:39:23.384 31979  5167 D ResilientExtractor: Price analysis - Valid: [700.0, 632.0, 600.0], Savings: [], PerUnit: []
02-03 21:39:23.384 31979  5167 D ResilientExtractor: Using valid price: 600.0 (from 3 candidates)
02-03 21:39:23.392  1429  1429 W Layer   : gatherBufferInfo: Received unknown dataspace from gralloc
02-03 21:39:23.401 31979  5167 W ResilientExtractor: [Flipkart]  No product URL for: Green Milk Pannir Rose Face Gel, 50 ml - using baseUrl
02-03 21:39:23.404 31979  5167 D ResilientExtractor: Price analysis - Valid: [700.0, 632.0, 600.0], Savings: [], PerUnit: []
02-03 21:39:23.404 31979  5167 D ResilientExtractor: Using valid price: 600.0 (from 3 candidates)
02-03 21:39:23.408  1429  1429 W Layer   : gatherBufferInfo: Received unknown dataspace from gralloc
02-03 21:39:23.425  1429  1429 W Layer   : gatherBufferInfo: Received unknown dataspace from gralloc
02-03 21:39:23.429 31979  5167 W ResilientExtractor: [Flipkart]  No product URL for: Green Milk Pannir Rose Face Gel, 50 ml - using baseUrl
02-03 21:39:23.432 31979  5167 D ResilientExtractor: Price analysis - Valid: [700.0, 632.0, 600.0], Savings: [], PerUnit: []
02-03 21:39:23.432 31979  5167 D ResilientExtractor: Using valid price: 600.0 (from 3 candidates)
02-03 21:39:23.442  1429  1429 W Layer   : gatherBufferInfo: Received unknown dataspace from gralloc
02-03 21:39:23.451 31979  5167 W ResilientExtractor: [Flipkart]  No product URL for: Green Milk Pannir Rose Face Gel, 50 ml - using baseUrl
02-03 21:39:23.458  1429  1429 W Layer   : gatherBufferInfo: Received unknown dataspace from gralloc
02-03 21:39:23.475  1429  1429 W Layer   : gatherBufferInfo: Received unknown dataspace from gralloc
02-03 21:39:23.493  1429  1429 W Layer   : gatherBufferInfo: Received unknown dataspace from gralloc
02-03 21:39:23.508 31979  5167 I ResilientExtractor: [Flipkart]  Price Proximity SUCCESS - 3 products
02-03 21:39:23.508 31979  5167 D ResilientExtractor: [Flipkart]   1. with 2 offers, 480 g - 340.0
02-03 21:39:23.508 31979  5167 D ResilientExtractor: [Flipkart]   2. with Bank offer, 480 g - 664.0
02-03 21:39:23.508 31979  5167 D ResilientExtractor: [Flipkart]   3. Green Milk Pannir Rose Face Gel, 50 ml - 600.0
02-03 21:39:23.508  1429  1429 W Layer   : gatherBufferInfo: Received unknown dataspace from gralloc
02-03 21:39:23.509 31979  5167 I System.out: Flipkart:  Found 3 products via URL 1
02-03 21:39:23.509 31979  5167 I System.out: Flipkart: [RAW] Got 3 products
02-03 21:39:23.511 31979  5167 I System.out: Flipkart:  3 products (raw, unfiltered)
02-03 21:39:23.511 31979  5167 I System.out: Flipkart: Completed (8/10)
02-03 21:39:23.512 31979 31979 I System.out: [STREAM] Flipkart: 3 products at 13946ms
02-03 21:39:23.512 31979 31979 I System.out:  Per-platform AI: Flipkart - queued (3 products, timeout=4000ms, reason=fresh)
02-03 21:39:23.512 31979 31979 I System.out:  Per-platform AI: Flipkart - started
02-03 21:39:23.513 31979 31979 I System.out:  Best Deal Search: 'milk full cream'  Primary keyword: 'milk'
02-03 21:39:23.517 31979  5350 I okhttp.OkHttpClient: --> POST https://pricehunt-hklm.onrender.com/api/smart-search (2526-byte body)
02-03 21:39:23.524 31979 31979 I System.out:  Relevance: HIGH=19, MEDIUM=3, LOW=1
02-03 21:39:23.525 31979 31979 I System.out:    HIGH [40]: Amul Lactose Free Milk, 400 ml = 25.0
02-03 21:39:23.525 31979 31979 I System.out:    HIGH [50]: Arokya Toned Milk, 400 ml = 26.0
02-03 21:39:23.525 31979 31979 I System.out:    HIGH [50]: Heritage Toned Fresh Milk-Pasteurised, 5 = 26.0
02-03 21:39:23.525 31979 31979 I System.out:    HIGH [70]: Nandini Shubham Pasteurized Fresh Milk,  = 27.0
02-03 21:39:23.525 31979 31979 I System.out:    HIGH [40]: Amul Moti Toned Milk (90 Days Shelf Life = 29.0
02-03 21:39:23.525 31979 31979 I System.out:    MED [10]: Rainbow Condensed Milk Original | Rich & = 999.0
02-03 21:39:23.525 31979 31979 I System.out:    MED [0]: GAVYRATAN Pure & Premium Skimmed Milk Po = 1699.0
02-03 21:39:23.525 31979 31979 I System.out:    MED [0]: GAVYRATAN Pure & Premium Skimmed Milk Po = 2219.0
02-03 21:39:23.525 31979 31979 I System.out:    LOW [-10]: Ahuja Mart Milk Powder, EveryDay Dairy W = 849.0
02-03 21:39:23.525  1429  1429 W Layer   : gatherBufferInfo: Received unknown dataspace from gralloc
02-03 21:39:23.528 31979 31979 I System.out: SearchIntelligence:  Amul Taaza Toned Milk - Pack o  16.0/pack
02-03 21:39:23.530 31979 31979 I System.out: SearchIntelligence:  Couldn't parse quantity from 'Rainbow's Quality Milk Original  12s Convenience Pack  Long Shelf Life Evaporated Milk  Ideal for Tea, Coffee & Dess'
02-03 21:39:23.531 31979 31979 I System.out:    Per-unit comparison: 1 products have calculable unit price
02-03 21:39:23.531 31979 31979 I System.out:      Amul Taaza Toned Milk - Pack of 2 = 32.0 (16/pack)
02-03 21:39:23.531 31979 31979 I System.out:    Per-unit best: Amul Taaza Toned Milk - Pack of 2 (16/pack)
02-03 21:39:23.531 31979 31979 I System.out:  Best Deal: Amul Taaza Toned Milk - Pack of 2 = 32.0
02-03 21:39:23.531 31979 31979 I System.out:  Scraping: 5/10 platforms, Total: 23
02-03 21:39:23.542  1429  1429 W Layer   : gatherBufferInfo: Received unknown dataspace from gralloc
02-03 21:39:23.593  1429  1429 W Layer   : gatherBufferInfo: Received unknown dataspace from gralloc
02-03 21:39:23.610  1429  1429 W Layer   : gatherBufferInfo: Received unknown dataspace from gralloc
02-03 21:39:23.626  1429  1429 W Layer   : gatherBufferInfo: Received unknown dataspace from gralloc
