02-03 22:15:37.284  1630  4226 W LocationManagerService: onFreezeStateChanged, uid[10408]=true
02-03 22:15:37.284  1630  4226 I PowerManagerService: [PWL] SetWakeLockEnableDisable uid = 10408 , disable= true
02-03 22:15:37.284  1630  4226 I PowerManagerService: [PWL] can not change uid =  10408
02-03 22:15:37.284  1630  1630 I InputMethodManagerService: subtype state: oldSubtype = android.view.inputmethod.InputMethodSubtype@10013 newSubtype = android.view.inputmethod.InputMethodSubtype@10013 force = false, intent received : false
02-03 22:15:37.284  1630  1630 I InputMethodManagerService: subtype state: oldSubtype = android.view.inputmethod.InputMethodSubtype@10013 newSubtype = android.view.inputmethod.InputMethodSubtype@10013 force = false, intent received : false
02-03 22:15:37.285  6139  5008 I HBD     : a InputMethodSubtype is set as local:en_IN 
02-03 22:15:37.285  1630  1630 I InputMethodManagerService: subtype state: oldSubtype = android.view.inputmethod.InputMethodSubtype@10013 newSubtype = android.view.inputmethod.InputMethodSubtype@10013 force = false, intent received : false
02-03 22:15:37.298  6139 18155 I HBD     : h writeToFile complete 
02-03 22:15:37.298  6139  6139 I HBD     : g isCoverDisplay : false, cached selected json info : SelectedLanguageInfo(languageVersion=4.1, currentLanguageOrder=0, selectedLanguageList=[SelectedLanguage(id=65555, isUsed=true, engName=English(India), inputType=qwerty, activeOptionList=[auto_spacing], bilingualId=-1, isUsedBilingual=false)]) 
02-03 22:15:37.298  6139  6139 I HBD     : g isCoverDisplay : true, cached selected json info : SelectedLanguageInfo(languageVersion=4.1, currentLanguageOrder=0, selectedLanguageList=[SelectedLanguage(id=65555, isUsed=true, engName=English(India), inputType=qwerty, activeOptionList=[auto_spacing], bilingualId=-1, isUsedBilingual=false)]) 
02-03 22:15:37.298  6716 12947 I ObjectPool@9791306: Ph_[checker Pool remains: , 9, ] [pool-94-thread-1] 
02-03 22:15:37.298  6139  6139 I HBD     : g isCoverDisplay : true, cached selected json info : SelectedLanguageInfo(languageVersion=4.1, currentLanguageOrder=0, selectedLanguageList=[SelectedLanguage(id=65555, isUsed=true, engName=English(India), inputType=qwerty, activeOptionList=[auto_spacing], bilingualId=-1, isUsedBilingual=false)]) 
02-03 22:15:37.299  6139  6139 I HBD     : a [UpdatePolicy] [post] a: 22 cl: 65555 kit: [0/0] vt: 0 ir: 1 
02-03 22:15:37.299  6139  5012 I HBD     : h Write selected lang for DE  
02-03 22:15:37.299  1630  2554 D KNOX_MDM_SettingsProvider: isChangeAllowed() : name = enabled_input_methods
02-03 22:15:37.299  1630  2554 D KNOX_MDM_SettingsProvider: edmUri: content://com.sec.knox.provider/RestrictionPolicy3
02-03 22:15:37.299  1630  2554 D KNOX_MDM_SettingsProvider: projectionArgs: isSettingsChangesAllowed
02-03 22:15:37.299  1630  2554 D KNOX_MDM_SettingsProvider: selectionArgs: false
02-03 22:15:37.299  1630  2554 D KNOX_MDM_SettingsProvider: selectionArgs: 1010205
02-03 22:15:37.299  6139  5012 I HBD     : h writeToFile path : /data/user_de/10/com.samsung.android.honeyboard/files/fold_selected.json 
02-03 22:15:37.299  6139  5012 I HBD     : h writeToFile json : {"version":"4.1","currentLanguageOrder":0,"front_selected":[{"activeOptionList":["auto_spacing"],"bilingualId":-1,"engName":"English(India)","id":65555,"inputType":"qwerty","isUsed":true,"isUsedBilingual":false}]} 
02-03 22:15:37.299  1630  2554 D SecContentProvider: query(), uri = 17 selection = isSettingsChangesAllowed
02-03 22:15:37.299  1630  2554 D SecContentProvider: called from android.uid.honeyboard:10205
02-03 22:15:37.299  1630  2554 D EnterpriseUtils: getCallingOrCurrentUserId(): move: cxtInfo.mContainerId = 10
02-03 22:15:37.299  1630  2554 D RestrictionPolicy: isSettingsChangesAllowedAsUser, userId 10 : true
02-03 22:15:37.299  1630  2554 D KNOX_MDM_SettingsProvider: ret = 1
02-03 22:15:37.299  1630  2554 D KNOX_MDM_SettingsProvider: isChangeAllowed() : name = default_input_method
02-03 22:15:37.299  1630  2554 D KNOX_MDM_SettingsProvider: edmUri: content://com.sec.knox.provider/RestrictionPolicy3
02-03 22:15:37.299  1630  2554 D KNOX_MDM_SettingsProvider: projectionArgs: isSettingsChangesAllowed
02-03 22:15:37.299  1630  2554 D KNOX_MDM_SettingsProvider: selectionArgs: false
02-03 22:15:37.299  1630  2554 D KNOX_MDM_SettingsProvider: selectionArgs: 1010205
02-03 22:15:37.299  1630  2554 D SecContentProvider: query(), uri = 17 selection = isSettingsChangesAllowed
02-03 22:15:37.299  1630  2554 D SecContentProvider: called from android.uid.honeyboard:10205
02-03 22:15:37.299  1630  2554 D EnterpriseUtils: getCallingOrCurrentUserId(): move: cxtInfo.mContainerId = 10
02-03 22:15:37.299  6139  5012 I HBD     : h writeToFile complete 
02-03 22:15:37.299  1630  2554 D RestrictionPolicy: isSettingsChangesAllowedAsUser, userId 10 : true
02-03 22:15:37.299  1630  2554 D KNOX_MDM_SettingsProvider: ret = 1
02-03 22:15:37.300  6139 31936 I HBD     : p updated Sub Types. English(India) 
02-03 22:15:37.300  6139  5013 I HBD     : a InputMethodSubtype is set as local:en_IN 
02-03 22:15:37.301  1630  1630 I InputMethodManagerService: subtype state: oldSubtype = android.view.inputmethod.InputMethodSubtype@10013 newSubtype = android.view.inputmethod.InputMethodSubtype@10013 force = false, intent received : false
02-03 22:15:37.358  1630  2753 D MdnieScenarioControlService:  packageName : com.pricehunt    className : com.pricehunt.presentation.MainActivity
02-03 22:15:37.358  1630  2753 V MdnieScenarioControlService: setUIMode from UI function(3)
02-03 22:15:37.426  1429  1429 W Layer   : gatherBufferInfo: Received unknown dataspace from gralloc
02-03 22:15:37.427  1429  1429 W ComposerExtn: DisplayExtnImpl::SetActiveConfig: HWC Display 3 is not registered!
02-03 22:15:37.433  1429  1429 W Layer   : gatherBufferInfo: Received unknown dataspace from gralloc
02-03 22:15:37.459  1630  2753 V MdnieScenarioControlService: mAclOffEnabled : false
02-03 22:15:37.497  1237  4984 I HYPER-HAL: [ResourceManager.cpp]removeResource(): [CPUMinFreq] RemoveResource Request ID : 1358794
02-03 22:15:37.498  1237  4984 I HYPER-HAL: [RequestManager.cpp]releaseLocked(): Released ID : 1358794
02-03 22:15:37.677  1429 21775 W ComposerExtn: DisplayExtnImpl::SetActiveConfig: HWC Display 3 is not registered!
02-03 22:15:37.683  1429  1459 I VSyncReactor: Current= 120, Period= 60, hwcPeriod= 120
02-03 22:15:37.686  1429  1429 W ComposerExtn: DisplayExtnImpl::SetActiveConfig: HWC Display 3 is not registered!
02-03 22:15:37.686  1429  1429 I LayerHistory: com.pricehunt/com.pricehunt.presentation.MainActivity$_4896#52570 Max (can't resolve refresh rate)
02-03 22:15:37.686  1429  1429 I SurfaceFlinger: Idle - choose 60.00 Hz
02-03 22:15:37.686  1429  1429 I HWComposer: [4630947232161729155] ActiveConfigToHWC, ID : 2
02-03 22:15:37.687  1304  1534 I SDM     : HWCDisplay::SubmitDisplayConfig: [DispConfigs] config 0 => 2, hs_mode 3 => 3
02-03 22:15:37.687  1304  1534 I SDM     : DisplayBase::SetActiveConfig: [DispConfigs] 0 => 2 or hs mode is changed if same config
02-03 22:15:37.687  1304  1534 I SDM     : HWDeviceDRM::SetDisplaySwitchMode: POMS Switching to Mode	2
02-03 22:15:37.687  1304  1534 I SDM     : HWDeviceDRM::SetDisplaySwitchMode: [DispConfigs] check hs_mode 3
02-03 22:15:37.687  1304  1534 I SDM     : HWDeviceDRM::SetDisplaySwitchMode: [DispConfigs] Set mode index:3 832x2268x60x127680cmdPHS, hs_mode(3), found_mode(1)
02-03 22:15:37.688  1304  1534 I SDM     : HWDeviceDRM::UpdateMixerAttributes: Mixer WxH 832x2268-1 for Peripheral
02-03 22:15:37.688  1304  1534 I SDM     : HWCDisplay::SubmitDisplayConfig: Active configuration changed to: 2
02-03 22:15:37.691  1429  1459 I VSyncReactor: Current= 120, Period= 60, hwcPeriod= 120
02-03 22:15:37.699  1429  1459 I VSyncReactor: Current= 120, Period= 60, hwcPeriod= 60
02-03 22:15:37.705  6137  6767 I N0      : limitGPUFreq:: freq = -1
02-03 22:15:37.705  6137  6767 I SDHMS:N0: p2p-if:: false, , 
02-03 22:15:37.705  6137  6767 I N0      : limitCPUFreq:: freq = -1
02-03 22:15:37.706  6137  6767 I SemDvfsHyPerManager: acquire hyper - BaseTABoost/6137@19, type = -999
02-03 22:15:37.707  1237  1371 I HYPER-HAL: [RequestManager.cpp]acquire(): Acquired ID : 18951265  [6137 / 19]    HINT :      list : [TABoost / 1] 
02-03 22:15:37.711  1630  5015 D SemInputDeviceManager: setProperty: (0) CMD,GRIP_DATA,1,12,3,3,0,3,2268
02-03 22:15:37.711  1630  5015 D TspStateManager: wrote command: cmd=1,12,3,3,0,3,2268, type=1
02-03 22:15:37.711  1630  2671 D SemInputDevice:TSP_SUB: SetPropertyTask: CMD,set_grip_data,1,12,3,3,0,3,2268 [02-03 22:15:37.711]
02-03 22:15:37.713  1369  1369 I sysinput:Touch: writeInformation:249, OK
02-03 22:15:37.713  1630  2671 D SysinputHAL_V1_3(V1_2): runTspCmdNoRead(TSP_SUB(2)): set_grip_data,1,12,3,3,0,3,2268 ret=0
02-03 22:15:37.740  5872  5872 I InputMethodService: removeImeSurface
02-03 22:15:37.740  5872  5872 I InputMethodService: cancelImeSurfaceRemoval: removeCallbacks
02-03 22:15:37.743  1237  4885 I HYPER-HAL: [ResourceManager.cpp]removeResource(): [CPUMaxFreq] RemoveResource Request ID : 18920490
02-03 22:15:37.743  1237  4885 I HYPER-HAL: [RequestManager.cpp]releaseLocked(): Released ID : 18920490
02-03 22:15:37.784  1209  3586 I vendor.qti.bluetooth@1.0-ibs_handler: ProcessIbsCmd: Received IBS_WAKE_IND: 0xFD
02-03 22:15:37.784  1209  3586 D vendor.qti.bluetooth@1.0-ibs_handler: SerialClockVote: vote for UART CLK ON
02-03 22:15:37.785  1209  3586 D vendor.qti.bluetooth@1.0-wake_lock: Acquire wakelock is acquired 
02-03 22:15:37.785  1209  3586 I vendor.qti.bluetooth@1.0-ibs_handler: ProcessIbsCmd: Writing IBS_WAKE_ACK
02-03 22:15:37.793  3245  3607 I BtGatt.ScanHelper: onScanResult to scannerId: 3- eventType=0x1a, addressType=1, address=XX:XX:XX:XX:E0:48, primaryPhy=1, secondaryPhy=0, advertisingSid=0xff, txPower=127, rssi=-90, periodicAdvInt=0x0
02-03 22:15:37.819 21273 21278 W chbox:googleapp: Reducing the number of considered missed Gc histogram windows from 171 to 100
02-03 22:15:37.836  1209  3586 I vendor.qti.bluetooth@1.0-ibs_handler: ProcessIbsCmd: Received IBS_SLEEP_IND: 0xFE
02-03 22:15:37.836  1209  3586 D vendor.qti.bluetooth@1.0-ibs_handler: SerialClockVote: vote for UART CLK OFF
02-03 22:15:37.841 21273  5950 V ClearcutMetricXmitter: Transmission is done.
02-03 22:15:37.987  1209  3325 D vendor.qti.bluetooth@1.0-wake_lock: Release wakelock is released 
02-03 22:15:38.169 32101 29400 I NearbyMediums: No BLE Fast/GATT advertisements found in the latest cycle.
02-03 22:15:38.170 32101 29400 I NearbyMediums: Current Tracked Scanning Clients are : {NearbyConnections.EnvironmentMonitor, NearbySharing, NearbyConnections.TxAdvertisement}
02-03 22:15:38.237  1630  4226 I NSLocationMonitor: getGPSUsingApps() called
02-03 22:15:38.237  4182 14518 I NSLocationManager_FLP: getGPSUsingApps, No change
02-03 22:15:38.246  1630  4226 D FreecessController: com.samsung.android.displayassistant(state: Frozen -> Initial, Reason: Binder(1)-android.service.notification.INotificatio)
02-03 22:15:38.317   830   830 D io_stats: !@   8,0 r 31053166 943297888 w 9389307 150647492 d 3428473 363098600 f 0 0 iot 16541644 0 th 0 0 0 pt 0 inp 0 0 154240.421
02-03 22:15:38.318   830   830 D io_stats: !@ Read_top(KB): chbox:googleapp(21273) 13580 ch_zygote(4894) 8208 com.pricehunt(4896) 1384
02-03 22:15:38.318   830   830 D io_stats: !@ Write_top(KB): chbox:googleapp(21273) 1280 kworker/u16:1(29419) 1192 roid.honeyboard(5872) 168
02-03 22:15:38.374  1237  4937 I HYPER-HAL: [RequestManager.cpp]releaseLocked(): Released ID : 2952235
02-03 22:15:38.403  6716 12947 I ObjectPool@9791306: Ph_[checker Pool remains: , 9, ] [pool-94-thread-1] 
02-03 22:15:38.755  1630  2848 V SemStrongRssiRoaming: EVENT_GET_WIFI_INFO_POLL (-44)
02-03 22:15:38.757 20149 20149 I wpa_sslib: cmd: GETNCHOMODE
02-03 22:15:38.758 20149 20149 I wpa_sslib: Response: GETNCHOMODE 0
02-03 22:15:38.761  1630  2731 V SemStrongRssiRoaming: Partial scan success
02-03 22:15:38.765  1744  1744 W wificond: Failed to get NL80211_ATTR_MAX_NUM_AKM_SUITES
02-03 22:15:38.768  1744  1744 W wificond: Failed to get NL80211_ATTR_MAX_NUM_AKM_SUITES
02-03 22:15:38.771  1744  1744 W wificond: Failed to get NL80211_ATTR_MAX_NUM_AKM_SUITES
02-03 22:15:38.774  1744  1744 W wificond: Failed to get NL80211_ATTR_MAX_NUM_AKM_SUITES
02-03 22:15:38.915  1630  3159 D WifiNl80211Manager: Scan result ready event
02-03 22:15:38.915  1630  3159 D WifiNative: Scan result ready event
02-03 22:15:38.915  1880 29953 I LOWI-9.0.0.89.z: [LOWI-Scan] lowi_close_record:Scan done in 342273729ms, 5 APs in scan results
02-03 22:15:38.919  1630  2731 D WificondScannerImpl: Filtering out 2 scan results.
02-03 22:15:38.920  1630  2731 V SemStrongRssiRoaming: Partial scan onResults
02-03 22:15:38.920  1630  2731 D SemStrongRssiRoaming: Received 3 partial scan results
02-03 22:15:38.921  1630  2814 V SemWifiScanPool: updateScanResult, partial scan:3 configKeys: 15 pool_bssid:70 pool_configKeys:21
02-03 22:15:38.921  1630  3226 D SLocation: ReceiverPair - handleWifiScan - wifi scanned enter
02-03 22:15:38.921  1630  3226 D SLocation: ReceiverPair - ignore direction of location due to wifi, id = 1, reason = 500
02-03 22:15:38.921  1630  3226 I SLocation: ReceiverPairWithWifi - handle Wifi Scans ID = 16
02-03 22:15:38.921  1630  3226 I SLocation: ReceiverPairWithWifi - force set enter id=16 by wifi scan
02-03 22:15:38.921  1630  3226 D SLocation: ReceiverPair - ignore direction of location due to wifi, id = 16, reason = 500
02-03 22:15:38.921  1630  3226 D SLocation: ReceiverPair - handleWifiScan - wifi scanned enter
02-03 22:15:38.921  1630  3226 D SLocation: ReceiverPair - ignore direction of location due to wifi, id = 19, reason = 500
02-03 22:15:38.921  1630  3226 I SLocation: ReceiverPairWithWifi - handle Wifi Scans ID = 179
02-03 22:15:38.921  1630  3226 I SLocation: ReceiverPairWithWifi - handle Wifi Scans ID = 191
02-03 22:15:38.921  1630  3226 I SLocation: ReceiverPairWithWifi - force set enter id=191 by wifi scan
02-03 22:15:38.921  1630  3226 D SLocation: ReceiverPair - ignore direction of location due to wifi, id = 191, reason = 500
02-03 22:15:38.921  1630  3226 I SLocation: ReceiverPairWithWifi - handle Wifi Scans ID = 193
02-03 22:15:38.921  1630  3226 I SLocation: ReceiverPairWithWifi - force set enter id=193 by wifi scan
02-03 22:15:38.922  1630  3226 D SLocation: ReceiverPair - ignore direction of location due to wifi, id = 193, reason = 500
02-03 22:15:38.934  1630  2727 I HalDevMgr: bestIfaceCreationProposal is null, requestIface=STA, existingIface=[name=wlan0 type=STA]
02-03 22:15:39.148  1231  8673 I sensors-hal: handle_sns_client_event:540, [0][27309] accel_sample [-0.118,  1.366,  9.768] 342295581701585
02-03 22:15:39.198 19828 31229 I gle.android.gms: Explicit concurrent copying GC freed 4801KB AllocSpace bytes, 16(704KB) LOS objects, 53% free, 7093KB/14MB, paused 287us,81us total 146.887ms
02-03 22:15:39.203 19828 19847 W gle.android.gms: ApkAssets: Deleting an ApkAssets object '<empty> and /data/app/~~gcHfTepp_H-HCSWbl96xhw==/com.pricehunt-mj31VbUbv5Qa93otQBDT4g==/base.apk' with 1 weak references
02-03 22:15:39.254  6137  6137 I SDHMS:o : update midground cpus to default value : 0-2,4-7
02-03 22:15:39.305  1429  1562 W ComposerExtn: DisplayExtnImpl::SetActiveConfig: HWC Display 3 is not registered!
02-03 22:15:39.450  1209  3586 I vendor.qti.bluetooth@1.0-ibs_handler: ProcessIbsCmd: Received IBS_WAKE_IND: 0xFD
02-03 22:15:39.451  1209  3586 D vendor.qti.bluetooth@1.0-ibs_handler: SerialClockVote: vote for UART CLK ON
02-03 22:15:39.451  1209  3586 D vendor.qti.bluetooth@1.0-wake_lock: Acquire wakelock is acquired 
02-03 22:15:39.451  1209  3586 I vendor.qti.bluetooth@1.0-ibs_handler: ProcessIbsCmd: Writing IBS_WAKE_ACK
02-03 22:15:39.463  3245  3607 I BtGatt.ScanHelper: onScanResult to scannerId: 3- eventType=0x1a, addressType=1, address=XX:XX:XX:XX:E0:48, primaryPhy=1, secondaryPhy=0, advertisingSid=0xff, txPower=127, rssi=-91, periodicAdvInt=0x0
02-03 22:15:39.500  1209  3586 I vendor.qti.bluetooth@1.0-ibs_handler: ProcessIbsCmd: Received IBS_SLEEP_IND: 0xFE
02-03 22:15:39.500  1209  3586 D vendor.qti.bluetooth@1.0-ibs_handler: SerialClockVote: vote for UART CLK OFF
02-03 22:15:39.508  6716 12947 I ObjectPool@9791306: Ph_[checker Pool remains: , 9, ] [pool-94-thread-1] 
02-03 22:15:39.538  1231 31790 I sensors-hal: handle_sns_client_event:267, auto_rotation_debug_2 mode,255, type,3,0 main,-0.110,1.364,9.751 sub,0.361,1.613,-9.669, ar,0, ver,12
02-03 22:15:39.561  3245  3317 I bt_btm_pm: system/stack/acl/btm_pm.cc:278 BTM_SetPowerMode: Setting power mode for peer:xx:xx:xx:xx:70:24 current_mode:immediate:active[0] new_mode:forced:sniff[2]
02-03 22:15:39.561  3245  3317 I bt_btm_pm: system/stack/acl/btm_pm.cc:592 btm_pm_snd_md_req: Switching from immediate:active[0x00] to immediate:sniff[0x02]
02-03 22:15:39.562  1209  1209 D vendor.qti.bluetooth@1.0-ibs_handler: SerialClockVote: vote for UART CLK ON
02-03 22:15:39.562  1209  1209 I vendor.qti.bluetooth@1.0-ibs_handler: DeviceWakeUp: Writing IBS_WAKE_IND
02-03 22:15:39.563  1209  3586 I vendor.qti.bluetooth@1.0-ibs_handler: ProcessIbsCmd: Received IBS_WAKE_ACK: 0xFC
02-03 22:15:39.563  1209  3586 I vendor.qti.bluetooth@1.0-ibs_handler: ProcessIbsCmd: Signal wack_cond_
02-03 22:15:39.563  1209  1209 D vendor.qti.bluetooth@1.0-ibs_handler: DeviceWakeUp: Unblocked from waiting for FC, pthread_cond_timedwait ret = 0
02-03 22:15:39.564  1209  3586 I vendor.qti.bluetooth@1.0-ibs_handler: ProcessIbsCmd: Received IBS_WAKE_IND: 0xFD
02-03 22:15:39.564  1209  3586 I vendor.qti.bluetooth@1.0-ibs_handler: ProcessIbsCmd: Writing IBS_WAKE_ACK
02-03 22:15:39.608  1209  3586 I vendor.qti.bluetooth@1.0-ibs_handler: ProcessIbsCmd: Received IBS_SLEEP_IND: 0xFE
02-03 22:15:39.650  1209  3586 I vendor.qti.bluetooth@1.0-ibs_handler: ProcessIbsCmd: Received IBS_WAKE_IND: 0xFD
02-03 22:15:39.650  1209  3586 I vendor.qti.bluetooth@1.0-ibs_handler: ProcessIbsCmd: Writing IBS_WAKE_ACK
02-03 22:15:39.651  3245  3317 W bt_btm_pm: system/stack/acl/btm_pm.cc:747 btm_pm_proc_mode_change: Power mode switched from immediate:pending[0x05] to immediate:sniff[0x02]
02-03 22:15:39.691  1209  3586 I vendor.qti.bluetooth@1.0-ibs_handler: ProcessIbsCmd: Received IBS_SLEEP_IND: 0xFE
02-03 22:15:39.751  4301  4320 W CrashLoopRemedyLog: unable to delete remedy log, instaCrash: true
02-03 22:15:39.765  1630  6149 E TaskPersister: File error accessing recents directory (directory doesn't exist?).
02-03 22:15:39.765  1630  6149 E TaskPersister: File error accessing recents directory (directory doesn't exist?).
02-03 22:15:39.765  1630  6149 E TaskPersister: File error accessing recents directory (directory doesn't exist?).
02-03 22:15:39.833  1231 31796 I sensors-hal: handle_sns_std_sensor_event:141, [SSC_LIGHT] P: 31(31),ch0:3120,ch1:0,c:0,w:0,l:18,m:2,br:57,c1:85,c2:123,i:1
02-03 22:15:39.996  1209  3586 I vendor.qti.bluetooth@1.0-ibs_handler: ProcessIbsCmd: Received IBS_WAKE_IND: 0xFD
02-03 22:15:39.996  1209  3586 I vendor.qti.bluetooth@1.0-ibs_handler: ProcessIbsCmd: Writing IBS_WAKE_ACK
02-03 22:15:39.998  1630  2827 I SemWifiServiceDetector: Service det. resumed: T / T / 30097
02-03 22:15:40.007  1630  2022 E Watchdog: !@Sync: 5137 heap(MB): 197 / 203 FD: 1684 [2026-02-03 22:15:40.006]
02-03 22:15:40.039  1209  3586 I vendor.qti.bluetooth@1.0-ibs_handler: ProcessIbsCmd: Received IBS_SLEEP_IND: 0xFE
02-03 22:15:40.050  1630  4668 D SemWifiUsabilityStatsMonitor: onWifiUsabilityStats - seqNum 18334, isSameBssidAndFreq true
02-03 22:15:40.055  2991  3126 D Tile.WifiTile: handleUpdateState isTransient=false transientEnabling =false cb.isTransient=false state.state = 2 mStateBeforeClick.value =true enabled =true
02-03 22:15:40.089  1429 21775 W ComposerExtn: DisplayExtnImpl::SetActiveConfig: HWC Display 3 is not registered!
02-03 22:15:40.094  1429  1429 W Layer   : gatherBufferInfo: Received unknown dataspace from gralloc
02-03 22:15:40.095  1429  1429 W ComposerExtn: DisplayExtnImpl::SetActiveConfig: HWC Display 3 is not registered!
02-03 22:15:40.101  1429  1459 I VSyncReactor: Current= 60, Period= 60, Distance= 0
02-03 22:15:40.117  1429  1459 I VSyncReactor: Current= 60, Period= 60, Distance= 60
02-03 22:15:40.170  1630  2974 I Pageboost: Launcher App Execution
02-03 22:15:40.260  1237  4893 I HYPER-HAL: [ResourceManager.cpp]removeResource(): [CPUMaxFreq] RemoveResource Request ID : 18932797
02-03 22:15:40.260  1237  4893 I HYPER-HAL: [RequestManager.cpp]releaseLocked(): Released ID : 18932797
02-03 22:15:40.270  6137  6400 I N0      : limitGPUFreq:: freq = 443
02-03 22:15:40.272  6137  6400 I SemDvfsHyPerManager: acquire hyper - SIOP_GPU_FREQ_MAX/6137@4, type = 536875010
02-03 22:15:40.274  1237  1371 I HYPER-HAL: [RequestManager.cpp]acquire(): Acquired ID : 18859015  [6137 / 4]    HINT :      list : [GPUMaxFreq / 443] 
02-03 22:15:40.274  6137  6400 I N0      : limitCPUFreq:: freq = 1555200
02-03 22:15:40.274  6137  6400 I SemDvfsHyPerManager: acquire hyper - SIOP_ARM_MAX/6137@2, type = 301993986
02-03 22:15:40.275  1237  1371 I HYPER-HAL: [RequestManager.cpp]acquire(): Acquired ID : 18846732  [6137 / 2]    HINT :      list : [CPUMaxFreq / 1555200] 
02-03 22:15:40.275  1237  1371 I HYPER-HAL: [ResourceManager.cpp]updateResource(): [CPUMaxFreq] UpdateResource Request ID : 18846732    Value : 1555200
02-03 22:15:40.319   830   830 D io_stats: !@   8,0 r 31053168 943297900 w 9389310 150647500 d 3428473 363098600 f 0 0 iot 16541664 0 th 0 0 0 pt 0 inp 0 0 154242.422
02-03 22:15:40.341  1429 21775 W ComposerExtn: DisplayExtnImpl::SetActiveConfig: HWC Display 3 is not registered!
02-03 22:15:40.564  1209  3591 I vendor.qti.bluetooth@1.0-ibs_handler: DeviceSleep: TX Awake, Sending SLEEP_IND
02-03 22:15:40.564  1209  3591 D vendor.qti.bluetooth@1.0-ibs_handler: SerialClockVote: vote for UART CLK OFF
02-03 22:15:40.613  6716 12947 I ObjectPool@9791306: Ph_[checker Pool remains: , 9, ] [pool-94-thread-1] 
02-03 22:15:40.714  1209  3325 D vendor.qti.bluetooth@1.0-wake_lock: Release wakelock is released 
02-03 22:15:40.722  1630  3159 D SGM:GameManager: identifyGamePackage. com.pricehunt, mCurrentUserId: 0, callerUserId: 0, callingMethodInfo: com.samsung.android.game.IGameManagerService$Stub.onTransact(IGameManagerService.java:228)
02-03 22:15:41.335  1231  8673 I sensors-hal: handle_sns_client_event:540, [0][27320] accel_sample [-0.120,  1.367,  9.713] 342297768318460
02-03 22:15:41.417  1630  4226 D FreecessController: com.microsoft.office.outlook(1010335) is important[2]
02-03 22:15:41.420  1630  4226 D FreecessController: com.Slack(1010350) is important[2]
02-03 22:15:41.481  1209  3586 I vendor.qti.bluetooth@1.0-ibs_handler: ProcessIbsCmd: Received IBS_WAKE_IND: 0xFD
02-03 22:15:41.481  1209  3586 D vendor.qti.bluetooth@1.0-ibs_handler: SerialClockVote: vote for UART CLK ON
02-03 22:15:41.481  1209  3586 D vendor.qti.bluetooth@1.0-wake_lock: Acquire wakelock is acquired 
02-03 22:15:41.481  1209  3586 I vendor.qti.bluetooth@1.0-ibs_handler: ProcessIbsCmd: Writing IBS_WAKE_ACK
02-03 22:15:41.487  3245  3607 I BtGatt.ScanHelper: onScanResult to scannerId: 3- eventType=0x1a, addressType=1, address=XX:XX:XX:XX:E0:48, primaryPhy=1, secondaryPhy=0, advertisingSid=0xff, txPower=127, rssi=-101, periodicAdvInt=0x0
02-03 22:15:41.525  1209  3586 I vendor.qti.bluetooth@1.0-ibs_handler: ProcessIbsCmd: Received IBS_SLEEP_IND: 0xFE
02-03 22:15:41.525  1209  3586 D vendor.qti.bluetooth@1.0-ibs_handler: SerialClockVote: vote for UART CLK OFF
02-03 22:15:41.675  1209  3325 D vendor.qti.bluetooth@1.0-wake_lock: Release wakelock is released 
02-03 22:15:41.718  6716 12947 I ObjectPool@9791306: Ph_[checker Pool remains: , 9, ] [pool-94-thread-1] 
02-03 22:15:41.765  1630  2848 V SemStrongRssiRoaming: EVENT_GET_WIFI_INFO_POLL (-45)
02-03 22:15:41.766 20149 20149 I wpa_sslib: cmd: GETNCHOMODE
02-03 22:15:41.767 20149 20149 I wpa_sslib: Response: GETNCHOMODE 0
02-03 22:15:41.770  1630  2731 V SemStrongRssiRoaming: Partial scan success
02-03 22:15:41.774  1744  1744 W wificond: Failed to get NL80211_ATTR_MAX_NUM_AKM_SUITES
02-03 22:15:41.777  1744  1744 W wificond: Failed to get NL80211_ATTR_MAX_NUM_AKM_SUITES
02-03 22:15:41.779  1744  1744 W wificond: Failed to get NL80211_ATTR_MAX_NUM_AKM_SUITES
02-03 22:15:41.782  1744  1744 W wificond: Failed to get NL80211_ATTR_MAX_NUM_AKM_SUITES
02-03 22:15:41.828  5030  5030 D AndroidRuntime: >>>>>> START com.android.internal.os.RuntimeInit uid 2000 <<<<<<
02-03 22:15:41.846  5030  5030 I AndroidRuntime: Using default boot image
02-03 22:15:41.846  5030  5030 I AndroidRuntime: Leaving lock profiling enabled
02-03 22:15:41.848  5030  5030 D SecNativeFeatureCppIf: encoded
02-03 22:15:41.849  5030  5030 D SecNativeFeatureCppIf: decoding and unzip finish
02-03 22:15:41.849  5030  5030 D SecNativeFeatureCppIf: use unCompDataBuff. encoded
02-03 22:15:41.849  5030  5030 D SecNativeFeatureCppIf: Free unCompDataBuff
02-03 22:15:41.849  5030  5030 D AndroidRuntime: addProductProperty not brand or 7
02-03 22:15:41.863  5030  5030 I app_process: Using CollectorTypeCC GC.
02-03 22:15:41.913  1630  6020 D WifiNl80211Manager: Scan result ready event
02-03 22:15:41.913  1630  6020 D WifiNative: Scan result ready event
02-03 22:15:41.913  1880 29953 I LOWI-9.0.0.89.z: [LOWI-Scan] lowi_close_record:Scan done in 342276728ms, 6 APs in scan results
02-03 22:15:41.917  1630  2731 D WificondScannerImpl: Filtering out 1 scan results.
02-03 22:15:41.917  1630  2731 V SemStrongRssiRoaming: Partial scan onResults
02-03 22:15:41.917  1630  2731 D SemStrongRssiRoaming: Received 5 partial scan results
02-03 22:15:41.918  1630  2814 V SemWifiScanPool: updateScanResult, partial scan:5 configKeys: 15 pool_bssid:70 pool_configKeys:21
02-03 22:15:41.918  1630  3226 D SLocation: ReceiverPair - handleWifiScan - wifi scanned enter
02-03 22:15:41.918  1630  3226 D SLocation: ReceiverPair - ignore direction of location due to wifi, id = 1, reason = 500
02-03 22:15:41.919  1630  3226 I SLocation: ReceiverPairWithWifi - handle Wifi Scans ID = 16
02-03 22:15:41.919  1630  3226 I SLocation: ReceiverPairWithWifi - force set enter id=16 by wifi scan
02-03 22:15:41.919  1630  3226 D SLocation: ReceiverPair - ignore direction of location due to wifi, id = 16, reason = 500
02-03 22:15:41.919  1630  3226 D SLocation: ReceiverPair - handleWifiScan - wifi scanned enter
02-03 22:15:41.919  1630  3226 D SLocation: ReceiverPair - ignore direction of location due to wifi, id = 19, reason = 500
02-03 22:15:41.919  1630  3226 I SLocation: ReceiverPairWithWifi - handle Wifi Scans ID = 179
02-03 22:15:41.919  1630  3226 I SLocation: ReceiverPairWithWifi - handle Wifi Scans ID = 191
02-03 22:15:41.919  1630  3226 I SLocation: ReceiverPairWithWifi - force set enter id=191 by wifi scan
02-03 22:15:41.919  1630  3226 D SLocation: ReceiverPair - ignore direction of location due to wifi, id = 191, reason = 500
02-03 22:15:41.919  1630  3226 I SLocation: ReceiverPairWithWifi - handle Wifi Scans ID = 193
02-03 22:15:41.919  1630  3226 I SLocation: ReceiverPairWithWifi - force set enter id=193 by wifi scan
02-03 22:15:41.919  1630  3226 D SLocation: ReceiverPair - ignore direction of location due to wifi, id = 193, reason = 500
02-03 22:15:41.930  1630  2727 I HalDevMgr: bestIfaceCreationProposal is null, requestIface=STA, existingIface=[name=wlan0 type=STA]
02-03 22:15:42.026  5030  5030 D nativeloader: InitDefaultPublicLibraries for_preload=1: libandroid.so:libaaudio.so:libamidi.so:libbinder_ndk.so:libc.so:libcamera2ndk.so:libdl.so:libEGL.so:libGLESv1_CM.so:libGLESv2.so:libGLESv3.so:libicu.so:libicui18n.so:libicuuc.so:libjnigraphics.so:liblog.so:libmediandk.so:libm.so:libnativehelper.so:libnativewindow.so:libOpenMAXAL.so:libOpenSLES.so:libRS.so:libstdc++.so:libsync.so:libvulkan.so:libwebviewchromium_plat_support.so:libz.so
02-03 22:15:42.076  5030  5030 D nativeloader: Load libicu_jni.so using APEX ns com_android_art for caller /apex/com.android.art/javalib/core-oj.jar: ok
02-03 22:15:42.077  5030  5030 D app_process: u_setTimeZoneFilesDirectory("/apex/com.android.tzdata/etc/tz/versioned/8/icu") succeeded. 
02-03 22:15:42.077  5030  5030 D app_process: I18n APEX ICU file found: /apex/com.android.i18n/etc/icu/icudt75l.dat
02-03 22:15:42.081  5030  5030 D nativeloader: Load libjavacore.so using APEX ns com_android_art for caller /apex/com.android.art/javalib/core-oj.jar: ok
02-03 22:15:42.083  5030  5030 D nativeloader: Load libopenjdk.so using APEX ns com_android_art for caller /apex/com.android.art/javalib/core-oj.jar: ok
02-03 22:15:42.087  5030  5030 I app_process: Priority-to-niceness mapping: 19, 16, 13, 10, 0, -2, -4, -5, -6, -8
02-03 22:15:42.122  5030  5030 E SemDvfsManager_JNI: SemDvfsManager: registerfunction enter
02-03 22:15:42.122  5030  5030 E SemAffinityControl: SemAffinityControl: registerfunction enter
02-03 22:15:42.123  1630  4226 I NSLocationMonitor: getGPSUsingApps() called
02-03 22:15:42.124  4182 14518 I NSLocationManager_FLP: getGPSUsingApps, No change
02-03 22:15:42.136  1630  4226 I NSLocationMonitor: getGPSUsingApps() called
02-03 22:15:42.137  4182 14518 I NSLocationManager_FLP: getGPSUsingApps, No change
02-03 22:15:42.142  5030  5030 D nativeloader: Load libframework-connectivity-tiramisu-jni.so using APEX ns com_android_tethering for caller /apex/com.android.tethering/javalib/framework-connectivity-t.jar: ok
02-03 22:15:42.142  5030  5030 D AndroidRuntime: Calling main entry com.android.commands.uiautomator.Launcher
02-03 22:15:42.144  1630  4226 D FreecessController: com.google.android.videos(state: Initial -> Frozen, Reason: broadcast-android.intent.action.PACKAGE_RESTARTED)
02-03 22:15:42.144  1630  4226 D FreecessController: com.airwatch.androidagent(state: Initial -> Frozen, Reason: broadcast-android.intent.action.PACKAGE_RESTARTED)
02-03 22:15:42.149  5030  5030 D UiAutomationConnection: Created on user UserHandle{0}
02-03 22:15:42.149  5030  5030 I UiAutomation: Initialized for user 0 on display 0
02-03 22:15:42.149  5030  5030 W UiAutomation: Created with deprecatead constructor, assumes DEFAULT_DISPLAY
02-03 22:15:42.153  1630  4226 D FreecessController: FZ : com.google.android.videos(10324) [30758] reason: Bg
02-03 22:15:42.154  1630  3159 D AccessibilityManagerService: changeCurrentUserForTestAutomationIfNeededLocked(0): ignoring because device doesn't support visible background users
02-03 22:15:42.155  1630  3159 I UiAutomationManager: Registering UiTestAutomationService (id=com.android.server.accessibility/UiAutomation, flags=0x0) when called by user 0
02-03 22:15:42.157  1630  3159 D KNOX_MDM_SettingsProvider: isChangeAllowed() : name = accessibility_enabled
02-03 22:15:42.160  1630  3159 D SettingsProvider: PUT_ret(/secure/accessibility_enabled), callingPackage:android
02-03 22:15:42.160  1630  3159 D MagnificationConnectionManager: requestConnection :false mConnectionState : 3
02-03 22:15:42.160  1630  3159 W MagnificationConnectionManager: requestConnection duplicated request: connect=false, mConnectionState=DISCONNECTED
02-03 22:15:42.162  1630  4226 D FreecessController: FZ : com.airwatch.androidagent(1010347) [1805] reason: Bg
02-03 22:15:42.162  1429  4731 I SurfaceFlinger: id=52576 createSurf, flag=84004, WindowToken{cfb4496 type=2032 android.os.Binder@7f567b1}#52576
02-03 22:15:42.163  1630  4226 W LocationManagerService: onFreezeStateChanged, uid[10324]=true
02-03 22:15:42.163  1630  4226 I PowerManagerService: [PWL] SetWakeLockEnableDisable uid = 10324 , disable= true
02-03 22:15:42.163  1630  4226 I PowerManagerService: [PWL] can not change uid =  10324
02-03 22:15:42.163  1630  4226 W LocationManagerService: onFreezeStateChanged, uid[1010347]=true
02-03 22:15:42.163  1630  4226 I PowerManagerService: [PWL] SetWakeLockEnableDisable uid = 1010347 , disable= true
02-03 22:15:42.163  1429 21775 W ComposerExtn: DisplayExtnImpl::SetActiveConfig: HWC Display 3 is not registered!
02-03 22:15:42.163  1630  4226 I PowerManagerService: [PWL] can not change uid =  1010347
02-03 22:15:42.163  1630  1955 D LocalDisplayAdapter: updateActiveModeLocked for d=4630947232161729155, mActiveModeId=7, mActiveSfDisplayMode=DisplayMode{id=2, width=832, height=2268, xDpi=391.348, yDpi=389.237, peakRefreshRate=60.000004, vsyncRate=60.000004, appVsyncOffsetNanos=0, presentationDeadlineNanos=17666666, supportedHdrTypes=[2, 3, 4], group=832}
02-03 22:15:42.163  1630  1955 I DisplayDeviceRepository: Display device changed render timings: "Built-in Screen", renderFrameRate=60.000004, presentationDeadlineNanos=17666666, appVsyncOffsetNanos=0
02-03 22:15:42.164  3474  3989 I HoneySpace.GlobalSettingDataSourceImpl: Setting accessibility_enabled changed to 1
02-03 22:15:42.165  1630  2114 D BrightnessThermalClamper: Thermal status observer already started
02-03 22:15:42.166  3474  3474 I HoneySpace.TaskbarView@97032658: updateTaskbarViewTalkback enabled = false
02-03 22:15:42.167  1630  1951 W LocalDisplayAdapter: Ignoring request for invalid base mode id 5
02-03 22:15:42.169  1630  4176 D ActivityManager: unpendingScheduleServiceRestart: u=10377, drop=false
02-03 22:15:42.169  1429  1429 W ComposerExtn: DisplayExtnImpl::SetActiveConfig: HWC Display 3 is not registered!
02-03 22:15:42.169  1630  4174 W FreecessController: getAllRunningPackagePids: Failed to read pid from /sys/fs/cgroup/uid_10377/pid_9495/cgroup.procs
02-03 22:15:42.170  1630  4174 W FreecessController: getAllRunningPackagePids: Failed to read pid from /sys/fs/cgroup/uid_10377/pid_23257/cgroup.procs
02-03 22:15:42.172  2991  2991 D DisplayLifecycle: updateDisplay id = 0
02-03 22:15:42.172  2991  3126 D StackScroller: onDisplayChanged for predraw skip to 2
02-03 22:15:42.172  2991  3068 I VRI[ShellDropTarget]@1cdbaf5: onDisplayChanged oldDisplayState=2 newDisplayState=2
02-03 22:15:42.172  2991  3068 I VRI[SplitDecorManager]@ca2ee62: onDisplayChanged oldDisplayState=2 newDisplayState=2
02-03 22:15:42.172  2991  3068 I VRI[SplitDecorManager]@2d19661: onDisplayChanged oldDisplayState=2 newDisplayState=2
02-03 22:15:42.173 19051 19051 I Choreographer: Skipped 2910 frames!  The application may be doing too much work on its main thread.
02-03 22:15:42.173  5872  5872 I SPenContext: virtual void SPen::Context::SetDisplayRefreshRate(float) framerate=60
02-03 22:15:42.173  5872  5872 I LatencyConfiguration: void SPen::LatencyConfiguration::UpdateRefreshRate(float) RefreshRate=60.000004
02-03 22:15:42.173  5872  5872 I LatencyConfiguration: void SPen::LatencyConfiguration::UpdateRefreshRate(float) RefreshRateCallback 0xb400007c408e4ed0
02-03 22:15:42.173  5872  5872 I PredictorBase: virtual void SPen::PredictorBase::SetRefreshRate(float) Refresh rate: 60.000
02-03 22:15:42.173  5872  5872 I spe_log : virtual void SPen::FbrDrawPad::SetRefreshRate(float) = 60.000
02-03 22:15:42.173  5872  5872 I spe_log : virtual void SPen::FbrDrawPad::SetRefreshRate(float) mFrameDurationNano=16666667, mDisplayRefreshDurationNano: 16666667
02-03 22:15:42.174  5872  5872 I spe_log : virtual void SPen::LowLatencyStrokeView::SetRefreshRate(float) refresh rate=60.000
02-03 22:15:42.174  5872  5872 I VRI[InputMethod]@307b30c: onDisplayChanged oldDisplayState=2 newDisplayState=2
02-03 22:15:42.174  1630  4174 D FreecessController: UFZ : com.truecaller(10377) [19051] reason: Binder(1)-android.view.accessibility.IAccessibility
02-03 22:15:42.175  1630  4873 D LiftUpHandler: [LTW] Stopped already.
02-03 22:15:42.175  2991  2991 I VRI[LockscreenShortcutBlur]@6238849: onDisplayChanged oldDisplayState=2 newDisplayState=2
02-03 22:15:42.175  6909  6909 I VRI[MainActivity]@30c10b3: onDisplayChanged oldDisplayState=2 newDisplayState=2
02-03 22:15:42.177  1630  4226 W LocationManagerService: onFreezeStateChanged, uid[10377]=false
02-03 22:15:42.177 22801 22801 I VRI[Settings]@c9346: onDisplayChanged oldDisplayState=2 newDisplayState=2
02-03 22:15:42.177  6139  6139 I SPenContext: virtual void SPen::Context::SetDisplayRefreshRate(float) framerate=60
02-03 22:15:42.177  6139  6139 I LatencyConfiguration: void SPen::LatencyConfiguration::UpdateRefreshRate(float) RefreshRate=60.000004
02-03 22:15:42.177  6139  6139 I LatencyConfiguration: void SPen::LatencyConfiguration::UpdateRefreshRate(float) RefreshRateCallback 0xb400007c408ced50
02-03 22:15:42.177  6139  6139 I PredictorBase: virtual void SPen::PredictorBase::SetRefreshRate(float) Refresh rate: 60.000
02-03 22:15:42.177  6139  6139 I spe_log : virtual void SPen::FbrDrawPad::SetRefreshRate(float) = 60.000
02-03 22:15:42.177  6139  6139 I spe_log : virtual void SPen::FbrDrawPad::SetRefreshRate(float) mFrameDurationNano=16666667, mDisplayRefreshDurationNano: 16666667
02-03 22:15:42.177  6139  6139 I spe_log : virtual void SPen::LowLatencyStrokeView::SetRefreshRate(float) refresh rate=60.000
02-03 22:15:42.177  2991  2991 I VRI[NavigationBar0]@c1db22d: onDisplayChanged oldDisplayState=2 newDisplayState=2
02-03 22:15:42.177  2991  2991 I VRI[EdgeBackGestureHandler0]@5a548e3: onDisplayChanged oldDisplayState=2 newDisplayState=2
02-03 22:15:42.177  2991  2991 I VRI[NotificationShade]@aaab015: onDisplayChanged oldDisplayState=2 newDisplayState=2
02-03 22:15:42.178 22801 22801 I VRI[SubSettings]@dd1c099: onDisplayChanged oldDisplayState=2 newDisplayState=2
02-03 22:15:42.178 22801 22801 I VRI[SubSettings]@11d5252: onDisplayChanged oldDisplayState=2 newDisplayState=2
02-03 22:15:42.178  2991  2991 I VRI[StatusBar]@8e980d0: onDisplayChanged oldDisplayState=2 newDisplayState=2
02-03 22:15:42.178  2991  2991 I VRI[Bouncer]@a1623f9: onDisplayChanged oldDisplayState=2 newDisplayState=2
02-03 22:15:42.178  2991  2991 I VRI[SecondaryHomeHandle0]@df10a88: onDisplayChanged oldDisplayState=2 newDisplayState=2
02-03 22:15:42.178  2991  2991 I VRI[KeyguardBiometricToastView]@a7c12bb: onDisplayChanged oldDisplayState=2 newDisplayState=2
02-03 22:15:42.178  1630  4226 I PowerManagerService: [PWL] SetWakeLockEnableDisable uid = 10377 , disable= false
02-03 22:15:42.178  1630  3077 D WifiDisplayAdapter: isFitToActiveDisplayLocked : false
02-03 22:15:42.178  1405 28774 D AudioFlinger: setParameters: filtered dev setParameters keyvalue screen_state=on
02-03 22:15:42.179  1630  1955 D RefreshRateModeManager: updateDefaultDisplayToken: android.os.BinderProxy@99b4f37, isChanged: false
02-03 22:15:42.179  1630  4226 I PowerManagerService: [PWL] can not change uid =  10377
02-03 22:15:42.179  1206  1241 D audio_hw_primary: adev_set_parameters: enter: screen_state=on
02-03 22:15:42.180  1206  1241 V audio_hw_sec: sec_set_parameters: enter
02-03 22:15:42.180  1206  1241 D sound_trigger_hw: handle_screen_status_change: screen on
02-03 22:15:42.180  1206  1241 D audio_hw_primary: adev_set_parameters: exit with code(0)
02-03 22:15:42.180  1206  1241 I Audio_a2dpsink_hw: adev_set_parameters: kevpairs=[screen_state=on]
02-03 22:15:42.180  3474  3474 I VRI[RecentsTransitionOverlay]@ea10469: onDisplayChanged oldDisplayState=2 newDisplayState=2
02-03 22:15:42.180  3474  3474 I VRI[LauncherActivity]@ea4152a: onDisplayChanged oldDisplayState=2 newDisplayState=2
02-03 22:15:42.180  3474  3474 I VRI[CocktailBarService]@fe8030d: onDisplayChanged oldDisplayState=2 newDisplayState=2
02-03 22:15:42.180  3474  3474 I VRI[TaskbarWindow]@498413e: onDisplayChanged oldDisplayState=2 newDisplayState=2
02-03 22:15:42.181  3474  3474 I VRI[RecentsActivity]@6199a4a: onDisplayChanged oldDisplayState=2 newDisplayState=2
02-03 22:15:42.181  3474  3988 I HoneySpace.Memory-Monitor: current state = 2, didTrim = false
02-03 22:15:42.181  4896  4896 I VRI[MainActivity]@5832a1f: onDisplayChanged oldDisplayState=2 newDisplayState=2
02-03 22:15:42.181  3474  3989 I HoneySpace.RefreshRateSource: singleFrameMs 16
02-03 22:15:42.182  1630  5994 D KNOX_MDM_SettingsProvider: isChangeAllowed() : name = accessibility_enabled
02-03 22:15:42.182  1630  5994 D SettingsProvider: PUT_ret(/secure/accessibility_enabled), callingPackage:android
02-03 22:15:42.183  1630  5994 D MagnificationConnectionManager: requestConnection :false mConnectionState : 3
02-03 22:15:42.183  1630  5994 W MagnificationConnectionManager: requestConnection duplicated request: connect=false, mConnectionState=DISCONNECTED
02-03 22:15:42.187  1429  1429 I SurfaceFlinger: Layer [WindowToken{cfb4496 type=2032 android.os.Binder@7f567b1}#52576] hidden!! flag(0)
02-03 22:15:42.187  1429  1429 I SurfaceFlinger: [WindowToken{cfb4496 type=2032 android.os.Binder@7f567b1}#52576] attach to parent LayerHierarchy{RequestedLayerState{Leaf:29:31#39 parentId=38} 2 children}
02-03 22:15:42.189  1630  4176 D ActivityManager: unpendingScheduleServiceRestart: u=10320, drop=false
02-03 22:15:42.189 21273 21273 I VRI[InternalGoogleAppActivityEntrypoint]@e63bb3e: onDisplayChanged oldDisplayState=2 newDisplayState=2
02-03 22:15:42.189 21273 21273 I VRI[LauncherActivity]@66e68da: onDisplayChanged oldDisplayState=2 newDisplayState=2
02-03 22:15:42.195  1630  1630 D SGM:GameManager: onDisplayChanged. displyId: 0, state: 2
02-03 22:15:42.196  1630  1630 D AODManagerService: requestReCalToTSP IsSingleTouchMode = falserequestedReCalToTSP = false / previousDisplayState = ON
02-03 22:15:42.196  1630  2685 D SGM:FgCheckThread: onLooperPrepared(), msg: MSG_LCD_ON
02-03 22:15:42.198  1630  1630 D BatterySaverPolicy: accessibility changed to true, updating policy.
02-03 22:15:42.200  1630  4226 W LocationManagerService: onFreezeStateChanged, uid[10320]=false
02-03 22:15:42.200  1630  3158 W WindowManager: Cannot find window which accessibility connection is added to
02-03 22:15:42.201  1630  1630 I AccessibilityManagerService: semIsAccessibilityServiceEnabled()
02-03 22:15:42.201  1630  4226 I PowerManagerService: [PWL] SetWakeLockEnableDisable uid = 10320 , disable= false
02-03 22:15:42.201  1630  1630 I AccessibilityManagerService: accesibilityService is null
02-03 22:15:42.201  1630  4226 I PowerManagerService: [PWL] can not change uid =  10320
02-03 22:15:42.201  1630  1630 I AccessibilityManagerService: semIsAccessibilityServiceEnabled()
02-03 22:15:42.201  1630  1630 I AccessibilityManagerService: accesibilityService is null
02-03 22:15:42.201  1630  4174 D FreecessController: UFZ : com.whatsapp(10320) [13722] reason: Binder(1)-android.view.accessibility.IAccessibility
02-03 22:15:42.203 18854 18854 I SAMSUNGWALLET[IN]: [WalletStartup] Screen reader is enabled
02-03 22:15:42.206  1630  1630 D AS.AudioService: Accessibility volume enabled = false
02-03 22:15:42.206  1630  5994 W WindowManager: Cannot find window which accessibility connection is added to
02-03 22:15:42.206  1223  1223 I android.hardware.health@2.1-service-samsung: updateLrpSysfs: write: 375
02-03 22:15:42.207  1630  4654 D [SS]BattFunctions: [sendRemainingChargingTimeChangedIntent]remainingChargingTime:2369 ,mLastRemainingChargingTime:2376
02-03 22:15:42.207  1630 14650 V [SS]SleepChargingTimeController: [isActivated]mSleepChargingStatus isNowSessionTime False => false
02-03 22:15:42.208  2470  2470 I SafetyCenterAccessibilityListener: accessibility event occurred, safety center feature not enabled.
02-03 22:15:42.210  2561  2561 I SafetyCenterAccessibilityListener: accessibility event occurred, safety center feature not enabled.
02-03 22:15:42.218 21716  5066 I outlook.platformSDK: Doing re-evaluation of requirements for keys [SettingKey(settingName=System.IsSpokenFeedbackEnabled, evaluationProperty=RuntimeReevaluate)]
02-03 22:15:42.229 21716  5066 I outlook.platformSDK: Host[com.microsoft.office.outlook.ui.dynamicactionbar.manager.DynamicActionBarRuntimeManagerImpl@959953b] loaded contributions[0]
02-03 22:15:42.230  2991  2991 D Navbar.Store: ----handleEvent(0) OnUpdateRemoteViewContainer(rotation=0, leftContainer=android.widget.LinearLayout{c5b3f03 I.E...... ......ID 64,0-181,126 #7f0a0625 app:id/left_remoteview}, rightContainer=android.widget.LinearLayout{f16bcb9 I.E...... ......I. 659,0-776,126 #7f0a09e0 app:id/right_remoteview}, contextualButtonVisible=false, darkIntensity=0.0, displayId=0) [Module] SamsungNavigationBarView
02-03 22:15:42.230  2991  2991 D Navbar.Store: ------[Band]REMOTE_VIEW_PACK_SET_REMOTEVIEW_CONTAINER
02-03 22:15:42.231  2991  2991 D Navbar.Store: --------apply(0) NavBarStoreAction$UpdateRemoteViewContainer
02-03 22:15:42.231  2991  2991 D Navbar.Store: --------apply(0) NavBarStoreAction$UpdateRemoteViewDarkIntensity
02-03 22:15:42.231  2991  2991 D Navbar.Store: handleEvent(0) OnNavBarUpdateA11YService(clickable=false, longClickable=false) [Module] NavigationBar
02-03 22:15:42.231  2991  2991 D Navbar.Store: --[Band]SETUPWIZARD_PACK_UPDATE_A11Y_SERVICE
02-03 22:15:42.231 21716  5066 I outlook.platformSDK: Host[com.microsoft.office.outlook.ui.dynamicactionbar.manager.DynamicActionBarRuntimeManagerImpl@d3eb458] loaded contributions[0]
02-03 22:15:42.231  2991  2991 D Navbar.Store: handleEvent(0) OnButtonOrderChanged(noArguments=true) [Module] NavigationBar
02-03 22:15:42.231  2991  2991 D Navbar.Store: --[Band]CONFIG_PACK_KEY_ORDER_CHANGED
02-03 22:15:42.231  2991  2991 D Navbar.Store: ----apply(0) NavBarStoreAction$ReinflateNavBar
02-03 22:15:42.231 21716  5066 I outlook.platformSDK: Host[com.microsoft.office.outlook.ui.dynamicactionbar.manager.DynamicActionBarRuntimeManagerImpl@2b5c9b1] loaded contributions[0]
02-03 22:15:42.232 21716  5066 I outlook.platformSDK: Host[com.microsoft.office.outlook.ui.dynamicactionbar.manager.DynamicActionBarRuntimeManagerImpl@ac0fe96] loaded contributions[0]
02-03 22:15:42.234  2991  2991 D Navbar.Store: ----handleEvent(0) GetInflateLayoutID(vertical=false) [Module] SamsungNavigationBarInflaterView
02-03 22:15:42.234  2991  2991 D Navbar.Store: ------[Band]STABLE_LAYOUT_PACK_GET_INFLATE_LAYOUT_ID
02-03 22:15:42.234  2991  2991 D NavBarStateManager: NavBarStates(0) getLayoutID(vertical: false): 2131559223
02-03 22:15:42.234  2991  2991 D Navbar.Store: ----handleEvent(0) value= 2131559223
02-03 22:15:42.235 21716  5066 I outlook.platformSDK: Host[com.microsoft.office.outlook.platform.navigation.NavigationAppManager@fc24a17] loaded contributions[8]
02-03 22:15:42.238  2991  2991 D Navbar.Store: ----handleEvent(0) GetInflateLayoutID(vertical=true) [Module] SamsungNavigationBarInflaterView
02-03 22:15:42.238  2991  2991 D Navbar.Store: ------[Band]STABLE_LAYOUT_PACK_GET_INFLATE_LAYOUT_ID
02-03 22:15:42.238  2991  2991 D NavBarStateManager: NavBarStates(0) getLayoutID(vertical: true): 2131559225
02-03 22:15:42.238  2991  2991 D Navbar.Store: ----handleEvent(0) value= 2131559225
02-03 22:15:42.239  2991  2991 D Navbar.Store: ----handleEvent(0) GetDefaultLayout(noArguments=true) [Module] SamsungNavigationBarInflaterView
02-03 22:15:42.239  2991  2991 D Navbar.Store: ------[Band]STABLE_LAYOUT_PACK_GET_DEFAULT_LAYOUT
02-03 22:15:42.239  2991  2991 D NavBarStateManager: NavBarStates(0) isBottomGestureMode: false
02-03 22:15:42.239  2991  2991 D NavBarStateManager: NavBarStates(0) getGesturalLayout: left;home_handle;right
02-03 22:15:42.239  2991  2991 D Navbar.Store: ----handleEvent(0) value= left;home_handle;right
02-03 22:15:42.239 21716  5066 I outlook.platformSDK: Number of contributions to re-evaluate requirements [0]
02-03 22:15:42.240  2991  2991 D Navbar.Store: ----handleEvent(0) GetInflateButtonWidth(buttonSpec=left, landscape=false) [Module] SamsungNavigationBarInflaterView
02-03 22:15:42.240  2991  2991 D Navbar.Store: ------[Band]STABLE_LAYOUT_PACK_INFLATE_NAVBAR
02-03 22:15:42.240  2991  2991 D NavBarStateManager: NavBarStates(0) getSpaceWidth(land: false): 117
02-03 22:15:42.240  2991  2991 D Navbar.Store: ----handleEvent(0) value= 117
02-03 22:15:42.243 21716  5066 I outlook.platformSDK: Types from keys[0] Hosts[5] Types:
02-03 22:15:42.244  2991  2991 D Navbar.Store: ----handleEvent(0) GetInflateButtonWidth(buttonSpec=left, landscape=true) [Module] SamsungNavigationBarInflaterView
02-03 22:15:42.244  2991  2991 D Navbar.Store: ------[Band]STABLE_LAYOUT_PACK_INFLATE_NAVBAR
02-03 22:15:42.244  2991  2991 D NavBarStateManager: NavBarStates(0) getSpaceWidth(land: true): 117
02-03 22:15:42.244  2991  2991 D Navbar.Store: ----handleEvent(0) value= 117
02-03 22:15:42.244 21716  5066 I outlook.platformSDK: minInit -> IsComplete[true]
02-03 22:15:42.244 21716  5066 I outlook.platformSDK: minInit <- IsComplete[true]
02-03 22:15:42.244  2991  2991 D Navbar.Store: ----handleEvent(0) GetInflateButtonWidth(buttonSpec=home_handle, landscape=false) [Module] SamsungNavigationBarInflaterView
02-03 22:15:42.244  2991  2991 D Navbar.Store: ------[Band]STABLE_LAYOUT_PACK_INFLATE_NAVBAR
02-03 22:15:42.244  2991  2991 D NavBarStateManager: NavBarStates(0) getGestureWidth(land: false): 294
02-03 22:15:42.244  2991  2991 D Navbar.Store: ----handleEvent(0) value= 294
02-03 22:15:42.245  2991  2991 D Navbar.Store: ----handleEvent(0) GetInflateButtonWidth(buttonSpec=home_handle, landscape=true) [Module] SamsungNavigationBarInflaterView
02-03 22:15:42.245  2991  2991 D Navbar.Store: ------[Band]STABLE_LAYOUT_PACK_INFLATE_NAVBAR
02-03 22:15:42.245  2991  2991 D NavBarStateManager: NavBarStates(0) getGestureWidth(land: true): 294
02-03 22:15:42.245  2991  2991 D Navbar.Store: ----handleEvent(0) value= 294
02-03 22:15:42.246  2991  2991 D Navbar.Store: ----handleEvent(0) GetInflateButtonWidth(buttonSpec=right, landscape=false) [Module] SamsungNavigationBarInflaterView
02-03 22:15:42.246  2991  2991 D Navbar.Store: ------[Band]STABLE_LAYOUT_PACK_INFLATE_NAVBAR
02-03 22:15:42.246  2991  2991 D NavBarStateManager: NavBarStates(0) getSpaceWidth(land: false): 117
02-03 22:15:42.246  2991  2991 D Navbar.Store: ----handleEvent(0) value= 117
02-03 22:15:42.247  2991  2991 D Navbar.Store: ----handleEvent(0) GetInflateButtonWidth(buttonSpec=right, landscape=true) [Module] SamsungNavigationBarInflaterView
02-03 22:15:42.247  2991  2991 D Navbar.Store: ------[Band]STABLE_LAYOUT_PACK_INFLATE_NAVBAR
02-03 22:15:42.247  2991  2991 D NavBarStateManager: NavBarStates(0) getSpaceWidth(land: true): 117
