--------- beginning of main
02-03 21:38:33.241  1429  1459 I VSyncReactor: Current= 60, Period= 60, Distance= 1
02-03 21:38:33.258  1429  1459 I VSyncReactor: Current= 60, Period= 60, Distance= 60
02-03 21:38:33.446  1630  2680 D InputDispatcher: Inject motion (5096/2000): action=0x0, time=152015549000000, f=0x0, d=0 dsdx=1.000000 dtdx=0.000000
02-03 21:38:33.449  1630  2660 I InputDispatcher: Delivering touch to (3474): action: 0x4, f=0x0, d=0, '431914a', t=1 
02-03 21:38:33.449  1630  2660 I InputDispatcher: Delivering touch to (2991): action: 0x4, f=0x0, d=0, '8f7d129', t=1 
02-03 21:38:33.450  1630  2660 I InputDispatcher: Delivering touch to (31979): action: 0x0, f=0x0, d=0, '86ecbb5', t=1 *(1.01)
--------- beginning of system
02-03 21:38:33.451  1630  2660 D PowerManagerService: [api] userActivityFromNative : touch displayId=0 eventTime=152015549
02-03 21:38:33.451  3474  3474 I HoneySpace.GestureInputHandler: inputConsumers = [com.honeyspace.gesture.inputconsumer.InputConsumer$Companion$NO_OP$1@49e45c5]
02-03 21:38:33.451  1630  1951 I GestureDetector: obtain mCurrentDownEvent. id: -39835006 caller: com.android.server.wm.SystemGesturesPointerEventListener.onPointerEvent:17 com.android.server.wm.PointerEventDispatcher.onInputEvent:51 android.view.InputEventReceiver.dispatchInputEvent:385 
02-03 21:38:33.451 31979 31979 I VRI[MainActivity]@5832a1f: ViewPostIme pointer 0
02-03 21:38:33.451  3474  3474 I HoneySpace.InputSession: inputConsumers = NO_OP
02-03 21:38:33.451  1630  1951 I GestureDetector: obtain mCurrentDownEvent. id: -39835006 caller: com.android.server.wm.SystemPerformancePointerEventListener.onPointerEvent:13 com.android.server.wm.PointerEventDispatcher.onInputEvent:51 android.view.InputEventReceiver.dispatchInputEvent:385 
02-03 21:38:33.452  3474  3474 I HoneySpace.InputSession: open
02-03 21:38:33.452  1429  1561 W ComposerExtn: DisplayExtnImpl::SetActiveConfig: HWC Display 3 is not registered!
02-03 21:38:33.455  1630  2660 D PowerManagerService: UserActivityStateListenerState: 1
02-03 21:38:33.455  1630  2660 D PowerManagerService: UserActivityState : 2 -> 1 groupId=0
02-03 21:38:33.455  1630  2660 D PowerManagerService: displayReady: false groupId=0
02-03 21:38:33.456  1630  2114 D DisplayPowerController2[0]: animateScreenStateChange: target=ON, mIsEnabled=true
02-03 21:38:33.456  1630  2114 W DisplayPowerController2[0]: Animating brightness: target=63(0.25), rate=2.000, reason=automatic[63] -> 0x0[63]
02-03 21:38:33.456  1429  1429 W ComposerExtn: DisplayExtnImpl::SetActiveConfig: HWC Display 3 is not registered!
02-03 21:38:33.457  1429  1429 I SurfaceFlinger: Touch Boost - choose 120.00 Hz
02-03 21:38:33.457  1429  1429 I HWComposer: [4630947232161729155] ActiveConfigToHWC, ID : 0
02-03 21:38:33.458  6137  6137 I SemDvfsHyPerManager: acquire hyper - TABoost/6137@20, type = -999
02-03 21:38:33.458  1630  1955 D LocalDisplayAdapter: updateActiveModeLocked for d=4630947232161729155, mActiveModeId=5, mActiveSfDisplayMode=DisplayMode{id=0, width=832, height=2268, xDpi=391.348, yDpi=389.237, peakRefreshRate=120.00001, vsyncRate=120.00001, appVsyncOffsetNanos=100000, presentationDeadlineNanos=9233333, supportedHdrTypes=[2, 3, 4], group=832}
02-03 21:38:33.458  1429  1459 I VSyncReactor: Current= 60, Period= 120, hwcPeriod= 60
02-03 21:38:33.458  1304  1304 I SDM     : HWCDisplay::SubmitDisplayConfig: [DispConfigs] config 2 => 0, hs_mode 3 => 3
02-03 21:38:33.459  1304  1304 I SDM     : DisplayBase::SetActiveConfig: [DispConfigs] 3 => 0 or hs mode is changed if same config
02-03 21:38:33.459  1304  1304 I SDM     : HWDeviceDRM::SetDisplaySwitchMode: POMS Switching to Mode	0
02-03 21:38:33.459  1304  1304 I SDM     : HWDeviceDRM::SetDisplaySwitchMode: [DispConfigs] check hs_mode 3
02-03 21:38:33.459  1304  1304 I SDM     : HWDeviceDRM::SetDisplaySwitchMode: [DispConfigs] Set mode index:0 832x2268x120x127680cmdHS, hs_mode(3), found_mode(0)
02-03 21:38:33.459  1630  1955 I DisplayDeviceRepository: Display device changed render timings: "Built-in Screen", renderFrameRate=120.00001, presentationDeadlineNanos=9233333, appVsyncOffsetNanos=100000
02-03 21:38:33.459  1304  1304 I SDM     : HWDeviceDRM::UpdateMixerAttributes: Mixer WxH 832x2268-1 for Peripheral
02-03 21:38:33.459  1304  1304 I SDM     : HWCDisplay::SubmitDisplayConfig: Active configuration changed to: 0
02-03 21:38:33.459  1237  1371 I HYPER-HAL: [RequestManager.cpp]acquire(): Acquired ID : 18957423  [6137 / 20]    HINT :      list : [TABoost / 1] [TIMEOUT / 1500] 
02-03 21:38:33.460  1630  1630 I MdnieScenarioControlService: action  :  com.samsung.server.PowerManagerService.action.USER_ACTIVITY
02-03 21:38:33.461  1630  1630 D PowerManagerService: [api] setScreenDimDurationOverrideFromSqdInternal: mScreenDimDurationOverrideFromSQD: -1
02-03 21:38:33.462  1630  2114 D DisplayManagerService: handleBrightnessAnimation: started=true
02-03 21:38:33.462  1630  2114 I RefreshRateTokenController: Adding refreshRateToken={ RefreshRateToken[->PassiveModeToken:BrightnessAnim, acquire at 152015565 (now)}, caller=com.android.server.display.mode.RefreshRateController.createPassiveModeToken:32 com.android.server.display.DisplayManagerService$$ExternalSyntheticLambda8.accept:123 com.android.server.display.DisplayPowerController.animateScreenBrightness:262 com.android.server.display.DisplayPowerController.updatePowerStateInternal:2371 com.android.server.display.DisplayPowerController.updatePowerState:9 
02-03 21:38:33.463  1630  1630 D SGM:GameManager: onDisplayChanged. displyId: 0, state: 2
02-03 21:38:33.464  1630  1630 D AODManagerService: requestReCalToTSP IsSingleTouchMode = falserequestedReCalToTSP = false / previousDisplayState = ON
02-03 21:38:33.465  1630  2685 D SGM:FgCheckThread: onLooperPrepared(), msg: MSG_LCD_ON
02-03 21:38:33.465  5872  5872 I SPenContext: virtual void SPen::Context::SetDisplayRefreshRate(float) framerate=120
02-03 21:38:33.466  5872  5872 I LatencyConfiguration: void SPen::LatencyConfiguration::UpdateRefreshRate(float) RefreshRate=120.000008
02-03 21:38:33.466  5872  5872 I LatencyConfiguration: void SPen::LatencyConfiguration::UpdateRefreshRate(float) RefreshRateCallback 0xb400007c408e4ed0
02-03 21:38:33.466  5872  5872 I PredictorBase: virtual void SPen::PredictorBase::SetRefreshRate(float) Refresh rate: 120.000
02-03 21:38:33.466  5872  5872 I spe_log : virtual void SPen::FbrDrawPad::SetRefreshRate(float) = 120.000
02-03 21:38:33.466  5872  5872 I spe_log : virtual void SPen::FbrDrawPad::SetRefreshRate(float) mFrameDurationNano=8333333, mDisplayRefreshDurationNano: 8333333
02-03 21:38:33.466  5872  5872 I spe_log : virtual void SPen::LowLatencyStrokeView::SetRefreshRate(float) refresh rate=120.000
02-03 21:38:33.466  5872  5872 I VRI[InputMethod]@307b30c: onDisplayChanged oldDisplayState=2 newDisplayState=2
02-03 21:38:33.466 31979 31979 I VRI[MainActivity]@5832a1f: call setFrameRateCategory for touch hint category=high hint, reason=touch, vri=VRI[MainActivity]@5832a1f
02-03 21:38:33.466  1630  4873 D LiftUpHandler: [LTW] Stopped already.
02-03 21:38:33.467  1630  2680 D InputDispatcher: Inject motion (5096/2000): action=0x1, time=152015549000000, f=0x0, d=0 dsdx=1.000000 dtdx=0.000000
02-03 21:38:33.468  1429 21775 W ComposerExtn: DisplayExtnImpl::SetActiveConfig: HWC Display 3 is not registered!
02-03 21:38:33.468  1630  2660 I InputDispatcher: Delivering touch to (31979): action: 0x1, f=0x0, d=0, '86ecbb5', t=1 *(1.01)
02-03 21:38:33.468  1405 28166 D AudioFlinger: setParameters: filtered dev setParameters keyvalue screen_state=on
02-03 21:38:33.468  1206  2517 D audio_hw_primary: adev_set_parameters: enter: screen_state=on
02-03 21:38:33.468  1206  2517 V audio_hw_sec: sec_set_parameters: enter
02-03 21:38:33.468  1206  2517 D sound_trigger_hw: handle_screen_status_change: screen on
02-03 21:38:33.468  3474  3474 I HoneySpace.GestureInputHandler: reset
02-03 21:38:33.468  3474  3474 I HoneySpace.InputSession: close
02-03 21:38:33.468  1206  2517 D audio_hw_primary: adev_set_parameters: exit with code(0)
02-03 21:38:33.469  1206  1241 I Audio_a2dpsink_hw: adev_set_parameters: kevpairs=[screen_state=on]
02-03 21:38:33.469  2991  2991 D DisplayLifecycle: updateDisplay id = 0
02-03 21:38:33.470  2991  3068 I VRI[ShellDropTarget]@1cdbaf5: onDisplayChanged oldDisplayState=2 newDisplayState=2
02-03 21:38:33.470  2991  3068 I VRI[SplitDecorManager]@ca2ee62: onDisplayChanged oldDisplayState=2 newDisplayState=2
02-03 21:38:33.470  2991  3068 I VRI[SplitDecorManager]@2d19661: onDisplayChanged oldDisplayState=2 newDisplayState=2
02-03 21:38:33.470  1630  5994 D WifiDisplayAdapter: isFitToActiveDisplayLocked : false
02-03 21:38:33.470  2991  3126 D StackScroller: onDisplayChanged for predraw skip to 2
02-03 21:38:33.470 31979 31979 I VRI[MainActivity]@5832a1f: ViewPostIme pointer 1
02-03 21:38:33.471  2991  2991 I VRI[LockscreenShortcutBlur]@6238849: onDisplayChanged oldDisplayState=2 newDisplayState=2
02-03 21:38:33.471  1630  2114 D AdaptiveBrightnessLongtermModelBuilder: notifyBrightnessChanged(brightness=82.885002, userInitiated=false)
02-03 21:38:33.471  2991  2991 I VRI[NavigationBar0]@c1db22d: onDisplayChanged oldDisplayState=2 newDisplayState=2
02-03 21:38:33.471  2991  2991 I VRI[EdgeBackGestureHandler0]@5a548e3: onDisplayChanged oldDisplayState=2 newDisplayState=2
02-03 21:38:33.471  1630  2114 D DisplayPowerController2[0]: saveBrightnessInfo: brt:0.24705882 adjBrt:0.24705882 min:0.0 max:1.0 hbm:0 tp:1.0 throttler:0 isAnimating:true
02-03 21:38:33.471  2991  2991 I VRI[NotificationShade]@aaab015: onDisplayChanged oldDisplayState=2 newDisplayState=2
02-03 21:38:33.471  2991  2991 I VRI[StatusBar]@8e980d0: onDisplayChanged oldDisplayState=2 newDisplayState=2
02-03 21:38:33.471  1630  2114 V DisplayPowerController2[0]: Brightness [0.24705882] reason changing to: 'automatic', previous reason: 'automatic [ dim ]'.
02-03 21:38:33.471  2991  2991 I VRI[Bouncer]@a1623f9: onDisplayChanged oldDisplayState=2 newDisplayState=2
02-03 21:38:33.471  2991  2991 I VRI[SecondaryHomeHandle0]@df10a88: onDisplayChanged oldDisplayState=2 newDisplayState=2
02-03 21:38:33.471  2991  2991 I VRI[KeyguardBiometricToastView]@7c93875: onDisplayChanged oldDisplayState=2 newDisplayState=2
02-03 21:38:33.471  1630  2114 I DisplayPowerController2[0]: BrightnessEvent: disp=0, physDisp=local:4630947232161729155, displayState=ON, displayPolicy=BRIGHT, brt=0.24705882, initBrt=0.043137256, rcmdBrt=0.24705882, preBrt=NaN, lux=34.0, preLux=NaN, hbmMax=1.0, hbmMode=off, rbcStrength=-1, thrmMax=1.0, powerFactor=1.0, wasShortTermModelActive=false, flags=, reason=automatic, autoBrightness=true, strategy=InvalidBrightnessStrategy, autoBrightnessMode=default
02-03 21:38:33.472  3474  3474 I VRI[RecentsTransitionOverlay]@ea10469: onDisplayChanged oldDisplayState=2 newDisplayState=2
02-03 21:38:33.472  1630  2114 D DisplayPowerController2[1]: animateScreenStateChange: target=OFF, mIsEnabled=false
02-03 21:38:33.472  3474  3474 I VRI[LauncherActivity]@ea4152a: onDisplayChanged oldDisplayState=2 newDisplayState=2
02-03 21:38:33.472  3474  3474 I VRI[CocktailBarService]@fe8030d: onDisplayChanged oldDisplayState=2 newDisplayState=2
02-03 21:38:33.472  3474  3474 I VRI[TaskbarWindow]@498413e: onDisplayChanged oldDisplayState=2 newDisplayState=2
02-03 21:38:33.472  3474  3474 I VRI[RecentsActivity]@6199a4a: onDisplayChanged oldDisplayState=2 newDisplayState=2
02-03 21:38:33.472  1630  2114 I DisplayPowerController2[1]: BrightnessEvent: disp=1, physDisp=local:4630947232161729154, displayState=OFF, displayPolicy=BRIGHT, brt=0.0, initBrt=0.0, rcmdBrt=NaN, preBrt=NaN, lux=0.0, preLux=0.0, hbmMax=1.0, hbmMode=off, rbcStrength=-1, thrmMax=1.0, powerFactor=1.0, wasShortTermModelActive=false, flags=, reason=screen_off, autoBrightness=true, strategy=ScreenOffBrightnessStrategy, autoBrightnessMode=default
02-03 21:38:33.472  3474 31801 I HoneySpace.Memory-Monitor: current state = 2, didTrim = false
02-03 21:38:33.472  3474 31801 I HoneySpace.RefreshRateSource: singleFrameMs 8
02-03 21:38:33.473  1630  2114 D PowerManagerService: displayReady: true groupId=0
02-03 21:38:33.473  1630  2114 D BrightnessThermalClamper: Thermal status observer already started
02-03 21:38:33.474  1630  2061 D AdaptiveBrightnessLongtermModelBuilder: handleBrightnessChanged: brightness: 82.885 userInitiated: false
02-03 21:38:33.474  1630  2061 D AdaptiveBrightnessLongtermModelBuilder: updateAdaptiveBrightnessStats: l:34.0 b:82.885 u: false
02-03 21:38:33.474 31979 31979 D Compose Focus: Owner FocusChanged(true)
02-03 21:38:33.474  1630  2061 D AdaptiveBrightnessWeightStats: log: l:34.0 b:10.366 t:0.019 u:false 
02-03 21:38:33.474  1630  2061 D AdaptiveBrightnessWeightStats: updateTransientStats: 14.8 < 34.0 < 92.5  b:10.366 t:0.019s
02-03 21:38:33.474  1630  2061 D AdaptiveBrightnessWeightStats: updateTransientStats: b: 10.366 ambientLux:34.0 currentBucketLux:37.0 mBrightnessMapper: 82.98717
02-03 21:38:33.474  6909  6909 I VRI[MainActivity]@30c10b3: onDisplayChanged oldDisplayState=2 newDisplayState=2
02-03 21:38:33.474  1630  1951 I GestureDetector: obtain mCurrentMotionEventRaw. action: 1 id: -13676975
02-03 21:38:33.474  1630  1951 I GestureDetector: obtain mCurrentMotionEventRaw. action: 1 id: -13676975
02-03 21:38:33.475  1429  1459 I VSyncReactor: Current= 60, Period= 120, hwcPeriod= 120
02-03 21:38:33.477  1240  1240 I SehLight: sub_lcd : 20+
02-03 21:38:33.477  1630  1951 W LocalDisplayAdapter: Ignoring request for invalid base mode id 5
02-03 21:38:33.477  6139  6139 I SPenContext: virtual void SPen::Context::SetDisplayRefreshRate(float) framerate=120
02-03 21:38:33.477  6139  6139 I LatencyConfiguration: void SPen::LatencyConfiguration::UpdateRefreshRate(float) RefreshRate=120.000008
02-03 21:38:33.477  6139  6139 I LatencyConfiguration: void SPen::LatencyConfiguration::UpdateRefreshRate(float) RefreshRateCallback 0xb400007c408ced50
02-03 21:38:33.477  6139  6139 I PredictorBase: virtual void SPen::PredictorBase::SetRefreshRate(float) Refresh rate: 120.000
02-03 21:38:33.477  6139  6139 I spe_log : virtual void SPen::FbrDrawPad::SetRefreshRate(float) = 120.000
02-03 21:38:33.477  6139  6139 I spe_log : virtual void SPen::FbrDrawPad::SetRefreshRate(float) mFrameDurationNano=8333333, mDisplayRefreshDurationNano: 8333333
02-03 21:38:33.477  6139  6139 I spe_log : virtual void SPen::LowLatencyStrokeView::SetRefreshRate(float) refresh rate=120.000
02-03 21:38:33.478  1630  1955 D RefreshRateModeManager: updateDefaultDisplayToken: android.os.BinderProxy@99b4f37, isChanged: false
02-03 21:38:33.478 18854 18854 I VRI[HintService]@dfeec42: onDisplayChanged oldDisplayState=2 newDisplayState=2
02-03 21:38:33.478 22801 22801 I VRI[Settings]@c9346: onDisplayChanged oldDisplayState=2 newDisplayState=2
02-03 21:38:33.479  1630  1630 D BrightnessSynchronizer: onDisplayChanged() : displayId=0
02-03 21:38:33.479  1630  1630 D BrightnessSynchronizer: updateScreenBrightness: displayId=0 type=2 mPreferredSettingValue=0.24705882(63) currentBrightnessInt=63 currentBrightnessIntFromFloat=63(0.24705882)
02-03 21:38:33.479 22801 22801 I VRI[SubSettings]@dd1c099: onDisplayChanged oldDisplayState=2 newDisplayState=2
02-03 21:38:33.479 22801 22801 I VRI[SubSettings]@11d5252: onDisplayChanged oldDisplayState=2 newDisplayState=2
02-03 21:38:33.480  2991  2991 D SecBrightnessController: updateSlider() - BrightnessDialog resetTimer()
02-03 21:38:33.481  2991  2991 D SecBrightnessController: updateSlider() - BrightnessDialog resetTimer()
02-03 21:38:33.483  1403  1403 I SSC_DAEMON: physical_sensor_test_req_msg Sensor type :17, Msg type:11
02-03 21:38:33.483  1403  1403 I SSC_DAEMON: physical_sensor_test_req_msg Sensor type :21, Msg type:11
02-03 21:38:33.483  1429  1429 I SurfaceFlinger: [com.pricehunt/com.pricehunt.presentation.MainActivity$_31979#52215] setFrameRateCategory: HighHint
02-03 21:38:33.484  1403  2537 I SSC_DAEMON: voptic set cal: 0
02-03 21:38:33.484  1403  2537 I SSC_DAEMON: ddi_set_data 20
02-03 21:38:33.484  1429  1429 W ComposerExtn: DisplayExtnImpl::SetActiveConfig: HWC Display 3 is not registered!
02-03 21:38:33.485  1240  1240 I SehLight: sub_lcd : 20-
02-03 21:38:33.485 21273 21273 I VRI[InternalGoogleAppActivityEntrypoint]@e63bb3e: onDisplayChanged oldDisplayState=2 newDisplayState=2
02-03 21:38:33.485 21273 21273 I VRI[LauncherActivity]@66e68da: onDisplayChanged oldDisplayState=2 newDisplayState=2
02-03 21:38:33.486  1240  1240 I SehLight: sub_lcd : 24+
02-03 21:38:33.488  1403  1403 I SSC_DAEMON: physical_sensor_test_req_msg Sensor type :17, Msg type:11
02-03 21:38:33.488  1403  1403 I SSC_DAEMON: physical_sensor_test_req_msg Sensor type :21, Msg type:11
02-03 21:38:33.489  1240  1240 I SehLight: sub_lcd : 24-
02-03 21:38:33.489  1403  2537 I SSC_DAEMON: voptic set cal: 0
02-03 21:38:33.489  1403  2537 I SSC_DAEMON: ddi_set_data 24
02-03 21:38:33.492  1429  1429 W ComposerExtn: DisplayExtnImpl::SetActiveConfig: HWC Display 3 is not registered!
02-03 21:38:33.492  1240  1240 I SehLight: sub_lcd : 29+
02-03 21:38:33.493  1403  1403 I SSC_DAEMON: physical_sensor_test_req_msg Sensor type :17, Msg type:11
02-03 21:38:33.493  1403  1403 I SSC_DAEMON: physical_sensor_test_req_msg Sensor type :21, Msg type:11
02-03 21:38:33.494  1240  1240 I SehLight: sub_lcd : 29-
02-03 21:38:33.495  1403  2537 I SSC_DAEMON: voptic set cal: 0
02-03 21:38:33.495  1403  2537 I SSC_DAEMON: ddi_set_data 29
02-03 21:38:33.500  1240  1240 I SehLight: sub_lcd : 33+
02-03 21:38:33.502  1403  1403 I SSC_DAEMON: physical_sensor_test_req_msg Sensor type :17, Msg type:11
02-03 21:38:33.503  1403  1403 I SSC_DAEMON: physical_sensor_test_req_msg Sensor type :21, Msg type:11
02-03 21:38:33.503  1240  1240 I SehLight: sub_lcd : 33-
02-03 21:38:33.503  1403  2537 I SSC_DAEMON: voptic set cal: 0
02-03 21:38:33.504  1403  2537 I SSC_DAEMON: ddi_set_data 33
02-03 21:38:33.509  1240  1240 I SehLight: sub_lcd : 37+
02-03 21:38:33.510 31979 31979 D InputMethodManagerUtils: startInputInner - Id : 0
02-03 21:38:33.511 31979 31979 I InputMethodManager: startInputInner - IInputMethodManagerGlobalInvoker.startInputOrWindowGainedFocus
02-03 21:38:33.512 31979 31979 D InputMethodManagerUtils: startInputInner - Id : 0
02-03 21:38:33.513 31979 31979 I InputMethodManager: startInputInner - IInputMethodManagerGlobalInvoker.startInputOrWindowGainedFocus
02-03 21:38:33.513  1403  1403 I SSC_DAEMON: physical_sensor_test_req_msg Sensor type :17, Msg type:11
02-03 21:38:33.513  1630  2675 V InputMethodManagerService: startInputOrWindowGainedFocusInternalLocked: reason=CHECK_FOCUS clientState=3381aae editorInfo=android.view.inputmethod.EditorInfo@a5948cd startInputFlags=VIEW_HAS_FOCUS|IS_TEXT_EDITOR|INITIAL_CONNECTION softInputMode=STATE_UNSPECIFIED|ADJUST_PAN windowFlags=#81810100 sameWindowFocused=true
02-03 21:38:33.513 31979 31979 D InsetsController: show(ime(), fromIme=false)
02-03 21:38:33.513  1630  2675 D InputMethodManagerService: setWindowStateInner, windowToken=android.os.BinderProxy@fa2bec, state=ImeTargetWindowState{ imeToken null imeFocusChanged false hasEditorFocused true requestedImeVisible false imeDisplayId 0 softInputModeState STATE_UNSPECIFIED|ADJUST_PAN isStartInputByGainFocus false}
02-03 21:38:33.513  1630  2675 D InputMethodManagerService: DESKTOP MODE! : 2
02-03 21:38:33.513  1630  2675 D InputMethodManagerService: NOT IN KNOX DESKTOP MODE!
02-03 21:38:33.513  1630  2675 V InputMethodManagerService: semComputeImeDisplayIdForTarget: displayId=0
02-03 21:38:33.514  1630  2675 D InputMethodManagerService: isImeSwitcherDisabledPackage : false
02-03 21:38:33.514  1403  1403 I SSC_DAEMON: physical_sensor_test_req_msg Sensor type :21, Msg type:11
02-03 21:38:33.514  1630  2675 D InputMethodManagerService: checkDisplayOfStartInputAndUpdateKeyboard: displayId=0, mFocusedDisplayId=0
02-03 21:38:33.514  1630  2675 D InputTransport: Input channel constructed: 'ClientS', fd=958
02-03 21:38:33.514  1403  2537 I SSC_DAEMON: voptic set cal: 0
02-03 21:38:33.515  5872  5872 I HBD     : HoneyBoardService onFinishInput 
02-03 21:38:33.515  5872  5872 I HBD     : a IC have been unbinding,  RemoteInputConnection{idHash=#b4be159}
02-03 21:38:33.515  5872  5872 I HBD     : HoneyBoardService [PF_CL][onFinishInput]  0 ms 
02-03 21:38:33.515  1630  2675 D InputTransport: Input channel destroyed: 'ClientS', fd=958
02-03 21:38:33.515  5872  5872 I HBD     : HoneyBoardService [IMI] onStartInput - caller pid : 31979 , caller uid : 10418 
02-03 21:38:33.515  5872  5872 I HBD     : t updateConfigs 
02-03 21:38:33.515 31979 31996 D InputTransport: Input channel constructed: 'ClientS', fd=154
02-03 21:38:33.515  1403  2537 I SSC_DAEMON: ddi_set_data 37
02-03 21:38:33.515  5872  5872 I HBD     : t isEnabledNightMode : true 
02-03 21:38:33.515  5872  5872 I HBD     : a IC have been binding, RemoteInputConnection{idHash=#794a67e} 
02-03 21:38:33.515  5872  5872 I HBD     : g [EditorInputType]setPrivateImeOptionsToTable privateImeOptions ( null )
02-03 21:38:33.515  1240  1240 I SehLight: sub_lcd : 37-
02-03 21:38:33.516  1630  2675 V InputMethodManagerService: startInputOrWindowGainedFocusInternalLocked: reason=APP_CALLED_RESTART_INPUT_API clientState=3381aae editorInfo=android.view.inputmethod.EditorInfo@4004493 startInputFlags=VIEW_HAS_FOCUS|IS_TEXT_EDITOR softInputMode=STATE_UNSPECIFIED|ADJUST_PAN windowFlags=#81810100 sameWindowFocused=true
02-03 21:38:33.516  1630  2675 D InputMethodManagerService: setWindowStateInner, windowToken=android.os.BinderProxy@fa2bec, state=ImeTargetWindowState{ imeToken null imeFocusChanged false hasEditorFocused true requestedImeVisible false imeDisplayId 0 softInputModeState STATE_UNSPECIFIED|ADJUST_PAN isStartInputByGainFocus false}
02-03 21:38:33.516  1630  2675 D InputMethodManagerService: DESKTOP MODE! : 2
02-03 21:38:33.516  1630  2675 D InputMethodManagerService: NOT IN KNOX DESKTOP MODE!
02-03 21:38:33.516  1630  2675 V InputMethodManagerService: semComputeImeDisplayIdForTarget: displayId=0
02-03 21:38:33.517  1630  2675 D InputMethodManagerService: isImeSwitcherDisabledPackage : false
02-03 21:38:33.517  1630  2675 D InputMethodManagerService: checkDisplayOfStartInputAndUpdateKeyboard: displayId=0, mFocusedDisplayId=0
02-03 21:38:33.517  5872  5872 I HBD     : b incognitoMode : false 
02-03 21:38:33.517  1630  2675 D InputTransport: Input channel constructed: 'ClientS', fd=958
02-03 21:38:33.517  5872  5872 I HBD     : b [CPS]isPredictionOnByLanguage :false, isForceOff : false, isPredictionOn : true , isOnPref : true 
02-03 21:38:33.517  5872  5872 I HBD     : g getDefaultInputRange : UNKNOWN 
02-03 21:38:33.517  5872  5872 I HBD     : g getDefaultInputRange : UNKNOWN 
02-03 21:38:33.517  5872  5872 I HBD     : g getDefaultInputRange : UNKNOWN 
02-03 21:38:33.517  1630  2675 D InputTransport: Input channel destroyed: 'ClientS', fd=958
02-03 21:38:33.518 31979 31996 D InputTransport: Input channel constructed: 'ClientS', fd=161
02-03 21:38:33.518  1240  1240 I SehLight: sub_lcd : 41+
02-03 21:38:33.518  5872  5872 I HBD     : b update cached prediction status : true 
02-03 21:38:33.518  5872  5872 I HBD     : g getDefaultInputRange : UNKNOWN 
02-03 21:38:33.518  5872  5872 I HBD     : a currentState : 4 
02-03 21:38:33.518  5872  5872 I HBD     : g isCoverDisplay : true, cached selected json info : SelectedLanguageInfo(languageVersion=4.1, currentLanguageOrder=0, selectedLanguageList=[SelectedLanguage(id=65555, isUsed=true, engName=English(India), inputType=qwerty, activeOptionList=[auto_spacing], bilingualId=-1, isUsedBilingual=false)]) 
02-03 21:38:33.518  5872  5872 I HBD     : a [UpdatePolicy] [post] a: 0 cl: 65555 kit: [0/0] vt: 0 ir: 1 
02-03 21:38:33.519 31979 31979 I ImeTracker: com.pricehunt:3b0f5a9e: onRequestShow at ORIGIN_CLIENT reason SHOW_SOFT_INPUT_BY_INSETS_API fromUser false
02-03 21:38:33.520  1403  1403 I SSC_DAEMON: physical_sensor_test_req_msg Sensor type :17, Msg type:11
02-03 21:38:33.520 31979 31979 I InsetsController: setRequestedVisibleTypes: visible=true, mask=ime, host=com.pricehunt/com.pricehunt.presentation.MainActivity, from=android.view.InsetsController.controlAnimationUnchecked:1498 android.view.InsetsController.applyAnimation:2228 android.view.InsetsController.applyAnimation:2159 android.view.InsetsController.show:1340 android.view.InsetsController.show:1255 androidx.compose.ui.platform.coreshims.SoftwareKeyboardControllerCompat$Impl30.show:193 androidx.compose.ui.platform.coreshims.SoftwareKeyboardControllerCompat.show:71 androidx.compose.ui.text.input.InputMethodManagerImpl.showSoftInput:68 androidx.compose.ui.text.input.TextInputServiceAndroid.setKeyboardVisibleImmediately:403 androidx.compose.ui.text.input.TextInputServiceAndroid.processInputCommands:310 
02-03 21:38:33.520 31979 31979 I InputMethodManager_LC: ris()
02-03 21:38:33.520  1403  1403 I SSC_DAEMON: physical_sensor_test_req_msg Sensor type :21, Msg type:11
02-03 21:38:33.521 31979 31979 I InputMethodManager_LC: ssi(): flags=0 view=com.pricehunt reason=SHOW_SOFT_INPUT_BY_INSETS_API
02-03 21:38:33.521  1240  1240 I SehLight: sub_lcd : 41-
02-03 21:38:33.521 31979 31979 I InputMethodManager_LC: ssi() view is not EditText
02-03 21:38:33.521 31979 31979 D InputMethodManager: showSoftInput() view=androidx.compose.ui.platform.AndroidComposeView{1ea5521 VFED..... .F....ID 0,0-840,2289 aid=1073741824} flags=0 reason=SHOW_SOFT_INPUT_BY_INSETS_API
02-03 21:38:33.521  1630  2675 V InputMethodManagerService: Client requesting input be shown, flags : 0
02-03 21:38:33.521  1630  2675 D InputMethodManagerService: ACCESS_CONTROL_ENABLED = false, ACCESS_CONTROL_KEYBOARD_BLOCK = true
02-03 21:38:33.522  1630  2675 D InputMethodManagerService: setWindowStateInner, windowToken=android.os.BinderProxy@fa2bec, state=ImeTargetWindowState{ imeToken android.os.Binder@95797ce imeFocusChanged false hasEditorFocused true requestedImeVisible true imeDisplayId 0 softInputModeState STATE_UNSPECIFIED|ADJUST_PAN isStartInputByGainFocus false}
02-03 21:38:33.522  1403  2537 I SSC_DAEMON: voptic set cal: 0
02-03 21:38:33.522  1403  2537 I SSC_DAEMON: ddi_set_data 41
02-03 21:38:33.523  1630  2675 D InputMethodBindingController: bindCurrentInputMethodService: caller=com.android.server.inputmethod.InputMethodBindingController.bindCurrentInputMethodService:20 com.android.server.inputmethod.InputMethodManagerService.showCurrentInputLocked:130 com.android.server.inputmethod.InputMethodManagerService.showSoftInput:150 com.android.server.inputmethod.ZeroJankProxy$$ExternalSyntheticLambda11.get:24 java.util.concurrent.CompletableFuture$AsyncSupply.run:1744 com.android.server.inputmethod.ZeroJankProxy$$ExternalSyntheticLambda13.run:12 android.os.Handler.handleCallback:959 android.os.Handler.dispatchMessage:100 android.os.Looper.loopOnce:257 android.os.Looper.loop:342 
02-03 21:38:33.526  1240  1240 I SehLight: sub_lcd : 46+
02-03 21:38:33.526  1630  2675 I ActivityManager: Changes in 10205 7 to 5, 0 to 127
02-03 21:38:33.526  1630  9892 I PerProcessNandswap$NandswapMsgHandler: madvise_prefetch for com.samsung.android.intellivoiceservice:asr
02-03 21:38:33.526  1630  2675 I ActivityManager: Changes in 10116 7 to 5, 0 to 56
02-03 21:38:33.527  1700 17886 I CameraService: onUidStateChanged: uid=10205, procState is changed. (7 -> 5)
02-03 21:38:33.528 25715 25738 I dyom    : (REDACTED) appOpsListener %s %s
02-03 21:38:33.528 25715 25738 I dyom    : (REDACTED) Ignoring irrelevant audio permission changes for package %s
02-03 21:38:33.528 25715 25738 I dyom    : (REDACTED) appOpsListener %s %s
02-03 21:38:33.528 25715 25738 I dyom    : (REDACTED) Ignoring irrelevant audio permission changes for package %s
02-03 21:38:33.529  1630  2675 V InputMethodManagerService: Calling com.android.server.inputmethod.IInputMethodInvoker@cb8dc71.showSoftInput(android.os.BinderProxy@fa2bec, 1, null) for reason: SHOW_SOFT_INPUT_BY_INSETS_API
02-03 21:38:33.530 31979 31979 I InsetsController: setRequestedVisibleTypes: visible=false, mask=ime, host=com.pricehunt/com.pricehunt.presentation.MainActivity, from=android.view.InsetsController.controlAnimationUncheckedInner:1633 android.view.InsetsController.controlAnimationUnchecked:1502 android.view.InsetsController.applyAnimation:2228 android.view.InsetsController.applyAnimation:2159 android.view.InsetsController.show:1340 android.view.InsetsController.show:1255 androidx.compose.ui.platform.coreshims.SoftwareKeyboardControllerCompat$Impl30.show:193 androidx.compose.ui.platform.coreshims.SoftwareKeyboardControllerCompat.show:71 androidx.compose.ui.text.input.InputMethodManagerImpl.showSoftInput:68 androidx.compose.ui.text.input.TextInputServiceAndroid.setKeyboardVisibleImmediately:403 
02-03 21:38:33.534  1403  1403 I SSC_DAEMON: physical_sensor_test_req_msg Sensor type :17, Msg type:11
02-03 21:38:33.535  1403  1403 I SSC_DAEMON: physical_sensor_test_req_msg Sensor type :21, Msg type:11
02-03 21:38:33.535  1403  2537 I SSC_DAEMON: voptic set cal: 0
02-03 21:38:33.536  1403  2537 I SSC_DAEMON: ddi_set_data 46
02-03 21:38:33.536  1240  1240 I SehLight: sub_lcd : 46-
02-03 21:38:33.537  1240  1240 I SehLight: sub_lcd : 50+
02-03 21:38:33.542 31979 31979 I VRI[MainActivity]@5832a1f: onDisplayChanged oldDisplayState=2 newDisplayState=2
02-03 21:38:33.543  1403  1403 I SSC_DAEMON: physical_sensor_test_req_msg Sensor type :17, Msg type:11
02-03 21:38:33.543  1403  1403 I SSC_DAEMON: physical_sensor_test_req_msg Sensor type :21, Msg type:11
02-03 21:38:33.544  1403  2537 I SSC_DAEMON: voptic set cal: 0
02-03 21:38:33.544  1403  2537 I SSC_DAEMON: ddi_set_data 50
02-03 21:38:33.545  1240  1240 I SehLight: sub_lcd : 50-
02-03 21:38:33.546  1240  1240 I SehLight: sub_lcd : 54+
02-03 21:38:33.551  1630  3112 D InputDispatcher: Inject key (5107/2000): action=0, f=0x0, d=-1, time=152015655466331
02-03 21:38:33.552  1403  1403 I SSC_DAEMON: physical_sensor_test_req_msg Sensor type :17, Msg type:11
02-03 21:38:33.552  1429  1429 W Layer   : gatherBufferInfo: Received unknown dataspace from gralloc
02-03 21:38:33.552  1403  1403 I SSC_DAEMON: physical_sensor_test_req_msg Sensor type :21, Msg type:11
02-03 21:38:33.553  1403  2537 I SSC_DAEMON: voptic set cal: 0
02-03 21:38:33.553  1403  2537 I SSC_DAEMON: ddi_set_data 54
02-03 21:38:33.553  1630  3112 D SingleKeyGesture: interceptKeyDown, info : KeyCode=KEYCODE_UNKNOWN, size=0
02-03 21:38:33.553  1630  3112 D WindowManager: interceptKeyTq interceptKeyResult=1
02-03 21:38:33.554  1240  1240 I SehLight: sub_lcd : 54-
02-03 21:38:33.554  1240  1240 I SehLight: sub_lcd : 58+
02-03 21:38:33.555  1630  2660 I InputDispatcher: Delivering key to (31979): action: 0x0 (0), f=0x0, m=0x0, d=0, '86ecbb5'
02-03 21:38:33.556  6137  6137 I SemDvfsHyPerManager: acquire hyper - TABoost/6137@20, type = -999
02-03 21:38:33.556  1237  1371 I HYPER-HAL: [RequestManager.cpp]releaseLocked(): Released ID : 18957423
02-03 21:38:33.556  1237  1371 I HYPER-HAL: [RequestManager.cpp]acquire(): Acquired ID : 18957423  [6137 / 20]    HINT :      list : [TABoost / 1] [TIMEOUT / 1500] 
02-03 21:38:33.561 31979 31979 W RemoteInputConnectionImpl: getExtractedText on inactive InputConnection
02-03 21:38:33.561  1403  1403 I SSC_DAEMON: physical_sensor_test_req_msg Sensor type :17, Msg type:11
02-03 21:38:33.561  1403  1403 I SSC_DAEMON: physical_sensor_test_req_msg Sensor type :21, Msg type:11
02-03 21:38:33.561  5872  5872 I HBD     : a [NRIC] resetNoResponseState 
02-03 21:38:33.561  5872  5872 I HBD     : b update cached prediction status : true 
02-03 21:38:33.561  5872  5872 I HBD     : c [AiWriter] setContact : com.pricehunt
02-03 21:38:33.561  5872  5872 I HBD     : HoneyBoardService [PF_OP][onStartInput]  46 ms 
02-03 21:38:33.561  1240  1240 I SehLight: sub_lcd : 58-
02-03 21:38:33.562  1240  1240 I SehLight: sub_lcd : 63+
02-03 21:38:33.563  1403  2537 I SSC_DAEMON: voptic set cal: 0
02-03 21:38:33.563  1403  2537 I SSC_DAEMON: ddi_set_data 58
02-03 21:38:33.565  1403  1403 I SSC_DAEMON: physical_sensor_test_req_msg Sensor type :17, Msg type:11
02-03 21:38:33.565  1403  1403 I SSC_DAEMON: physical_sensor_test_req_msg Sensor type :21, Msg type:11
02-03 21:38:33.566  1240  1240 I SehLight: sub_lcd : 63-
02-03 21:38:33.566  5872  5872 I HBD     : e resetMotionDetector: reason=onKeyDown 
02-03 21:38:33.566  5872  5872 I HBD     : c skip onKeyDown as physical keyboard not connected 
02-03 21:38:33.566  1403  2537 I SSC_DAEMON: voptic set cal: 0
02-03 21:38:33.566  1403  2537 I SSC_DAEMON: ddi_set_data 63
02-03 21:38:33.567  1630  2114 D DisplayPowerController2[0]: animateScreenStateChange: target=ON, mIsEnabled=true
02-03 21:38:33.567  1630  2114 D DisplayPowerController2[0]: saveBrightnessInfo: brt:0.24705882 adjBrt:0.24705882 min:0.0 max:1.0 hbm:0 tp:1.0 throttler:0 isAnimating:false
02-03 21:38:33.568  1630  1630 D BrightnessSynchronizer: onDisplayChanged() : displayId=0
02-03 21:38:33.568  1630  1630 D BrightnessSynchronizer: updateScreenBrightness: displayId=0 type=2 mPreferredSettingValue=0.24705882(63) currentBrightnessInt=63 currentBrightnessIntFromFloat=63(0.24705882)
02-03 21:38:33.569  2991  2991 D SecBrightnessController: updateSlider() - BrightnessDialog resetTimer()
02-03 21:38:33.569  2991  2991 D SecBrightnessController: updateSlider() - BrightnessDialog resetTimer()
02-03 21:38:33.572  5872  5872 I HBD     : HoneyBoardService onKeyDown r:c09c0269 consumed:false 10 
02-03 21:38:33.572  5872  5872 I HBD     : HoneyBoardService [IMI] onStartInput - caller pid : 31979 , caller uid : 10418 
02-03 21:38:33.572  5872  5872 I HBD     : t updateConfigs 
02-03 21:38:33.572  5872  5872 I HBD     : t isEnabledNightMode : true 
02-03 21:38:33.572  5872  5872 I HBD     : a IC have been binding, RemoteInputConnection{idHash=#87977df} 
02-03 21:38:33.572  5872  5872 I HBD     : g [EditorInputType]setPrivateImeOptionsToTable privateImeOptions ( null )
02-03 21:38:33.572  5872  5872 I HBD     : b incognitoMode : false 
02-03 21:38:33.572  5872  5872 I HBD     : g getDefaultInputRange : UNKNOWN 
02-03 21:38:33.572  5872  5872 I HBD     : g getDefaultInputRange : UNKNOWN 
02-03 21:38:33.572  5872  5872 I HBD     : g getDefaultInputRange : UNKNOWN 
02-03 21:38:33.573  5872  5872 I HBD     : b update cached prediction status : true 
02-03 21:38:33.573  5872  5872 I HBD     : g getDefaultInputRange : UNKNOWN 
02-03 21:38:33.573  5872  5872 I HBD     : a currentState : 4 
02-03 21:38:33.574  5872  5872 I HBD     : g isCoverDisplay : true, cached selected json info : SelectedLanguageInfo(languageVersion=4.1, currentLanguageOrder=0, selectedLanguageList=[SelectedLanguage(id=65555, isUsed=true, engName=English(India), inputType=qwerty, activeOptionList=[auto_spacing], bilingualId=-1, isUsedBilingual=false)]) 
02-03 21:38:33.574  5872  5872 I HBD     : a [UpdatePolicy] [post] a: 0 cl: 65555 kit: [0/0] vt: 0 ir: 1 
02-03 21:38:33.579 31979 31979 I VRI[MainActivity]@5832a1f: setInTouchMode(false), android.view.ViewRootImpl.checkForLeavingTouchModeAndConsume:10685 android.view.ViewRootImpl.-$$Nest$mcheckForLeavingTouchModeAndConsume:0 android.view.ViewRootImpl$EarlyPostImeInputStage.processKeyEvent:9134 android.view.ViewRootImpl$EarlyPostImeInputStage.onProcess:9118 android.view.ViewRootImpl$InputStage.deliver:8590 android.view.ViewRootImpl$InputStage.onDeliverToNext:8647 android.view.ViewRootImpl$InputStage.forward:8613 android.view.ViewRootImpl$AsyncInputStage.forward:8846 android.view.ViewRootImpl$ImeInputStage.onFinishedInputEvent:9103 android.view.inputmethod.InputMethodManager$PendingEvent.run:5181 
02-03 21:38:33.580  6716 12947 I ObjectPool@9791306: Ph_[checker Pool remains: , 9, ] [pool-94-thread-1] 
02-03 21:38:33.585  1429  1429 W Layer   : gatherBufferInfo: Received unknown dataspace from gralloc
02-03 21:38:33.587 31979 31979 I VRI[MainActivity]@5832a1f: ViewPostIme key 0
02-03 21:38:33.589  1630  3112 D InputDispatcher: Inject key (5107/2000): action=1, f=0x0, d=-1, time=152015655466331
02-03 21:38:33.589  1630  3112 D WindowManager: interceptKeyTq interceptKeyResult=1
02-03 21:38:33.592  1630  2660 I InputDispatcher: Delivering key to (31979): action: 0x1 (0), f=0x0, m=0x0, d=0, '86ecbb5'
02-03 21:38:33.602  1429  1429 W Layer   : gatherBufferInfo: Received unknown dataspace from gralloc
02-03 21:38:33.602  1429  1429 W Layer   : gatherBufferInfo: Received unknown dataspace from gralloc
02-03 21:38:33.603  1429  1429 W ComposerExtn: DisplayExtnImpl::SetActiveConfig: HWC Display 3 is not registered!
02-03 21:38:33.612  1429  1429 W Layer   : gatherBufferInfo: Received unknown dataspace from gralloc
02-03 21:38:33.618  1429  1429 W Layer   : gatherBufferInfo: Received unknown dataspace from gralloc
02-03 21:38:33.626  1429  1429 W Layer   : gatherBufferInfo: Received unknown dataspace from gralloc
02-03 21:38:33.635  1429  1429 W Layer   : gatherBufferInfo: Received unknown dataspace from gralloc
02-03 21:38:33.643  1429  1429 W Layer   : gatherBufferInfo: Received unknown dataspace from gralloc
02-03 21:38:33.651  1429  1429 W Layer   : gatherBufferInfo: Received unknown dataspace from gralloc
02-03 21:38:33.660  1429  1429 W Layer   : gatherBufferInfo: Received unknown dataspace from gralloc
02-03 21:38:33.666  5872  5872 I HBD     : a [NRIC] resetNoResponseState 
02-03 21:38:33.666  5872  5872 I HBD     : b update cached prediction status : true 
02-03 21:38:33.668  5872  5872 I HBD     : HoneyBoardService [PF_OP][onStartInput]  96 ms 
02-03 21:38:33.668  5872  5872 I HBD     : HoneyBoardService onKeyUp r:53246331 consumed:false 0 
02-03 21:38:33.669  1429  1429 W Layer   : gatherBufferInfo: Received unknown dataspace from gralloc
02-03 21:38:33.669  1429  1429 W Layer   : gatherBufferInfo: Received unknown dataspace from gralloc
02-03 21:38:33.670 31979 31979 I VRI[MainActivity]@5832a1f: ViewPostIme key 1
02-03 21:38:33.671  1630  3112 D InputDispatcher: Inject key (5107/2000): action=0, f=0x0, d=-1, time=152015655466331
02-03 21:38:33.671  5872  5872 I HBD     : c showInputView requested current = true, applyNow = true 
02-03 21:38:33.671  5872  5872 I InputMethod: showSoftInput(): flags=1
02-03 21:38:33.671  1630  3112 D SingleKeyGesture: interceptKeyDown, info : KeyCode=KEYCODE_UNKNOWN, size=0
02-03 21:38:33.671  1630  3112 D WindowManager: interceptKeyTq interceptKeyResult=1
02-03 21:38:33.672  1630  2680 I InputMethodManagerService: isAccessoryKeyboard 0
02-03 21:38:33.672  5872  5872 I HBD     : HoneyBoardService onEvaluateInputViewShown: true 
02-03 21:38:33.673  1630  2660 I InputDispatcher: Delivering key to (31979): action: 0x0 (0), f=0x0, m=0x0, d=0, '86ecbb5'
02-03 21:38:33.674  1630  2680 I InputMethodManagerService: isAccessoryKeyboard 0
02-03 21:38:33.674  5872  5872 I HBD     : HoneyBoardService onEvaluateInputViewShown: true 
02-03 21:38:33.674  5872  5872 I HBD     : HoneyBoardService onStartInputView : restarting=false, client=com.pricehunt, pid=31979 
02-03 21:38:33.675  5872  7125 I SemDvfsHyPerManager: acquire hyper - SKBD_RE_ENTER_SHOW/5872@1, type = -999
02-03 21:38:33.675  5872  5872 I HBD     : g [EditorInputType]setPrivateImeOptionsToTable privateImeOptions ( null )
02-03 21:38:33.676  5872  5872 I HBD     : b incognitoMode : false 
02-03 21:38:33.676  5872  5872 I HBD     : g getDefaultInputRange : UNKNOWN 
02-03 21:38:33.676  5872  5872 I HBD     : g getDefaultInputRange : UNKNOWN 
02-03 21:38:33.676  5872  5872 I HBD     : g getDefaultInputRange : UNKNOWN 
02-03 21:38:33.676  5872  5872 I HBD     : HoneyBoardService onStartInputViewInternal: inputType=0x8001, imeOptions=0x2000003, initialSelStart=0, initialSelEnd=0 
02-03 21:38:33.676  1237  1371 I HYPER-HAL: [RequestManager.cpp]acquire(): Acquired ID : 17249002  [5872 / 1]    HINT : KBD_APP_RE_ENTER_VIEW    list : [TIMEOUT / 400] 
02-03 21:38:33.676  5872  5872 I HBD     : e applyThemesPolicy 
02-03 21:38:33.676  1237  1371 I HYPER-HAL: [ResourceManager.cpp]updateResource(): [CPUMinFreq] UpdateResource Request ID : 17249002    Value : 2265600
02-03 21:38:33.677  1429  1429 W Layer   : gatherBufferInfo: Received unknown dataspace from gralloc
02-03 21:38:33.678  5872  5872 I HBD     : d mIsGalaxyTheme = false mIsDexDesktopDisplay : false IsRequiredDarkTypeTheme = true night mode : true mIsEnabledHighContrast = false mIsOpenThemeForHoneyBoardInstalled = false mIsWallpaperThemeInstalled = false mIsThemeParkTheme = false
02-03 21:38:33.678  5872  5872 I HBD     : a theme : Dark mode and no theme park 
02-03 21:38:33.678  5872  5872 I HBD     : e required dark type theme, isCoverDisplayTheme :  false
02-03 21:38:33.679  5872  5872 I HBD     : e update KeyboardTheme themeIndex : 0x 12000000  theme :  Dark
02-03 21:38:33.679  5872  5872 I HBD     : a set Theme convertedIndex : 4 
02-03 21:38:33.680  5872  5872 I HBD     : a onThemeChanged: currTheme = 4, nextTheme = 4 
02-03 21:38:33.681  5872  5872 I HBD     : e onUpdate: mThemeStyle = 4 
02-03 21:38:33.682  5872  5872 I HBD     : b updatePredictionStatus : 1, editorOpt 
02-03 21:38:33.682  5872  5872 I HBD     : b updateForEditorClass isPredictionOn = true 
02-03 21:38:33.685  5872  7178 I HBD     : E EBD tb start :1 
02-03 21:38:33.685  1429  1429 W Layer   : gatherBufferInfo: Received unknown dataspace from gralloc
02-03 21:38:33.686  1429  1429 W Layer   : gatherBufferInfo: Received unknown dataspace from gralloc
02-03 21:38:33.687  5872  7178 I HBD     : h [SKE_LM] enable notTaggedWith:emoji
02-03 21:38:33.700  5872  7178 I HBD     : h [SKE_LM] enable notTaggedWith:emoji, zh, yue_HK, nan_TW
02-03 21:38:33.700  5872  7178 I HBD     : E EBD tb end :1 
02-03 21:38:33.702  1429  1429 W Layer   : gatherBufferInfo: Received unknown dataspace from gralloc
02-03 21:38:33.710  1429  1429 W Layer   : gatherBufferInfo: Received unknown dataspace from gralloc
02-03 21:38:33.712  5872  5872 I HBD     : C [EmojiCandidate] getEmoji from EmojiCore-[0]
02-03 21:38:33.712  5872  5872 I HBD     : Z [SCV] (9) 4 3 10 5 5 7 3 7 1 
02-03 21:38:33.714  5872  5872 I HBD     : E EBD ssu f 1 
02-03 21:38:33.714  5872  5872 I HBD     : a [UpdatePolicy] [post] a: 1 cl: 65555 kit: [0/0] vt: 0 ir: 1 
02-03 21:38:33.715  1630  3143 D KNOX_MDM_SettingsProvider: isChangeAllowed() : name = enabled_input_methods
02-03 21:38:33.715  1630  3143 D KNOX_MDM_SettingsProvider: edmUri: content://com.sec.knox.provider/RestrictionPolicy3
02-03 21:38:33.715  1630  3143 D KNOX_MDM_SettingsProvider: projectionArgs: isSettingsChangesAllowed
02-03 21:38:33.715  1630  3143 D KNOX_MDM_SettingsProvider: selectionArgs: false
02-03 21:38:33.715  1630  3143 D KNOX_MDM_SettingsProvider: selectionArgs: 10205
02-03 21:38:33.715  1630  3143 D SecContentProvider: query(), uri = 17 selection = isSettingsChangesAllowed
02-03 21:38:33.715  1630  3143 D SecContentProvider: called from android.uid.honeyboard:10205
02-03 21:38:33.715  1630  3143 D RestrictionPolicy: isSettingsChangesAllowedAsUser, userId 0 : true
02-03 21:38:33.715  1630  3143 D KNOX_MDM_SettingsProvider: ret = 1
02-03 21:38:33.715  1630  3143 D KNOX_MDM_SettingsProvider: isChangeAllowed() : name = default_input_method
02-03 21:38:33.715  1630  3143 D KNOX_MDM_SettingsProvider: edmUri: content://com.sec.knox.provider/RestrictionPolicy3
02-03 21:38:33.715  1630  3143 D KNOX_MDM_SettingsProvider: projectionArgs: isSettingsChangesAllowed
02-03 21:38:33.715  1630  3143 D KNOX_MDM_SettingsProvider: selectionArgs: false
02-03 21:38:33.715  1630  3143 D KNOX_MDM_SettingsProvider: selectionArgs: 10205
02-03 21:38:33.715  1630  3143 D SecContentProvider: query(), uri = 17 selection = isSettingsChangesAllowed
02-03 21:38:33.715  1630  3143 D SecContentProvider: called from android.uid.honeyboard:10205
02-03 21:38:33.715  1630  3143 D RestrictionPolicy: isSettingsChangesAllowedAsUser, userId 0 : true
02-03 21:38:33.715  1630  3143 D KNOX_MDM_SettingsProvider: ret = 1
02-03 21:38:33.716  5872  8862 I HBD     : p updated Sub Types. English(India) 
02-03 21:38:33.716  5872  5119 I HBD     : a InputMethodSubtype is set as local:en_IN 
02-03 21:38:33.717  1630  1630 I InputMethodManagerService: subtype state: oldSubtype = android.view.inputmethod.InputMethodSubtype@10013 newSubtype = android.view.inputmethod.InputMethodSubtype@10013 force = false, intent received : false
02-03 21:38:33.718  5872  5872 I HBD     : b update cached prediction status : true 
02-03 21:38:33.719  1429  1429 W Layer   : gatherBufferInfo: Received unknown dataspace from gralloc
02-03 21:38:33.721  5872  5872 I HBD     : e [SKE_TAM] Changed false
02-03 21:38:33.721  5872  5872 I HBD     : b update cached prediction status : true 
02-03 21:38:33.722  5872  5872 I HBD     : a updateMultiTapTimeValue 
02-03 21:38:33.722  5872  5872 I HBD     : a getMultiTapTimeoutValue 
02-03 21:38:33.722  5872  5122 I HBD     : a [HBIC] requestCursorUpdates 2 
02-03 21:38:33.722 31979 31979 W RecordingIC: requestCursorUpdates is not supported
02-03 21:38:33.722  5872  5122 I HBD     : b requestCursorUpdates returned  false ,  0
02-03 21:38:33.727  1429  1429 W Layer   : gatherBufferInfo: Received unknown dataspace from gralloc
02-03 21:38:33.731  5872  5872 I HBD     : a getSingleVowelMultiTapTimeoutValue 
02-03 21:38:33.731  5872  5120 I HBD     : a refresh(), mParameterMode,  0
02-03 21:38:33.731  5872  5120 I HBD     : a [AiWriter] setContact : com.pricehunt
02-03 21:38:33.737  5872  5872 I HBD     : a onBind 
02-03 21:38:33.737  5872  5872 I HBD     : b updateConfig: [LanguageItem] English(India) / [KeyboardViewTypeItem] 0 / [KeyboardInputTypeItem] mainType(0), subType(0) / [CurrentLanguageInputTypeItem] mainType(0), subType(0) / [KeyboardInputRangeItem] 1 / [SelectedLanguageItem] 1 / [TextOrNullInputClassItem] true / [NumberKeyFirstLineItem] true / [SpaceRowStyleCmItem] true / [SpaceRowStylePeriodItem] true / [SpaceRowStyleEmailURLPeriodItem] true /  
02-03 21:38:33.737  5872  5872 I HBD     : b updateConfig: [SpaceRowStyleEmailURLDotComItem] true / [SpaceRowStyleEmailURLPeriodItem] true / [SpaceRowStyleJapaneseArrowItem] true / [SpaceRowStyleJapanesePeriodItem] true / [TouchAndHoldSpaceBarTypeItem] cursor_control / [UseContinuousInputItem] true / [UseToolBarItem] true / [VoiceInputTypeItem] 1 / [DensityItem] 2.625 / [DisplayWidthItem] 840 / [DisplayHeightItem] 2289 /  
02-03 21:38:33.738  5872  5872 I HBD     : b updateConfig: [MainTextLabelItem] 1 / [LanguageSwitchingUsingKeyItem] true / [CoverDisplayModeItem] true / [VoiceEnabledItem] true / [PredictionStatusItem] true / [EditorEnterActionItem] -1 /  
02-03 21:38:33.738  5872  5872 I HBD     : f updateKeyboardViewHolder: INVALIDATE 
02-03 21:38:33.746  5872  5872 I HBD     : e [BoardScrapManager] sendBoardScrap 
02-03 21:38:33.747  5872  5872 I HBD     : r0 updateChangedBoard - [LC:false][TC:false][RC:false][RB:false] 
02-03 21:38:33.747  5872  5872 I HBD     : b update cached prediction status : true 
02-03 21:38:33.747  5872  5872 I HBD     : e updateCurrentEngine,  65555 ,  SWIFTKEY
02-03 21:38:33.747  5872  5872 I HBD     : e [SKE_TAM] Changed false
02-03 21:38:33.747  5872  5872 I HBD     : e [SKE_TAM] custom = false , useEngine = true
02-03 21:38:33.747  5872  5872 I HBD     : e [SKE_TAM] Changed false
02-03 21:38:33.748  5872  5872 I HBD     : h [SKE_LM] enable notTaggedWith:emoji, zh, yue_HK, nan_TW
02-03 21:38:33.748  5872  5872 I HBD     : a refresh(), mParameterMode,  0
02-03 21:38:33.749  5872  5872 I HBD     : c [PF_EN] updateChangedBoard() 2 
02-03 21:38:33.751  1630  1630 I GestureDetector: handleMessage TAP
02-03 21:38:33.751  1630  1951 I GestureDetector: handleMessage TAP
02-03 21:38:33.753  5872  5872 I HBD     : k load enIN_0_0_1_0_true_true_true_normal_false_false 2 
02-03 21:38:33.753  1429  1561 W ComposerExtn: DisplayExtnImpl::SetActiveConfig: HWC Display 3 is not registered!
02-03 21:38:33.753  5872  5872 I HBD     : a isValid - true. 
02-03 21:38:33.753  5872  5872 I HBD     : c TMST - update statistics 
02-03 21:38:33.753  5872  5872 I HBD     : k load enIN_0_0_1_0_true_true_true_normal_false_false 0 
02-03 21:38:33.754  5872  5872 I HBD     : d [PF_OP][updateKeyboardViewHolder]  16 ms 
02-03 21:38:33.761  5872  5872 I HBD     : h [PF_OP][onStartInputViewActivate]  1 ms 
02-03 21:38:33.761  5872  5872 I HBD     : MultiModalSwitcher onStartInputView 
02-03 21:38:33.762  2991  2991 D NavigationBarControllerImpl: setNavigationBarShortcut requestClass : com.samsung.android.honeyboard, remoteViews : null, position : 0, priority : 12
02-03 21:38:33.762  2991  2991 D RemoteViewPack: OnSetRemoteView RemoteViewShortcut(requestClass=com.samsung.android.honeyboard, remoteViews=null, position=0, priority=12)
02-03 21:38:33.762  2991  2991 D NavBarStateManager: NavBarStates(0) isGameMode: false
02-03 21:38:33.763  2991  2991 D TaskBarPack: OnSetRemoteView Bundle[{remoteViews=null, priority=12, position=0, requestClass=com.samsung.android.honeyboard}]
02-03 21:38:33.763  2991  2991 D TaskBarDelegate: handleNavigationBarEvent() TaskbarDelegate is not initialized.
02-03 21:38:33.763  2991  2991 D Navbar.Store: ----handleEvent(0) OnUpdateRemoteViewContainer(rotation=0, leftContainer=android.widget.LinearLayout{c5b3f03 I.E...... ......I. 64,0-181,126 #7f0a0625 app:id/left_remoteview}, rightContainer=android.widget.LinearLayout{f16bcb9 I.E...... ......I. 659,0-776,126 #7f0a09e0 app:id/right_remoteview}, contextualButtonVisible=false, darkIntensity=0.0, displayId=0) [Module] SamsungNavigationBarView
02-03 21:38:33.763  2991  2991 D Navbar.Store: ------[Band]REMOTE_VIEW_PACK_SET_REMOTEVIEW_CONTAINER
02-03 21:38:33.763  2991  2991 D Navbar.Store: --------apply(0) NavBarStoreAction$UpdateRemoteViewContainer
02-03 21:38:33.763  2991  2991 D Navbar.Store: --------apply(0) NavBarStoreAction$UpdateRemoteViewDarkIntensity
02-03 21:38:33.764  1630  2848 V SemStrongRssiRoaming: EVENT_GET_WIFI_INFO_POLL (-41)
02-03 21:38:33.765 20149 20149 I wpa_sslib: cmd: GETNCHOMODE
02-03 21:38:33.766 20149 20149 I wpa_sslib: Response: GETNCHOMODE 0
