02-03 22:20:29.221  3474  7346 I HoneySpace.BadgeDataSourceImpl: Get notification count. PK(p='com.google.android.apps.photos', u=UserHandle{0}) - forceBadgeCount: false, notification listener: 1, badge provider: 0
02-03 22:20:29.223  6784  6784 I NeoBean_NotificationListener: onNotificationPosted()::sbn.getPackageName() = com.android.systemui
02-03 22:20:29.223  6784  6784 I NeoBean_Util: isEmulator() : false
02-03 22:20:29.223  6784  6784 I NeoBean_NotificationListener: This Notification is On-Going, let's skip it [ com.android.systemui]
02-03 22:20:29.224  6784  6784 I NeoBean_NotificationListener: onNotificationPosted()::sbn.getPackageName() = com.android.systemui
02-03 22:20:29.224  6784  6784 I NeoBean_Util: isEmulator() : false
02-03 22:20:29.224  6784  6784 I NeoBean_NotificationListener: This Notification is On-Going, let's skip it [ com.android.systemui]
02-03 22:20:29.233  2991  2991 D Bubbles : onEntryUpdated : shouldBubbleUp=false ,key=-1|com.android.systemui|2131363875|charging_state|10051
02-03 22:20:29.234  2991  2991 D InterruptionStateProvider:  no Heads up : edgelighting enabled app. -1|com.android.systemui|2131363875|charging_state|10051
02-03 22:20:29.234  2991  2991 D InsignificantCoordinator: onEntryUpdated :-1|com.android.systemui|2131363875|charging_state|10051 flags: 200000 updateSummary entrySize:1
02-03 22:20:29.234  2991  2991 D InterruptionStateProvider:  no Heads up : edgelighting enabled app. -1|com.android.systemui|2131363875|charging_state|10051
02-03 22:20:29.235  2991  2991 D InsignificantCoordinator: update summary with firstEntry : -1|com.android.systemui|2131363875|charging_state|10051 size: 1
02-03 22:20:29.235  2991  2991 I NotificationManager: com.android.systemui: notify(123, INSIGNIFICANT, Notification(channel=INSIGNIFICANT shortcut=null contentView=null vibrate=null sound=null defaults=0 flags=0 color=0x00000000 groupKey=INSIGNIFICANT vis=PUBLIC semFlags=0x0 semPriority=0 semMissedCount=0)) as user
02-03 22:20:29.247  2991  2991 I LockscreenNotificationIconsOnlyController: onNotificationInfoUpdated 24
02-03 22:20:29.250  2991  2991 I AODNotificationManager: updateNotification() 
02-03 22:20:29.253  2991  3535 D LocalImageResolver: Couldn't use ImageDecoder for drawable, falling back to non-resized load.
02-03 22:20:29.255  2991  3535 D LocalImageResolver: Couldn't use ImageDecoder for drawable, falling back to non-resized load.
02-03 22:20:29.256  2991  2991 D LocalImageResolver: Couldn't use ImageDecoder for drawable, falling back to non-resized load.
02-03 22:20:29.264  1429  1429 W Layer   : gatherBufferInfo: Received unknown dataspace from gralloc
02-03 22:20:29.277  2991  2991 D LocalImageResolver: Couldn't use ImageDecoder for drawable, falling back to non-resized load.
02-03 22:20:29.287  2991  2991 I LockscreenNotificationIconsOnlyController: onNotificationInfoUpdated 24
02-03 22:20:29.290  2991  2991 I AODNotificationManager: updateNotification() 
02-03 22:20:29.298  1429  1429 W Layer   : gatherBufferInfo: Received unknown dataspace from gralloc
02-03 22:20:29.315   839  9118 I keystore2: system/security/keystore2/watchdog/src/lib.rs:319 - Watchdog thread idle -> terminating. Have a great day.
02-03 22:20:29.315  1237  9492 I HYPER-HAL: [RequestManager.cpp]releaseLocked(): Released ID : 2952235
02-03 22:20:29.437  2991  2991 D Bubbles : onEntryUpdated : shouldBubbleUp=false ,key=-1|com.android.systemui|2131363875|charging_state|10051
02-03 22:20:29.438  1630  1630 I Telecom : SamsungTelecomServiceImpl : isInManagedCall - callingPackage : android / callingUser : UserHandle{0} / hasCrossUserAccess : true
02-03 22:20:29.439  2991  2991 D InterruptionStateProvider:  no Heads up : edgelighting enabled app. -1|com.android.systemui|2131363875|charging_state|10051
02-03 22:20:29.439  2991  2991 D InsignificantCoordinator: onEntryUpdated :-1|com.android.systemui|2131363875|charging_state|10051 flags: 200000 updateSummary entrySize:1
02-03 22:20:29.441  2991  2991 D InsignificantCoordinator: update summary with firstEntry : -1|com.android.systemui|2131363875|charging_state|10051 size: 1
02-03 22:20:29.442  2991  2991 I NotificationManager: com.android.systemui: notify(123, INSIGNIFICANT, Notification(channel=INSIGNIFICANT shortcut=null contentView=null vibrate=null sound=null defaults=0 flags=0 color=0x00000000 groupKey=INSIGNIFICANT vis=PUBLIC semFlags=0x0 semPriority=0 semMissedCount=0)) as user
02-03 22:20:29.450  1630  1630 D NotificationManagerService$NotificationListeners: skip send NotificationListenerService - isn't visible, ManagedServiceInfo = ManagedServiceInfo[component=ComponentInfo{com.google.android.ext.services/android.ext.services.notification.Assistant},userid=150,isSystem=false,targetSdkVersion=36,connection=<connection>,service=android.service.notification.INotificationListener$Stub$Proxy@d8bca30]
02-03 22:20:29.450  1630  1630 D NotificationService: isVisibleToListenerForLog() notiType = 4, sbn = StatusBarNotification(pkg=com.android.systemui user=UserHandle{0} id=123 tag=INSIGNIFICANT key=0|com.android.systemui|123|INSIGNIFICANT|10051: Notification(channel=INSIGNIFICANT shortcut=null contentView=null vibrate=null sound=null defaults=0 flags=0 color=0x00000000 groupKey=INSIGNIFICANT vis=PUBLIC semFlags=0x0 semPriority=0 semMissedCount=0))
02-03 22:20:29.450  1630  1630 D NotificationService: isInteractionVisibleToListener is false,   UserId = 0
02-03 22:20:29.450  1630  1630 D NotificationService: isVisibleToListenerForLog() notiType = 4, sbn = StatusBarNotification(pkg=com.android.systemui user=UserHandle{0} id=123 tag=INSIGNIFICANT key=0|com.android.systemui|123|INSIGNIFICANT|10051: Notification(channel=INSIGNIFICANT shortcut=null contentView=null vibrate=null sound=null defaults=0 flags=0 color=0x00000000 groupKey=INSIGNIFICANT vis=PUBLIC semFlags=0x0 semPriority=0 semMissedCount=0))
02-03 22:20:29.450  1630  1630 D NotificationService: isInteractionVisibleToListener is false,   UserId = 0
02-03 22:20:29.450  1630  1630 D NotificationManagerService$NotificationListeners: skip send NotificationListenerService - isn't visible, ManagedServiceInfo = ManagedServiceInfo[component=ComponentInfo{com.google.android.ext.services/android.ext.services.notification.Assistant},userid=10,isSystem=false,targetSdkVersion=36,connection=<connection>,service=android.service.notification.INotificationListener$Stub$Proxy@f31020c]
02-03 22:20:29.450  1630  1630 D NotificationService: isVisibleToListenerForLog() notiType = 4, sbn = StatusBarNotification(pkg=com.android.systemui user=UserHandle{0} id=123 tag=INSIGNIFICANT key=0|com.android.systemui|123|INSIGNIFICANT|10051: Notification(channel=INSIGNIFICANT shortcut=null contentView=null vibrate=null sound=null defaults=0 flags=0 color=0x00000000 groupKey=INSIGNIFICANT vis=PUBLIC semFlags=0x0 semPriority=0 semMissedCount=0))
02-03 22:20:29.450  1630  1630 D NotificationService: isInteractionVisibleToListener is false,   UserId = 0
02-03 22:20:29.450  1630  1630 D NotificationService: isVisibleToListenerForLog() notiType = 4, sbn = StatusBarNotification(pkg=com.android.systemui user=UserHandle{0} id=123 tag=INSIGNIFICANT key=0|com.android.systemui|123|INSIGNIFICANT|10051: Notification(channel=INSIGNIFICANT shortcut=null contentView=null vibrate=null sound=null defaults=0 flags=0 color=0x00000000 groupKey=INSIGNIFICANT vis=PUBLIC semFlags=0x0 semPriority=0 semMissedCount=0))
02-03 22:20:29.450  1630  1630 D NotificationService: isInteractionVisibleToListener is false,   UserId = 0
02-03 22:20:29.457  1630  1630 D SmartAlertController: SmartAlert - Found Missed Event
02-03 22:20:29.459  3474  8340 I HoneySpace.NotificationListener: onNotificationPosted com.android.systemui: 0|com.android.systemui|123|INSIGNIFICANT|10051: 0
02-03 22:20:29.459  3474  8340 I HoneySpace.BadgeDataSourceImpl: Get notification count. PK(p='com.android.systemui', u=UserHandle{0}) - forceBadgeCount: false, notification listener: 1, badge provider: 0
02-03 22:20:29.460  3474  7344 I HoneySpace.BadgeDataSourceImpl: Get notification count. PK(p='com.google.android.apps.photos', u=UserHandle{0}) - forceBadgeCount: false, notification listener: 1, badge provider: 0
02-03 22:20:29.460  3474 23298 I HoneySpace.BadgeDataSourceImpl: Get notification count. PK(p='com.samsung.android.messaging', u=UserHandle{0}) - forceBadgeCount: true, notification listener: 1, badge provider: 263
02-03 22:20:29.460  3474 23298 I HoneySpace.BadgeDataSourceImpl: Get notification count. PK(p='com.google.android.apps.photos', u=UserHandle{0}) - forceBadgeCount: false, notification listener: 1, badge provider: 0
02-03 22:20:29.461  6784  6784 I NeoBean_NotificationListener: onNotificationPosted()::sbn.getPackageName() = com.android.systemui
02-03 22:20:29.461  6784  6784 I NeoBean_Util: isEmulator() : false
02-03 22:20:29.462  6784  6784 I NeoBean_NotificationListener: sendAudioNotification()
02-03 22:20:29.462  6784  6784 I NeoBean_NotificationListener: uid = 0
02-03 22:20:29.462  6784  6784 I NeoBean_NotificationListener: Usage = 5
02-03 22:20:29.462  6784  6784 I NeoBean_NotificationUtil: noti.sound :null
02-03 22:20:29.462  6784  6784 I NeoBean_NotificationUtil: noti.vibrate :null true
02-03 22:20:29.462  6784  6784 I NeoBean_NotificationUtil: noti.defaults :0
02-03 22:20:29.462  6784  6784 I NeoBean_NotificationUtil: noti.ledARGB :0
02-03 22:20:29.462  6784  6784 I NeoBean_NotificationUtil: noti.ledOffMS :0
02-03 22:20:29.462  6784  6784 I NeoBean_NotificationUtil: noti.ledOnMS :0
02-03 22:20:29.462  6784  6784 I NeoBean_NotificationUtil: isAlertNeed1 :false
02-03 22:20:29.462  6784  6784 I NeoBean_NotificationUtil: noti.sound :content://settings/system/notification_sound
02-03 22:20:29.462  6784  6784 I NeoBean_NotificationUtil: noti.vibe :false
02-03 22:20:29.462  6784  6784 I NeoBean_NotificationUtil: noti.importanceVal :2
02-03 22:20:29.462  6784  6784 I NeoBean_NotificationUtil: noti.isGrouping :false
02-03 22:20:29.462  6784  6784 W System.err: java.lang.NullPointerException: Attempt to invoke virtual method 'boolean android.app.Notification$BubbleMetadata.isNotificationSuppressed()' on a null object reference
02-03 22:20:29.462  6784  6784 W System.err: 	at V6.b.s(SourceFile:1)
02-03 22:20:29.462  6784  6784 W System.err: 	at r2.c.run(SourceFile:668)
02-03 22:20:29.462  6784  6784 W System.err: 	at android.os.Handler.handleCallback(Handler.java:959)
02-03 22:20:29.462  6784  6784 W System.err: 	at android.os.Handler.dispatchMessage(Handler.java:100)
02-03 22:20:29.462  6784  6784 W System.err: 	at android.os.Looper.loopOnce(Looper.java:257)
02-03 22:20:29.462  6784  6784 W System.err: 	at android.os.Looper.loop(Looper.java:342)
02-03 22:20:29.462  6784  6784 W System.err: 	at android.app.ActivityThread.main(ActivityThread.java:9634)
02-03 22:20:29.462  6784  6784 W System.err: 	at java.lang.reflect.Method.invoke(Native Method)
02-03 22:20:29.462  6784  6784 W System.err: 	at com.android.internal.os.RuntimeInit$MethodAndArgsCaller.run(RuntimeInit.java:619)
02-03 22:20:29.462  6784  6784 W System.err: 	at com.android.internal.os.ZygoteInit.main(ZygoteInit.java:929)
02-03 22:20:29.462  6784  6784 I NeoBean_NotificationUtil: isAlertNeed2 :false
02-03 22:20:29.472  1630  3143 I BatteryService_BatteryPropertiesRegistrar: [getProperty]id:4
02-03 22:20:29.472  1630  3143 I BatteryService_BatteryPropertiesRegistrar: [getProperty]prop.long:-9223372036854775808 ,prop.string:null
02-03 22:20:29.472  2991  2991 I LockscreenNotificationIconsOnlyController: onNotificationInfoUpdated 24
02-03 22:20:29.474  1630  3143 I BatteryService_BatteryPropertiesRegistrar: [getProperty]id:1
02-03 22:20:29.474  1630  3143 I BatteryService_BatteryPropertiesRegistrar: [getProperty]prop.long:-9223372036854775808 ,prop.string:null
02-03 22:20:29.475  1630  3143 I BatteryService_BatteryPropertiesRegistrar: [getProperty]id:3
02-03 22:20:29.475  1630  3143 I BatteryService_BatteryPropertiesRegistrar: [getProperty]prop.long:-9223372036854775808 ,prop.string:null
02-03 22:20:29.476  2991  2991 I AODNotificationManager: updateNotification() 
02-03 22:20:29.480  2991  2991 D InterruptionStateProvider:  no Heads up : edgelighting enabled app. -1|com.android.systemui|2131363875|charging_state|10051
02-03 22:20:29.481  1429  1429 W Layer   : gatherBufferInfo: Received unknown dataspace from gralloc
02-03 22:20:29.482  2991  3535 D LocalImageResolver: Couldn't use ImageDecoder for drawable, falling back to non-resized load.
02-03 22:20:29.485  2991  3535 D LocalImageResolver: Couldn't use ImageDecoder for drawable, falling back to non-resized load.
02-03 22:20:29.489  2991  2991 D LocalImageResolver: Couldn't use ImageDecoder for drawable, falling back to non-resized load.
02-03 22:20:29.491  2991  2991 I LockscreenNotificationIconsOnlyController: onNotificationInfoUpdated 24
02-03 22:20:29.495  2991  2991 I AODNotificationManager: updateNotification() 
02-03 22:20:29.498  1429  1429 W Layer   : gatherBufferInfo: Received unknown dataspace from gralloc
02-03 22:20:29.503  1630  2890 D NetdEventListenerService: DNS Requested by 491, 10362(com.instagram.android), 4(FAIL), isBlocked=true, 0ms
02-03 22:20:29.505  2991  2991 D LocalImageResolver: Couldn't use ImageDecoder for drawable, falling back to non-resized load.
02-03 22:20:29.513  1231 31796 I sensors-hal: handle_sns_std_sensor_event:141, [SSC_LIGHT] P: 32(32),ch0:3168,ch1:0,c:0,w:0,l:19,m:2,br:57,c1:85,c2:123,i:1
02-03 22:20:29.517  2991  2991 I LockscreenNotificationIconsOnlyController: onNotificationInfoUpdated 24
02-03 22:20:29.520  2991  2991 I AODNotificationManager: updateNotification() 
02-03 22:20:29.522  1429  1429 W Layer   : gatherBufferInfo: Received unknown dataspace from gralloc
02-03 22:20:29.536  1429  1468 I SurfaceFlinger: id=52639 Removed Surface(name=761462c com.pricehunt/com.pricehunt.presentation.MainActivity)/@0xc3fd8cf - animation-leash of starting_reveal#52639 (359)
02-03 22:20:29.538  1429  1429 I SurfaceFlinger: destroyed Surface(name=761462c com.pricehunt/com.pricehunt.presentation.MainActivity)/@0xc3fd8cf - animation-leash of starting_reveal#52639
02-03 22:20:29.542  1429  1429 I Layer   : id=52639 Destroyed Surface(name=761462c com.pricehunt/com.pricehunt.presentation.MainActivity)/@0xc3fd8cf - animation-leash of starting_reveal#52639
02-03 22:20:29.543  1429  1429 W ComposerExtn: DisplayExtnImpl::SetActiveConfig: HWC Display 3 is not registered!
02-03 22:20:29.544  1429  1429 I LayerHistory: StatusBar$_2991#135 Max (can't resolve refresh rate)
02-03 22:20:29.544  1429  1429 I SurfaceFlinger: Weight ignores StatusBar$_2991#135 (type=Max, weight=0.04, seamlessness=Default) 0.00 Hz's 120.00 Hz
02-03 22:20:29.544  1429  1429 I SurfaceFlinger: scored - choose 60.00 Hz
02-03 22:20:29.544  1429  1429 I HWComposer: [4630947232161729155] ActiveConfigToHWC, ID : 2
02-03 22:20:29.545  1630  1955 D LocalDisplayAdapter: updateActiveModeLocked for d=4630947232161729155, mActiveModeId=7, mActiveSfDisplayMode=DisplayMode{id=2, width=832, height=2268, xDpi=391.348, yDpi=389.237, peakRefreshRate=60.000004, vsyncRate=60.000004, appVsyncOffsetNanos=0, presentationDeadlineNanos=17666666, supportedHdrTypes=[2, 3, 4], group=832}
02-03 22:20:29.546  1630  1955 I DisplayDeviceRepository: Display device changed render timings: "Built-in Screen", renderFrameRate=60.000004, presentationDeadlineNanos=17666666, appVsyncOffsetNanos=0
02-03 22:20:29.546  1304  1534 I SDM     : HWCDisplay::SubmitDisplayConfig: [DispConfigs] config 0 => 2, hs_mode 3 => 3
02-03 22:20:29.546  1304  1534 I SDM     : DisplayBase::SetActiveConfig: [DispConfigs] 0 => 2 or hs mode is changed if same config
02-03 22:20:29.546  1304  1534 I SDM     : HWDeviceDRM::SetDisplaySwitchMode: POMS Switching to Mode	2
02-03 22:20:29.546  1304  1534 I SDM     : HWDeviceDRM::SetDisplaySwitchMode: [DispConfigs] check hs_mode 3
02-03 22:20:29.546  1304  1534 I SDM     : HWDeviceDRM::SetDisplaySwitchMode: [DispConfigs] Set mode index:3 832x2268x60x127680cmdPHS, hs_mode(3), found_mode(1)
02-03 22:20:29.546  1304  1534 I SDM     : HWDeviceDRM::UpdateMixerAttributes: Mixer WxH 832x2268-1 for Peripheral
02-03 22:20:29.546  1304  1534 I SDM     : HWCDisplay::SubmitDisplayConfig: Active configuration changed to: 2
02-03 22:20:29.548  1630  1630 D SGM:GameManager: onDisplayChanged. displyId: 0, state: 2
02-03 22:20:29.548  1405  2801 D AudioFlinger: setParameters: filtered dev setParameters keyvalue screen_state=on
02-03 22:20:29.548  1630  2685 D SGM:FgCheckThread: onLooperPrepared(), msg: MSG_LCD_ON
02-03 22:20:29.549  1630  1630 D AODManagerService: requestReCalToTSP IsSingleTouchMode = falserequestedReCalToTSP = false / previousDisplayState = ON
02-03 22:20:29.549  1630  2114 D BrightnessThermalClamper: Thermal status observer already started
02-03 22:20:29.550  1630  4873 D LiftUpHandler: [LTW] Stopped already.
02-03 22:20:29.550  1206  2517 D audio_hw_primary: adev_set_parameters: enter: screen_state=on
02-03 22:20:29.550  1206  2517 V audio_hw_sec: sec_set_parameters: enter
02-03 22:20:29.550  1206  2517 D sound_trigger_hw: handle_screen_status_change: screen on
02-03 22:20:29.550  1206  2517 D audio_hw_primary: adev_set_parameters: exit with code(0)
02-03 22:20:29.551  1206  2517 I Audio_a2dpsink_hw: adev_set_parameters: kevpairs=[screen_state=on]
02-03 22:20:29.551  6139  6139 I SPenContext: virtual void SPen::Context::SetDisplayRefreshRate(float) framerate=60
02-03 22:20:29.551  1429  1429 W ComposerExtn: DisplayExtnImpl::SetActiveConfig: HWC Display 3 is not registered!
02-03 22:20:29.551  6139  6139 I LatencyConfiguration: void SPen::LatencyConfiguration::UpdateRefreshRate(float) RefreshRate=60.000004
02-03 22:20:29.551  6139  6139 I LatencyConfiguration: void SPen::LatencyConfiguration::UpdateRefreshRate(float) RefreshRateCallback 0xb400007c408ced50
02-03 22:20:29.551  6139  6139 I PredictorBase: virtual void SPen::PredictorBase::SetRefreshRate(float) Refresh rate: 60.000
02-03 22:20:29.551  6139  6139 I spe_log : virtual void SPen::FbrDrawPad::SetRefreshRate(float) = 60.000
02-03 22:20:29.551  6139  6139 I spe_log : virtual void SPen::FbrDrawPad::SetRefreshRate(float) mFrameDurationNano=16666667, mDisplayRefreshDurationNano: 16666667
02-03 22:20:29.551  6139  6139 I spe_log : virtual void SPen::LowLatencyStrokeView::SetRefreshRate(float) refresh rate=60.000
02-03 22:20:29.551  6909  6909 I VRI[MainActivity]@30c10b3: onDisplayChanged oldDisplayState=2 newDisplayState=2
02-03 22:20:29.553  2991  2991 D DisplayLifecycle: updateDisplay id = 0
02-03 22:20:29.554  2991  3126 D StackScroller: onDisplayChanged for predraw skip to 2
02-03 22:20:29.554  1429  1459 I VSyncReactor: Current= 120, Period= 60, hwcPeriod= 60
02-03 22:20:29.555  5872  5872 I SPenContext: virtual void SPen::Context::SetDisplayRefreshRate(float) framerate=60
02-03 22:20:29.555  5872  5872 I LatencyConfiguration: void SPen::LatencyConfiguration::UpdateRefreshRate(float) RefreshRate=60.000004
02-03 22:20:29.555  5872  5872 I LatencyConfiguration: void SPen::LatencyConfiguration::UpdateRefreshRate(float) RefreshRateCallback 0xb400007c408e4ed0
02-03 22:20:29.555  5872  5872 I PredictorBase: virtual void SPen::PredictorBase::SetRefreshRate(float) Refresh rate: 60.000
02-03 22:20:29.555  5872  5872 I spe_log : virtual void SPen::FbrDrawPad::SetRefreshRate(float) = 60.000
02-03 22:20:29.555  5872  5872 I spe_log : virtual void SPen::FbrDrawPad::SetRefreshRate(float) mFrameDurationNano=16666667, mDisplayRefreshDurationNano: 16666667
02-03 22:20:29.555  5872  5872 I spe_log : virtual void SPen::LowLatencyStrokeView::SetRefreshRate(float) refresh rate=60.000
02-03 22:20:29.555  5872  5872 I VRI[InputMethod]@307b30c: onDisplayChanged oldDisplayState=2 newDisplayState=2
02-03 22:20:29.556  2991  3018 W System  : A resource failed to call release. 
02-03 22:20:29.556  2991  3018 W System  : A resource failed to call release. 
02-03 22:20:29.556  2991  3018 W System  : A resource failed to call release. 
02-03 22:20:29.557  9475  9475 I VRI[MainActivity]@5832a1f: onDisplayChanged oldDisplayState=2 newDisplayState=2
02-03 22:20:29.557  2991  2991 I VRI[LockscreenShortcutBlur]@6238849: onDisplayChanged oldDisplayState=2 newDisplayState=2
02-03 22:20:29.557  2991  3068 I VRI[ShellDropTarget]@1cdbaf5: onDisplayChanged oldDisplayState=2 newDisplayState=2
02-03 22:20:29.558  2991  3068 I VRI[SplitDecorManager]@ca2ee62: onDisplayChanged oldDisplayState=2 newDisplayState=2
02-03 22:20:29.558  3474  3474 I VRI[RecentsTransitionOverlay]@ea10469: onDisplayChanged oldDisplayState=2 newDisplayState=2
02-03 22:20:29.558  2991  3068 I VRI[SplitDecorManager]@2d19661: onDisplayChanged oldDisplayState=2 newDisplayState=2
02-03 22:20:29.558  3474 31802 I HoneySpace.RefreshRateSource: singleFrameMs 16
02-03 22:20:29.558  3474  3989 I HoneySpace.Memory-Monitor: current state = 2, didTrim = false
02-03 22:20:29.558  3474  3474 I VRI[LauncherActivity]@ea4152a: onDisplayChanged oldDisplayState=2 newDisplayState=2
02-03 22:20:29.558  3474  3474 I VRI[CocktailBarService]@fe8030d: onDisplayChanged oldDisplayState=2 newDisplayState=2
02-03 22:20:29.558  2991  2991 I VRI[NavigationBar0]@c1db22d: onDisplayChanged oldDisplayState=2 newDisplayState=2
02-03 22:20:29.558  2991  2991 I VRI[EdgeBackGestureHandler0]@5a548e3: onDisplayChanged oldDisplayState=2 newDisplayState=2
02-03 22:20:29.558  2991  2991 I VRI[NotificationShade]@aaab015: onDisplayChanged oldDisplayState=2 newDisplayState=2
02-03 22:20:29.558  2991  2991 I VRI[StatusBar]@8e980d0: onDisplayChanged oldDisplayState=2 newDisplayState=2
02-03 22:20:29.558  3474  3474 I VRI[TaskbarWindow]@498413e: onDisplayChanged oldDisplayState=2 newDisplayState=2
02-03 22:20:29.558  2991  2991 I VRI[Bouncer]@a1623f9: onDisplayChanged oldDisplayState=2 newDisplayState=2
02-03 22:20:29.558  2991  2991 I VRI[SecondaryHomeHandle0]@df10a88: onDisplayChanged oldDisplayState=2 newDisplayState=2
02-03 22:20:29.558  3474  3474 I VRI[RecentsActivity]@6199a4a: onDisplayChanged oldDisplayState=2 newDisplayState=2
02-03 22:20:29.558 18854 18854 I VRI[HintService]@dfeec42: onDisplayChanged oldDisplayState=2 newDisplayState=2
02-03 22:20:29.559 22801 22801 I VRI[Settings]@c9346: onDisplayChanged oldDisplayState=2 newDisplayState=2
02-03 22:20:29.559  1630  1951 W LocalDisplayAdapter: Ignoring request for invalid base mode id 5
02-03 22:20:29.559  2991  2991 I VRI[KeyguardBiometricToastView]@a7c12bb: onDisplayChanged oldDisplayState=2 newDisplayState=2
02-03 22:20:29.560  1630  1955 D RefreshRateModeManager: updateDefaultDisplayToken: android.os.BinderProxy@99b4f37, isChanged: false
02-03 22:20:29.560  1630  3136 D WifiDisplayAdapter: isFitToActiveDisplayLocked : false
02-03 22:20:29.561 22801 22801 I VRI[SubSettings]@dd1c099: onDisplayChanged oldDisplayState=2 newDisplayState=2
02-03 22:20:29.561 22801 22801 I VRI[SubSettings]@11d5252: onDisplayChanged oldDisplayState=2 newDisplayState=2
02-03 22:20:29.563 21273 21273 I VRI[InternalGoogleAppActivityEntrypoint]@e63bb3e: onDisplayChanged oldDisplayState=2 newDisplayState=2
02-03 22:20:29.563 21273 21273 I VRI[LauncherActivity]@66e68da: onDisplayChanged oldDisplayState=2 newDisplayState=2
02-03 22:20:29.572  2991  3018 W System  : A resource failed to call release. 
02-03 22:20:29.572  2991  3018 W System  : A resource failed to call release. 
02-03 22:20:29.572  2991  3018 W System  : A resource failed to call release. 
02-03 22:20:29.660  1630  1630 I Telecom : SamsungTelecomServiceImpl : isInManagedCall - callingPackage : android / callingUser : UserHandle{0} / hasCrossUserAccess : true
02-03 22:20:29.681  2991  2991 D Bubbles : onEntryUpdated : shouldBubbleUp=false ,key=0|com.android.systemui|123|INSIGNIFICANT|10051
02-03 22:20:29.682  2991  2991 D InterruptionStateProvider:  no Heads up : edgelighting enabled app. 0|com.android.systemui|123|INSIGNIFICANT|10051
02-03 22:20:29.684  1630  1630 D NotificationManagerService$NotificationListeners: skip send NotificationListenerService - isn't visible, ManagedServiceInfo = ManagedServiceInfo[component=ComponentInfo{com.google.android.ext.services/android.ext.services.notification.Assistant},userid=150,isSystem=false,targetSdkVersion=36,connection=<connection>,service=android.service.notification.INotificationListener$Stub$Proxy@d8bca30]
02-03 22:20:29.684  1630  1630 D NotificationService: isVisibleToListenerForLog() notiType = 4, sbn = StatusBarNotification(pkg=com.android.systemui user=UserHandle{0} id=123 tag=INSIGNIFICANT key=0|com.android.systemui|123|INSIGNIFICANT|10051: Notification(channel=INSIGNIFICANT shortcut=null contentView=null vibrate=null sound=null defaults=0 flags=0 color=0x00000000 groupKey=INSIGNIFICANT vis=PUBLIC semFlags=0x0 semPriority=0 semMissedCount=0))
02-03 22:20:29.684  1630  1630 D NotificationService: isInteractionVisibleToListener is false,   UserId = 0
02-03 22:20:29.685  1630  1630 D NotificationService: isVisibleToListenerForLog() notiType = 4, sbn = StatusBarNotification(pkg=com.android.systemui user=UserHandle{0} id=123 tag=INSIGNIFICANT key=0|com.android.systemui|123|INSIGNIFICANT|10051: Notification(channel=INSIGNIFICANT shortcut=null contentView=null vibrate=null sound=null defaults=0 flags=0 color=0x00000000 groupKey=INSIGNIFICANT vis=PUBLIC semFlags=0x0 semPriority=0 semMissedCount=0))
02-03 22:20:29.685  1630  1630 D NotificationService: isInteractionVisibleToListener is false,   UserId = 0
02-03 22:20:29.685  1630  1630 D NotificationManagerService$NotificationListeners: skip send NotificationListenerService - isn't visible, ManagedServiceInfo = ManagedServiceInfo[component=ComponentInfo{com.google.android.ext.services/android.ext.services.notification.Assistant},userid=10,isSystem=false,targetSdkVersion=36,connection=<connection>,service=android.service.notification.INotificationListener$Stub$Proxy@f31020c]
02-03 22:20:29.685  1630  1630 D NotificationService: isVisibleToListenerForLog() notiType = 4, sbn = StatusBarNotification(pkg=com.android.systemui user=UserHandle{0} id=123 tag=INSIGNIFICANT key=0|com.android.systemui|123|INSIGNIFICANT|10051: Notification(channel=INSIGNIFICANT shortcut=null contentView=null vibrate=null sound=null defaults=0 flags=0 color=0x00000000 groupKey=INSIGNIFICANT vis=PUBLIC semFlags=0x0 semPriority=0 semMissedCount=0))
02-03 22:20:29.685  1630  1630 D NotificationService: isInteractionVisibleToListener is false,   UserId = 0
02-03 22:20:29.685  1630  1630 D NotificationService: isVisibleToListenerForLog() notiType = 4, sbn = StatusBarNotification(pkg=com.android.systemui user=UserHandle{0} id=123 tag=INSIGNIFICANT key=0|com.android.systemui|123|INSIGNIFICANT|10051: Notification(channel=INSIGNIFICANT shortcut=null contentView=null vibrate=null sound=null defaults=0 flags=0 color=0x00000000 groupKey=INSIGNIFICANT vis=PUBLIC semFlags=0x0 semPriority=0 semMissedCount=0))
02-03 22:20:29.685  1630  1630 D NotificationService: isInteractionVisibleToListener is false,   UserId = 0
02-03 22:20:29.692  6716 12947 I ObjectPool@9791306: Ph_[checker Pool remains: , 9, ] [pool-94-thread-1] 
02-03 22:20:29.696  3474  8340 I HoneySpace.NotificationListener: onNotificationPosted com.android.systemui: 0|com.android.systemui|123|INSIGNIFICANT|10051: 0
02-03 22:20:29.696  3474  8340 I HoneySpace.BadgeDataSourceImpl: Get notification count. PK(p='com.android.systemui', u=UserHandle{0}) - forceBadgeCount: false, notification listener: 1, badge provider: 0
02-03 22:20:29.697  3474 30629 I HoneySpace.BadgeDataSourceImpl: Get notification count. PK(p='com.google.android.apps.photos', u=UserHandle{0}) - forceBadgeCount: false, notification listener: 1, badge provider: 0
02-03 22:20:29.697  3474 31802 I HoneySpace.BadgeDataSourceImpl: Get notification count. PK(p='com.samsung.android.messaging', u=UserHandle{0}) - forceBadgeCount: true, notification listener: 1, badge provider: 263
02-03 22:20:29.697  3474 31802 I HoneySpace.BadgeDataSourceImpl: Get notification count. PK(p='com.google.android.apps.photos', u=UserHandle{0}) - forceBadgeCount: false, notification listener: 1, badge provider: 0
02-03 22:20:29.699  1630  1630 D SmartAlertController: SmartAlert - Found Missed Event
02-03 22:20:29.703  6784  6784 I NeoBean_NotificationListener: onNotificationPosted()::sbn.getPackageName() = com.android.systemui
02-03 22:20:29.703  6784  6784 I NeoBean_Util: isEmulator() : false
02-03 22:20:29.703  6784  6784 I NeoBean_NotificationListener: sendAudioNotification()
02-03 22:20:29.703  6784  6784 I NeoBean_NotificationListener: uid = 0
02-03 22:20:29.703  6784  6784 I NeoBean_NotificationListener: Usage = 5
02-03 22:20:29.703  6784  6784 I NeoBean_NotificationUtil: noti.sound :null
02-03 22:20:29.703  6784  6784 I NeoBean_NotificationUtil: noti.vibrate :null true
02-03 22:20:29.703  6784  6784 I NeoBean_NotificationUtil: noti.defaults :0
02-03 22:20:29.703  6784  6784 I NeoBean_NotificationUtil: noti.ledARGB :0
02-03 22:20:29.703  6784  6784 I NeoBean_NotificationUtil: noti.ledOffMS :0
02-03 22:20:29.703  6784  6784 I NeoBean_NotificationUtil: noti.ledOnMS :0
02-03 22:20:29.703  6784  6784 I NeoBean_NotificationUtil: isAlertNeed1 :false
02-03 22:20:29.703  6784  6784 I NeoBean_NotificationUtil: noti.sound :content://settings/system/notification_sound
02-03 22:20:29.703  6784  6784 I NeoBean_NotificationUtil: noti.vibe :false
02-03 22:20:29.703  6784  6784 I NeoBean_NotificationUtil: noti.importanceVal :2
02-03 22:20:29.703  6784  6784 I NeoBean_NotificationUtil: noti.isGrouping :false
02-03 22:20:29.704  6784  6784 W System.err: java.lang.NullPointerException: Attempt to invoke virtual method 'boolean android.app.Notification$BubbleMetadata.isNotificationSuppressed()' on a null object reference
02-03 22:20:29.704  6784  6784 W System.err: 	at V6.b.s(SourceFile:1)
02-03 22:20:29.704  6784  6784 W System.err: 	at r2.c.run(SourceFile:668)
02-03 22:20:29.704  6784  6784 W System.err: 	at android.os.Handler.handleCallback(Handler.java:959)
02-03 22:20:29.704  6784  6784 W System.err: 	at android.os.Handler.dispatchMessage(Handler.java:100)
02-03 22:20:29.704  6784  6784 W System.err: 	at android.os.Looper.loopOnce(Looper.java:257)
02-03 22:20:29.704  6784  6784 W System.err: 	at android.os.Looper.loop(Looper.java:342)
02-03 22:20:29.704  6784  6784 W System.err: 	at android.app.ActivityThread.main(ActivityThread.java:9634)
02-03 22:20:29.704  6784  6784 W System.err: 	at java.lang.reflect.Method.invoke(Native Method)
02-03 22:20:29.704  6784  6784 W System.err: 	at com.android.internal.os.RuntimeInit$MethodAndArgsCaller.run(RuntimeInit.java:619)
02-03 22:20:29.704  6784  6784 W System.err: 	at com.android.internal.os.ZygoteInit.main(ZygoteInit.java:929)
02-03 22:20:29.704  6784  6784 I NeoBean_NotificationUtil: isAlertNeed2 :false
02-03 22:20:29.711  2991  2991 I LockscreenNotificationIconsOnlyController: onNotificationInfoUpdated 24
02-03 22:20:29.714  2991  2991 I AODNotificationManager: updateNotification() 
02-03 22:20:29.716  2991  2991 D InterruptionStateProvider:  no Heads up : edgelighting enabled app. 0|com.android.systemui|123|INSIGNIFICANT|10051
02-03 22:20:29.717  2991  2991 D InterruptionStateProvider:  no Heads up : edgelighting enabled app. -1|com.android.systemui|2131363875|charging_state|10051
02-03 22:20:29.718  2991  3535 D LocalImageResolver: Couldn't use ImageDecoder for drawable, falling back to non-resized load.
02-03 22:20:29.719  2991  3535 D LocalImageResolver: Couldn't use ImageDecoder for drawable, falling back to non-resized load.
02-03 22:20:29.719  2991  2991 D LocalImageResolver: Couldn't use ImageDecoder for drawable, falling back to non-resized load.
02-03 22:20:29.723  1429  1429 W Layer   : gatherBufferInfo: Received unknown dataspace from gralloc
02-03 22:20:29.739  2991  2991 D LocalImageResolver: Couldn't use ImageDecoder for drawable, falling back to non-resized load.
02-03 22:20:29.739  1429  1429 W Layer   : gatherBufferInfo: Received unknown dataspace from gralloc
02-03 22:20:29.740  2991  2991 I LockscreenNotificationIconsOnlyController: onNotificationInfoUpdated 24
02-03 22:20:29.743  2991  2991 I AODNotificationManager: updateNotification() 
02-03 22:20:29.754  2991  2991 I LockscreenNotificationIconsOnlyController: onNotificationInfoUpdated 24
02-03 22:20:29.756  2991  2991 I AODNotificationManager: updateNotification() 
02-03 22:20:29.774  1429  1429 W Layer   : gatherBufferInfo: Received unknown dataspace from gralloc
02-03 22:20:29.918  2991  2991 D Bubbles : onEntryUpdated : shouldBubbleUp=false ,key=0|com.android.systemui|123|INSIGNIFICANT|10051
02-03 22:20:29.919  2991  2991 D InterruptionStateProvider:  no Heads up : edgelighting enabled app. 0|com.android.systemui|123|INSIGNIFICANT|10051
02-03 22:20:29.959  2991  2991 I LockscreenNotificationIconsOnlyController: onNotificationInfoUpdated 24
02-03 22:20:29.966  2991  2991 I AODNotificationManager: updateNotification() 
02-03 22:20:29.969  1231  8673 I sensors-hal: handle_sns_client_event:540, [0][28772] accel_sample [-0.118,  1.371,  9.765] 342586402488450
02-03 22:20:29.970  2991  3535 D LocalImageResolver: Couldn't use ImageDecoder for drawable, falling back to non-resized load.
02-03 22:20:29.974  2991  2991 D LocalImageResolver: Couldn't use ImageDecoder for drawable, falling back to non-resized load.
02-03 22:20:29.974  2991  3535 D LocalImageResolver: Couldn't use ImageDecoder for drawable, falling back to non-resized load.
02-03 22:20:29.974  1429  1429 W Layer   : gatherBufferInfo: Received unknown dataspace from gralloc
02-03 22:20:30.008  2991  2991 D LocalImageResolver: Couldn't use ImageDecoder for drawable, falling back to non-resized load.
02-03 22:20:30.018  2991  2991 I LockscreenNotificationIconsOnlyController: onNotificationInfoUpdated 24
02-03 22:20:30.021  2991  2991 I AODNotificationManager: updateNotification() 
02-03 22:20:30.043  1429  1429 W Layer   : gatherBufferInfo: Received unknown dataspace from gralloc
02-03 22:20:30.103  6926  6926 I AudioPathManager: loadAudioPath() : loaded audio path is bluetooth (2)
02-03 22:20:30.103  6926  6926 I EffectManager: isSupportDolbyAtmosOnThisAudioPath() : path is bluetooth (2)
02-03 22:20:30.104  6926  6926 I UHQUpscalerManager: isUHQCompatibleBluetooth() : support is 0, mode is 1
02-03 22:20:30.104  6926  6926 I AudioPathManager: loadAudioPath() : loaded audio path is bluetooth (2)
02-03 22:20:30.104  6926  6926 I EffectManager: isSupportVolumeNormalizationOnCurrentAudioPath() : path is bluetooth (2)
02-03 22:20:30.104  6926  6926 I DVFSHelper: isNecessaryToBoostCPU() : isDolbyOn? false, isUHQUpscalerOn? false, isVoiceBoostOn? false, isVolumeNormalizationOn? false
02-03 22:20:30.104  6926  6926 I DVFSHelper: acquireBoostingCPU() : stop boosting cpu
02-03 22:20:30.106  6926  6926 I AudioPathManager: loadAudioPath() : loaded audio path is bluetooth (2)
02-03 22:20:30.107  6926  6926 I EffectManager: isSupportDolbyAtmosOnThisAudioPath() : path is bluetooth (2)
02-03 22:20:30.107  6926  6926 I UHQUpscalerManager: isUHQCompatibleBluetooth() : support is 0, mode is 1
02-03 22:20:30.107  6926  6926 I AudioPathManager: loadAudioPath() : loaded audio path is bluetooth (2)
02-03 22:20:30.107  6926  6926 I EffectManager: isSupportVolumeNormalizationOnCurrentAudioPath() : path is bluetooth (2)
02-03 22:20:30.107  6926  6926 I DVFSHelper: isNecessaryToBoostCPU() : isDolbyOn? false, isUHQUpscalerOn? false, isVoiceBoostOn? false, isVolumeNormalizationOn? false
02-03 22:20:30.195  1630  2890 D NetdEventListenerService: DNS Requested by 491, 10362(com.instagram.android), 4(FAIL), isBlocked=true, 0ms
02-03 22:20:30.211  1630  4668 D SemWifiUsabilityStatsMonitor: onWifiUsabilityStats - seqNum 18430, isSameBssidAndFreq true
02-03 22:20:30.213  1630  2828 I SemWifiLinkQualityMonitor: Link stat: 1469 / 144 / 1.05 (23) / 117 / -48.0 || 100.0 : 117.00 / 0.5 : 0.96 / 0.55 : 0.10 / G (G) || 1b525e352457: 0.148 / 53.981 /  / N || N N / 0 / N 2.0 / N 0 / 154532315 0
02-03 22:20:30.213  6137  6137 I SDHMS:o : update midground cpus to default value : 0-2,4-7
02-03 22:20:30.248  1630  2848 V SemStrongRssiRoaming: EVENT_GET_WIFI_INFO_POLL (-48)
02-03 22:20:30.255  1429  1562 W ComposerExtn: DisplayExtnImpl::SetActiveConfig: HWC Display 3 is not registered!
02-03 22:20:30.272  1429 21775 W ComposerExtn: DisplayExtnImpl::SetActiveConfig: HWC Display 3 is not registered!
02-03 22:20:30.547   830   830 D io_stats: !@   8,0 r 31079385 943757092 w 9401800 151011200 d 3434160 363501652 f 0 0 iot 16562536 0 th 0 0 0 pt 0 inp 0 0 154532.651
02-03 22:20:30.548   830   830 D io_stats: !@ Read_top(KB): droid.rubin.app(7882) 948 stagram.android(4301) 288 ndroid.systemui(2991) 124
02-03 22:20:30.548   830   830 D io_stats: !@ Write_top(KB): roid.honeyboard(5872) 784 roid.honeyboard(6139) 236 id.diagmonagent(6036) 28
02-03 22:20:30.721  1630  6149 E TaskPersister: File error accessing recents directory (directory doesn't exist?).
02-03 22:20:30.721  1630  6149 E TaskPersister: File error accessing recents directory (directory doesn't exist?).
02-03 22:20:30.721  1630  6149 E TaskPersister: File error accessing recents directory (directory doesn't exist?).
02-03 22:20:30.781  1209  3586 I vendor.qti.bluetooth@1.0-ibs_handler: ProcessIbsCmd: Received IBS_SLEEP_IND: 0xFE
02-03 22:20:30.782  1209  3586 I vendor.qti.bluetooth@1.0-ibs_handler: ProcessIbsCmd: Received IBS_WAKE_IND: 0xFD
02-03 22:20:30.782  1209  3586 I vendor.qti.bluetooth@1.0-ibs_handler: ProcessIbsCmd: Writing IBS_WAKE_ACK
02-03 22:20:30.795  3245  3607 I BtGatt.ScanHelper: onScanResult to scannerId: 3- eventType=0x1a, addressType=1, address=XX:XX:XX:XX:E0:48, primaryPhy=1, secondaryPhy=0, advertisingSid=0xff, txPower=127, rssi=-94, periodicAdvInt=0x0
02-03 22:20:30.798  6716 12947 I ObjectPool@9791306: Ph_[checker Pool remains: , 9, ] [pool-94-thread-1] 
02-03 22:20:31.052  1630  2974 I Pageboost: Launcher App Execution
02-03 22:20:31.110  6926  6926 I AudioPathManager: loadAudioPath() : loaded audio path is bluetooth (2)
02-03 22:20:31.110  6926  6926 I EffectManager: isSupportDolbyAtmosOnThisAudioPath() : path is bluetooth (2)
02-03 22:20:31.110  6926  6926 I UHQUpscalerManager: isUHQCompatibleBluetooth() : support is 0, mode is 1
02-03 22:20:31.110  6926  6926 I AudioPathManager: loadAudioPath() : loaded audio path is bluetooth (2)
02-03 22:20:31.110  6926  6926 I EffectManager: isSupportVolumeNormalizationOnCurrentAudioPath() : path is bluetooth (2)
02-03 22:20:31.110  6926  6926 I DVFSHelper: isNecessaryToBoostCPU() : isDolbyOn? false, isUHQUpscalerOn? false, isVoiceBoostOn? false, isVolumeNormalizationOn? false
02-03 22:20:31.219  6137  6400 I N0      : limitGPUFreq:: freq = 443
02-03 22:20:31.221  6137  6400 I SemDvfsHyPerManager: acquire hyper - SIOP_GPU_FREQ_MAX/6137@4, type = 536875010
02-03 22:20:31.222  1237  9474 I HYPER-HAL: [ResourceManager.cpp]removeResource(): [CPUMaxFreq] RemoveResource Request ID : 18932797
02-03 22:20:31.222  1237  9474 I HYPER-HAL: [RequestManager.cpp]releaseLocked(): Released ID : 18932797
02-03 22:20:31.222  6137  6400 I N0      : limitCPUFreq:: freq = 1555200
02-03 22:20:31.222  6137  6400 I SemDvfsHyPerManager: acquire hyper - SIOP_ARM_MAX/6137@2, type = 301993986
02-03 22:20:31.223  1237  1371 I HYPER-HAL: [RequestManager.cpp]acquire(): Acquired ID : 18859015  [6137 / 4]    HINT :      list : [GPUMaxFreq / 443] 
02-03 22:20:31.224  1237  1371 I HYPER-HAL: [RequestManager.cpp]acquire(): Acquired ID : 18846732  [6137 / 2]    HINT :      list : [CPUMaxFreq / 1555200] 
02-03 22:20:31.224  1237  1371 I HYPER-HAL: [ResourceManager.cpp]updateResource(): [CPUMaxFreq] UpdateResource Request ID : 18846732    Value : 1555200
02-03 22:20:31.751  1630  4226 D FreecessController: com.microsoft.office.outlook(1010335) is important[2]
02-03 22:20:31.757  1630  4226 D FreecessController: com.Slack(1010350) is important[2]
02-03 22:20:31.903 22353 22386 V CpEventLog(u10): cp_state: [                 contacts = {contacts=720, raw_contacts=725, data=4096, account={secphone(1)=0, com.google.work(2)=0, sim(3)=0, sim2(4)=0, agg(5)=0, vnd.sec.contact.phone_personal(6)=0, google(7)=725, com.microsoft.workaccount(11)=0, com.microsoft.workaccount(12)=0, com.microsoft.skydrive(13)=0}, trash=2, trash_acc={google=2}, trash_sync=0, database=contacts2.db} ]
02-03 22:20:31.903 22353 22386 V CpEventLog(u10): cp_state: [               aggregated = {[7,7]=5, [7]=715} ]
02-03 22:20:31.903 22353 22386 V CpEventLog(u10): cp_state: [                  request = {} ]
02-03 22:20:31.903 22353 22386 V CpEventLog(u10): cp_state: [                    calls = {types={}, database=calllog.db} ]
02-03 22:20:31.903 22353 22386 V CpEventLog(u10): cp_state: [                  profile = {contacts=0, raw_contacts=0, data=0, account={secphone(1)=0, com.google.work(2)=0, sim(3)=0, sim2(4)=0, agg(5)=0, vnd.sec.contact.phone_personal(6)=0, google(7)=0, com.microsoft.workaccount(11)=0, com.microsoft.workaccount(12)=0, com.microsoft.skydrive(13)=0}, trash=0, trash_acc={}, trash_sync=0, database=profile.db} ]
02-03 22:20:31.903 22353 22386 V CpEventLog(u10): cp_state: [               sa_profile = {contacts=0, raw_contacts=0, data=0, account={secphone(1)=0, com.google.work(2)=0, sim(3)=0, sim2(4)=0, agg(5)=0, vnd.sec.contact.phone_personal(6)=0, google(7)=0, com.microsoft.workaccount(11)=0, com.microsoft.workaccount(12)=0, com.microsoft.skydrive(13)=0}, trash=0, trash_acc={}, trash_sync=0, database=profile_sa.db} ]
02-03 22:20:31.903 22353 22386 V CpEventLog(u10): cp_state: [                      etc = {binders=0, country_iso=IN, version=15.4.39, db_version=1901, csc=/INU, sec_enabled=false, is_roaming=false} ]
02-03 22:20:31.903 22353 22386 V CpEventLog(u10): cp_state: ------------------------------------------------------------------------------
02-03 22:20:31.906  6716 12947 I ObjectPool@9791306: Ph_[checker Pool remains: , 9, ] [pool-94-thread-1] 
02-03 22:20:32.114  6926  6926 I AudioPathManager: loadAudioPath() : loaded audio path is bluetooth (2)
02-03 22:20:32.114  6926  6926 I EffectManager: isSupportDolbyAtmosOnThisAudioPath() : path is bluetooth (2)
02-03 22:20:32.114  6926  6926 I UHQUpscalerManager: isUHQCompatibleBluetooth() : support is 0, mode is 1
02-03 22:20:32.114  6926  6926 I AudioPathManager: loadAudioPath() : loaded audio path is bluetooth (2)
02-03 22:20:32.114  6926  6926 I EffectManager: isSupportVolumeNormalizationOnCurrentAudioPath() : path is bluetooth (2)
02-03 22:20:32.114  6926  6926 I DVFSHelper: isNecessaryToBoostCPU() : isDolbyOn? false, isUHQUpscalerOn? false, isVoiceBoostOn? false, isVolumeNormalizationOn? false
02-03 22:20:32.115  6926  6926 I DVFSHelper: acquireBoostingCPU() : stop boosting cpu
02-03 22:20:32.117  6926  6926 I AudioPathManager: loadAudioPath() : loaded audio path is bluetooth (2)
02-03 22:20:32.117  6926  6926 I EffectManager: isSupportDolbyAtmosOnThisAudioPath() : path is bluetooth (2)
02-03 22:20:32.117  6926  6926 I UHQUpscalerManager: isUHQCompatibleBluetooth() : support is 0, mode is 1
02-03 22:20:32.117  6926  6926 I AudioPathManager: loadAudioPath() : loaded audio path is bluetooth (2)
02-03 22:20:32.117  6926  6926 I EffectManager: isSupportVolumeNormalizationOnCurrentAudioPath() : path is bluetooth (2)
02-03 22:20:32.117  6926  6926 I DVFSHelper: isNecessaryToBoostCPU() : isDolbyOn? false, isUHQUpscalerOn? false, isVoiceBoostOn? false, isVolumeNormalizationOn? false
02-03 22:20:32.156  1231  8673 I sensors-hal: handle_sns_client_event:540, [0][28783] accel_sample [-0.122,  1.369,  9.729] 342588589202148
02-03 22:20:32.322  1630  2554 D InputDispatcher: Inject motion (9575/2000): action=0x0, time=154534425000000, f=0x0, d=0 dsdx=1.000000 dtdx=0.000000
02-03 22:20:32.326  1630  2660 I InputDispatcher: Delivering touch to (3474): action: 0x4, f=0x0, d=0, '431914a', t=1 
02-03 22:20:32.326  1630  2660 I InputDispatcher: Delivering touch to (2991): action: 0x4, f=0x0, d=0, '8f7d129', t=1 
02-03 22:20:32.326  1630  2660 I InputDispatcher: Delivering touch to (9475): action: 0x0, f=0x0, d=0, '761462c', t=1 *(1.01)
02-03 22:20:32.327  3474  3474 I HoneySpace.GestureInputHandler: inputConsumers = [com.honeyspace.gesture.inputconsumer.InputConsumer$Companion$NO_OP$1@49e45c5]
02-03 22:20:32.328  3474  3474 I HoneySpace.InputSession: inputConsumers = NO_OP
02-03 22:20:32.328  9475  9475 I VRI[MainActivity]@5832a1f: ViewPostIme pointer 0
02-03 22:20:32.328  3474  3474 I HoneySpace.InputSession: open
02-03 22:20:32.328  1630  2660 D PowerManagerService: [api] userActivityFromNative : touch displayId=0 eventTime=154534425
02-03 22:20:32.329  1630  2660 D PowerManagerService: UserActivityStateListenerState: 1
02-03 22:20:32.329  1429  1561 W ComposerExtn: DisplayExtnImpl::SetActiveConfig: HWC Display 3 is not registered!
02-03 22:20:32.330  6137  6137 I SemDvfsHyPerManager: acquire hyper - TABoost/6137@20, type = -999
02-03 22:20:32.332  1237  1371 I HYPER-HAL: [RequestManager.cpp]acquire(): Acquired ID : 18957423  [6137 / 20]    HINT :      list : [TABoost / 1] [TIMEOUT / 1500] 
02-03 22:20:32.334  1429  1429 W ComposerExtn: DisplayExtnImpl::SetActiveConfig: HWC Display 3 is not registered!
02-03 22:20:32.334  1429  1429 I SurfaceFlinger: Touch Boost - choose 120.00 Hz
02-03 22:20:32.335  1429  1429 I HWComposer: [4630947232161729155] ActiveConfigToHWC, ID : 0
02-03 22:20:32.336  1304  1534 I SDM     : HWCDisplay::SubmitDisplayConfig: [DispConfigs] config 2 => 0, hs_mode 3 => 3
02-03 22:20:32.336  1304  1534 I SDM     : DisplayBase::SetActiveConfig: [DispConfigs] 3 => 0 or hs mode is changed if same config
02-03 22:20:32.336  1304  1534 I SDM     : HWDeviceDRM::SetDisplaySwitchMode: POMS Switching to Mode	0
02-03 22:20:32.336  1304  1534 I SDM     : HWDeviceDRM::SetDisplaySwitchMode: [DispConfigs] check hs_mode 3
02-03 22:20:32.336  1304  1534 I SDM     : HWDeviceDRM::SetDisplaySwitchMode: [DispConfigs] Set mode index:0 832x2268x120x127680cmdHS, hs_mode(3), found_mode(0)
02-03 22:20:32.336  1630  1955 D LocalDisplayAdapter: updateActiveModeLocked for d=4630947232161729155, mActiveModeId=5, mActiveSfDisplayMode=DisplayMode{id=0, width=832, height=2268, xDpi=391.348, yDpi=389.237, peakRefreshRate=120.00001, vsyncRate=120.00001, appVsyncOffsetNanos=100000, presentationDeadlineNanos=9233333, supportedHdrTypes=[2, 3, 4], group=832}
02-03 22:20:32.336  1304  1534 I SDM     : HWDeviceDRM::UpdateMixerAttributes: Mixer WxH 832x2268-1 for Peripheral
02-03 22:20:32.337  1304  1534 I SDM     : HWCDisplay::SubmitDisplayConfig: Active configuration changed to: 0
02-03 22:20:32.337  1630  1955 I DisplayDeviceRepository: Display device changed render timings: "Built-in Screen", renderFrameRate=120.00001, presentationDeadlineNanos=9233333, appVsyncOffsetNanos=100000
02-03 22:20:32.338  1630  1951 I GestureDetector: obtain mCurrentDownEvent. id: -643457886 caller: com.android.server.wm.SystemGesturesPointerEventListener.onPointerEvent:17 com.android.server.wm.PointerEventDispatcher.onInputEvent:51 android.view.InputEventReceiver.dispatchInputEvent:385 
02-03 22:20:32.338  1630  1951 I GestureDetector: obtain mCurrentDownEvent. id: -643457886 caller: com.android.server.wm.SystemPerformancePointerEventListener.onPointerEvent:13 com.android.server.wm.PointerEventDispatcher.onInputEvent:51 android.view.InputEventReceiver.dispatchInputEvent:385 
02-03 22:20:32.340  1630  2114 D BrightnessThermalClamper: Thermal status observer already started
02-03 22:20:32.340  1630  4873 D LiftUpHandler: [LTW] Stopped already.
02-03 22:20:32.341  1429  1459 I VSyncReactor: Current= 60, Period= 120, hwcPeriod= 60
02-03 22:20:32.342  1630  1630 D SGM:GameManager: onDisplayChanged. displyId: 0, state: 2
02-03 22:20:32.342  1630  1630 D AODManagerService: requestReCalToTSP IsSingleTouchMode = falserequestedReCalToTSP = false / previousDisplayState = ON
02-03 22:20:32.343  1630  2685 D SGM:FgCheckThread: onLooperPrepared(), msg: MSG_LCD_ON
02-03 22:20:32.343  1630  1951 W LocalDisplayAdapter: Ignoring request for invalid base mode id 5
02-03 22:20:32.343  1405  2801 D AudioFlinger: setParameters: filtered dev setParameters keyvalue screen_state=on
02-03 22:20:32.344  1206  2517 D audio_hw_primary: adev_set_parameters: enter: screen_state=on
02-03 22:20:32.344  1206  2517 V audio_hw_sec: sec_set_parameters: enter
02-03 22:20:32.344  1206  2517 D sound_trigger_hw: handle_screen_status_change: screen on
02-03 22:20:32.344  1206  2517 D audio_hw_primary: adev_set_parameters: exit with code(0)
02-03 22:20:32.344  1206  2517 I Audio_a2dpsink_hw: adev_set_parameters: kevpairs=[screen_state=on]
02-03 22:20:32.347  5872  5872 I SPenContext: virtual void SPen::Context::SetDisplayRefreshRate(float) framerate=120
02-03 22:20:32.347  5872  5872 I LatencyConfiguration: void SPen::LatencyConfiguration::UpdateRefreshRate(float) RefreshRate=120.000008
02-03 22:20:32.347  5872  5872 I LatencyConfiguration: void SPen::LatencyConfiguration::UpdateRefreshRate(float) RefreshRateCallback 0xb400007c408e4ed0
02-03 22:20:32.347  5872  5872 I PredictorBase: virtual void SPen::PredictorBase::SetRefreshRate(float) Refresh rate: 120.000
02-03 22:20:32.347  5872  5872 I spe_log : virtual void SPen::FbrDrawPad::SetRefreshRate(float) = 120.000
02-03 22:20:32.347  5872  5872 I spe_log : virtual void SPen::FbrDrawPad::SetRefreshRate(float) mFrameDurationNano=8333333, mDisplayRefreshDurationNano: 8333333
02-03 22:20:32.347  5872  5872 I spe_log : virtual void SPen::LowLatencyStrokeView::SetRefreshRate(float) refresh rate=120.000
02-03 22:20:32.347  5872  5872 I VRI[InputMethod]@307b30c: onDisplayChanged oldDisplayState=2 newDisplayState=2
02-03 22:20:32.349 18854 18854 I VRI[HintService]@dfeec42: onDisplayChanged oldDisplayState=2 newDisplayState=2
02-03 22:20:32.349 22801 22801 I VRI[Settings]@c9346: onDisplayChanged oldDisplayState=2 newDisplayState=2
02-03 22:20:32.349  3474  3474 I VRI[RecentsTransitionOverlay]@ea10469: onDisplayChanged oldDisplayState=2 newDisplayState=2
