02-03 22:15:36.698  1630  1955 I EnterpriseDeviceAdminInfo: Add Granted permission : com.sec.enterprise.knox.permission.KNOX_CERTENROLL,com.samsung.android.knox.permission.KNOX_CERTIFICATE_ENROLLMENT
02-03 22:15:36.698  1630  1955 I EnterpriseDeviceAdminInfo: Add Granted permission : com.sec.enterprise.knox.permission.KNOX_CCM,com.samsung.android.knox.permission.KNOX_CCM_KEYSTORE
02-03 22:15:36.698  1630  1955 I EnterpriseDeviceAdminInfo: Add Granted permission : com.sec.enterprise.knox.permission.KNOX_SEAMS_SEPOLICY
02-03 22:15:36.698  1630  1955 I EnterpriseDeviceAdminInfo: Add Granted permission : com.samsung.android.knox.permission.KNOX_ADVANCED_APP_MGMT
02-03 22:15:36.698  1630  1955 I EnterpriseDeviceAdminInfo: Add Granted permission : com.samsung.android.knox.permission.KNOX_ADVANCED_RESTRICTION
02-03 22:15:36.698  1630  1955 I EnterpriseDeviceAdminInfo: Add Granted permission : com.samsung.android.knox.permission.KNOX_ADVANCED_SECURITY
02-03 22:15:36.698  1630  1955 I EnterpriseDeviceAdminInfo: Add Granted permission : com.samsung.android.knox.permission.KNOX_AUDIT_LOG
02-03 22:15:36.699  1630  1955 I EnterpriseDeviceAdminInfo: Add Granted permission : com.sec.enterprise.knox.permission.KNOX_CCM,com.samsung.android.knox.permission.KNOX_CCM_KEYSTORE
02-03 22:15:36.699  1630  1955 I EnterpriseDeviceAdminInfo: Add Granted permission : com.samsung.android.knox.permission.KNOX_CERTIFICATE
02-03 22:15:36.699  1630  1955 I EnterpriseDeviceAdminInfo: Add Granted permission : com.sec.enterprise.knox.permission.KNOX_CERTENROLL,com.samsung.android.knox.permission.KNOX_CERTIFICATE_ENROLLMENT
02-03 22:15:36.699  1630  1955 I EnterpriseDeviceAdminInfo: Add Granted permission : com.samsung.android.knox.permission.KNOX_CONTAINER
02-03 22:15:36.699  1630  1955 I EnterpriseDeviceAdminInfo: Add Granted permission : com.sec.enterprise.knox.permission.KNOX_RCP_SYNC_MGMT,com.samsung.android.knox.permission.KNOX_CONTAINER_RCP
02-03 22:15:36.699  1630  1955 I EnterpriseDeviceAdminInfo: Add Granted permission : com.samsung.android.knox.permission.KNOX_EBILLING
02-03 22:15:36.699  1630  1955 I EnterpriseDeviceAdminInfo: Add Granted permission : com.samsung.android.knox.permission.KNOX_NPA
02-03 22:15:36.699  1630  1955 I EnterpriseDeviceAdminInfo: Add Granted permission : com.sec.enterprise.knox.permission.KNOX_SEAMS,com.samsung.android.knox.permission.KNOX_SEAMS_MGMT
02-03 22:15:36.699  1630  1955 I EnterpriseDeviceAdminInfo: Add Granted permission : com.sec.enterprise.knox.permission.KNOX_KEYSTORE,com.samsung.android.knox.permission.KNOX_TIMA_KEYSTORE
02-03 22:15:36.699  1630  1955 I EnterpriseDeviceAdminInfo: Add Granted permission : com.samsung.android.knox.permission.KNOX_TIMA_KEYSTORE_PER_APP
02-03 22:15:36.699  1630  1955 I EnterpriseDeviceAdminInfo: Add Granted permission : com.samsung.android.knox.permission.KNOX_VPN_CONTAINER
02-03 22:15:36.699  1630  1955 I EnterpriseDeviceAdminInfo: Add Granted permission : com.samsung.android.knox.permission.KNOX_VPN_GENERIC
02-03 22:15:36.699  1630  1955 I EnterpriseDeviceAdminInfo: Add Granted permission : com.samsung.android.knox.permission.KNOX_DEVICE_CONFIGURATION
02-03 22:15:36.699  1630  1955 I EnterpriseDeviceAdminInfo: Add Granted permission : com.samsung.android.knox.permission.KNOX_MOBILE_THREAT_DEFENSE
02-03 22:15:36.699  1630  1955 I EnterpriseDeviceAdminInfo: Add Granted permission : com.samsung.android.knox.permission.KNOX_APP_SEPARATION
02-03 22:15:36.699  1630  1955 I EnterpriseDeviceAdminInfo: Add Granted permission : com.samsung.android.knox.permission.KNOX_NETWORK_FILTER_MGMT
02-03 22:15:36.699  1630  1955 I EnterpriseDeviceAdminInfo: Add Granted permission : com.sec.enterprise.knox.permission.CUSTOM_SETTING,com.samsung.android.knox.permission.KNOX_CUSTOM_SETTING
02-03 22:15:36.699  1630  1955 I EnterpriseDeviceAdminInfo: Add Granted permission : com.sec.enterprise.knox.permission.CUSTOM_SYSTEM,com.samsung.android.knox.permission.KNOX_CUSTOM_SYSTEM
02-03 22:15:36.699  1630  1955 I EnterpriseDeviceAdminInfo: Add Granted permission : com.sec.enterprise.knox.permission.CUSTOM_SEALEDMODE,com.samsung.android.knox.permission.KNOX_CUSTOM_SEALEDMODE
02-03 22:15:36.699  1630  1955 I EnterpriseDeviceAdminInfo: Add Granted permission : com.samsung.android.knox.permission.KNOX_CUSTOM_DEX
02-03 22:15:36.699  1630  1955 I EnterpriseDeviceAdminInfo: Add Granted permission : com.samsung.android.knox.permission.KNOX_CUSTOM_PROKIOSK
02-03 22:15:36.699  1630  1955 I EnterpriseDeviceAdminInfo: Add Granted permission : com.sec.enterprise.knox.permission.CUSTOM_SETTING,com.samsung.android.knox.permission.KNOX_CUSTOM_SETTING
02-03 22:15:36.699  1630  1955 I EnterpriseDeviceAdminInfo: Add Granted permission : com.sec.enterprise.knox.permission.CUSTOM_SYSTEM,com.samsung.android.knox.permission.KNOX_CUSTOM_SYSTEM
02-03 22:15:36.699  1630  1955 I EnterpriseDeviceAdminInfo: Add Granted permission : com.samsung.android.knox.permission.KNOX_API_ACCESS_GRANT
02-03 22:15:36.699  1630  1955 D EnterpriseDeviceManagerService: isMdmAdminPresentInternal() : MDM Admin Found - com.airwatch.androidagent
02-03 22:15:36.691 21273 21307 I drrz    : #logGrowthTrackingUsageInfo
02-03 22:15:36.699  6137  7020 I SDHMS:l : handleResumeComponent : put = com.pricehunt, userid = 0 instanceid =106287097
02-03 22:15:36.700  4896  4963 D HWUI    : CacheManager constructor. deviceInfo=(1080, 1920)
02-03 22:15:36.700 21273 21307 I drrz    : #cacheAggregateUsage
02-03 22:15:36.700 21273 21328 I drrz    : #logGrowthTrackingUsageInfo
02-03 22:15:36.701  3474  3989 I HoneySpace.RecentTasks: onRecentTasksChanged
02-03 22:15:36.701 21273 21273 I VRI[LauncherActivity]@66e68da: handleAppVisibility mAppVisible = true visible = false
02-03 22:15:36.701 21273 21273 D VRI[LauncherActivity]@66e68da: visibilityChanged oldVisibility=true newVisibility=false
02-03 22:15:36.701  4896  4963 I AdrenoGLES-0: QUALCOMM build                   : 9ad1b67875, Ib48d2dada6
02-03 22:15:36.701  4896  4963 I AdrenoGLES-0: Build Date                       : 05/11/25
02-03 22:15:36.701  4896  4963 I AdrenoGLES-0: OpenGL ES Shader Compiler Version: EV031.35.01.12
02-03 22:15:36.701  4896  4963 I AdrenoGLES-0: Local Branch                     : 
02-03 22:15:36.701  4896  4963 I AdrenoGLES-0: Remote Branch                    : refs/tags/AU_LINUX_ANDROID_LA.UM.9.14.11.00.00.571.148
02-03 22:15:36.701  4896  4963 I AdrenoGLES-0: Remote Branch                    : NONE
02-03 22:15:36.701  4896  4963 I AdrenoGLES-0: Reconstruct Branch               : NOTHING
02-03 22:15:36.701  4896  4963 I AdrenoGLES-0: Build Config                     : S P 10.0.7 AArch64
02-03 22:15:36.701  4896  4963 I AdrenoGLES-0: Driver Path                      : /vendor/lib64/egl/libGLESv2_adreno.so
02-03 22:15:36.703  1429  1429 D SurfaceFlinger: Display 4630947232161729155 HWC layers:
02-03 22:15:36.703  1429  1429 D SurfaceFlinger:        DEVICE |   0xb400007b3d0b1830 | 0000 | RGBA_8888    |    0.0    0.0  840.0 2289.0 |    0    0  832 2267 | Wallpaper BBQ wrapper 17_system#189 (596043)
02-03 22:15:36.703  1429  1429 D SurfaceFlinger:        DEVICE |   0xb400007b3d0855b0 | 0001 | RGBA_8888    |    0.0    0.0  840.0 2289.0 |    0    0  832 2267 | Splash Screen com.pricehunt$_2991#52563 (1)
02-03 22:15:36.703  1429  1429 D SurfaceFlinger:        DEVICE |   0xb400007b3d091190 | 0001 | RGBA_8888    |    0.0    0.0  840.0   82.0 |    0    0  832   81 | StatusBar$_2991#135 (94689)
02-03 22:15:36.703  1429  1429 D SurfaceFlinger:        DEVICE |   0xb400007b3d06c260 | 0001 | RGBA_8888    |    0.0    0.0   67.0  210.0 |  766 1196  832 1404 | com.sec.android.app.launcher/com.sam[...]l.app.CocktailBarService$_3474#52539 (1)
02-03 22:15:36.703  1429  1429 D SurfaceFlinger:        CLIENT |   0xb400007b3d09c620 | 0001 | RGBA_8888    |    0.0    0.0  840.0  126.0 |    0 2142  832 2267 | NavigationBar0$_2991#128 (55607)
02-03 22:15:36.703  1429  1429 D SurfaceFlinger: 
02-03 22:15:36.703  1429  1429 I SurfaceFlinger: destroyed Transition Root: Task=4525#52564
02-03 22:15:36.703  1231  1231 I sensors-hal: activate:434, android.sensor.game_rotation_vector/151 en=0
02-03 22:15:36.704  1429  1429 I Layer   : id=52564 Destroyed Transition Root: Task=4525#52564
02-03 22:15:36.704  1187  1309 E minksocket: MinkIPC_QRTR_Service: client with node 1 port 4efd went down
02-03 22:15:36.705  1231  1231 I sensors-hal: deactivate:384, disconnect qmi to disable sensor
02-03 22:15:36.705  1231  1231 I sensors-hal: activate:452, android.sensor.game_rotation_vector/151 en=0 completed
02-03 22:15:36.707  1429  1429 I SurfaceFlinger: Layer [ActivityRecord{1e03385 u0 com.sec.an[...]tivities.LauncherActivity t4013}#176] hidden!! flag(1)
02-03 22:15:36.707  1429  1429 I SurfaceFlinger: Layer [com.samsung.android.wonderland.wallp[...]derLandWallpaperSubService$_5917#188] hidden!! flag(1)
02-03 22:15:36.707  1429  1429 I SurfaceFlinger: Layer [com.sec.android.app.launcher/com.sec[...]ivities.LauncherActivity$_3474#52550] hidden!! flag(1)
02-03 22:15:36.707  1429  1429 I SurfaceFlinger: Layer [com.sec.android.app.launcher/com.sec[...]vities.LauncherActivity$_21273#52549] hidden!! flag(1)
02-03 22:15:36.707  1429  1429 I SurfaceFlinger: Layer [Task=4013#175] hidden!! flag(1)
02-03 22:15:36.707  1429  1429 I SurfaceFlinger: Layer [WallpaperWindowToken{e9c47b2 token=android.os.Binder@b7cf914}#173] hidden!! flag(1)
02-03 22:15:36.708  1630  1955 D SGM:GameManager: identifyGamePackage. com.pricehunt, mCurrentUserId: 0, callerUserId: 0, callingMethodInfo: com.samsung.android.game.SemGameManager.isGamePackage(SemGameManager.java:105)
02-03 22:15:36.708  1630  1955 D SGM:SemGameManager: isGamePackage(), pkgName=com.pricehunt, ret=false
02-03 22:15:36.708  1630  1955 D SGM:FgCheckThread: noteResumeComponent(), received pkgName: com.pricehunt, userId: 0
02-03 22:15:36.708  1630  6020 V WindowManager: Relayout Window{f5d329f u0 com.sec.android.app.launcher/com.sec.android.app.launcher.activities.LauncherActivity}: viewVisibility=8 req=840x2289 ty=1 d0
02-03 22:15:36.708  1630  3159 W system_server: Large reply transaction of 443400 bytes, interface descriptor android.app.IActivityTaskManager, code 25
02-03 22:15:36.708  1429  1429 W ComposerExtn: DisplayExtnImpl::SetActiveConfig: HWC Display 3 is not registered!
02-03 22:15:36.709 21273 21402 D HWUI    : CacheManager::trimMemory(20)
02-03 22:15:36.709  1630  2685 D SGM:FgCheckThread: onLooperPrepared(), msg: MSG_APP_RESUME, pkgName: com.pricehunt, userid: 0
02-03 22:15:36.709  1630  2685 D SGM:FgCheckThread: handleResume().
02-03 22:15:36.709  1630  2685 D SGM:FgCheckThread: sendFocusOutConditionally() - mPrevNotiPkg: com.sec.android.app.samsungapps, userId: 0
02-03 22:15:36.709  1630  2685 D SGM:FgCheckThread:   handleResume(). pkgName: com.pricehunt, userId: 0, category: non-game
02-03 22:15:36.709  1630  2685 D SGM:FgCheckThread: notifyFocusInOut(). of pkg: com.pricehunt, type: 4, isSecGameFamily: false, userId: 0
02-03 22:15:36.709  1630  2685 D SGM:FgCheckThread:   notifyFocusInOut(). do nothing
02-03 22:15:36.709  1630  2685 D SGM:SystemHelper: callReleaseBlock needReleaseBlock:false
02-03 22:15:36.710 21273 21307 I drrz    : #cacheAggregateUsage
02-03 22:15:36.710  4896  4963 I AdrenoGLES-0: PFP: 0x016dc094, ME: 0x00000000
02-03 22:15:36.710 21273 21307 I drrz    : #truncateUsage
02-03 22:15:36.711 21273 21307 I duao    : (REDACTED) Collecting Facts. Facts filler count: %s
02-03 22:15:36.712  2991  2991 I {OngoingActivityDataHelper}: setBaseActivityComponentName:ComponentInfo{com.pricehunt/com.pricehunt.presentation.MainActivity}
02-03 22:15:36.712  2991  2991 I ControlPanelService: startId : 8819
02-03 22:15:36.712  2991  2991 D NavigationBarControllerImpl: setNavigationBarShortcut requestClass : com.android.wm.shell.controlpanel.activity.FlexPanelActivity, remoteViews : null, position : 0, priority : 11
02-03 22:15:36.712  2991  2991 D RemoteViewPack: OnSetRemoteView RemoteViewShortcut(requestClass=com.android.wm.shell.controlpanel.activity.FlexPanelActivity, remoteViews=null, position=0, priority=11)
02-03 22:15:36.712  2991  2991 D NavBarStateManager: NavBarStates(0) isGameMode: false
02-03 22:15:36.712  2991  2991 D TaskBarPack: OnSetRemoteView Bundle[{remoteViews=null, priority=11, position=0, requestClass=com.android.wm.shell.controlpanel.activity.FlexPanelActivity}]
02-03 22:15:36.712  2991  2991 D TaskBarDelegate: handleNavigationBarEvent() TaskbarDelegate is not initialized.
02-03 22:15:36.712  1630  6020 V WindowManager: Relayout hash=f5d329f, pid=3474, syncId=-1: mAttrs={(0,0)(fillxfill) sim={adjust=nothing} layoutInDisplayCutoutMode=always ty=BASE_APPLICATION fmt=TRANSPARENT wanim=0x1030301
02-03 22:15:36.712  1630  6020 V WindowManager:   fl=81910100
02-03 22:15:36.712  1630  6020 V WindowManager:   pfl=10008840
02-03 22:15:36.712  1630  6020 V WindowManager:   apr=8
02-03 22:15:36.712  1630  6020 V WindowManager:   bhv=2
02-03 22:15:36.712  1630  6020 V WindowManager:   fitSides=0
02-03 22:15:36.712  1630  6020 V WindowManager:   frameRateBoostOnTouch=true
02-03 22:15:36.712  1630  6020 V WindowManager:   dvrrWindowFrameRateHint=true screenDimDuration=40000 naviIconColor=0}
02-03 22:15:36.712  2991  2991 D Navbar.Store: ----handleEvent(0) OnUpdateRemoteViewContainer(rotation=0, leftContainer=android.widget.LinearLayout{c5b3f03 I.E...... ......ID 64,0-181,126 #7f0a0625 app:id/left_remoteview}, rightContainer=android.widget.LinearLayout{f16bcb9 I.E...... ......I. 659,0-776,126 #7f0a09e0 app:id/right_remoteview}, contextualButtonVisible=false, darkIntensity=0.0, displayId=0) [Module] SamsungNavigationBarView
02-03 22:15:36.713  2991  2991 D Navbar.Store: ------[Band]REMOTE_VIEW_PACK_SET_REMOTEVIEW_CONTAINER
02-03 22:15:36.713  2991  2991 D Navbar.Store: --------apply(0) NavBarStoreAction$UpdateRemoteViewContainer
02-03 22:15:36.713  1630  2556 V WindowManager: Relayout Window{48def57 u0 com.sec.android.app.launcher/com.sec.android.app.launcher.activities.LauncherActivity}: viewVisibility=8 req=840x2289 ty=4 d0
02-03 22:15:36.713  2991  2991 D Navbar.Store: --------apply(0) NavBarStoreAction$UpdateRemoteViewDarkIntensity
02-03 22:15:36.713  2991  2991 D NavigationBarControllerImpl: setNavigationBarShortcut requestClass : com.android.wm.shell.controlpanel.activity.FlexPanelActivity, remoteViews : null, position : 0, priority : 11
02-03 22:15:36.713  2991  2991 D RemoteViewPack: OnSetRemoteView RemoteViewShortcut(requestClass=com.android.wm.shell.controlpanel.activity.FlexPanelActivity, remoteViews=null, position=0, priority=11)
02-03 22:15:36.713  2991  2991 D NavBarStateManager: NavBarStates(0) isGameMode: false
02-03 22:15:36.713  2991  2991 D TaskBarPack: OnSetRemoteView Bundle[{remoteViews=null, priority=11, position=0, requestClass=com.android.wm.shell.controlpanel.activity.FlexPanelActivity}]
02-03 22:15:36.713  2991  2991 D TaskBarDelegate: handleNavigationBarEvent() TaskbarDelegate is not initialized.
02-03 22:15:36.713  1231 31796 I sensors-hal: handle_sns_std_sensor_event:141, [SSC_LIGHT] P: 33(33),ch0:3296,ch1:0,c:0,w:0,l:19,m:2,br:57,c1:85,c2:123,i:1
02-03 22:15:36.713  2991  2991 D Navbar.Store: ----handleEvent(0) OnUpdateRemoteViewContainer(rotation=0, leftContainer=android.widget.LinearLayout{c5b3f03 I.E...... ......ID 64,0-181,126 #7f0a0625 app:id/left_remoteview}, rightContainer=android.widget.LinearLayout{f16bcb9 I.E...... ......I. 659,0-776,126 #7f0a09e0 app:id/right_remoteview}, contextualButtonVisible=false, darkIntensity=0.0, displayId=0) [Module] SamsungNavigationBarView
02-03 22:15:36.713  2991  2991 D Navbar.Store: ------[Band]REMOTE_VIEW_PACK_SET_REMOTEVIEW_CONTAINER
02-03 22:15:36.713  2991  2991 D Navbar.Store: --------apply(0) NavBarStoreAction$UpdateRemoteViewContainer
02-03 22:15:36.713  2991  2991 D Navbar.Store: --------apply(0) NavBarStoreAction$UpdateRemoteViewDarkIntensity
02-03 22:15:36.714  1630  6020 W ParceledListSlice: Element #16 is 21876 bytes.
02-03 22:15:36.714  3474  3474 I VRI[LauncherActivity]@ea4152a: Relayout returned: old=(0,0,840,2289) new=(0,0,840,2289) relayoutAsync=false req=(840,2289)8 dur=13 res=0x2 s={false 0x0} ch=true seqId=0
02-03 22:15:36.715  1429  1429 D SurfaceFlinger: Display 4630947232161729155 HWC layers:
02-03 22:15:36.715  1429  1429 D SurfaceFlinger:        DEVICE |   0xb400007b3d0855b0 | 0001 | RGBA_8888    |    0.0    0.0  840.0 2289.0 |    0    0  832 2267 | Splash Screen com.pricehunt$_2991#52563 (1)
02-03 22:15:36.715  1429  1429 D SurfaceFlinger:        DEVICE |   0xb400007b3d091190 | 0001 | RGBA_8888    |    0.0    0.0  840.0   82.0 |    0    0  832   81 | StatusBar$_2991#135 (94689)
02-03 22:15:36.715  1429  1429 D SurfaceFlinger:        DEVICE |   0xb400007b3d06c260 | 0001 | RGBA_8888    |    0.0    0.0   67.0  210.0 |  766 1196  832 1404 | com.sec.android.app.launcher/com.sam[...]l.app.CocktailBarService$_3474#52539 (1)
02-03 22:15:36.715  1429  1429 D SurfaceFlinger:        DEVICE |   0xb400007b3d09c620 | 0001 | RGBA_8888    |    0.0    0.0  840.0  126.0 |    0 2142  832 2267 | NavigationBar0$_2991#128 (55607)
02-03 22:15:36.715  1429  1429 D SurfaceFlinger: 
02-03 22:15:36.715 21273 21305 I drrz    : #truncateUsage
02-03 22:15:36.716 21273 21305 I duao    : (REDACTED) Collecting Facts. Facts filler count: %s
02-03 22:15:36.716 21273 21305 I blwe    : Filling beacon facts.
02-03 22:15:36.716  1429  1429 W Layer   : gatherBufferInfo: Received unknown dataspace from gralloc
02-03 22:15:36.716 21273 21307 I blwe    : Filling beacon facts.
02-03 22:15:36.717  1630  6020 W ParceledListSlice: Element #22 is 23412 bytes.
02-03 22:15:36.717 21273 21305 I drrz    : #getFeatureUsageInfo
02-03 22:15:36.718  1630  2792 I CocktailBarManagerServiceContainer: handleMessage: entry what = 5
02-03 22:15:36.718  1630  2556 V WindowManager: Relayout hash=48def57, pid=21273, syncId=-1: mAttrs={(0,0)(fillxfill) gr=LEFT CENTER_HORIZONTAL sim={adjust=resize} layoutInDisplayCutoutMode=always ty=DRAWN_APPLICATION fmt=TRANSPARENT wanim=0x1030301 alpha=0.0
02-03 22:15:36.718  1630  2556 V WindowManager:   fl=81850118
02-03 22:15:36.718  1630  2556 V WindowManager:   pfl=10008840
02-03 22:15:36.718  1630  2556 V WindowManager:   bhv=1
02-03 22:15:36.718  1630  2556 V WindowManager:   fitSides=0
02-03 22:15:36.718  1630  2556 V WindowManager:   frameRateBoostOnTouch=true
02-03 22:15:36.718  1630  2556 V WindowManager:   dvrrWindowFrameRateHint=true
02-03 22:15:36.718  1630  2556 V WindowManager:  dimAmount=0.0 screenDimDuration=40000 naviIconColor=0}
02-03 22:15:36.719  3474  3474 I HoneySpace.EdgePanel.CocktailHostRepositoryImpl: onNoteResume
02-03 22:15:36.719  3474  3474 I HoneySpace.EdgePanel.EdgeContainerViewModel: cocktailHostRepository.edgePanelOperation NoteResumeComponent(componentName=ComponentInfo{com.pricehunt/com.pricehunt.presentation.MainActivity})
02-03 22:15:36.719  1630  2556 W ParceledListSlice: Element #34 is 24684 bytes.
02-03 22:15:36.719  3474 27174 I HoneySpace.EdgePanel.ActivityUtils: HomePackage : com.sec.android.app.launcher, resumePackageName : com.pricehunt
02-03 22:15:36.720 21273 21336 I drrz    : #getFeatureUsageInfo
02-03 22:15:36.720  1630  5998 W UserManagerService: Requested status bar icon for non-badged user 0
02-03 22:15:36.721 21273 21273 I VRI[LauncherActivity]@66e68da: Relayout returned: old=(0,0,840,2289) new=(0,0,840,2289) relayoutAsync=false req=(840,2289)8 dur=11 res=0x2 s={false 0x0} ch=true seqId=0
02-03 22:15:36.721 21273 21273 D VRI[LauncherActivity]@66e68da: Not drawing due to not visible. Reason=!mAppVisible && !mForceDecorViewVisibility
02-03 22:15:36.721  1630  5998 W UserManagerService: Requested status bar icon for non-badged user 0
02-03 22:15:36.725  1429  1429 W Layer   : gatherBufferInfo: Received unknown dataspace from gralloc
02-03 22:15:36.726  1630  1955 D PowerManagerService: [api] setScreenDimDurationOverrideFromWindowManagerInternal: timeoutMillis: -1
02-03 22:15:36.727  2991  3023 W ndroid.systemui: Large reply transaction of 405148 bytes, interface descriptor com.android.wm.shell.recents.IRecentTasks, code 4
02-03 22:15:36.733  4896  4896 I DecorView: setWindowBackground: isPopOver=false color=ff0a0a0f d=android.graphics.drawable.ColorDrawable@da513e6
02-03 22:15:36.737  3474 27174 I HoneySpace.HistoryViewModel@64637423@OneUI: Illegal access. Unknown type. skip load history items
02-03 22:15:36.737  3474  3989 I HoneySpace.HistoryViewModel@129678705@OneUI: task bar is not showing. skip load history items
02-03 22:15:36.738  3474  3989 I HoneySpace.HistoryViewModel@129678705@OneUI: launcherShowing : false, recentShowing : false, isInteractive : true, state : 0minusOne : false
02-03 22:15:36.741 21273 21458 I bpdt    : (REDACTED) SBN: refreshCache, this: %s, fromBackground: %s
02-03 22:15:36.741 21273 21458 I bpdt    : SBN: start network request
02-03 22:15:36.744 21273 21336 I drgp    : (REDACTED) Eligibility is %d
02-03 22:15:36.744 21273 21569 I drgp    : (REDACTED) Eligibility is %d
02-03 22:15:36.754 21273 21458 W bpdt    : Failed to fetch enrollment status from OnePlatform
02-03 22:15:36.754 21273 21458 W bpdt    : fgon: UNKNOWN
02-03 22:15:36.754 21273 21458 W bpdt    : 	at fhiu.a(PG:41)
02-03 22:15:36.754 21273 21458 W bpdt    : 	at etjt.i(PG:98)
02-03 22:15:36.754 21273 21458 W bpdt    : 	at etjt.v(PG:23)
02-03 22:15:36.754 21273 21458 W bpdt    : 	at etjt.a(PG:8)
02-03 22:15:36.754 21273 21458 W bpdt    : 	at etkf.run(PG:9)
02-03 22:15:36.754 21273 21458 W bpdt    : 	at etkh.h(PG:28)
02-03 22:15:36.754 21273 21458 W bpdt    : 	at etkh.a(PG:6)
02-03 22:15:36.754 21273 21458 W bpdt    : 	at etjl.run(PG:143)
02-03 22:15:36.754 21273 21458 W bpdt    : 	at etjk.run(PG:163)
02-03 22:15:36.754 21273 21458 W bpdt    : 	at esaf.run(PG:64)
02-03 22:15:36.754 21273 21458 W bpdt    : 	at erye.execute(PG:1)
02-03 22:15:36.754 21273 21458 W bpdt    : 	at etjp.execute(PG:3)
02-03 22:15:36.754 21273 21458 W bpdt    : 	at esag.execute(PG:34)
02-03 22:15:36.754 21273 21458 W bpdt    : 	at etji.execute(PG:11)
02-03 22:15:36.754 21273 21458 W bpdt    : 	at erwk.e(PG:1)
02-03 22:15:36.754 21273 21458 W bpdt    : 	at erwk.k(PG:95)
02-03 22:15:36.754 21273 21458 W bpdt    : 	at erwk.n(PG:15)
02-03 22:15:36.754 21273 21458 W bpdt    : 	at eryb.c(PG:3)
02-03 22:15:36.754 21273 21458 W bpdt    : 	at eryc.e(PG:6)
02-03 22:15:36.754 21273 21458 W bpdt    : 	at erzq.run(PG:73)
02-03 22:15:36.754 21273 21458 W bpdt    : 	at erye.execute(PG:1)
02-03 22:15:36.754 21273 21458 W bpdt    : 	at eryc.f(PG:3)
02-03 22:15:36.754 21273 21458 W bpdt    : 	at eryd.g(PG:5)
02-03 22:15:36.754 21273 21458 W bpdt    : 	at erwu.f(PG:53)
02-03 22:15:36.754 21273 21458 W bpdt    : 	at erwt.run(PG:5)
02-03 22:15:36.754 21273 21458 W bpdt    : 	at erye.execute(PG:1)
02-03 22:15:36.754 21273 21458 W bpdt    : 	at erwk.e(PG:1)
02-03 22:15:36.754 21273 21458 W bpdt    : 	at erwk.k(PG:95)
02-03 22:15:36.754 21273 21458 W bpdt    : 	at erwk.n(PG:15)
02-03 22:15:36.754 21273 21458 W bpdt    : 	at erxz.g(PG:49)
02-03 22:15:36.754 21273 21458 W bpdt    : 	at erwu.f(PG:53)
02-03 22:15:36.754 21273 21458 W bpdt    : 	at erwu.u(PG:18)
02-03 22:15:36.754 21273 21458 W bpdt    : 	at erws.run(PG:7)
02-03 22:15:36.754 21273 21458 W bpdt    : 	at erye.execute(PG:1)
02-03 22:15:36.754 21273 21458 W bpdt    : 	at erwk.e(PG:1)
02-03 22:15:36.754 21273 21458 W bpdt    : 	at erwk.k(PG:95)
02-03 22:15:36.754 21273 21458 W bpdt    : 	at erwk.n(PG:15)
02-03 22:15:36.754 21273 21458 W bpdt    : 	at fjcb.y(PG:5)
02-03 22:15:36.754 21273 21458 W bpdt    : 	at fipq.z(PG:19)
02-03 22:15:36.754 21273 21458 W bpdt    : 	at fist.d(PG:43)
02-03 22:15:36.754 21273 21458 W bpdt    : 	at fist.F(PG:5)
02-03 22:15:36.754 21273 21458 W bpdt    : 	at fipq.resumeWith(PG:5)
02-03 22:15:36.754 21273 21458 W bpdt    : 	at fihg.resumeWith(PG:38)
02-03 22:15:36.754 21273 21458 W bpdt    : 	at firi.run(PG:115)
02-03 22:15:36.754 21273 21458 W bpdt    : 	at ehji.run(PG:3)
02-03 22:15:36.754 21273 21458 W bpdt    : 	at eiuy.run(PG:17)
02-03 22:15:36.754 21273 21458 W bpdt    : 	at cnjw.run(PG:5)
02-03 22:15:36.754 21273 21458 W bpdt    : 	at equw.run(PG:46)
02-03 22:15:36.754 21273 21458 W bpdt    : 	at cnji.run(PG:81)
02-03 22:15:36.754 21273 21458 W bpdt    : 	at java.lang.Thread.run(Thread.java:1563)
02-03 22:15:36.754 21273 21458 W bpdt    : 	at cnla.run(PG:63)
02-03 22:15:36.754 21273 21458 W bpdt    : Caused by: java.lang.IllegalStateException: Used non-google account without enabling API Key fallback
02-03 22:15:36.754 21273 21458 W bpdt    : 	at epkg.D(PG:10)
02-03 22:15:36.754 21273 21458 W bpdt    : 	at etgf.b(PG:138)
02-03 22:15:36.754 21273 21458 W bpdt    : 	at etjr.j(PG:42)
02-03 22:15:36.754 21273 21458 W bpdt    : 	at etjk.run(PG:259)
02-03 22:15:36.754 21273 21458 W bpdt    : 	at eivc.run(PG:28)
02-03 22:15:36.754 21273 21458 W bpdt    : 	at etjk.run(PG:163)
02-03 22:15:36.754 21273 21458 W bpdt    : 	at esae.run(PG:3)
02-03 22:15:36.754 21273 21458 W bpdt    : 	at esaf.run(PG:64)
02-03 22:15:36.754 21273 21458 W bpdt    : 	at erye.execute(PG:1)
02-03 22:15:36.754 21273 21458 W bpdt    : 	at etjp.execute(PG:3)
02-03 22:15:36.754 21273 21458 W bpdt    : 	at esag.execute(PG:34)
02-03 22:15:36.754 21273 21458 W bpdt    : 	at etji.execute(PG:11)
02-03 22:15:36.754 21273 21458 W bpdt    : 	at etjr.a(PG:36)
02-03 22:15:36.754 21273 21458 W bpdt    : 	at etka.a(PG:63)
02-03 22:15:36.754 21273 21458 W bpdt    : 	at etjr.q(PG:102)
02-03 22:15:36.754 21273 21458 W bpdt    : 	at etjr.j(PG:99)
02-03 22:15:36.754 21273 21458 W bpdt    : 	at etjk.run(PG:259)
02-03 22:15:36.754 21273 21458 W bpdt    : 	at eivc.run(PG:28)
02-03 22:15:36.754 21273 21458 W bpdt    : 	at etjk.run(PG:163)
02-03 22:15:36.754 21273 21458 W bpdt    : 	at esae.run(PG:3)
02-03 22:15:36.754 21273 21458 W bpdt    : 	at esaf.run(PG:64)
02-03 22:15:36.754 21273 21458 W bpdt    : 	at erye.execute(PG:1)
02-03 22:15:36.754 21273 21458 W bpdt    : 	at etjp.execute(PG:3)
02-03 22:15:36.754 21273 21458 W bpdt    : 	at esag.execute(PG:34)
02-03 22:15:36.754 21273 21458 W bpdt    : 	at etji.execute(PG:11)
02-03 22:15:36.754 21273 21458 W bpdt    : 	at etjr.a(PG:36)
02-03 22:15:36.754 21273 21458 W bpdt    : 	at etka.a(PG:63)
02-03 22:15:36.754 21273 21458 W bpdt    : 	at etii.a(PG:32)
02-03 22:15:36.754 21273 21458 W bpdt    : 	at etjr.q(PG:102)
02-03 22:15:36.754 21273 21458 W bpdt    : 	at etjr.j(PG:99)
02-03 22:15:36.754 21273 21458 W bpdt    : 	at etjk.run(PG:259)
02-03 22:15:36.754 21273 21458 W bpdt    : 	at eivc.run(PG:28)
02-03 22:15:36.754 21273 21458 W bpdt    : 	at etjk.run(PG:163)
02-03 22:15:36.754 21273 21458 W bpdt    : 	at esae.run(PG:3)
02-03 22:15:36.754 21273 21458 W bpdt    : 	at esaf.run(PG:64)
02-03 22:15:36.754 21273 21458 W bpdt    : 	at erye.execute(PG:1)
02-03 22:15:36.754 21273 21458 W bpdt    : 	at etjp.execute(PG:3)
02-03 22:15:36.754 21273 21458 W bpdt    : 	at esag.execute(PG:34)
02-03 22:15:36.754 21273 21458 W bpdt    : 	at etji.execute(PG:11)
02-03 22:15:36.754 21273 21458 W bpdt    : 	at etjr.a(PG:36)
02-03 22:15:36.754 21273 21458 W bpdt    : 	at etka.a(PG:63)
02-03 22:15:36.754 21273 21458 W bpdt    : 	at etjr.q(PG:102)
02-03 22:15:36.754 21273 21458 W bpdt    : 	at etjr.j(PG:99)
02-03 22:15:36.754 21273 21458 W bpdt    : 	at etjk.run(PG:259)
02-03 22:15:36.754 21273 21458 W bpdt    : 	at eivc.run(PG:28)
02-03 22:15:36.754 21273 21458 W bpdt    : 	at etjk.run(PG:163)
02-03 22:15:36.754 21273 21458 W bpdt    : 	at esae.run(PG:3)
02-03 22:15:36.754 21273 21458 W bpdt    : 	at esaf.run(PG:64)
02-03 22:15:36.754 21273 21458 W bpdt    : 	at erye.execute(PG:1)
02-03 22:15:36.754 21273 21458 W bpdt    : 	at etjp.execute(PG:3)
02-03 22:15:36.754 21273 21458 W bpdt    : 	at esag.execute(PG:34)
02-03 22:15:36.754 21273 21458 W bpdt    : 	at etji.execute(PG:11)
02-03 22:15:36.754 21273 21458 W bpdt    : 	at etjr.a(PG:36)
02-03 22:15:36.754 21273 21458 W bpdt    : 	at etka.a(PG:63)
02-03 22:15:36.754 21273 21458 W bpdt    : 	at etjr.q(PG:102)
02-03 22:15:36.754 21273 21458 W bpdt    : 	at etjr.g(PG:105)
02-03 22:15:36.754 21273 21458 W bpdt    : 	at etjk.run(PG:215)
02-03 22:15:36.754 21273 21458 W bpdt    : 	at eivc.run(PG:28)
02-03 22:15:36.754 21273 21458 W bpdt    : 	at etjk.run(PG:163)
02-03 22:15:36.754 21273 21458 W bpdt    : 	at esaf.run(PG:64)
02-03 22:15:36.754 21273 21458 W bpdt    : 	at erye.execute(PG:1)
02-03 22:15:36.754 21273 21458 W bpdt    : 	at etjp.execute(PG:3)
02-03 22:15:36.754 21273 21458 W bpdt    : 	at esag.execute(PG:34)
02-03 22:15:36.754 21273 21458 W bpdt    : 	at etji.execute(PG:11)
02-03 22:15:36.754 21273 21458 W bpdt    : 	at etjr.a(PG:36)
02-03 22:15:36.754 21273 21458 W bpdt    : 	at etka.a(PG:63)
02-03 22:15:36.754 21273 21458 W bpdt    : 	at eijb.run(PG:37)
02-03 22:15:36.754 21273 21458 W bpdt    : 	at eiuu.run(PG:17)
02-03 22:15:36.754 21273 21458 W bpdt    : 	at eijc.a(PG:23)
02-03 22:15:36.754 21273 21458 W bpdt    : 	at etjr.q(PG:102)
02-03 22:15:36.754 21273 21458 W bpdt    : 	at etjr.g(PG:105)
02-03 22:15:36.754 21273 21458 W bpdt    : 	at etjk.run(PG:215)
02-03 22:15:36.754 21273 21458 W bpdt    : 	at eivc.run(PG:28)
02-03 22:15:36.754 21273 21458 W bpdt    : 	at etjk.run(PG:163)
02-03 22:15:36.754 21273 21458 W bpdt    : 	at esae.run(PG:3)
02-03 22:15:36.754 21273 21458 W bpdt    : 	... 42 more
02-03 22:15:36.755 21273 21328 I drgp    : (REDACTED) Eligibility is %d
02-03 22:15:36.755  4896  4896 I ViewRootImpl: dVRR is disabled
02-03 22:15:36.755 21273 21567 I drgp    : (REDACTED) Eligibility is %d
02-03 22:15:36.756  4896  4896 D HardwareRenderer: onDisplayChanged. displayId=0 current wxh=840x2289 mLargest wxh=0x0
02-03 22:15:36.756  4896  4896 D HardwareRenderer: Set largestWidth and largestHeight as logical resolution. (840x2289)
02-03 22:15:36.756  4896  4963 D HWUI    : setMaxSurfaceArea requested wxh=(840,2289) requestedSurfaceArea(1922760) is smaller than defaultSurfaceArea(2073600). Use default.
02-03 22:15:36.757  4896  4963 D NativeCustomFrequencyManager: [NativeCFMS] BpCustomFrequencyManager::BpCustomFrequencyManager()
02-03 22:15:36.759 21273 21305 I duao    : Facts stored for later logging
02-03 22:15:36.762  1630  5998 D InputTransport: Input channel constructed: 'a42049a', fd=1455
02-03 22:15:36.762  1630  5998 D InputTransport: Input channel constructed: 'a42049a', fd=1468
02-03 22:15:36.762  1630  5998 D InputTransport: Input channel constructed: 'a42049a', fd=1483
02-03 22:15:36.763 21273 21328 I duao    : Facts logged
02-03 22:15:36.764  1429  1473 I SurfaceFlinger: id=52569 createSurf, flag=84004, a42049a com.pricehunt/com.pricehunt.presentation.MainActivity#52569
02-03 22:15:36.765  1630  5998 D RestrictionPolicy: isScreenCaptureEnabled : ret=true userId=0
02-03 22:15:36.765  1630  5998 D RestrictionPolicy: isScreenCaptureEnabled : ret=true userId=0
02-03 22:15:36.765 21273 21566 I eimu    : Scheduling next wakeup
02-03 22:15:36.765  1630  5998 D InputTransport: Input channel destroyed: 'a42049a', fd=1483
02-03 22:15:36.766 21273 21566 I eint    : Scheduling next periodic WorkManager workers
02-03 22:15:36.766  4896  4896 D InputTransport: Input channel constructed: 'a42049a', fd=128
02-03 22:15:36.767  4896  4896 I InsetsController: onStateChanged: host=com.pricehunt/com.pricehunt.presentation.MainActivity, from=android.view.ViewRootImpl.setView:1999, state=InsetsState: {mDisplayFrame=Rect(0, 0 - 840, 2289), mDisplayCutout=DisplayCutout{insets=Rect(0, 82 - 0, 0) waterfall=Insets{left=0, top=0, right=0, bottom=0} boundingRect={Bounds=[Rect(0, 0 - 0, 0), Rect(389, 0 - 451, 82), Rect(0, 0 - 0, 0), Rect(0, 0 - 0, 0)]} cutoutPathParserInfo={CutoutPathParserInfo{displayWidth=840 displayHeight=2289 physicalDisplayWidth=840 physicalDisplayHeight=2289 density={2.65} cutoutSpec={M 0,0 H -11.80952380952381 V 30.85714285714286 H 11.80952380952381 V 0 H 0 Z @dp} rotation={0} scale={1.0} physicalPixelDisplaySizeRatio={1.0}}} sideOverrides={}}, mRoundedCorners=RoundedCorners{[RoundedCorner{position=TopLeft, radius=58, center=Point(58, 58)}, RoundedCorner{position=TopRight, radius=58, center=Point(782, 58)}, RoundedCorner{position=BottomRight, radius=58, center=Point(782, 2231)}, RoundedCorner{position=BottomLeft, radius=58, center=Point(58, 2231)}]}  mRoundedCornerFrame=Rect(0, 0 - 840, 2289), mPrivacyIndicatorBounds=PrivacyIndicatorBounds {static bounds=Rect(724, 0 - 840, 82) rotation=0}, mDisplayShape=DisplayShape{ spec=-311912193 displayWidth=832 displayHeight=2268 physicalPixelDisplaySizeRatio=1.0 rotation=0 offsetX=0 offsetY=0 scale=1.0}, mSources= { InsetsSource: {9d0a0001 mType=navigationBars mFrame=[0,2250][840,2289] mVisible=true mFlags=SUPPRESS_SCRIM mSideHint=BOTTOM mBoundingRects=null}, InsetsSource: {9d0a0004 mType=systemGestures mFrame=[0,0][78,2289] mVisible=true mFlags= mSideHint=LEFT mBoundingRects=null}, InsetsSource: {9d0a0005 mType=mandatorySystemGestures mFrame=[0,2205][840,2289] mVisible=true mFlags= mSideHint=BOTTOM mBoundingRects=null}, InsetsSource: {9d0a0006 mType=tappableElement mFrame=[0,0][0,0] mVisible=true mFlags= mSideHint=NONE mBoundingRects=null}, InsetsSource: {9d0a0024 mType=systemGestures mFrame=[762,0][840,2289] mVisible=true mFlags= mSideHint=RIGHT mBoundingRects=null}, InsetsSource: {27 mType=displayCutout mFrame=[0,0][840,82] mVisible=true mFlags= mSideHint=TOP mBoundingRects=null}, InsetsSource: {4df90004 mType=systemGestures mFrame=[0,0][0,0] mVisible=false mFlags= mSideHint=NONE mBoundingRects=null}, InsetsSource: {4df90005 mType=mandatorySystemGestures mFrame=[0,0][0,0] mVisible=false mFlags= mSideHint=NONE mBoundingRects=null}, InsetsSource: {4df90006 mType=tappableElement mFrame=[0,0][0,0] mVisible=false mFlags= mSideHint=NONE mBoundingRects=null}, InsetsSource: {4df90024 mType=systemGestures mFrame=[0,0][0,0] mVisible=false mFlags= mSideHint=NONE mBoundingRects=null}, InsetsSource: {68930000 mType=statusBars mFrame=[0,0][840,82] mVisible=true mFlags= mSideHint=TOP mBoundingRects=null}, InsetsSource: {68930005 mType=mandatorySystemGestures mFrame=[0,0][840,114] mVisible=true mFlags= mSideHint=TOP mBoundingRects=null}, InsetsSource: {68930006 mType=tappableElement mFrame=[0,0][840,82] mVisible=true mFlags= mSideHint=TOP mBoundingRects=null} }
02-03 22:15:36.768  4896  4896 I VRI[MainActivity]@5832a1f: synced displayState. AttachInfo displayState=2
02-03 22:15:36.768  4896  4896 I VRI[MainActivity]@5832a1f: setView = com.android.internal.policy.DecorView@4ba493b IsHRR=false TM=true
02-03 22:15:36.768  4896  4896 I IDS_TAG : Clearing training data of com.pricehunt.PriceHuntApp@d421999
02-03 22:15:36.769  4896  4896 I IDS_TAG : Starting IDS observe window
02-03 22:15:36.770  4896  4896 I IDS_TAG : Getting Shared Preference for com.pricehunt.PriceHuntApp@d421999 uid = 10418
02-03 22:15:36.771  4896  4896 I IDS_TAG : App com.pricehunt.PriceHuntApp@d421999 has not finished training
02-03 22:15:36.771  4896  4963 D HWUI    : HWUI - treat SMPTE_170M as sRGB
02-03 22:15:36.771  4896  4896 I IDS_TAG : Closing IDS observe window
02-03 22:15:36.772  4896  4896 I IDS_TAG : Getting Shared Preference for com.pricehunt.PriceHuntApp@d421999 uid = 10418
02-03 22:15:36.772  1630  2279 D AnalyticsContainerHandler: handleMessage : { when=0 what=1 target=com.android.server.knox.KnoxAnalyticsContainer$AnalyticsHandler }
02-03 22:15:36.772  1630  2279 D AnalyticsContainerHandler: handleMessage : { when=0 what=2 target=com.android.server.knox.KnoxAnalyticsContainer$AnalyticsHandler }
02-03 22:15:36.772  4896  4896 I IDS_TAG : IDS count updated to 1 for com.pricehunt.PriceHuntApp@d421999
02-03 22:15:36.772 21273 21336 I WM-GreedyScheduler: Ignoring schedule request in non-main process
02-03 22:15:36.774  1429  1429 I SurfaceFlinger: Layer [a42049a com.pricehunt/com.pricehunt.presentation.MainActivity#52569] hidden!! flag(4096)
02-03 22:15:36.774  1429  1429 I SurfaceFlinger: [a42049a com.pricehunt/com.pricehunt.presentation.MainActivity#52569] attach to parent LayerHierarchy{RequestedLayerState{ActivityRecord{f7320fd u0 com.pricehunt/.presentation.MainActivity t4525}#52561 parentId=52560} 3 children}
02-03 22:15:36.776 21273 21336 D WM-SystemJobScheduler: Scheduling work ID 755786cf-37de-40a4-8f8a-08de4f220a19Job ID 10004
02-03 22:15:36.777 21273 21336 I WM-GreedyScheduler: Ignoring schedule request in a secondary process
02-03 22:15:36.780 21273 21336 I WM-GreedyScheduler: Ignoring schedule request in non-main process
02-03 22:15:36.783 21273 21336 D WM-SystemJobScheduler: Scheduling work ID 1638da54-fdc8-4470-aa2a-7767ae8e434bJob ID 10005
02-03 22:15:36.784 21273 21336 I WM-GreedyScheduler: Ignoring schedule request in a secondary process
02-03 22:15:36.788 21273 21336 I WM-GreedyScheduler: Ignoring schedule request in non-main process
02-03 22:15:36.788  1630  5998 I ActivityManager: Killing 12018:com.google.android.gms/u150a267 (adj 965): empty #33
02-03 22:15:36.796 21273 21336 D WM-SystemJobScheduler: Scheduling work ID 372dda0a-e53f-47b7-98d4-b086eca9da63Job ID 10006
02-03 22:15:36.798 21273 21336 I WM-GreedyScheduler: Ignoring schedule request in a secondary process
02-03 22:15:36.799 21273 21336 I WM-GreedyScheduler: Ignoring schedule request in non-main process
02-03 22:15:36.801 21273 21336 I WM-GreedyScheduler: Ignoring schedule request in a secondary process
02-03 22:15:36.804 21273 21336 I WM-GreedyScheduler: Ignoring schedule request in non-main process
02-03 22:15:36.807 21273 21336 D WM-SystemJobScheduler: Scheduling work ID 244f87ff-bd3f-4e78-9eb7-6b4eecbbb44bJob ID 10007
02-03 22:15:36.808 21273 21336 I WM-GreedyScheduler: Ignoring schedule request in a secondary process
02-03 22:15:36.811 21273 21336 I WM-GreedyScheduler: Ignoring schedule request in non-main process
02-03 22:15:36.814 21273 21336 D WM-SystemJobScheduler: Scheduling work ID 244f87ff-bd3f-4e78-9eb7-6b4eecbbb44bJob ID 10008
02-03 22:15:36.815 21273 21336 I WM-GreedyScheduler: Ignoring schedule request in a secondary process
02-03 22:15:36.818 21273 21336 I WM-GreedyScheduler: Ignoring schedule request in non-main process
02-03 22:15:36.821 21273 21336 D WM-SystemJobScheduler: Scheduling work ID 5b237841-67da-4d60-b882-6082d9cfc035Job ID 10009
02-03 22:15:36.822 21273 21336 I WM-GreedyScheduler: Ignoring schedule request in a secondary process
02-03 22:15:36.823 21273 21566 I eint    : Successfully scheduled next periodic workers
02-03 22:15:36.824 21273 21336 I eimu    : #sync() complete
02-03 22:15:36.826  4894  4950 D RemoteListenableDelegatingWorker: Cleaning up
02-03 22:15:36.829  4894  4950 I WM-WorkerWrapper: Worker result SUCCESS for Work [ id=150f46af-d912-4a8b-b0e9-b276278d1f6d, tags={ com.google.apps.tiktok.contrib.work.TikTokListenableWorker,com.google.apps.tiktok.sync.impl.workmanager.SyncPeriodicWorker_proc<googleapp>,TikTokWorker#com.google.apps.tiktok.sync.impl.workmanager.SyncPeriodicWorker } ]
02-03 22:15:36.832  4894  4894 D WM-Processor: nic 150f46af-d912-4a8b-b0e9-b276278d1f6d executed; reschedule = false
02-03 22:15:36.835  1630  2740 D ConnectivityService:  Removing from current network [491 WIFI], leaving 309 requests.
02-03 22:15:36.835  4894  4950 D WM-GreedyScheduler: Cancelling work ID 150f46af-d912-4a8b-b0e9-b276278d1f6d
02-03 22:15:36.835  1630  2740 D ConnectivityService:  Removing from current network [491 WIFI], leaving 308 requests.
02-03 22:15:36.836  1630  2080 I libprocessgroup: Removed cgroup /sys/fs/cgroup/uid_15010267/pid_12018
02-03 22:15:36.836  1110  1110 I Zygote  : Process 12018 exited due to signal 9 (Killed)
02-03 22:15:36.839  1630  1630 I WALLPAPER_SVC:SemWallpaperManagerService: isHomeActivityVisible : false 
02-03 22:15:36.839  1630  1630 D WALLPAPER_SVC:WallpaperData: getWallpaperFile: file = /data/system/users/0/wallpaper_sub_display_orig 
02-03 22:15:36.839  1630  1630 D WALLPAPER_SVC:WallpaperData: getWallpaperFile: file = /data/system/users/0/wallpaper_sub_display_orig 
02-03 22:15:36.839  1630  1630 D WALLPAPER_SVC:WallpaperManagerService: dispatchHomeVisibilityChanged: visible = false, connection = com.android.server.wallpaper.WallpaperManagerService$WallpaperConnection@fc5a4d7, systemWallpaper = WallpaperData@f0ff90, id: 7, which: 17, file mod: 0, info: WallpaperInfo{com.samsung.android.wonderland.wallpaper.service.WonderLandWallpaperSubService, settings: com.samsung.android.wonderland.wallpaper.settings.LandingActivity}, engine(s): Proxy@466885, type = 7, userId = 0, uri= null, allowBackup= true, wallpaperComponent = ComponentInfo{com.samsung.android.wonderland.wallpaper/com.samsung.android.wonderland.wallpaper.service.WonderLandWallpaperSubService}, nextWallpaperComponent = ComponentInfo{com.samsung.android.wonderland.wallpaper/com.samsung.android.wonderland.wallpaper.service.WonderLandWallpaperSubService} 
02-03 22:15:36.841 20149 20149 I wpa_supplicant: Heartbeat 8973
02-03 22:15:36.842  4894  4950 D WM-SystemJobScheduler: Scheduling work ID 150f46af-d912-4a8b-b0e9-b276278d1f6dJob ID 10010
02-03 22:15:36.891  4896  4896 I com.pricehunt: hiddenapi: Accessing hidden method Ljava/lang/invoke/MethodHandles$Lookup;-><init>(Ljava/lang/Class;I)V (runtime_flags=0, domain=core-platform, api=unsupported) from Lretrofit2/Platform; (domain=app, TargetSdkVersion=34) using reflection: allowed
02-03 22:15:36.908  4896  4896 I System.out: PlatformHealth: Loaded health data for 0 platforms
02-03 22:15:36.908  4896  4896 D PlatformHealth: Loaded health data for 0 platforms
02-03 22:15:36.935  1237  4884 I HYPER-HAL: [ResourceManager.cpp]removeResource(): [CPULittleMinFreq] RemoveResource Request ID : 1590589
02-03 22:15:36.937  1237  4884 I HYPER-HAL: [ResourceManager.cpp]removeResource(): [CPUMinFreq] RemoveResource Request ID : 1590589
02-03 22:15:36.937  1237  4884 I HYPER-HAL: [RequestManager.cpp]releaseLocked(): Released ID : 1590589
02-03 22:15:36.941  1630  8498 D CoreBackPreview: Window{a42049a u0 com.pricehunt/com.pricehunt.presentation.MainActivity}: Setting back callback OnBackInvokedCallbackInfo{mCallback=android.window.IOnBackInvokedCallback$Stub$Proxy@2e63c9f, mPriority=0, mIsAnimationCallback=false}
02-03 22:15:36.961 21273 22287 I cn_CronetUrlRequestContext: destroyNativeStreamLocked org.chromium.net.impl.CronetBidirectionalStream@93be880
02-03 22:15:36.962  1231  8673 I sensors-hal: handle_sns_client_event:540, [0][27298] accel_sample [-0.123,  1.366,  9.708] 342293395103668
02-03 22:15:37.016  1630  4668 D SemWifiUsabilityStatsMonitor: onWifiUsabilityStats - seqNum 18333, isSameBssidAndFreq true
02-03 22:15:37.021  3474  3474 I HoneySpace.EdgePanel.EdgeVisibilityRepository: getComputedTrayVisible : keyguardState = 1
02-03 22:15:37.021  3474  3474 I HoneySpace.EdgePanel.EdgeVisibilityRepository: updateTrayVisible: State = 0x1 , visible = true , current containerState = 0 , specificMode = 0
02-03 22:15:37.021  1630  8498 D WifiDisplayAdapter: getWifiDisplayStatusLocked: result=WifiDisplayStatus{featureState=2, scanState=0, activeDisplayState=0, activeDisplay=null, displays=[], sessionInfo=WifiDisplaySessionInfo:
02-03 22:15:37.021  1630  8498 D WifiDisplayAdapter:     Client/Owner: Client
02-03 22:15:37.021  1630  8498 D WifiDisplayAdapter:     GroupId: 
02-03 22:15:37.021  1630  8498 D WifiDisplayAdapter:     Passphrase: 
02-03 22:15:37.021  1630  8498 D WifiDisplayAdapter:     SessionId: 0
02-03 22:15:37.021  1630  8498 D WifiDisplayAdapter:     IP Address: }
02-03 22:15:37.021  3474  3474 I HoneySpace.EdgePanel.EdgeVisibilityRepository: Same container state 0
02-03 22:15:37.028  1429 21775 W ComposerExtn: DisplayExtnImpl::SetActiveConfig: HWC Display 3 is not registered!
02-03 22:15:37.032  1429  1459 I VSyncReactor: Current= 120, Period= 60, hwcPeriod= 120
02-03 22:15:37.033  1429  1429 I LayerHistory: Splash Screen com.pricehunt$_2991#52563 Max (can't resolve refresh rate)
02-03 22:15:37.033  1429  1429 I LayerHistory: StatusBar$_2991#135 Max (can't resolve refresh rate)
02-03 22:15:37.033  1429  1429 I SurfaceFlinger: Idle - choose 60.00 Hz
02-03 22:15:37.034  1429  1429 I HWComposer: [4630947232161729155] ActiveConfigToHWC, ID : 2
02-03 22:15:37.034  1304  1534 I SDM     : HWCDisplay::SubmitDisplayConfig: [DispConfigs] config 0 => 2, hs_mode 3 => 3
02-03 22:15:37.034  1304  1534 I SDM     : DisplayBase::SetActiveConfig: [DispConfigs] 0 => 2 or hs mode is changed if same config
02-03 22:15:37.034  1304  1534 I SDM     : HWDeviceDRM::SetDisplaySwitchMode: POMS Switching to Mode	2
02-03 22:15:37.034  1304  1534 I SDM     : HWDeviceDRM::SetDisplaySwitchMode: [DispConfigs] check hs_mode 3
02-03 22:15:37.034  1304  1534 I SDM     : HWDeviceDRM::SetDisplaySwitchMode: [DispConfigs] Set mode index:3 832x2268x60x127680cmdPHS, hs_mode(3), found_mode(1)
02-03 22:15:37.034  1304  1534 I SDM     : HWDeviceDRM::UpdateMixerAttributes: Mixer WxH 832x2268-1 for Peripheral
02-03 22:15:37.035  1304  1534 I SDM     : HWCDisplay::SubmitDisplayConfig: Active configuration changed to: 2
02-03 22:15:37.039  4896  4896 D CompatChangeReporter: Compat change id reported: 289878283; UID 10418; state: ENABLED
02-03 22:15:37.040  1429  1459 I VSyncReactor: Current= 120, Period= 60, hwcPeriod= 120
02-03 22:15:37.057  1429  1459 I VSyncReactor: Current= 120, Period= 60, hwcPeriod= 60
02-03 22:15:37.080  4896  4923 I com.pricehunt: Compiler allocated 7408KB to compile void android.view.ViewRootImpl.performTraversals()
02-03 22:15:37.117  1630  8498 V WindowManager: Relayout Window{a42049a u0 com.pricehunt/com.pricehunt.presentation.MainActivity}: viewVisibility=0 req=840x2289 ty=1 d0
02-03 22:15:37.117  1429  1473 I SurfaceFlinger: id=52570 createSurf, flag=44004, com.pricehunt/com.pricehunt.presentation.MainActivity$_4896#52570
02-03 22:15:37.117  1429 21775 W ComposerExtn: DisplayExtnImpl::SetActiveConfig: HWC Display 3 is not registered!
02-03 22:15:37.118  1630  8498 D WindowManager: makeSurface duration=2 name=com.pricehunt/com.pricehunt.presentation.MainActivity$_4896
02-03 22:15:37.120  1630  8498 D WindowManager: Changing focus from null to Window{a42049a u0 com.pricehunt/com.pricehunt.presentation.MainActivity} displayId=0 Callers=com.android.server.wm.WindowManagerService.relayoutWindowInner:142 com.android.server.wm.WindowManagerService.relayoutWindow:6 com.android.server.wm.Session.relayout:27 android.view.IWindowSession$Stub.onTransact:861 
02-03 22:15:37.120  1630  8498 I WindowManager: Cancelling animation restarting=true, leash=Surface(name=Surface(name=65b5200 StatusBar)/@0xb203e6f - animation-leash of insets_animation)/@0x972f1e0
02-03 22:15:37.120  1630  8498 I WindowManager: Reparenting to original parent: Surface(name=WindowToken{182faa6 type=2000 android.os.BinderProxy@622ade8})/@0x89a977c, destroy=false, syncState=0, syncCommitDepth=0, surface=Surface(name=65b5200 StatusBar)/@0xb203e6f
02-03 22:15:37.121  1630  8498 I WindowManager: Reparenting to leash, surface=Surface(name=65b5200 StatusBar)/@0xb203e6f, syncState=0, syncCommitDepth=0, leashParent=Surface(name=WindowToken{182faa6 type=2000 android.os.BinderProxy@622ade8})/@0x89a977c
02-03 22:15:37.121  1429  1473 I SurfaceFlinger: id=52571 createSurf, flag=24000, Surface(name=65b5200 StatusBar)/@0xb203e6f - animation-leash of insets_animation#52571
02-03 22:15:37.122  1630  8498 D WindowManager: makeSurface duration=1 leash=Surface(name=Surface(name=65b5200 StatusBar)/@0xb203e6f - animation-leash of insets_animation)/@0x492c0d8
02-03 22:15:37.122  1630  8498 D InsetsSourceProvider: updateControlForTarget: control=InsetsSourceControl: {68930000 mType=statusBars initiallyVisible mSurfacePosition=Point(0, 0) mInsetsHint=Insets{left=0, top=82, right=0, bottom=0}}, target=Window{a42049a u0 com.pricehunt/com.pricehunt.presentation.MainActivity}, from=com.android.server.wm.InsetsStateController.onControlTargetChanged:81 com.android.server.wm.InsetsPolicy.updateBarControlTarget:175 com.android.server.wm.DisplayPolicy.updateSystemBarAttributes:281 com.android.server.wm.WindowManagerService.updateFocusedWindowLocked:375 com.android.server.wm.WindowManagerService.relayoutWindowInner:142 
02-03 22:15:37.122  1630  8498 I WindowManager: Cancelling animation restarting=true, leash=Surface(name=Surface(name=431914a TaskbarWindow)/@0x1d7e725 - animation-leash of insets_animation)/@0x9420b5e
02-03 22:15:37.122  1630  8498 I WindowManager: Reparenting to original parent: Surface(name=WindowToken{87f7816 type=2024 android.os.BinderProxy@f931e00})/@0xcf8e0fa, destroy=false, syncState=0, syncCommitDepth=0, surface=Surface(name=431914a TaskbarWindow)/@0x1d7e725
02-03 22:15:37.122  1630  8498 I WindowManager: Reparenting to leash, surface=Surface(name=431914a TaskbarWindow)/@0x1d7e725, syncState=0, syncCommitDepth=0, leashParent=Surface(name=WindowToken{87f7816 type=2024 android.os.BinderProxy@f931e00})/@0xcf8e0fa
02-03 22:15:37.122  1429  1473 I SurfaceFlinger: id=52572 createSurf, flag=24000, Surface(name=431914a TaskbarWindow)/@0x1d7e725 - animation-leash of insets_animation#52572
02-03 22:15:37.123  1630  8498 D WindowManager: makeSurface duration=1 leash=Surface(name=Surface(name=431914a TaskbarWindow)/@0x1d7e725 - animation-leash of insets_animation)/@0x4bf1f16
02-03 22:15:37.123  1630  8498 D InsetsSourceProvider: updateControlForTarget: control=InsetsSourceControl: {4df90001 mType=navigationBars initiallyVisible mSurfacePosition=Point(0, 2040) mInsetsHint=Insets{left=0, top=0, right=0, bottom=168}}, target=Window{a42049a u0 com.pricehunt/com.pricehunt.presentation.MainActivity}, from=com.android.server.wm.InsetsStateController.onControlTargetChanged:81 com.android.server.wm.InsetsPolicy.updateBarControlTarget:188 com.android.server.wm.DisplayPolicy.updateSystemBarAttributes:281 com.android.server.wm.WindowManagerService.updateFocusedWindowLocked:375 com.android.server.wm.WindowManagerService.relayoutWindowInner:142 
02-03 22:15:37.123  1630  8498 I WindowManager: Cancelling animation restarting=true, leash=Surface(name=Surface(name=8f7d129 NavigationBar0)/@0xedcd05a - animation-leash of insets_animation)/@0x8454c0c
