02-03 21:39:16.646 13722 13792 D ConnectivityManager: StackLog: [android.net.ConnectivityManager.unregisterNetworkCallback(ConnectivityManager.java:5573)] [X.1Er.A04(:25)] [X.1iU.invoke(:216)] [X.1MU.A00(:114)] [X.1iL.invokeSuspend(:52)] [X.0gb.resumeWith(:8)] [X.0h8.run(:98)] [X.1GI.run(:2)] [java.util.concurrent.ThreadPoolExecutor.runWorker(ThreadPoolExecutor.java:1154)] [java.util.concurrent.ThreadPoolExecutor$Worker.run(ThreadPoolExecutor.java:652)] [java.lang.Thread.run(Thread.java:1563)]
02-03 21:39:16.646  1630  2740 D ConnectivityService:  Removing from current network [491 WIFI], leaving 318 requests.
02-03 21:39:16.648  1429  1429 W Layer   : gatherBufferInfo: Received unknown dataspace from gralloc
02-03 21:39:16.658 28370  4733 W FA-SVC  : Interrupted in onRunTask while uploading
02-03 21:39:16.658  6716 12947 I ObjectPool@9791306: Ph_[checker Pool remains: , 9, ] [pool-94-thread-1] 
02-03 21:39:16.665  1429  1429 W Layer   : gatherBufferInfo: Received unknown dataspace from gralloc
02-03 21:39:16.677 31979  5350 I okhttp.OkHttpClient: <-- 200 https://pricehunt-hklm.onrender.com/api/smart-search (597ms, unknown-length body)
02-03 21:39:16.681  1429  1429 W Layer   : gatherBufferInfo: Received unknown dataspace from gralloc
02-03 21:39:16.691 31979 31979 I System.out:  Per-platform AI: Blinkit - success in 620ms (aiPowered=false, 9/9 kept, 0 filtered)
02-03 21:39:16.692 31979 31979 I System.out:  Best Deal Search: 'milk full cream'  Primary keyword: 'milk'
02-03 21:39:16.698  1429  1429 W Layer   : gatherBufferInfo: Received unknown dataspace from gralloc
02-03 21:39:16.700 31979 31979 I System.out:  Relevance: HIGH=15, MEDIUM=3, LOW=1
02-03 21:39:16.700 31979 31979 I System.out:    HIGH [40]: Amul Lactose Free Milk, 400 ml = 25.0
02-03 21:39:16.700 31979 31979 I System.out:    HIGH [50]: Arokya Toned Milk, 400 ml = 26.0
02-03 21:39:16.701 31979 31979 I System.out:    HIGH [50]: Heritage Toned Fresh Milk-Pasteurised, 5 = 26.0
02-03 21:39:16.701 31979 31979 I System.out:    HIGH [70]: Nandini Shubham Pasteurized Fresh Milk,  = 27.0
02-03 21:39:16.701 31979 31979 I System.out:    HIGH [40]: Amul Moti Toned Milk (90 Days Shelf Life = 29.0
02-03 21:39:16.701 31979 31979 I System.out:    MED [10]: Rainbow Condensed Milk Original | Rich & = 999.0
02-03 21:39:16.701 31979 31979 I System.out:    MED [0]: GAVYRATAN Pure & Premium Skimmed Milk Po = 1699.0
02-03 21:39:16.701 31979 31979 I System.out:    MED [0]: GAVYRATAN Pure & Premium Skimmed Milk Po = 2219.0
02-03 21:39:16.701 31979 31979 I System.out:    LOW [-10]: Ahuja Mart Milk Powder, EveryDay Dairy W = 849.0
02-03 21:39:16.703 31979 31979 I System.out: SearchIntelligence:  Amul Taaza Toned Milk - Pack o  16.0/pack
02-03 21:39:16.705 31979 31979 I System.out: SearchIntelligence:  Couldn't parse quantity from 'Rainbow's Quality Milk Original  12s Convenience Pack  Long Shelf Life Evaporated Milk  Ideal for Tea, Coffee & Dess'
02-03 21:39:16.705 31979 31979 I System.out:    Per-unit comparison: 1 products have calculable unit price
02-03 21:39:16.706 31979 31979 I System.out:      Amul Taaza Toned Milk - Pack of 2 = 32.0 (16/pack)
02-03 21:39:16.706 31979 31979 I System.out:    Per-unit best: Amul Taaza Toned Milk - Pack of 2 (16/pack)
02-03 21:39:16.706 31979 31979 I System.out:  Best Deal: Amul Taaza Toned Milk - Pack of 2 = 32.0
02-03 21:39:16.707 31979  5160 I System.out: DirectApiScraper: BigBasket: HTTP 400
02-03 21:39:16.708 31979  5160 I System.out: BigBasket: Direct API failed (HTTP 400)
02-03 21:39:16.708 31979  5160 I System.out: BigBasket: Loading https://www.bigbasket.com/ps/?q=milk+full+cream (WebView)...
02-03 21:39:16.708 31979  5160 I System.out: WebView: Location set to pincode=560001, lat=12.9352, lon=77.6245
02-03 21:39:16.715  1429  1429 W Layer   : gatherBufferInfo: Received unknown dataspace from gralloc
02-03 21:39:16.721 32101  5893 W NetworkScheduler.ATC: Called cancelTask for already completed task com.google.android.gms/.measurement.PackageMeasurementTaskService{u=0 tag="Measurement.PackageMeasurementTaskService.UPLOAD_TASK_TAG" trigger=window{start=348s,end=698s,earliest=-83s,latest=266s} requirements=[NET_CONNECTED,PREFERRED_NET_UNMETERED,PREFERRED_CHARGING] attributes=[PERSISTED] scheduled=-431s last_run=0s exec_window_multiplier=1.0000 jid=N/A status=ACTIVE retries=0 client_lib=GMS_TASK_SCHEDULER-260235000} :1 [CONTEXT service_id=218 ]
02-03 21:39:16.746  1630  5996 I AppsFilter: interaction: PackageSetting{773c491 com.pricehunt/10418} -> PackageSetting{24451a5 com.touchtype.swiftkey/10294} BLOCKED
02-03 21:39:16.749  1429  1429 W Layer   : gatherBufferInfo: Received unknown dataspace from gralloc
02-03 21:39:16.751 31979 31979 I System.out: WebView: Created with User-Agent: Mozilla/5.0 (Linux; Android 14; SM-S918B) AppleWebKit/537.36 (KHTML, like Gecko) Chrome/121.0.6167.143 Mobile Safari/537.36
02-03 21:39:16.781 31979 31979 I System.out: WebView: Set location cookies for www.bigbasket.com with pincode=560001
02-03 21:39:16.815  1429  1429 W Layer   : gatherBufferInfo: Received unknown dataspace from gralloc
02-03 21:39:16.832  1429  1429 W Layer   : gatherBufferInfo: Received unknown dataspace from gralloc
02-03 21:39:16.842   830   830 D io_stats: !@   8,0 r 30782710 936717464 w 9314271 149191304 d 3400831 361541280 f 0 0 iot 16389420 0 th 0 0 0 pt 0 inp 0 0 152058.945
02-03 21:39:16.842   830   830 D io_stats: !@ Read_top(KB): com.whatsapp(13722) 3376 gle.android.gms(28370) 2512 .gms.persistent(32101) 1040
02-03 21:39:16.842   830   830 D io_stats: !@ Write_top(KB): kworker/u16:11(29776) 12864 com.pricehunt(31979) 3576 .gms.persistent(32101) 1388
02-03 21:39:16.848  1429  1429 W Layer   : gatherBufferInfo: Received unknown dataspace from gralloc
02-03 21:39:16.851 13722 13792 D WM-SystemJobScheduler: Scheduling work ID f3e1dc7a-f52c-4d52-83d7-955ee210c6e0Job ID 9254
02-03 21:39:16.854 13722 13792 D WM-GreedyScheduler: Starting tracking for f3e1dc7a-f52c-4d52-83d7-955ee210c6e0
02-03 21:39:16.861 13722 13792 D WM-ConstraintTracker: 1Er: initial state = NetworkState(isConnected=true, isValidated=true, isMetered=false, isNotRoaming=true)
02-03 21:39:16.862 13722 13792 D WM-NetworkStateTracker: Registering network callback
02-03 21:39:16.862 13722 13792 D ConnectivityManager: StackLog: [android.net.ConnectivityManager.sendRequestForNetwork(ConnectivityManager.java:4738)] [android.net.ConnectivityManager.registerDefaultNetworkCallbackForUid(ConnectivityManager.java:5463)] [android.net.ConnectivityManager.registerDefaultNetworkCallback(ConnectivityManager.java:5430)] [android.net.ConnectivityManager.registerDefaultNetworkCallback(ConnectivityManager.java:5404)] [X.1Er.A03(:25)] [X.1iO.invokeSuspend(:148)] [X.1iO.invoke(:15)] [X.1Pc.A00(:2)] [X.1Pd.A00(:57)] [X.1iO.invokeSuspend(:25)] [X.0gb.resumeWith(:8)] [X.0h8.run(:89)] [X.1GI.run(:2)] [java.util.concurrent.ThreadPoolExecutor.runWorker(ThreadPoolExecutor.java:1154)] [java.util.concurrent.ThreadPoolExecutor$Worker.run(ThreadPoolExecutor.java:652)] [java.lang.Thread.run(Thread.java:1563)]
02-03 21:39:16.865  1429  1429 W Layer   : gatherBufferInfo: Received unknown dataspace from gralloc
02-03 21:39:16.866  1630  5996 D ConnectivityService: requestNetwork for uid/pid:10320/13722 activeRequest: null callbackRequest: 34174 [NetworkRequest [ TRACK_DEFAULT id=34175, [ Capabilities: INTERNET&NOT_RESTRICTED&TRUSTED&NOT_VCN_MANAGED&NOT_BANDWIDTH_CONSTRAINED Uid: 10320 RequestorUid: 10320 RequestorPkg: com.whatsapp UnderlyingNetworks: Null] ], NetworkRequest [ REQUEST id=34176, [ Transports: SATELLITE Capabilities: INTERNET&NOT_RESTRICTED&TRUSTED&NOT_VCN_MANAGED Uid: 10320 RequestorUid: 10320 RequestorPkg: com.whatsapp UnderlyingNetworks: Null] ]] callback flags: 0 order: 2147483647 isUidTracked: false declaredMethods: AVAIL|LOST|NC
02-03 21:39:16.867  1630  2740 D ConnectivityService:    accepting network in place of null for NetworkRequest [ TRACK_DEFAULT id=34175, [ Capabilities: INTERNET&NOT_RESTRICTED&TRUSTED&NOT_VCN_MANAGED&NOT_BANDWIDTH_CONSTRAINED Uid: 10320 RequestorUid: 10320 RequestorPkg: com.whatsapp UnderlyingNetworks: Null] ]
02-03 21:39:16.870 13722 13793 D WM-NetworkStateTracker: Network capabilities changed: [ Transports: WIFI Capabilities: NOT_METERED&INTERNET&NOT_RESTRICTED&TRUSTED&NOT_VPN&VALIDATED&NOT_ROAMING&FOREGROUND&NOT_CONGESTED&NOT_SUSPENDED&NOT_VCN_MANAGED&NOT_BANDWIDTH_CONSTRAINED LinkUpBandwidth>=21013Kbps LinkDnBandwidth>=31860Kbps TransportInfo: <SSID: <unknown ssid>, BSSID: 02:00:00:00:00:00, MAC: 02:00:00:00:00:00, IP: /192.168.0.102, Security type: 2, Supplicant state: COMPLETED, Wi-Fi standard: 11n, RSSI: -45, Link speed: 117Mbps, Tx Link speed: 117Mbps, Max Supported Tx Link speed: 144Mbps, Rx Link speed: 86Mbps, Max Supported Rx Link speed: 144Mbps, Frequency: 2457MHz, Net ID: -1, Metered hint: false, score: 60, isUsable: true, CarrierMerged: false, SubscriptionId: -1, IsPrimary: -1, Trusted: true, Restricted: false, Ephemeral: false, OEM paid: false, OEM private: false, OSU AP: false, FQDN: <none>, Provider friendly name: <none>, Requesting package name: <none><none>MLO Information: , Is TID-To-Link negotiation supported by the AP: false, AP MLD Address: <none>, AP MLO Link Id: <none>, AP MLO Affiliated links: <none>, Vendor Data: <none>> SignalStrength: -45 UnderlyingNetworks: Null]
02-03 21:39:16.870 13722 13792 D WM-GreedyScheduler: Constraints met: Scheduling work ID WorkGenerationalId(workSpecId=f3e1dc7a-f52c-4d52-83d7-955ee210c6e0, generation=0)
02-03 21:39:16.873 13722 13792 D WM-Processor: 1Ev: processing WorkGenerationalId(workSpecId=f3e1dc7a-f52c-4d52-83d7-955ee210c6e0, generation=0)
02-03 21:39:16.874  1630  2740 D ConnectivityService: Rematched networks [computed 1ms] [applied 3ms] [issued 4]
02-03 21:39:16.874  1630  2740 D ConnectivityService: NetworkReassignment :
02-03 21:39:16.874  1630  2740 D ConnectivityService:   34175 : null  491
02-03 21:39:16.879 32101  5899 W NetworkScheduler.ATC: Called cancelTask for already completed task com.google.android.gms/.measurement.PackageMeasurementTaskService{u=0 tag="Measurement.PackageMeasurementTaskService.UPLOAD_TASK_TAG" trigger=window{start=348s,end=698s,earliest=-83s,latest=266s} requirements=[NET_CONNECTED,PREFERRED_NET_UNMETERED,PREFERRED_CHARGING] attributes=[PERSISTED] scheduled=-431s last_run=0s exec_window_multiplier=1.0000 jid=N/A status=ACTIVE retries=0 client_lib=GMS_TASK_SCHEDULER-260235000} :1 [CONTEXT service_id=218 ]
02-03 21:39:16.882  1429  1429 W Layer   : gatherBufferInfo: Received unknown dataspace from gralloc
02-03 21:39:16.884 13722 13722 D WM-WorkerWrapper: Starting work for com.whatsapp.xmpp.messaging.XmppLifecycleWorker
02-03 21:39:16.898  1429  1429 W Layer   : gatherBufferInfo: Received unknown dataspace from gralloc
02-03 21:39:16.915  1429  1429 W Layer   : gatherBufferInfo: Received unknown dataspace from gralloc
02-03 21:39:16.926  1630  4608 W JobInfo : Job 'com.whatsapp/.infra.push.RegistrationIntentService#4' has a deadline with no functional constraints. The deadline won't improve job execution latency. Consider removing the deadline.
02-03 21:39:16.931  1429  1429 W Layer   : gatherBufferInfo: Received unknown dataspace from gralloc
02-03 21:39:16.934   763   763 W fbservices-stub:InitStatus: Not blocking Service (166159341)
02-03 21:39:16.934   763   763 W fbservices-stub:InitStatus: Not blocking Service (166159341)
02-03 21:39:16.947  1429  1429 W Layer   : gatherBufferInfo: Received unknown dataspace from gralloc
02-03 21:39:16.964  1429  1429 W Layer   : gatherBufferInfo: Received unknown dataspace from gralloc
02-03 21:39:16.968  1630  4608 W ProcessStats: Tracking association SourceState{39e3748 com.android.bluetooth/1002 ImpFg #951815} whose proc state 5 is better than process ProcessState{3ab4955 com.samsung.android.mcfserver/10119 pkg=com.samsung.android.mcfserver} proc state 6 (3 skipped)
02-03 21:39:16.973  1630  5996 D PackageManager: setEnabledSetting : userId = 0 packageName = com.facebook.services cmp = com.facebook.oxygen.services.fbns.RegisteredMqttSystemBroadcastReceiver newState = 1 callingPackage = com.facebook.services
02-03 21:39:16.973  1630  9889 D PerProcessNandswap$NandswapHandler: nandswap start for non-activity com.samsung.android.easysetup:IcControlService(pid 4698) action:1 adj:800 type:3
02-03 21:39:16.974  1630  5996 D ApplicationPolicy: getApplicationStateEnabled : pkg = com.facebook.services userId : 0
02-03 21:39:16.975  1630  5996 D ApplicationPolicy: getApplicationComponentState : pkg = com.facebook.services userId : 0
02-03 21:39:16.977  1700 21054 I CameraService: onUidStateChanged: uid=10320, procState is changed. (16 -> 11)
02-03 21:39:16.980  1429  1429 W Layer   : gatherBufferInfo: Received unknown dataspace from gralloc
02-03 21:39:16.987  1700 10968 I CameraService: onUidStateChanged: uid=10320, procState is changed. (11 -> 16)
02-03 21:39:16.997  1429  1429 W Layer   : gatherBufferInfo: Received unknown dataspace from gralloc
02-03 21:39:17.005  1630  9889 D PerProcessNandswap$NandswapHandler: nandswap end for non-activity com.samsung.android.easysetup:IcControlService(pid 4698) ret:1 adj:800
02-03 21:39:17.005  1630  4226 I NSLocationMonitor: getGPSUsingApps() called
02-03 21:39:17.005  4182 14518 I NSLocationManager_FLP: getGPSUsingApps, No change
02-03 21:39:17.012 31979 31979 I System.out: WebView: Anti-detection script injected on page start
02-03 21:39:17.014  1429  1429 W Layer   : gatherBufferInfo: Received unknown dataspace from gralloc
02-03 21:39:17.018  1630  4226 D MARs:ActiveTrafficFilter: filter : com.samsung.android.displayassistant(0)
02-03 21:39:17.018  1630  4226 D FreecessController: com.samsung.android.displayassistant(10408) is important[8]
02-03 21:39:17.027 31979 31979 I System.out: WebView Console: Anti-detection script injected successfully (:175)
02-03 21:39:17.030  1429  1429 W Layer   : gatherBufferInfo: Received unknown dataspace from gralloc
02-03 21:39:17.049  1429  1429 W Layer   : gatherBufferInfo: Received unknown dataspace from gralloc
02-03 21:39:17.065  1429  1429 W Layer   : gatherBufferInfo: Received unknown dataspace from gralloc
02-03 21:39:17.082  1429  1429 W Layer   : gatherBufferInfo: Received unknown dataspace from gralloc
02-03 21:39:17.095 32101  5893 W NetworkScheduler.ATC: Called cancelTask for already completed task com.google.android.gms/.measurement.PackageMeasurementTaskService{u=0 tag="Measurement.PackageMeasurementTaskService.UPLOAD_TASK_TAG" trigger=window{start=348s,end=698s,earliest=-83s,latest=266s} requirements=[NET_CONNECTED,PREFERRED_NET_UNMETERED,PREFERRED_CHARGING] attributes=[PERSISTED] scheduled=-431s last_run=0s exec_window_multiplier=1.0000 jid=N/A status=ACTIVE retries=0 client_lib=GMS_TASK_SCHEDULER-260235000} :1 [CONTEXT service_id=218 ]
02-03 21:39:17.098  1429  1429 W Layer   : gatherBufferInfo: Received unknown dataspace from gralloc
02-03 21:39:17.114  1429  1429 W Layer   : gatherBufferInfo: Received unknown dataspace from gralloc
02-03 21:39:17.131  1429  1429 W Layer   : gatherBufferInfo: Received unknown dataspace from gralloc
02-03 21:39:17.147  1429  1429 W Layer   : gatherBufferInfo: Received unknown dataspace from gralloc
02-03 21:39:17.159  1630  4668 D SemWifiUsabilityStatsMonitor: onWifiUsabilityStats - seqNum 17937, isSameBssidAndFreq true
02-03 21:39:17.159  1630  2828 I SemWifiLinkQualityMonitor: Link stat: 2248 / 184 / 1.03 (446) / 117 / -44.0 || 100.0 : 117.00 / 0.5 : 0.97 / 0.55 : 0.08 / G (G) || 1b525e352457: 0.147 / 54.498 /  / N || N N / 0 / N 2.0 / N 0 / 152059263 0
02-03 21:39:17.160  1630  2740 D ConnectivityService: notifyType CALLBACK_CAP_CHANGED for [491 WIFI]
02-03 21:39:17.162  1630  2778 D SemWifiApNsd:Client: lpInterface:wlan0
02-03 21:39:17.162  1630  2778 I WifiConnectivityMonitor.NCC: sNetworkCallback(oCC) FULL : 491(valid: true/captive: false)
02-03 21:39:17.162  1630  2778 I WifiConnectivityMonitor.NCC: [ Transports: WIFI Capabilities: NOT_METERED&INTERNET&NOT_RESTRICTED&TRUSTED&NOT_VPN&VALIDATED&NOT_ROAMING&FOREGROUND&NOT_CONGESTED&NOT_SUSPENDED&NOT_VCN_MANAGED&NOT_BANDWIDTH_CONSTRAINED LinkUpBandwidth>=21013Kbps LinkDnBandwidth>=31860Kbps TransportInfo: <SSID: <unknown ssid>, BSSID: 02:00:00:**:**:00, MAC: 02:00:00:**:**:00, IP: /192.***.*.102, Security type: 2, Supplicant state: COMPLETED, Wi-Fi standard: 11n, RSSI: -44, Link speed: 117Mbps, Tx Link speed: 117Mbps, Max Supported Tx Link speed: 144Mbps, Rx Link speed: 78Mbps, Max Supported Rx Link speed: 144Mbps, Frequency: 2457MHz, Net ID: -1, Metered hint: false, score: 60, isUsable: true, CarrierMerged: false, SubscriptionId: -1, IsPrimary: 1, Trusted: true, Restricted: false, Ephemeral: false, OEM paid: false, OEM private: false, OSU AP: false, FQDN: <none>, Provider friendly name: <none>, Requesting package name: <none><none>MLO Information: , Is TID-To-Link negotiation supported by the AP: false, AP MLD Address: <none>, AP MLO Link Id: <none>, AP MLO Affiliated links: <none>, Vendor Data: <none>> SignalStrength: -44 AdminUids: [1000] SSID: "Kiwi2" UnderlyingNetworks: Null]
02-03 21:39:17.163  1630  2778 D SemWifiApTrafficPriority: onCapabilitiesChanged Wifi:wlan0,mGapiValue:31.86Uplink: 21.013
02-03 21:39:17.163  1630  2853 D WifiConnectivityMonitor: HANDLE_ON_CAPABILITIES_CHANGED
02-03 21:39:17.163  1630  2853 I WifiConnectivityMonitor: determineMode : MODE_AGG_BY_SWITCH_TO_MOBILE_DATA_OPTION
02-03 21:39:17.163  1630  2853 D OpenNetworkQos[4.00]: updateBssidNoInternet: mBssidNoInternet = false
02-03 21:39:17.164  1429  1429 W Layer   : gatherBufferInfo: Received unknown dataspace from gralloc
02-03 21:39:17.163  1630  2853 D OpenNetworkQos[4.00]: getOpenNetworkQosNoInternetStatus: false
02-03 21:39:17.164  1630  2853 D OpenNetworkQos[4.00]: getOpenNetworkQosScores: 26 26 23 
02-03 21:39:17.164  1630  2853 D KNOX_MDM_SettingsProvider: isChangeAllowed() : name = wifi_wcm_qos_sharing_score_summary
02-03 21:39:17.164  1630  2853 I WifiProfileShare: network QoS data was changed (internet), updateQoSData networkType: true, qosData: false
02-03 21:39:17.164  1630  2853 D WifiConnectivityMonitor: VALIDATED_DETECTED
02-03 21:39:17.165  2991  3297 D WifiPickerTracker: updateWifiEntries capabilities
02-03 21:39:17.165  1630  4255 V WifiProfileShare.Caster: update wips network, size: 0
02-03 21:39:17.165  1630  4255 D WifiProfileShare: nearby scanning settings run
02-03 21:39:17.165  1630  4255 D WifiProfileShare: network score provider settings enabled
02-03 21:39:17.165  1630  4255 D OpenNetworkQos[4.00]: getOpenNetworkQosScores: 26 26 23 
02-03 21:39:17.165  1630  4255 D OpenNetworkQos[4.00]: getOpenNetworkQosNoInternetStatus: false
02-03 21:39:17.165  1630  4255 I WifiProfileShare.Caster: current network type: 0, score: [26, 26, 23]
02-03 21:39:17.165  1630  4255 V WifiProfileShare.Cache: update network score 78:32:1b:**:**:35
02-03 21:39:17.166  1630  4255 D WifiProfileShare.ScanMatcher: getMcfDataList size:1
02-03 21:39:17.166  1630  4255 I WifiProfileShare.Caster: qos data was updated , before:type:QOS, pBssid:60:45:4d, qosData:7b after:type:QOS, pBssid:60:45:4d, qosData:7b
02-03 21:39:17.166  2991  3297 D WifiPickerTracker: update AutoHotspot Entries() : bleAccessPoints -> 0
02-03 21:39:17.166  2991  3297 D WifiPickerTracker: handleNetworkCapabilitiesChanged
02-03 21:39:17.166 32101 30053 I NullBinder: NullBinder for android.net.action.RECOMMEND_NETWORKS triggering remote TransactionTooLargeException due to Service without Chimera impl, calling uid: 1000, calling pid: 0
02-03 21:39:17.167 32101 30053 W .gms.persistent: Large reply transaction of 1056768 bytes, interface descriptor , code 1
02-03 21:39:17.171  2991  3126 D Tile.WifiTile: handleUpdateState isTransient=false transientEnabling =false cb.isTransient=false state.state = 2 mStateBeforeClick.value =true enabled =true
02-03 21:39:17.171  1630  4255 I [MCFSDK_android_1.2.27006]_4_McfCasterImpl: isNetworkEnabled - type : 1 ret : true
02-03 21:39:17.171  1630  4255 D WifiProfileShare.McfCast: -ME--- mIsNetworkEnabled :true
02-03 21:39:17.171  1630  4255 D WifiProfileShare.McfCast: updateQoSData ignored, same contents
02-03 21:39:17.171  1630  4255 D WifiProfileShare.MCF: success update QosData !
02-03 21:39:17.172  1630  4255 I [MCFSDK_android_1.2.27006]_4_McfCasterImpl: isNetworkEnabled - type : 1 ret : true
02-03 21:39:17.172  1630  4255 D WifiProfileShare.McfCast: -ME--- mIsNetworkEnabled :true
02-03 21:39:17.172  1630  4255 D WifiProfileShare.McfCast: -ME--- updatePasswordDate pwdData size:1
02-03 21:39:17.177  5872  7208 I HBD     : i onCapabilitiesChanged network : 491 current network state : wifi 
02-03 21:39:17.178 13722 13793 D WM-NetworkStateTracker: Network capabilities changed: [ Transports: WIFI Capabilities: NOT_METERED&INTERNET&NOT_RESTRICTED&TRUSTED&NOT_VPN&VALIDATED&NOT_ROAMING&FOREGROUND&NOT_CONGESTED&NOT_SUSPENDED&NOT_VCN_MANAGED&NOT_BANDWIDTH_CONSTRAINED LinkUpBandwidth>=21013Kbps LinkDnBandwidth>=31860Kbps TransportInfo: <SSID: <unknown ssid>, BSSID: 02:00:00:00:00:00, MAC: 02:00:00:00:00:00, IP: /192.168.0.102, Security type: 2, Supplicant state: COMPLETED, Wi-Fi standard: 11n, RSSI: -44, Link speed: 117Mbps, Tx Link speed: 117Mbps, Max Supported Tx Link speed: 144Mbps, Rx Link speed: 78Mbps, Max Supported Rx Link speed: 144Mbps, Frequency: 2457MHz, Net ID: -1, Metered hint: false, score: 60, isUsable: true, CarrierMerged: false, SubscriptionId: -1, IsPrimary: -1, Trusted: true, Restricted: false, Ephemeral: false, OEM paid: false, OEM private: false, OSU AP: false, FQDN: <none>, Provider friendly name: <none>, Requesting package name: <none><none>MLO Information: , Is TID-To-Link negotiation supported by the AP: false, AP MLD Address: <none>, AP MLO Link Id: <none>, AP MLO Affiliated links: <none>, Vendor Data: <none>> SignalStrength: -44 UnderlyingNetworks: Null]
02-03 21:39:17.180  1429  1429 W Layer   : gatherBufferInfo: Received unknown dataspace from gralloc
02-03 21:39:17.199  1429  1429 W Layer   : gatherBufferInfo: Received unknown dataspace from gralloc
02-03 21:39:17.215  1429  1429 W Layer   : gatherBufferInfo: Received unknown dataspace from gralloc
02-03 21:39:17.227  1630  4608 D CustomizedBinderCallsStatsInternal: reportCpuUsage() : 2%
02-03 21:39:17.228  1630  2061 I BinderCallsStats: Collected cpu time : 0us, collected call count : 0 for 20399052 ms
02-03 21:39:17.232  1429  1429 W Layer   : gatherBufferInfo: Received unknown dataspace from gralloc
02-03 21:39:17.249  1429  1429 W Layer   : gatherBufferInfo: Received unknown dataspace from gralloc
02-03 21:39:17.263 32101  5893 W NetworkScheduler.ATC: Called cancelTask for already completed task com.google.android.gms/.measurement.PackageMeasurementTaskService{u=0 tag="Measurement.PackageMeasurementTaskService.UPLOAD_TASK_TAG" trigger=window{start=348s,end=698s,earliest=-83s,latest=266s} requirements=[NET_CONNECTED,PREFERRED_NET_UNMETERED,PREFERRED_CHARGING] attributes=[PERSISTED] scheduled=-431s last_run=0s exec_window_multiplier=1.0000 jid=N/A status=ACTIVE retries=0 client_lib=GMS_TASK_SCHEDULER-260235000} :1 [CONTEXT service_id=218 ]
02-03 21:39:17.264  1429  1429 W Layer   : gatherBufferInfo: Received unknown dataspace from gralloc
02-03 21:39:17.278  5872  5872 I HBD     : i onCapabilityChanged  setNetworkState currentNetworkState : wifi 
02-03 21:39:17.282  1429  1429 W Layer   : gatherBufferInfo: Received unknown dataspace from gralloc
02-03 21:39:17.300  1429  1429 W Layer   : gatherBufferInfo: Received unknown dataspace from gralloc
02-03 21:39:17.316  1429  1429 W Layer   : gatherBufferInfo: Received unknown dataspace from gralloc
02-03 21:39:17.333  1429  1429 W Layer   : gatherBufferInfo: Received unknown dataspace from gralloc
02-03 21:39:17.349  1429  1429 W Layer   : gatherBufferInfo: Received unknown dataspace from gralloc
02-03 21:39:17.366  1429  1429 W Layer   : gatherBufferInfo: Received unknown dataspace from gralloc
02-03 21:39:17.378 31979 31979 I System.out: WebView Console: Anti-detection script injected successfully (:175)
02-03 21:39:17.383  1429  1429 W Layer   : gatherBufferInfo: Received unknown dataspace from gralloc
02-03 21:39:17.399  1429  1429 W Layer   : gatherBufferInfo: Received unknown dataspace from gralloc
02-03 21:39:17.408 31979 31979 I System.out: WebView Console: Anti-detection script injected successfully (:175)
02-03 21:39:17.416  1429  1429 W Layer   : gatherBufferInfo: Received unknown dataspace from gralloc
02-03 21:39:17.428 32101  5893 W NetworkScheduler.ATC: Called cancelTask for already completed task com.google.android.gms/.measurement.PackageMeasurementTaskService{u=0 tag="Measurement.PackageMeasurementTaskService.UPLOAD_TASK_TAG" trigger=window{start=348s,end=698s,earliest=-84s,latest=265s} requirements=[NET_CONNECTED,PREFERRED_NET_UNMETERED,PREFERRED_CHARGING] attributes=[PERSISTED] scheduled=-432s last_run=-1s exec_window_multiplier=1.0000 jid=N/A status=ACTIVE retries=0 client_lib=GMS_TASK_SCHEDULER-260235000} :1 [CONTEXT service_id=218 ]
02-03 21:39:17.431  1429  1429 W Layer   : gatherBufferInfo: Received unknown dataspace from gralloc
02-03 21:39:17.449  1429  1429 W Layer   : gatherBufferInfo: Received unknown dataspace from gralloc
02-03 21:39:17.466  1429  1429 W Layer   : gatherBufferInfo: Received unknown dataspace from gralloc
02-03 21:39:17.474  1630  2851 D SemWifiSwitchForIndividualAppsService: isSkipTcpMonitorInfo - result:1
02-03 21:39:17.480 31979 31979 I chromium: [INFO:CONSOLE:1] "Uncaught (in promise) bad-precaching-response: bad-precaching-response :: [{"url":"https://www.bigbasket.com/bb2-pwa-assets/images/Search.png","status":403}]", source: https://www.bigbasket.com/workbox-f1770938.js (1)
02-03 21:39:17.483  1429  1429 W Layer   : gatherBufferInfo: Received unknown dataspace from gralloc
02-03 21:39:17.494 31979  5171 I System.out: DirectApiScraper: Zepto: HTTP 404
02-03 21:39:17.494 31979  5171 I System.out: Zepto: Direct API failed (HTTP 404)
02-03 21:39:17.494 31979  5171 I System.out: Zepto: Loading https://www.zeptonow.com/search?query=milk+full+cream
02-03 21:39:17.495 31979  5171 I System.out: WebView: Location set to pincode=560001, lat=12.9352, lon=77.6245
02-03 21:39:17.500  1429  1429 W Layer   : gatherBufferInfo: Received unknown dataspace from gralloc
02-03 21:39:17.505  1630  4608 I AppsFilter: interaction: PackageSetting{773c491 com.pricehunt/10418} -> PackageSetting{24451a5 com.touchtype.swiftkey/10294} BLOCKED
02-03 21:39:17.510 31979 31979 I System.out: WebView: Created with User-Agent: Mozilla/5.0 (Linux; Android 14; SM-S918B) AppleWebKit/537.36 (KHTML, like Gecko) Chrome/121.0.6167.143 Mobile Safari/537.36
02-03 21:39:17.516  1429  1429 W Layer   : gatherBufferInfo: Received unknown dataspace from gralloc
02-03 21:39:17.530 31979 31979 I System.out: WebView: Set location cookies for www.zeptonow.com with pincode=560001
02-03 21:39:17.550  1429  1429 W Layer   : gatherBufferInfo: Received unknown dataspace from gralloc
02-03 21:39:17.563 32101  5893 W NetworkScheduler.ATC: Called cancelTask for already completed task com.google.android.gms/.measurement.PackageMeasurementTaskService{u=0 tag="Measurement.PackageMeasurementTaskService.UPLOAD_TASK_TAG" trigger=window{start=348s,end=698s,earliest=-84s,latest=265s} requirements=[NET_CONNECTED,PREFERRED_NET_UNMETERED,PREFERRED_CHARGING] attributes=[PERSISTED] scheduled=-432s last_run=-1s exec_window_multiplier=1.0000 jid=N/A status=ACTIVE retries=0 client_lib=GMS_TASK_SCHEDULER-260235000} :1 [CONTEXT service_id=218 ]
02-03 21:39:17.567  1429  1429 W Layer   : gatherBufferInfo: Received unknown dataspace from gralloc
02-03 21:39:17.581 32101  5900 W NetworkScheduler.ATC: Called cancelTask for already completed task com.google.android.gms/.measurement.PackageMeasurementTaskService{u=0 tag="Measurement.PackageMeasurementTaskService.UPLOAD_TASK_TAG" trigger=window{start=348s,end=698s,earliest=-84s,latest=265s} requirements=[NET_CONNECTED,PREFERRED_NET_UNMETERED,PREFERRED_CHARGING] attributes=[PERSISTED] scheduled=-432s last_run=-1s exec_window_multiplier=1.0000 jid=N/A status=ACTIVE retries=0 client_lib=GMS_TASK_SCHEDULER-260235000} :1 [CONTEXT service_id=218 ]
02-03 21:39:17.581  1429  1429 W Layer   : gatherBufferInfo: Received unknown dataspace from gralloc
02-03 21:39:17.589 31979 31979 I System.out: WebView Console: App data fetch failed with status: 400 (https://www.bbassets.com/monsters-inc/static_pwa/_next/static/chunks/492.9ef1b270fb46e78e.js:1)
02-03 21:39:17.600  1429  1429 W Layer   : gatherBufferInfo: Received unknown dataspace from gralloc
02-03 21:39:17.617  1429  1429 W Layer   : gatherBufferInfo: Received unknown dataspace from gralloc
02-03 21:39:17.633  1429  1429 W Layer   : gatherBufferInfo: Received unknown dataspace from gralloc
02-03 21:39:17.650  1429  1429 W Layer   : gatherBufferInfo: Received unknown dataspace from gralloc
02-03 21:39:17.666  1429  1429 W Layer   : gatherBufferInfo: Received unknown dataspace from gralloc
02-03 21:39:17.670 32101  5104 I NearbySharing: Network state changed: NetworkState(isRestricted=false, isOnline=true, isCongested=false, isMetered=false, isWifiConnected=true)
02-03 21:39:17.683  1429  1429 W Layer   : gatherBufferInfo: Received unknown dataspace from gralloc
02-03 21:39:17.701  1429  1429 W Layer   : gatherBufferInfo: Received unknown dataspace from gralloc
02-03 21:39:17.709 31979 31979 I System.out: WebView Console: Error with Permissions-Policy header: Unrecognized feature: 'browsing-topics'. (:0)
02-03 21:39:17.709 31979 31979 I System.out: WebView Console: Error with Permissions-Policy header: Unrecognized feature: 'web-share'. (:0)
02-03 21:39:17.713 31979 31979 I System.out: WebView: Anti-detection script injected on page start
02-03 21:39:17.717  1429  1429 W Layer   : gatherBufferInfo: Received unknown dataspace from gralloc
02-03 21:39:17.729 31979 31979 I System.out: WebView Console: Anti-detection script injected successfully (:175)
02-03 21:39:17.734  1429  1429 W Layer   : gatherBufferInfo: Received unknown dataspace from gralloc
02-03 21:39:17.750  1429  1429 W Layer   : gatherBufferInfo: Received unknown dataspace from gralloc
02-03 21:39:17.763  6716 12947 I ObjectPool@9791306: Ph_[checker Pool remains: , 9, ] [pool-94-thread-1] 
02-03 21:39:17.767  1429  1429 W Layer   : gatherBufferInfo: Received unknown dataspace from gralloc
02-03 21:39:17.775  1630  2890 D NetdEventListenerService: DNS Requested by 491, 10418(com.pricehunt), 7(NODATA), isBlocked=false, 57ms
02-03 21:39:17.784  1429  1429 W Layer   : gatherBufferInfo: Received unknown dataspace from gralloc
02-03 21:39:17.800  1429  1429 W Layer   : gatherBufferInfo: Received unknown dataspace from gralloc
02-03 21:39:17.815  1429  1429 W Layer   : gatherBufferInfo: Received unknown dataspace from gralloc
02-03 21:39:17.833  1429  1429 W Layer   : gatherBufferInfo: Received unknown dataspace from gralloc
02-03 21:39:17.850  1429  1429 W Layer   : gatherBufferInfo: Received unknown dataspace from gralloc
02-03 21:39:17.867  1429  1429 W Layer   : gatherBufferInfo: Received unknown dataspace from gralloc
02-03 21:39:17.900  1429  1429 W Layer   : gatherBufferInfo: Received unknown dataspace from gralloc
02-03 21:39:17.917  1429  1429 W Layer   : gatherBufferInfo: Received unknown dataspace from gralloc
02-03 21:39:17.933  1429  1429 W Layer   : gatherBufferInfo: Received unknown dataspace from gralloc
02-03 21:39:17.950  1429  1429 W Layer   : gatherBufferInfo: Received unknown dataspace from gralloc
02-03 21:39:17.967  1429  1429 W Layer   : gatherBufferInfo: Received unknown dataspace from gralloc
02-03 21:39:17.984  1429  1429 W Layer   : gatherBufferInfo: Received unknown dataspace from gralloc
02-03 21:39:17.984  1630  2890 D NetdEventListenerService: DNS Requested by 491, 10418(com.pricehunt), 4(FAIL), isBlocked=false, 3ms
02-03 21:39:17.986  1630  2890 D NetdEventListenerService: DNS Requested by 491, 10418(com.pricehunt), 4(FAIL), isBlocked=false, 0ms
02-03 21:39:17.989 31979 31979 I System.out: WebView: Error loading https://zn00za9ubdwvj6one-tatadigital.siteintercept.qualtrics.com/SIE/?Q_ZID=ZN_00za9ubdwvj6oNE: net::ERR_NAME_NOT_RESOLVED
02-03 21:39:18.000  1429  1429 W Layer   : gatherBufferInfo: Received unknown dataspace from gralloc
02-03 21:39:18.017  1429  1429 W Layer   : gatherBufferInfo: Received unknown dataspace from gralloc
02-03 21:39:18.034  1429  1429 W Layer   : gatherBufferInfo: Received unknown dataspace from gralloc
02-03 21:39:18.050  1429  1429 W Layer   : gatherBufferInfo: Received unknown dataspace from gralloc
02-03 21:39:18.067  1429  1429 W Layer   : gatherBufferInfo: Received unknown dataspace from gralloc
02-03 21:39:18.084  1429  1429 W Layer   : gatherBufferInfo: Received unknown dataspace from gralloc
02-03 21:39:18.101  1429  1429 W Layer   : gatherBufferInfo: Received unknown dataspace from gralloc
02-03 21:39:18.118  1429  1429 W Layer   : gatherBufferInfo: Received unknown dataspace from gralloc
02-03 21:39:18.135  1429  1429 W Layer   : gatherBufferInfo: Received unknown dataspace from gralloc
02-03 21:39:18.143  1630  2890 D NetdEventListenerService: DNS Requested by 491, 10418(com.pricehunt), 7(NODATA), isBlocked=false, 83ms
02-03 21:39:18.150  1429  1429 W Layer   : gatherBufferInfo: Received unknown dataspace from gralloc
02-03 21:39:18.151  1630  2853 I SemWifiEleStateTracker: Ele Parameters BD : 13 13 13 13 13 13 MD : -89 -89 -89 -89 -89 -93 WD : -46 -43 -45 -45 -45 -44 GC : false false false false false false SC : false false false false false false SH : false false false false false false TB : false false false false false false
02-03 21:39:18.167  1429  1429 W Layer   : gatherBufferInfo: Received unknown dataspace from gralloc
02-03 21:39:18.167 31979 31979 I System.out: WebView Console: Anti-detection script injected successfully (:175)
02-03 21:39:18.184  1429  1429 W Layer   : gatherBufferInfo: Received unknown dataspace from gralloc
02-03 21:39:18.189 31979 31979 I System.out: WebView Console: WARNING: Too many active WebGL contexts. Oldest context will be lost. (:111)
02-03 21:39:18.193  1231  8673 I sensors-hal: handle_sns_client_event:540, [0][10260] accel_sample [-0.243,  1.595,  9.756] 340114630833348
02-03 21:39:18.202  1429  1429 W Layer   : gatherBufferInfo: Received unknown dataspace from gralloc
02-03 21:39:18.208 31979 31979 I System.out: WebView Console: Anti-detection script injected successfully (:175)
02-03 21:39:18.217  1429  1429 W Layer   : gatherBufferInfo: Received unknown dataspace from gralloc
02-03 21:39:18.234  1429  1429 W Layer   : gatherBufferInfo: Received unknown dataspace from gralloc
02-03 21:39:18.250  1429  1429 W Layer   : gatherBufferInfo: Received unknown dataspace from gralloc
02-03 21:39:18.268  1429  1429 W Layer   : gatherBufferInfo: Received unknown dataspace from gralloc
02-03 21:39:18.284  1429  1429 W Layer   : gatherBufferInfo: Received unknown dataspace from gralloc
02-03 21:39:18.301  1429  1429 W Layer   : gatherBufferInfo: Received unknown dataspace from gralloc
02-03 21:39:18.318  1429  1429 W Layer   : gatherBufferInfo: Received unknown dataspace from gralloc
02-03 21:39:18.334  1429  1429 W Layer   : gatherBufferInfo: Received unknown dataspace from gralloc
02-03 21:39:18.351  1429  1429 W Layer   : gatherBufferInfo: Received unknown dataspace from gralloc
02-03 21:39:18.368  1429  1429 W Layer   : gatherBufferInfo: Received unknown dataspace from gralloc
02-03 21:39:18.384  1429  1429 W Layer   : gatherBufferInfo: Received unknown dataspace from gralloc
02-03 21:39:18.401  1429  1429 W Layer   : gatherBufferInfo: Received unknown dataspace from gralloc
02-03 21:39:18.418  1429  1429 W Layer   : gatherBufferInfo: Received unknown dataspace from gralloc
02-03 21:39:18.435  1429  1429 W Layer   : gatherBufferInfo: Received unknown dataspace from gralloc
02-03 21:39:18.451  1429  1429 W Layer   : gatherBufferInfo: Received unknown dataspace from gralloc
02-03 21:39:18.454 31979 31979 I System.out: WebView Console: Unrecognized feature: 'browsing-topics'. (https://connect.facebook.net/signals/config/1395135667375657?v=2.9.256&r=stable&domain=www.bigbasket.com&hme=18f1088ef3e8892a74f943ddaee05e3bbd28c980d3b65c4c57d9fe86969d4bce&ex_m=95%2C158%2C135%2C20%2C67%2C68%2C128%2C63%2C42%2C129%2C72%2C62%2C10%2C142%2C81%2C15%2C94%2C123%2C116%2C70%2C73%2C122%2C139%2C103%2C144%2C7%2C3%2C4%2C6%2C5%2C2%2C82%2C92%2C145%2C226%2C170%2C56%2C228%2C229%2C49%2C185%2C27%2C69%2C234%2C233%2C173%2C29%2C55%2C9%2C58%2C88%2C89%2C90%2C96%2C119%2C28%2C26%2C121%2C118%2C117%2C136%2C71%2C138%2C137%2C44%2C54%2C112%2C14%2C141%2C39%2C215%2C217%2C180%2C23%2C24%2C25%2C17%2C18%2C38%2C34%2C36%2C35%2C77%2C83%2C87%2C101%2C127%2C130%2C40%2C102%2C21%2C19%2C108%2C64%2C32%2C132%2C131%2C133%2C124%2C22%2C31%2C53%2C100%2C140%2C65%2C16%2C134%2C105%2C76%2C61%2C30%2C195%2C165%2C285%2C213%2C156%2C198%2C191%2C166%2C98%2C120%2C75%2C110%2C48%2C41%2C43%2C104%2C109%2C115%2C52%2C59%2C114%2C47%2C50%2C46%2C91%2C143%2C0%2C113%2C13%2C111%2C11%2C1%2C51%2C84%2C57%2C60%2C107%2C80%2C79%2C146%2C147%2C85%2C86%2C8%2C93%2C45%2C125%2C78%2C74%2C66%2C106%2C97%2C37%2C126%2C33%2C99%2C12%2C148:115)
02-03 21:39:18.468  1429  1429 W Layer   : gatherBufferInfo: Received unknown dataspace from gralloc
02-03 21:39:18.485  1429  1429 W Layer   : gatherBufferInfo: Received unknown dataspace from gralloc
02-03 21:39:18.495  1630  2851 D SemWifiSwitchForIndividualAppsService: isSkipTcpMonitorInfo - result:1
02-03 21:39:18.501  1429  1429 W Layer   : gatherBufferInfo: Received unknown dataspace from gralloc
02-03 21:39:18.518  1429  1429 W Layer   : gatherBufferInfo: Received unknown dataspace from gralloc
02-03 21:39:18.535  1429  1429 W Layer   : gatherBufferInfo: Received unknown dataspace from gralloc
02-03 21:39:18.551  1429  1429 W Layer   : gatherBufferInfo: Received unknown dataspace from gralloc
02-03 21:39:18.568  1429  1429 W Layer   : gatherBufferInfo: Received unknown dataspace from gralloc
02-03 21:39:18.584  1429  1429 W Layer   : gatherBufferInfo: Received unknown dataspace from gralloc
02-03 21:39:18.599  1630  1680 I system_server: Background young concurrent copying GC freed 21MB AllocSpace bytes, 112(2612KB) LOS objects, 11% free, 185MB/209MB, paused 197us,358us total 113.602ms
02-03 21:39:18.601  1429  1429 W Layer   : gatherBufferInfo: Received unknown dataspace from gralloc
02-03 21:39:18.618  1429  1429 W Layer   : gatherBufferInfo: Received unknown dataspace from gralloc
02-03 21:39:18.635  1429  1429 W Layer   : gatherBufferInfo: Received unknown dataspace from gralloc
02-03 21:39:18.651  1429  1429 W Layer   : gatherBufferInfo: Received unknown dataspace from gralloc
02-03 21:39:18.669  1429  1429 W Layer   : gatherBufferInfo: Received unknown dataspace from gralloc
02-03 21:39:18.685  1429  1429 W Layer   : gatherBufferInfo: Received unknown dataspace from gralloc
02-03 21:39:18.702  1429  1429 W Layer   : gatherBufferInfo: Received unknown dataspace from gralloc
02-03 21:39:18.715 31979 31979 I System.out: WebView: Error loading https://www.facebook.com/privacy_sandbox/pixel/register/trigger/?id=1395135667375657&ev=PageView&dl=https%3A%2F%2Fwww.bigbasket.com%2Fps%2F%3Fq%3Dmilk%2Bfull%2Bcream&rl=&if=false&ts=1770134958467&sw=320&sh=872&v=2.9.256&r=stable&ec=0&o=4126&fbp=fb.1.1770134958462.768632890499266763&ler=empty&cdl=API_unavailable&pmd[title]=&plt=262.09999999403954&it=1770134958144&coo=false&chmd=&chpv=&chfv=undefined&expv2[0]=pl1&expv2[1]=el2&expv2[2]=bc1&expv2[3]=mr2&expv2[4]=im0&expv2[5]=hf3&rqm=FGET: net::ERR_BLOCKED_BY_ORB
02-03 21:39:18.718  1429  1429 W Layer   : gatherBufferInfo: Received unknown dataspace from gralloc
02-03 21:39:18.725 31979 31979 I System.out: WebView: Error loading https://www.facebook.com/privacy_sandbox/pixel/register/trigger/?id=1395135667375657&ev=Search&dl=https%3A%2F%2Fwww.bigbasket.com%2Fps%2F%3Fq%3Dmilk%2Bfull%2Bcream&rl=&if=false&ts=1770134958478&cd[content_type]=product%20&sw=320&sh=872&v=2.9.256&r=stable&ec=2&o=4126&fbp=fb.1.1770134958462.768632890499266763&ler=empty&cdl=API_unavailable&plt=262.09999999403954&it=1770134958144&coo=false&chmd=&chpv=&chfv=undefined&expv2[0]=pl1&expv2[1]=el3&expv2[2]=bc1&expv2[3]=mr2&expv2[4]=im0&expv2[5]=hf3&rqm=FGET: net::ERR_BLOCKED_BY_ORB
02-03 21:39:18.726 31979 31979 I System.out: WebView: Error loading https://www.facebook.com/privacy_sandbox/pixel/register/trigger/?id=1395135667375657&ev=Search&dl=https%3A%2F%2Fwww.bigbasket.com%2Fps%2F%3Fq%3Dmilk%2Bfull%2Bcream&rl=&if=false&ts=1770134958472&cd[content_type]=product&sw=320&sh=872&v=2.9.256&r=stable&ec=1&o=4126&fbp=fb.1.1770134958462.768632890499266763&ler=empty&cdl=API_unavailable&plt=262.09999999403954&it=1770134958144&coo=false&chmd=&chpv=&chfv=undefined&expv2[0]=pl1&expv2[1]=el3&expv2[2]=bc1&expv2[3]=mr2&expv2[4]=im0&expv2[5]=hf3&rqm=FGET: net::ERR_BLOCKED_BY_ORB
02-03 21:39:18.735  1429  1429 W Layer   : gatherBufferInfo: Received unknown dataspace from gralloc
02-03 21:39:18.752  1429  1429 W Layer   : gatherBufferInfo: Received unknown dataspace from gralloc
02-03 21:39:18.769  1429  1429 W Layer   : gatherBufferInfo: Received unknown dataspace from gralloc
02-03 21:39:18.785  1429  1429 W Layer   : gatherBufferInfo: Received unknown dataspace from gralloc
02-03 21:39:18.803  1429  1429 W Layer   : gatherBufferInfo: Received unknown dataspace from gralloc
02-03 21:39:18.818  1429  1429 W Layer   : gatherBufferInfo: Received unknown dataspace from gralloc
02-03 21:39:18.835  1429  1429 W Layer   : gatherBufferInfo: Received unknown dataspace from gralloc
02-03 21:39:18.845   830   830 D io_stats: !@   8,0 r 30782823 936719504 w 9314378 149191876 d 3400831 361541280 f 0 0 iot 16389672 0 th 0 0 0 pt 0 inp 0 0 152060.948
02-03 21:39:18.852  1429  1429 W Layer   : gatherBufferInfo: Received unknown dataspace from gralloc
02-03 21:39:18.854  1630  2848 V SemStrongRssiRoaming: EVENT_GET_WIFI_INFO_POLL (-44)
02-03 21:39:18.855 20149 20149 I wpa_sslib: cmd: GETNCHOMODE
02-03 21:39:18.857 20149 20149 I wpa_sslib: Response: GETNCHOMODE 0
02-03 21:39:18.860  1630  2731 V SemStrongRssiRoaming: Partial scan success
02-03 21:39:18.864  1744  1744 W wificond: Failed to get NL80211_ATTR_MAX_NUM_AKM_SUITES
02-03 21:39:18.867  6716 12947 I ObjectPool@9791306: Ph_[checker Pool remains: , 9, ] [pool-94-thread-1] 
02-03 21:39:18.868  1744  1744 W wificond: Failed to get NL80211_ATTR_MAX_NUM_AKM_SUITES
02-03 21:39:18.869  1429  1429 W Layer   : gatherBufferInfo: Received unknown dataspace from gralloc
02-03 21:39:18.871  1744  1744 W wificond: Failed to get NL80211_ATTR_MAX_NUM_AKM_SUITES
02-03 21:39:18.874  1744  1744 W wificond: Failed to get NL80211_ATTR_MAX_NUM_AKM_SUITES
02-03 21:39:18.882  1231 29796 I sensors-hal: handle_sns_std_sensor_event:141, [SSC_LIGHT] P: 33(33),ch0:3280,ch1:0,c:0,w:0,l:17,m:2,br:63,c1:85,c2:123,i:1
02-03 21:39:18.883  1429  1429 W Layer   : gatherBufferInfo: Received unknown dataspace from gralloc
02-03 21:39:18.901  1429  1429 W Layer   : gatherBufferInfo: Received unknown dataspace from gralloc
02-03 21:39:18.918  1429  1429 W Layer   : gatherBufferInfo: Received unknown dataspace from gralloc
02-03 21:39:18.935  1429  1429 W Layer   : gatherBufferInfo: Received unknown dataspace from gralloc
02-03 21:39:18.952  1429  1429 W Layer   : gatherBufferInfo: Received unknown dataspace from gralloc
02-03 21:39:18.969  1429  1429 W Layer   : gatherBufferInfo: Received unknown dataspace from gralloc
02-03 21:39:18.985  1429  1429 W Layer   : gatherBufferInfo: Received unknown dataspace from gralloc
02-03 21:39:18.999  1630  3155 D WifiNl80211Manager: Scan result ready event
02-03 21:39:18.999  1630  3155 D WifiNative: Scan result ready event
02-03 21:39:18.999  1880 29953 I LOWI-9.0.0.89.z: [LOWI-Scan] lowi_close_record:Scan done in 340093814ms, 9 APs in scan results
02-03 21:39:19.002  1429  1429 W Layer   : gatherBufferInfo: Received unknown dataspace from gralloc
02-03 21:39:19.009  1630  2731 D WificondScannerImpl: Filtering out 5 scan results.
02-03 21:39:19.010  1630  2731 V SemStrongRssiRoaming: Partial scan onResults
02-03 21:39:19.010  1630  2731 D SemStrongRssiRoaming: Received 4 partial scan results
02-03 21:39:19.010  1630  2814 V SemWifiScanPool: updateScanResult, partial scan:4 configKeys: 12 pool_bssid:73 pool_configKeys:25
02-03 21:39:19.011  1630  3226 D SLocation: ReceiverPair - handleWifiScan - wifi scanned enter
02-03 21:39:19.011  1630  3226 D SLocation: ReceiverPair - ignore direction of location due to wifi, id = 1, reason = 500
02-03 21:39:19.011  1630  3226 I SLocation: ReceiverPairWithWifi - handle Wifi Scans ID = 16
02-03 21:39:19.011  1630  3226 I SLocation: ReceiverPairWithWifi - force set enter id=16 by wifi scan
02-03 21:39:19.011  1630  3226 D SLocation: ReceiverPair - ignore direction of location due to wifi, id = 16, reason = 500
02-03 21:39:19.011  1630  3226 D SLocation: ReceiverPair - handleWifiScan - wifi scanned enter
02-03 21:39:19.011  1630  3226 D SLocation: ReceiverPair - ignore direction of location due to wifi, id = 19, reason = 500
02-03 21:39:19.011  1630  3226 I SLocation: ReceiverPairWithWifi - handle Wifi Scans ID = 179
02-03 21:39:19.011  1630  3226 I SLocation: ReceiverPairWithWifi - handle Wifi Scans ID = 191
02-03 21:39:19.011  1630  3226 I SLocation: ReceiverPairWithWifi - force set enter id=191 by wifi scan
02-03 21:39:19.011  1630  3226 D SLocation: ReceiverPair - ignore direction of location due to wifi, id = 191, reason = 500
02-03 21:39:19.011  1630  3226 I SLocation: ReceiverPairWithWifi - handle Wifi Scans ID = 193
02-03 21:39:19.011  1630  3226 I SLocation: ReceiverPairWithWifi - force set enter id=193 by wifi scan
02-03 21:39:19.011  1630  3226 D SLocation: ReceiverPair - ignore direction of location due to wifi, id = 193, reason = 500
02-03 21:39:19.018  1429  1429 W Layer   : gatherBufferInfo: Received unknown dataspace from gralloc
02-03 21:39:19.022  1630  2727 I HalDevMgr: bestIfaceCreationProposal is null, requestIface=STA, existingIface=[name=wlan0 type=STA]
02-03 21:39:19.035  1429  1429 W Layer   : gatherBufferInfo: Received unknown dataspace from gralloc
02-03 21:39:19.052  1429  1429 W Layer   : gatherBufferInfo: Received unknown dataspace from gralloc
02-03 21:39:19.069  1429  1429 W Layer   : gatherBufferInfo: Received unknown dataspace from gralloc
02-03 21:39:19.086  1429  1429 W Layer   : gatherBufferInfo: Received unknown dataspace from gralloc
02-03 21:39:19.103  1429  1429 W Layer   : gatherBufferInfo: Received unknown dataspace from gralloc
02-03 21:39:19.119  1429  1429 W Layer   : gatherBufferInfo: Received unknown dataspace from gralloc
02-03 21:39:19.136  1429  1429 W Layer   : gatherBufferInfo: Received unknown dataspace from gralloc
02-03 21:39:19.153  1429  1429 W Layer   : gatherBufferInfo: Received unknown dataspace from gralloc
02-03 21:39:19.169  1429  1429 W Layer   : gatherBufferInfo: Received unknown dataspace from gralloc
02-03 21:39:19.177  1630  4226 D MARs:ActiveTrafficFilter: filter : com.Slack(10)
02-03 21:39:19.177  1630  4226 D FreecessController: com.Slack(1010350) is important[8]
02-03 21:39:19.186  1429  1429 W Layer   : gatherBufferInfo: Received unknown dataspace from gralloc
02-03 21:39:19.193 31979  5171 I System.out: Flipkart Minutes: URL 1 returned empty, trying next...
02-03 21:39:19.193 31979  5171 I System.out: Flipkart Minutes:  All URLs failed
02-03 21:39:19.193 31979  5171 I System.out: Flipkart Minutes: [RAW] Got 0 products
02-03 21:39:19.193 31979  5171 I System.out: Flipkart Minutes:  No products
02-03 21:39:19.194 31979  5171 I System.out: Flipkart Minutes: Completed (5/10)
02-03 21:39:19.194 31979 31979 I System.out: [STREAM] Flipkart Minutes: 0 products at 9628ms
02-03 21:39:19.194 31979  5171 I System.out: Flipkart: Starting (WebView)
02-03 21:39:19.194 31979 31979 I System.out:  Per-platform AI: Flipkart Minutes - skipped (0 products)
02-03 21:39:19.195 31979 31979 I System.out:  Best Deal Search: 'milk full cream'  Primary keyword: 'milk'
02-03 21:39:19.196 31979  5160 I System.out: Flipkart: Searching for 'milk full cream'...
02-03 21:39:19.196 31979  5160 I System.out: Flipkart: Using WebView (SPA site)...
02-03 21:39:19.196 31979  5160 I System.out: WebView: Location set to pincode=560001, lat=12.9352, lon=77.6245
02-03 21:39:19.196 31979  5160 I System.out: Flipkart: Trying URL 1/3: https://m.flipkart.com/search?q=milk+full+cream
02-03 21:39:19.202  1429  1429 W Layer   : gatherBufferInfo: Received unknown dataspace from gralloc
02-03 21:39:19.203 31979 31979 I System.out:  Relevance: HIGH=15, MEDIUM=3, LOW=1
02-03 21:39:19.203 31979 31979 I System.out:    HIGH [40]: Amul Lactose Free Milk, 400 ml = 25.0
02-03 21:39:19.203 31979 31979 I System.out:    HIGH [50]: Arokya Toned Milk, 400 ml = 26.0
02-03 21:39:19.203 31979 31979 I System.out:    HIGH [50]: Heritage Toned Fresh Milk-Pasteurised, 5 = 26.0
02-03 21:39:19.203 31979 31979 I System.out:    HIGH [70]: Nandini Shubham Pasteurized Fresh Milk,  = 27.0
02-03 21:39:19.204 31979 31979 I System.out:    HIGH [40]: Amul Moti Toned Milk (90 Days Shelf Life = 29.0
02-03 21:39:19.204 31979 31979 I System.out:    MED [10]: Rainbow Condensed Milk Original | Rich & = 999.0
02-03 21:39:19.204 31979 31979 I System.out:    MED [0]: GAVYRATAN Pure & Premium Skimmed Milk Po = 1699.0
02-03 21:39:19.204 31979 31979 I System.out:    MED [0]: GAVYRATAN Pure & Premium Skimmed Milk Po = 2219.0
02-03 21:39:19.204 31979 31979 I System.out:    LOW [-10]: Ahuja Mart Milk Powder, EveryDay Dairy W = 849.0
02-03 21:39:19.206 31979 31979 I System.out: SearchIntelligence:  Amul Taaza Toned Milk - Pack o  16.0/pack
02-03 21:39:19.208 31979 31979 I System.out: SearchIntelligence:  Couldn't parse quantity from 'Rainbow's Quality Milk Original  12s Convenience Pack  Long Shelf Life Evaporated Milk  Ideal for Tea, Coffee & Dess'
02-03 21:39:19.208 31979 31979 I System.out:    Per-unit comparison: 1 products have calculable unit price
