02-03 22:15:36.299  1630  1956 D WindowManagerServiceExt: updateTaskbarTargetIfNeeded: cn=ComponentInfo{com.pricehunt/com.pricehunt.presentation.MainActivity} occludesParent=true isInSplitScreenMode=false styleFloating=false
02-03 22:15:36.299  1630  1956 D ChangeTransitionController: onTransactionReady: TransitionRecord{100e954 id=3035 type=OPEN flags=0x0}
02-03 22:15:36.299  1630  1956 V WindowManager: Start calculating TransitionInfo based on participants: {ActivityRecord{1e03385 u0 com.sec.android.app.launcher/.activities.LauncherActivity t4013}, Task{606d043 #4525 type=standard A=10418:com.pricehunt}, WallpaperWindowToken{755951b token=android.os.Binder@b9e432a}_<lock|non-primary>, WallpaperWindowToken{e9c47b2 token=android.os.Binder@b7cf914}_<system|non-primary>, ActivityRecord{f7320fd u0 com.pricehunt/.presentation.MainActivity t4525}}
02-03 22:15:36.299  1630  1956 V WindowManager:   Final targets: [Task{606d043 #4525 type=standard A=10418:com.pricehunt}, Task{63283a6 #1 type=home}, WallpaperWindowToken{e9c47b2 token=android.os.Binder@b7cf914}_<system|non-primary>]
02-03 22:15:36.300  1429  4731 I SurfaceFlinger: id=52564 createSurf, flag=84004, Transition Root: Task=4525#52564
02-03 22:15:36.300  3474  3474 I HoneySpace.TaskbarVisibilityController: onTaskbarIconVisibleChangeRequest return by cover state
02-03 22:15:36.300  1630  2556 W ParceledListSlice: Element #34 is 24684 bytes.
02-03 22:15:36.302  1429  1429 W Layer   : gatherBufferInfo: Received unknown dataspace from gralloc
02-03 22:15:36.302  1429  1429 W Layer   : gatherBufferInfo: Received unknown dataspace from gralloc
02-03 22:15:36.302  1630  1956 I SurfaceControlRegistry: show, t=StartTransaction_SyncId<3035> sc=ActivityRecord{f7320fd u0 com.pricehunt/.presentation.MainActivity t4525}, caller=android.view.SurfaceControl$Transaction.show:3232 com.android.server.wm.Transition.onTransactionReady:2273 com.android.server.wm.BLASTSyncEngine$SyncGroup.finishNow:202 com.android.server.wm.BLASTSyncEngine.onSurfacePlacement:269 com.android.server.wm.RootWindowContainer.performSurfacePlacementNoTrace:494 com.android.server.wm.RootWindowContainer.performSurfacePlacement:9 
02-03 22:15:36.303  1630  1956 V WindowManager: Calling onTransitionReady: {id=3035 t=OPEN f=0x0 trk=0 r=[0@Point(0, 0)] c=[
02-03 22:15:36.303  1630  1956 V WindowManager:         {WCT{RemoteToken{412339d Task{606d043 #4525 type=standard A=10418:com.pricehunt}}} m=OPEN f=NONE leash=Surface(name=Task=4525)/@0x9e5ba47 sb=Rect(0, 0 - 840, 2289) eb=Rect(0, 0 - 840, 2289) d=0 taskParent=-1 inset=Rect(0, 82 - 0, 39) dim=true},
02-03 22:15:36.303  1630  1956 V WindowManager:         {WCT{RemoteToken{87efa05 Task{63283a6 #1 type=home}}} m=TO_BACK f=SHOW_WALLPAPER|EDGE_EXTENSION_RESTRICTION leash=Surface(name=Task=1)/@0x1902b8f sb=Rect(0, 0 - 840, 2289) eb=Rect(0, 0 - 840, 2289) d=0 taskParent=-1 inset=Rect(0, 82 - 0, 39)},
02-03 22:15:36.303  1630  1956 V WindowManager:         {null m=TO_BACK f=IS_WALLPAPER p=WCT{RemoteToken{92e4ab2 RemoteWallpaperAnim:1:1@44988793}} leash=Surface(name=WallpaperWindowToken{e9c47b2 token=android.os.Binder@b7cf914})/@0xb6f6f95 sb=Rect(0, 0 - 840, 2289) eb=Rect(0, 0 - 840, 2289) d=0 inset=Rect(0, 0 - 0, 0)}
02-03 22:15:36.303  1630  1956 V WindowManager:     ]}
02-03 22:15:36.303  1429  1429 I BpBinder: onLastStrongRef automatically unlinking death recipients: 
02-03 22:15:36.303  1630  1956 D PowerManagerService: [api] setPowerBoost(L) boost:0, durationMs:0, caller (uid: 1000 pid: 1630) <- m() in com.android.server.display.DisplayManagerService$BinderService$$ExternalSyntheticOutline0:1
02-03 22:15:36.304  2991  5982 W ndroid.systemui: Large reply transaction of 405148 bytes, interface descriptor com.android.wm.shell.recents.IRecentTasks, code 4
02-03 22:15:36.304  1429  1561 W ComposerExtn: DisplayExtnImpl::SetActiveConfig: HWC Display 3 is not registered!
02-03 22:15:36.304  2991 13478 V WindowManagerShell: onTransitionReady(transaction=7000796992153)
02-03 22:15:36.304  1630  1956 I WindowManager: Cancelling animation restarting=true, leash=Surface(name=Surface(name=65b5200 StatusBar)/@0xb203e6f - animation-leash of insets_animation)/@0xaa766fe
02-03 22:15:36.304  1630  1956 I WindowManager: Reparenting to original parent: Surface(name=WindowToken{182faa6 type=2000 android.os.BinderProxy@622ade8})/@0x89a977c, destroy=false, syncState=0, syncCommitDepth=0, surface=Surface(name=65b5200 StatusBar)/@0xb203e6f
02-03 22:15:36.304  2991  3068 V WindowManagerShell: onTransitionReady (#3035) android.os.BinderProxy@2805a48: {id=3035 t=OPEN f=0x0 trk=0 r=[0@Point(0, 0)] c=[{WCT{android.window.IWindowContainerToken$Stub$Proxy@84930bc} m=OPEN f=NONE leash=Surface(name=Task=4525)/@0xe18eb90 sb=Rect(0, 0 - 840, 2289) eb=Rect(0, 0 - 840, 2289) d=0 taskParent=-1 inset=Rect(0, 82 - 0, 39) dim=true},{WCT{android.window.IWindowContainerToken$Stub$Proxy@16b3845} m=TO_BACK f=SHOW_WALLPAPER|EDGE_EXTENSION_RESTRICTION leash=Surface(name=Task=1)/@0x9c25c89 sb=Rect(0, 0 - 840, 2289) eb=Rect(0, 0 - 840, 2289) d=0 taskParent=-1 inset=Rect(0, 82 - 0, 39)},{null m=TO_BACK f=IS_WALLPAPER p=WCT{android.window.IWindowContainerToken$Stub$Proxy@2a2b9a} leash=Surface(name=WallpaperWindowToken{e9c47b2 token=android.os.Binder@b7cf914})/@0xae9548e sb=Rect(0, 0 - 840, 2289) eb=Rect(0, 0 - 840, 2289) d=0 inset=Rect(0, 0 - 0, 0)}]}
02-03 22:15:36.304  1630  1956 I WindowManager: Reparenting to leash, surface=Surface(name=65b5200 StatusBar)/@0xb203e6f, syncState=0, syncCommitDepth=0, leashParent=Surface(name=WindowToken{182faa6 type=2000 android.os.BinderProxy@622ade8})/@0x89a977c
02-03 22:15:36.304  2991  3068 I SurfaceControlRegistry: hide, t=FinishTransaction_SyncId<3035> sc=Task=1, caller=android.view.SurfaceControl$Transaction.hide:3258 com.android.wm.shell.transition.Transitions.dispatchReady:929 com.android.wm.shell.transition.Transitions.onTransitionReady:243 com.android.wm.shell.transition.Transitions$TransitionPlayerImpl$$ExternalSyntheticLambda0.run:13 android.os.Handler.handleCallback:959 android.os.Handler.dispatchMessage:100 
02-03 22:15:36.304  1630  1950 V WindowManager: Sent Transition (#3035) createdAt=02-03 22:15:36.235 via request=TransitionRequestInfo { type = OPEN, triggerTask = TaskInfo{userId=0 taskId=4525 displayId=0 isRunning=true baseIntent=Intent { flg=0x10000000 cmp=com.pricehunt/.presentation.MainActivity } baseActivity=ComponentInfo{com.pricehunt/com.pricehunt.presentation.MainActivity} topActivity=ComponentInfo{com.pricehunt/com.pricehunt.presentation.MainActivity} origActivity=null realActivity=ComponentInfo{com.pricehunt/com.pricehunt.presentation.MainActivity} numActivities=1 lastActiveTime=342292789 supportsMultiWindow=true resizeMode=1 isResizeable=true minWidth=-1 minHeight=-1 maxWidth=-1 maxHeight=-1 defaultMinSize=220 token=WCT{RemoteToken{412339d Task{606d043 #4525 type=standard A=10418:com.pricehunt}}} topActivityType=1 pictureInPictureParams=null shouldDockBigOverlays=false launchIntoPipHostTaskId=-1 lastParentTaskIdBeforePip=-1 displayCutoutSafeInsets=Rect(0, 82 - 0, 0) topActivityInfo=ActivityInfo{fe80012 com.pricehunt.presentation.MainActivity} launchCookies=[] positionInParent=Point(0, 0) parentTaskId=-1 isFocused=false isVisible=false isVisibleRequested=false isSleeping=false topActivityInSizeCompat=false locusId=null displayAreaFeatureId=1 isTopActivityTransparent=false isTopActivityStyleFloating=false appCompatTaskInfo=AppCompatTaskInfo { topActivityInSizeCompat=false eligibleForLetterboxEducation= false isLetterboxEducationEnabled= false isLetterboxDoubleTapEnabled= false eligibleForUserAspectRatioButton= false topActivityBoundsLetterboxed= false isFromLetterboxDoubleTap= false topActivityLetterboxVerticalPosition= -1 topActivityLetterboxHorizontalPosition= -1 topActivityLetterboxWidth=840 topActivityLetterboxHeight=2289 topActivityLetterboxAppWidth=840 topActivityLetterboxAppHeight=2168 isUserFullscreenOverrideEnabled=false isSystemFullscreenOverrideEnabled=false hasMinAspectRatioOverride=false cameraCompatTaskInfo=CameraCompatTaskInfo { freeformCameraCompatMode=inactive} topActivityBounds=null topActivityInDisplayCompat=false} originallySupportedMultiWindow=true hasWallpaper=false rootAffinity=10418:com.pricehunt isTopTaskInStage=false topActivityUiMode=33 CoverLauncherWidgetTask=false isAllowedSeamlessRotation=false isTopTransparentActivity=false snappingGuideBounds=Rect(71, 731 - 769, 1602) isAliasManaged=false hasConfigChanged=false isAiKeyRemoveAppTask=false}, pipTask = null, remoteTransition = null, displayChange = null, flags = 0, debugId = 3035 }
02-03 22:15:36.304  2991  3068 I SurfaceControlRegistry: show, t=StartTransaction_SyncId<3035> sc=Task=4525, caller=android.view.SurfaceControl$Transaction.show:3232 com.android.wm.shell.transition.Transitions.dispatchReady:934 com.android.wm.shell.transition.Transitions.onTransitionReady:243 com.android.wm.shell.transition.Transitions$TransitionPlayerImpl$$ExternalSyntheticLambda0.run:13 android.os.Handler.handleCallback:959 android.os.Handler.dispatchMessage:100 
02-03 22:15:36.304  1630  1950 V WindowManager:     startWCT=WindowContainerTransaction { changes = {} hops = [] errorCallbackToken=null taskFragmentOrganizer=null }
02-03 22:15:36.304  2991  3068 I SurfaceControlRegistry: show, t=FinishTransaction_SyncId<3035> sc=Task=4525, caller=android.view.SurfaceControl$Transaction.show:3232 com.android.wm.shell.transition.Transitions.dispatchReady:988 com.android.wm.shell.transition.Transitions.onTransitionReady:243 com.android.wm.shell.transition.Transitions$TransitionPlayerImpl$$ExternalSyntheticLambda0.run:13 android.os.Handler.handleCallback:959 android.os.Handler.dispatchMessage:100 
02-03 22:15:36.304  2991  3068 V WindowManagerShell: Playing animation for (#3035) android.os.BinderProxy@2805a48@0
02-03 22:15:36.304  2991  3068 I SurfaceControlRegistry: show, t=StartTransaction_SyncId<3035> sc=Transition Root: Task=4525, caller=android.view.SurfaceControl$Transaction.show:3232 com.android.wm.shell.transition.Transitions.playTransition:81 com.android.wm.shell.transition.Transitions.processReadyQueue:250 com.android.wm.shell.transition.Transitions.dispatchReady:1007 com.android.wm.shell.transition.Transitions.onTransitionReady:243 com.android.wm.shell.transition.Transitions$TransitionPlayerImpl$$ExternalSyntheticLambda0.run:13 
02-03 22:15:36.304  1429  4731 I SurfaceFlinger: id=52565 createSurf, flag=24000, Surface(name=65b5200 StatusBar)/@0xb203e6f - animation-leash of insets_animation#52565
02-03 22:15:36.305  1630  1950 V WindowManager:     info={id=3035 t=OPEN f=0x0 trk=0 r=[0@Point(0, 0)] c=[
02-03 22:15:36.305  1630  1950 V WindowManager:         {WCT{RemoteToken{412339d Task{606d043 #4525 type=standard A=10418:com.pricehunt}}} m=OPEN f=NONE leash=Surface(name=Task=4525)/@0x9e5ba47 sb=Rect(0, 0 - 840, 2289) eb=Rect(0, 0 - 840, 2289) d=0 taskParent=-1 inset=Rect(0, 82 - 0, 39) dim=true},
02-03 22:15:36.305  1630  1950 V WindowManager:         {WCT{RemoteToken{87efa05 Task{63283a6 #1 type=home}}} m=TO_BACK f=SHOW_WALLPAPER|EDGE_EXTENSION_RESTRICTION leash=Surface(name=Task=1)/@0x1902b8f sb=Rect(0, 0 - 840, 2289) eb=Rect(0, 0 - 840, 2289) d=0 taskParent=-1 inset=Rect(0, 82 - 0, 39)},
02-03 22:15:36.305  1630  1950 V WindowManager:         {null m=TO_BACK f=IS_WALLPAPER p=WCT{RemoteToken{92e4ab2 RemoteWallpaperAnim:1:1@44988793}} leash=Surface(name=WallpaperWindowToken{e9c47b2 token=android.os.Binder@b7cf914})/@0xb6f6f95 sb=Rect(0, 0 - 840, 2289) eb=Rect(0, 0 - 840, 2289) d=0 inset=Rect(0, 0 - 0, 0)}
02-03 22:15:36.305  1630  1950 V WindowManager:     ]}
02-03 22:15:36.305  2991  3068 V WindowManagerShell:  try handler com.android.wm.shell.transition.DefaultMixedHandler@22ce9d2
02-03 22:15:36.305  2991  3068 V WindowManagerShell:  try handler com.android.wm.shell.keyguard.KeyguardTransitionHandler@5a429d7
02-03 22:15:36.305  2991  3068 V WindowManagerShell:  try handler com.android.wm.shell.pip.PipTransition@2ba2049
02-03 22:15:36.305  2991  3068 V WindowManagerShell:  try handler com.android.wm.shell.activityembedding.ActivityEmbeddingController@8c2d4e
02-03 22:15:36.305  2991  3068 V WindowManagerShell:  try handler com.android.wm.shell.unfold.UnfoldTransitionHandler@9d13e6f
02-03 22:15:36.305  2991  3068 V WindowManagerShell:  try handler com.android.wm.shell.splitscreen.StageCoordinator@7f7977c
02-03 22:15:36.305  2991  3068 V WindowManagerShell:  try handler com.android.wm.shell.recents.RecentsTransitionHandler@a7b7805
02-03 22:15:36.305  2991  3068 V ShellRecents: RecentsTransitionHandler.startAnimation: no controller found
02-03 22:15:36.305  2991  3068 V WindowManagerShell:  try handler com.android.wm.shell.transition.RemoteTransitionHandler@e01d05a
02-03 22:15:36.305  2991  3068 V WindowManagerShell: Transition doesn't have explicit remote, search filters for match for {id=3035 t=OPEN f=0x0 trk=0 r=[0@Point(0, 0)] c=[{WCT{android.window.IWindowContainerToken$Stub$Proxy@84930bc} m=OPEN f=NONE leash=Surface(name=Task=4525)/@0xe18eb90 sb=Rect(0, 0 - 840, 2289) eb=Rect(0, 0 - 840, 2289) d=0 taskParent=-1 inset=Rect(0, 82 - 0, 39) dim=true},{WCT{android.window.IWindowContainerToken$Stub$Proxy@16b3845} m=TO_BACK f=SHOW_WALLPAPER|EDGE_EXTENSION_RESTRICTION leash=Surface(name=Task=1)/@0x9c25c89 sb=Rect(0, 0 - 840, 2289) eb=Rect(0, 0 - 840, 2289) d=0 taskParent=-1 inset=Rect(0, 82 - 0, 39)},{null m=TO_BACK f=IS_WALLPAPER p=WCT{android.window.IWindowContainerToken$Stub$Proxy@2a2b9a} leash=Surface(name=WallpaperWindowToken{e9c47b2 token=android.os.Binder@b7cf914})/@0xae9548e sb=Rect(0, 0 - 840, 2289) eb=Rect(0, 0 - 840, 2289) d=0 inset=Rect(0, 0 - 0, 0)}]}
02-03 22:15:36.305  2991  3068 V WindowManagerShell:  Checking filter Pair{{types=[] flags=0x0] notFlags=0x100 checks=[{atype=home independent=true modes=[OPEN,TO_FRONT] flags=NONE mustBeTask=false order=TOP topActivity=ComponentInfo{com.sec.android.app.launcher/com.sec.android.app.launcher.Launcher} launchCookie=null},{atype=recents independent=true modes=[CLOSE,TO_BACK] flags=NONE mustBeTask=false order=ANY topActivity=null launchCookie=null}]} RemoteTransition { remoteTransition = android.window.IRemoteTransition$Stub$Proxy@3dd528b, appThread = android.app.IApplicationThread$Stub$Proxy@6e4af68, debugName = QuickstepLaunchHomeFromRecentsflags =NONE }}
02-03 22:15:36.305  2991  3068 V WindowManagerShell:  Checking filter Pair{{types=[] flags=0x0] notFlags=0x100 checks=[{atype=home independent=true modes=[OPEN,TO_FRONT] flags=NONE mustBeTask=false order=TOP topActivity=ComponentInfo{com.sec.android.app.launcher/com.sec.android.app.launcher.Launcher} launchCookie=null},{atype=standard independent=true modes=[CLOSE,TO_BACK] flags=NONE mustBeTask=false order=ANY topActivity=null launchCookie=null}]} RemoteTransition { remoteTransition = android.window.IRemoteTransition$Stub$Proxy@f408f81, appThread = android.app.IApplicationThread$Stub$Proxy@8fc9826, debugName = QuickstepLaunchHomeflags =NONE }}
02-03 22:15:36.305  2991  3068 V WindowManagerShell:  Delegate animation for (#3035) to null
02-03 22:15:36.305  2991  3068 V WindowManagerShell:  try handler com.android.wm.shell.transition.DefaultTransitionHandler@d4c8c67
02-03 22:15:36.305  2991  3068 V WindowManagerShell: start default transition animation, info = {id=3035 t=OPEN f=0x0 trk=0 r=[0@Point(0, 0)] c=[{WCT{android.window.IWindowContainerToken$Stub$Proxy@84930bc} m=OPEN f=NONE leash=Surface(name=Task=4525)/@0xe18eb90 sb=Rect(0, 0 - 840, 2289) eb=Rect(0, 0 - 840, 2289) d=0 taskParent=-1 inset=Rect(0, 82 - 0, 39) dim=true},{WCT{android.window.IWindowContainerToken$Stub$Proxy@16b3845} m=TO_BACK f=SHOW_WALLPAPER|EDGE_EXTENSION_RESTRICTION leash=Surface(name=Task=1)/@0x9c25c89 sb=Rect(0, 0 - 840, 2289) eb=Rect(0, 0 - 840, 2289) d=0 taskParent=-1 inset=Rect(0, 82 - 0, 39)},{null m=TO_BACK f=IS_WALLPAPER p=WCT{android.window.IWindowContainerToken$Stub$Proxy@2a2b9a} leash=Surface(name=WallpaperWindowToken{e9c47b2 token=android.os.Binder@b7cf914})/@0xae9548e sb=Rect(0, 0 - 840, 2289) eb=Rect(0, 0 - 840, 2289) d=0 inset=Rect(0, 0 - 0, 0)}]}
02-03 22:15:36.307  3474  7346 I HoneySpace.HistoryViewModel@64637423@OneUI: Illegal access. Unknown type. skip load history items
02-03 22:15:36.307  3474  3988 I HoneySpace.HistoryViewModel@129678705@OneUI: task bar is not showing. skip load history items
02-03 22:15:36.307  3474  3988 I HoneySpace.HistoryViewModel@129678705@OneUI: launcherShowing : false, recentShowing : false, isInteractive : true, state : 0minusOne : false
02-03 22:15:36.307  2991  3068 V WindowManagerShell: loadAnimation: anim=android.view.animation.AnimationSet@ed69ca8 animAttr=0x13 type=OPEN isEntrance=false
02-03 22:15:36.307  2991  3068 V WindowManagerShell:    wallpaperTransit=WALLPAPER_CLOSE translucent=false
02-03 22:15:36.307  2991  3068 V WindowManagerShell:    change={WCT{android.window.IWindowContainerToken$Stub$Proxy@16b3845} m=TO_BACK f=SHOW_WALLPAPER|EDGE_EXTENSION_RESTRICTION leash=Surface(name=Task=1)/@0x9c25c89 sb=Rect(0, 0 - 840, 2289) eb=Rect(0, 0 - 840, 2289) d=0 taskParent=-1 inset=Rect(0, 82 - 0, 39)}
02-03 22:15:36.308  1630  1956 D WindowManager: makeSurface duration=3 leash=Surface(name=Surface(name=65b5200 StatusBar)/@0xb203e6f - animation-leash of insets_animation)/@0x972f1e0
02-03 22:15:36.308  2991  3068 V WindowManagerShell: loadAnimation: anim=android.view.animation.AnimationSet@64cdb54 animAttr=0x12 type=OPEN isEntrance=true
02-03 22:15:36.308  2991  3068 V WindowManagerShell:    wallpaperTransit=WALLPAPER_CLOSE translucent=false
02-03 22:15:36.308  1630  1956 D InsetsSourceProvider: updateControlForTarget: control=InsetsSourceControl: {68930000 mType=statusBars initiallyVisible mSurfacePosition=Point(0, 0) mInsetsHint=Insets{left=0, top=82, right=0, bottom=0}}, target=Window{a11bc8f u0 Splash Screen com.pricehunt}, from=com.android.server.wm.InsetsStateController.onControlTargetChanged:81 com.android.server.wm.InsetsPolicy.updateBarControlTarget:175 com.android.server.wm.DisplayPolicy.updateSystemBarAttributes:281 com.android.server.wm.DisplayPolicy.finishPostLayoutPolicyLw:17 com.android.server.wm.RootWindowContainer.applySurfaceChangesTransaction$1:194 
02-03 22:15:36.308  2991  3068 V WindowManagerShell:    change={WCT{android.window.IWindowContainerToken$Stub$Proxy@84930bc} m=OPEN f=NONE leash=Surface(name=Task=4525)/@0xe18eb90 sb=Rect(0, 0 - 840, 2289) eb=Rect(0, 0 - 840, 2289) d=0 taskParent=-1 inset=Rect(0, 82 - 0, 39) dim=true}
02-03 22:15:36.309  1630  1956 I WindowManager: Cancelling animation restarting=true, leash=Surface(name=Surface(name=431914a TaskbarWindow)/@0x1d7e725 - animation-leash of insets_animation)/@0xc43917b
02-03 22:15:36.309  1630  1956 I WindowManager: Reparenting to original parent: Surface(name=WindowToken{87f7816 type=2024 android.os.BinderProxy@f931e00})/@0xcf8e0fa, destroy=false, syncState=0, syncCommitDepth=0, surface=Surface(name=431914a TaskbarWindow)/@0x1d7e725
02-03 22:15:36.309  1630  1956 I WindowManager: Reparenting to leash, surface=Surface(name=431914a TaskbarWindow)/@0x1d7e725, syncState=0, syncCommitDepth=0, leashParent=Surface(name=WindowToken{87f7816 type=2024 android.os.BinderProxy@f931e00})/@0xcf8e0fa
02-03 22:15:36.309  1429  1473 I SurfaceFlinger: id=52566 createSurf, flag=24000, Surface(name=431914a TaskbarWindow)/@0x1d7e725 - animation-leash of insets_animation#52566
02-03 22:15:36.309  2991  3068 I SurfaceControlRegistry: apply, t=StartTransaction_SyncId<3035>, caller=android.view.SurfaceControl$Transaction.apply:3135 android.view.SurfaceControl$Transaction.apply:3122 android.view.SurfaceControl$Transaction.apply:3078 com.android.wm.shell.transition.DefaultTransitionHandler.startAnimation:2823 com.android.wm.shell.transition.Transitions.dispatchTransition:93 com.android.wm.shell.transition.Transitions.playTransition:700 
02-03 22:15:36.309  2991  3068 V WindowManagerShell:  animated by com.android.wm.shell.transition.DefaultTransitionHandler@d4c8c67
02-03 22:15:36.310  4894  4894 D nativeloader: Load libframework-connectivity-tiramisu-jni.so using APEX ns com_android_tethering for caller /apex/com.android.tethering/javalib/framework-connectivity-t.jar: ok
02-03 22:15:36.311  1630  1956 D WindowManager: makeSurface duration=2 leash=Surface(name=Surface(name=431914a TaskbarWindow)/@0x1d7e725 - animation-leash of insets_animation)/@0x9420b5e
02-03 22:15:36.311  1630  1956 D InsetsSourceProvider: updateControlForTarget: control=InsetsSourceControl: {4df90001 mType=navigationBars initiallyVisible mSurfacePosition=Point(0, 2040) mInsetsHint=Insets{left=0, top=0, right=0, bottom=168}}, target=Window{a11bc8f u0 Splash Screen com.pricehunt}, from=com.android.server.wm.InsetsStateController.onControlTargetChanged:81 com.android.server.wm.InsetsPolicy.updateBarControlTarget:188 com.android.server.wm.DisplayPolicy.updateSystemBarAttributes:281 com.android.server.wm.DisplayPolicy.finishPostLayoutPolicyLw:17 com.android.server.wm.RootWindowContainer.applySurfaceChangesTransaction$1:194 
02-03 22:15:36.311  1630  1956 I WindowManager: Cancelling animation restarting=true, leash=Surface(name=Surface(name=8f7d129 NavigationBar0)/@0xedcd05a - animation-leash of insets_animation)/@0xba11b62
02-03 22:15:36.311  1630  1956 I WindowManager: Reparenting to original parent: Surface(name=WindowToken{c4ac1f3 type=2019 android.os.BinderProxy@f66f2d})/@0xb1c528b, destroy=false, syncState=0, syncCommitDepth=0, surface=Surface(name=8f7d129 NavigationBar0)/@0xedcd05a
02-03 22:15:36.311  1630  1956 I WindowManager: Reparenting to leash, surface=Surface(name=8f7d129 NavigationBar0)/@0xedcd05a, syncState=0, syncCommitDepth=0, leashParent=Surface(name=WindowToken{c4ac1f3 type=2019 android.os.BinderProxy@f66f2d})/@0xb1c528b
02-03 22:15:36.312  1429  1473 I SurfaceFlinger: id=52567 createSurf, flag=24000, Surface(name=8f7d129 NavigationBar0)/@0xedcd05a - animation-leash of insets_animation#52567
02-03 22:15:36.312  4894  4894 D ActivityThread: setConscryptValidator
02-03 22:15:36.312  4894  4894 D ActivityThread: setConscryptValidator - put
02-03 22:15:36.314  4896  4896 I com.pricehunt: Using CollectorTypeCC GC.
02-03 22:15:36.314  1429  1459 I VSyncReactor: Current= 60, Period= 120, hwcPeriod= 60
02-03 22:15:36.314  1630  1956 D WindowManager: makeSurface duration=3 leash=Surface(name=Surface(name=8f7d129 NavigationBar0)/@0xedcd05a - animation-leash of insets_animation)/@0x8454c0c
02-03 22:15:36.315  1630  1956 D InsetsSourceProvider: updateControlForTarget: control=InsetsSourceControl: {9d0a0001 mType=navigationBars initiallyVisible mSurfacePosition=Point(0, 2163) mInsetsHint=Insets{left=0, top=0, right=0, bottom=39}}, target=Window{a11bc8f u0 Splash Screen com.pricehunt}, from=com.android.server.wm.InsetsStateController.onControlTargetChanged:81 com.android.server.wm.InsetsPolicy.updateBarControlTarget:188 com.android.server.wm.DisplayPolicy.updateSystemBarAttributes:281 com.android.server.wm.DisplayPolicy.finishPostLayoutPolicyLw:17 com.android.server.wm.RootWindowContainer.applySurfaceChangesTransaction$1:194 
02-03 22:15:36.315  1630  1956 D WindowManager: updateSystemBarAttributes: displayId=0, focusedCanBeNavColorWin=false, win=Window{a11bc8f u0 Splash Screen com.pricehunt}, navColorWin=Window{a11bc8f u0 Splash Screen com.pricehunt}, caller=com.android.server.wm.DisplayPolicy.finishPostLayoutPolicyLw:17 com.android.server.wm.RootWindowContainer.applySurfaceChangesTransaction$1:194 com.android.server.wm.RootWindowContainer.performSurfacePlacementNoTrace:88 
02-03 22:15:36.315  1630  1956 D WindowManager: updateSystemBarAttributes, bhv=1, apr=0, statusBarAprRegions=[AppearanceRegion{ bounds=[0,0][840,2289]}], requestedVisibilities=-9
02-03 22:15:36.316   830   830 D io_stats: !@   8,0 r 31052001 943272276 w 9388779 150643464 d 3428156 363090948 f 0 0 iot 16541080 0 th 0 0 0 pt 0 inp 0 0 154238.420
02-03 22:15:36.317  2991  2991 D SamsungLightBarControlHelper: updateStatusBar (WHITE icon) numStacks:1, StatusBarMode:MODE_TRANSPARENT, lightBarBounds:[], StatusBarState:SHADE, packageName:, isWhiteKeyguardStatusBar:false
02-03 22:15:36.317 29938 29946 I adbd    : jdwp connection from 4896
02-03 22:15:36.317  2991  2991 D SamsungLightBarControlHelper: onStatusBarAppearanceChanged() -  sbModeChanged:false, statusBarMode:0, barState:MODE_TRANSPARENT, isKeyguardShowing:false, navbarColorManagedByIme:false, (AppearanceRegion{ bounds=[0,0][840,2289]}, )
02-03 22:15:36.317  2991  2991 D NavigationBar: onSystemBarAttributesChanged() -  displayId:0, appearance:0, packageName: com.pricehunt, navbarColorManagedByIme:false
02-03 22:15:36.317  2991  2991 D SysUiState: SysUiState changed: old=0x10000000 new=0x10020000
02-03 22:15:36.318  3474  3986 I HoneySpace.SystemUiRepository: systemUiFlags: allow_gesture|awake
02-03 22:15:36.318  3474  3647 I HoneySpace.TaskbarEventTracker: invokeEvent() called with: event = SystemUiStateChanged(stateFlags=268566528)
02-03 22:15:36.320  4896  4896 D nativeloader: Load libframework-connectivity-tiramisu-jni.so using APEX ns com_android_tethering for caller /apex/com.android.tethering/javalib/framework-connectivity-t.jar: ok
02-03 22:15:36.322  4896  4896 D ActivityThread: setConscryptValidator
02-03 22:15:36.322  4896  4896 D ActivityThread: setConscryptValidator - put
02-03 22:15:36.323  1429  1429 I SurfaceFlinger: Layer [ActivityRecord{f7320fd u0 com.priceh[...]esentation.MainActivity t4525}#52561] hidden!! flag(0)
02-03 22:15:36.323  1429  1429 I SurfaceFlinger: Layer [Task=4525#52560] hidden!! flag(0)
02-03 22:15:36.323  1429  1429 E SurfaceFlinger: alpha changed 1.000 -> 0.000 - Task=4525#52560
02-03 22:15:36.323  1429  1429 I SurfaceFlinger: Layer [Transition Root: Task=4525#52564] hidden!! flag(0)
02-03 22:15:36.323  1429  1429 I SurfaceFlinger: Layer [a11bc8f Splash Screen com.pricehunt#52562] hidden!! flag(0)
02-03 22:15:36.323  1429  1429 I SurfaceFlinger: Layer [Splash Screen com.pricehunt$_2991#52563] hidden!! flag(0)
02-03 22:15:36.323  1429  1429 E SurfaceFlinger: alpha changed 0.000 -> 0.000 - Task=4525#52560
02-03 22:15:36.324  1429  1429 I SurfaceFlinger: [LayerHierarchy{RequestedLayerState{Task=1#78 parentId=52564 z=3} 2 children}] reparent to LayerHierarchy{RequestedLayerState{Transition Root: Task=4525#52564 parentId=12 z=42} 1 children}
02-03 22:15:36.324  1429  1429 I SurfaceFlinger: [LayerHierarchy{RequestedLayerState{WallpaperWindowToken{e9c47b2 token=android.os.Binder@b7cf914}#173 parentId=52564 z=3} 1 children}] reparent to LayerHierarchy{RequestedLayerState{Transition Root: Task=4525#52564 parentId=12 z=42} 2 children}
02-03 22:15:36.324  1429  1429 I SurfaceFlinger: [LayerHierarchy{RequestedLayerState{Task=4525#52560 parentId=52564 z=7} 1 children}] reparent to LayerHierarchy{RequestedLayerState{Transition Root: Task=4525#52564 parentId=12 z=42} 3 children}
02-03 22:15:36.324  1429  1429 I SurfaceFlinger: [Transition Root: Task=4525#52564] attach to parent LayerHierarchy{RequestedLayerState{DefaultTaskDisplayArea_d0#12 parentId=11} 55 children}
02-03 22:15:36.324  1429  1429 I SurfaceFlinger: [Surface(name=65b5200 StatusBar)/@0xb203e6f - animation-leash of insets_animation#52565] attach to parent LayerHierarchy{RequestedLayerState{WindowToken{182faa6 type=2000 android.os.BinderProxy@622ade8}#116 parentId=20} 2 children}
02-03 22:15:36.324  1429  1429 I SurfaceFlinger: [Surface(name=431914a TaskbarWindow)/@0x1d7e725 - animation-leash of insets_animation#52566] attach to parent LayerHierarchy{RequestedLayerState{WindowToken{87f7816 type=2024 android.os.BinderProxy@f931e00}#274 parentId=32 z=3} 2 children}
02-03 22:15:36.324  1429  1429 I SurfaceFlinger: [Surface(name=8f7d129 NavigationBar0)/@0xedcd05a - animation-leash of insets_animation#52567] attach to parent LayerHierarchy{RequestedLayerState{WindowToken{c4ac1f3 type=2019 android.os.BinderProxy@f66f2d}#109 parentId=32} 2 children}
02-03 22:15:36.326  4894  4894 D nativeloader: Configuring clns-7 for other apk /system_ext/framework/com.android.extensions.appfunctions.jar. target_sdk_version=36, uses_libraries=ALL, library_path=/data/app/~~nexXaR6w8JL_DKKOCyb0Ew==/com.google.android.googlequicksearchbox-MiWfmgCw16X7Sh2YIGkGyA==/lib/arm64:/data/app/~~nexXaR6w8JL_DKKOCyb0Ew==/com.google.android.googlequicksearchbox-MiWfmgCw16X7Sh2YIGkGyA==/base.apk!/lib/arm64-v8a:/data/app/~~nexXaR6w8JL_DKKOCyb0Ew==/com.google.android.googlequicksearchbox-MiWfmgCw16X7Sh2YIGkGyA==/split_config.xxhdpi.apk!/lib/arm64-v8a:/data/app/~~nexXaR6w8JL_DKKOCyb0Ew==/com.google.android.googlequicksearchbox-MiWfmgCw16X7Sh2YIGkGyA==/split_lens_ondevice_engine_feature_module.apk!/lib/arm64-v8a:/data/app/~~nexXaR6w8JL_DKKOCyb0Ew==/com.google.android.googlequicksearchbox-MiWfmgCw16X7Sh2YIGkGyA==/split_lens_ondevice_engine_play_ml_module.apk!/lib/arm64-v8a:/data/app/~~nexXaR6w8JL_DKKOCyb0Ew==/com.google.android.googlequicksearchbox-MiWfmgCw16X7Sh2YIGkGyA==/split_tclib_native_feature_module.apk!/lib/arm64-v8a, permitted_
02-03 22:15:36.326  4894  4894 D nativeloader: Extending system_exposed_libraries: libhumantracking.arcsoft.so:libPortraitDistortionCorrection.arcsoft.so:libPortraitDistortionCorrectionCali.arcsoft.so:libface_landmark.arcsoft.so:libFacialStickerEngine.arcsoft.so:libfrtracking_engine.arcsoft.so:libFaceRecognition.arcsoft.so:libveengine.arcsoft.so:libhigh_res.arcsoft.so:libimage_enhancement.arcsoft.so:liblow_light_hdr.arcsoft.so:libhigh_dynamic_range.arcsoft.so:libobjectcapture_jni.arcsoft.so:libobjectcapture.arcsoft.so:libFacialAttributeDetection.arcsoft.so:libaudiomirroring_jni.audiomirroring.samsung.so:libBeauty_v4.camera.samsung.so:libexifa.camera.samsung.so:libjpega.camera.samsung.so:libOpenCv.camera.samsung.so:libC2paDps.camera.samsung.so:libVideoClassifier.camera.samsung.so:libImageScreener.camera.samsung.so:libMyFilter.camera.samsung.so:libtflite2.myfilters.camera.samsung.so:libCandidSnapJNI.camera.samsung.so:libHIDTSnapJNI.camera.samsung.so:libSmartScan.camera.samsung.so:libRectify.camera.samsung.so:libDocRectifyWrapper.camera.samsung.so:libstartr
02-03 22:15:36.327  1429  1429 W Layer   : gatherBufferInfo: Received unknown dataspace from gralloc
02-03 22:15:36.328  4894  4894 D ApplicationLoaders: Returning zygote-cached class loader: /system_ext/framework/androidx.window.extensions.jar
02-03 22:15:36.328  4894  4894 D ApplicationLoaders: Returning zygote-cached class loader: /system_ext/framework/androidx.window.sidecar.jar
02-03 22:15:36.329  1429  1429 I LayerHistory: Wallpaper BBQ wrapper 17_system#189 voted ExplicitExactOrMultiple (60.00 Hz)
02-03 22:15:36.329  1429  1429 I SurfaceFlinger: Touch Control - choose 120.00 Hz
02-03 22:15:36.329  1429  1429 I HWComposer: [4630947232161729155] ActiveConfigToHWC, ID : 0
02-03 22:15:36.330  1630  8498 I ActivityManager: Changes in 10418 19 to 2, 0 to 127
02-03 22:15:36.330  1630  1955 D LocalDisplayAdapter: updateActiveModeLocked for d=4630947232161729155, mActiveModeId=5, mActiveSfDisplayMode=DisplayMode{id=0, width=832, height=2268, xDpi=391.348, yDpi=389.237, peakRefreshRate=120.00001, vsyncRate=120.00001, appVsyncOffsetNanos=100000, presentationDeadlineNanos=9233333, supportedHdrTypes=[2, 3, 4], group=832}
02-03 22:15:36.330  1630  1955 I DisplayDeviceRepository: Display device changed render timings: "Built-in Screen", renderFrameRate=120.00001, presentationDeadlineNanos=9233333, appVsyncOffsetNanos=100000
02-03 22:15:36.331  1304  1534 I SDM     : HWCDisplay::SubmitDisplayConfig: [DispConfigs] config 2 => 0, hs_mode 3 => 3
02-03 22:15:36.331  1304  1534 I SDM     : DisplayBase::SetActiveConfig: [DispConfigs] 3 => 0 or hs mode is changed if same config
02-03 22:15:36.331  1304  1534 I SDM     : HWDeviceDRM::SetDisplaySwitchMode: POMS Switching to Mode	0
02-03 22:15:36.331  1429  1459 I VSyncReactor: Current= 60, Period= 120, hwcPeriod= 60
02-03 22:15:36.331  1304  1534 I SDM     : HWDeviceDRM::SetDisplaySwitchMode: [DispConfigs] check hs_mode 3
02-03 22:15:36.331  1304  1534 I SDM     : HWDeviceDRM::SetDisplaySwitchMode: [DispConfigs] Set mode index:0 832x2268x120x127680cmdHS, hs_mode(3), found_mode(0)
02-03 22:15:36.331  1304  1534 I SDM     : HWDeviceDRM::UpdateMixerAttributes: Mixer WxH 832x2268-1 for Peripheral
02-03 22:15:36.331  1304  1534 I SDM     : HWCDisplay::SubmitDisplayConfig: Active configuration changed to: 0
02-03 22:15:36.331  1429  4731 I SurfaceFlinger: id=52568 createSurf, flag=84000, db7d0a7 ActivityRecordInputSink com.pricehunt/.presentation.MainActivity#52568
02-03 22:15:36.335  1630  2114 D BrightnessThermalClamper: Thermal status observer already started
02-03 22:15:36.335  1429  1429 D SurfaceFlinger: Display 4630947232161729155 HWC layers:
02-03 22:15:36.335  1429  1429 D SurfaceFlinger:        DEVICE |   0xb400007b3d0679d0 | 0001 | RGBA_8888    |    0.0    0.0  840.0 2289.0 |    0    0  832 2267 | com.sec.android.app.launcher/com.sec[...]ivities.LauncherActivity$_3474#52550 (92)
02-03 22:15:36.335  1429  1429 D SurfaceFlinger:        DEVICE |   0xb400007b3d0ae230 | 0000 | RGBA_8888    |    0.0    0.0  840.0 2289.0 |    0    0  832 2267 | Wallpaper BBQ wrapper 17_system#189 (596016)
02-03 22:15:36.335  1429  1429 D SurfaceFlinger:        DEVICE |   0xb400007b3d0b34e0 | 0001 | RGBA_8888    |    0.0    0.0  840.0   82.0 |    0    0  832   81 | StatusBar$_2991#135 (94674)
02-03 22:15:36.335  1429  1429 D SurfaceFlinger:        DEVICE |   0xb400007b3d06c260 | 0001 | RGBA_8888    |    0.0    0.0   67.0  210.0 |  766 1196  832 1404 | com.sec.android.app.launcher/com.sam[...]l.app.CocktailBarService$_3474#52539 (1)
02-03 22:15:36.335  1429  1429 D SurfaceFlinger:        CLIENT |   0xb400007b3d09c620 | 0001 | RGBA_8888    |    0.0    0.0  840.0  126.0 |    0 2142  832 2267 | NavigationBar0$_2991#128 (55607)
02-03 22:15:36.335  1429  1429 D SurfaceFlinger: 
02-03 22:15:36.335  1630  1630 D SGM:GameManager: onDisplayChanged. displyId: 0, state: 2
02-03 22:15:36.335  1630  1630 D AODManagerService: requestReCalToTSP IsSingleTouchMode = falserequestedReCalToTSP = false / previousDisplayState = ON
02-03 22:15:36.336  1405 28774 D AudioFlinger: setParameters: filtered dev setParameters keyvalue screen_state=on
02-03 22:15:36.336  2991  3126 D StackScroller: onDisplayChanged for predraw skip to 2
02-03 22:15:36.336  1630  1951 D PkgPredictorService-SecIpmManagerServiceImpl: onForegroundActivitiesChanged pid:4896 uid:10418
02-03 22:15:36.336  1630  4873 D LiftUpHandler: [LTW] Stopped already.
02-03 22:15:36.336  1630  2556 D WifiDisplayAdapter: isFitToActiveDisplayLocked : false
02-03 22:15:36.336  2991  3068 I VRI[ShellDropTarget]@1cdbaf5: onDisplayChanged oldDisplayState=2 newDisplayState=2
02-03 22:15:36.337  1630  2685 D SGM:FgCheckThread: onLooperPrepared(), msg: MSG_LCD_ON
02-03 22:15:36.337  2991  3068 I VRI[SplitDecorManager]@ca2ee62: onDisplayChanged oldDisplayState=2 newDisplayState=2
02-03 22:15:36.337  2991  3068 I VRI[SplitDecorManager]@2d19661: onDisplayChanged oldDisplayState=2 newDisplayState=2
02-03 22:15:36.337  1206 30280 D audio_hw_primary: adev_set_parameters: enter: screen_state=on
02-03 22:15:36.337  1206 30280 V audio_hw_sec: sec_set_parameters: enter
02-03 22:15:36.337  2991  2991 D DisplayLifecycle: updateDisplay id = 0
02-03 22:15:36.337  1206 30280 D sound_trigger_hw: handle_screen_status_change: screen on
02-03 22:15:36.337  1206 30280 D audio_hw_primary: adev_set_parameters: exit with code(0)
02-03 22:15:36.337  2991  3104 I InsetsSourceConsumer: applyRequestedVisibilityToControl: visible=true, type=statusBars, host=Splash Screen com.pricehunt
02-03 22:15:36.338  1206  1241 I Audio_a2dpsink_hw: adev_set_parameters: kevpairs=[screen_state=on]
02-03 22:15:36.338  1630  1951 W LocalDisplayAdapter: Ignoring request for invalid base mode id 5
02-03 22:15:36.340  3474  3474 I VRI[RecentsTransitionOverlay]@ea10469: onDisplayChanged oldDisplayState=2 newDisplayState=2
02-03 22:15:36.340  3474  3474 I VRI[LauncherActivity]@ea4152a: onDisplayChanged oldDisplayState=2 newDisplayState=2
02-03 22:15:36.340  3474  3474 I VRI[CocktailBarService]@fe8030d: onDisplayChanged oldDisplayState=2 newDisplayState=2
02-03 22:15:36.340  3474  7346 I HoneySpace.RefreshRateSource: singleFrameMs 8
02-03 22:15:36.340  3474  3474 I VRI[TaskbarWindow]@498413e: onDisplayChanged oldDisplayState=2 newDisplayState=2
02-03 22:15:36.340  2991  3104 I InsetsSourceConsumer: applyRequestedVisibilityToControl: visible=true, type=navigationBars, host=Splash Screen com.pricehunt
02-03 22:15:36.340  3474  7346 I HoneySpace.Memory-Monitor: current state = 2, didTrim = false
02-03 22:15:36.340  3474  3474 I VRI[RecentsActivity]@6199a4a: onDisplayChanged oldDisplayState=2 newDisplayState=2
02-03 22:15:36.340  2991  2991 I VRI[LockscreenShortcutBlur]@6238849: onDisplayChanged oldDisplayState=2 newDisplayState=2
02-03 22:15:36.340  2991  2991 I VRI[NavigationBar0]@c1db22d: onDisplayChanged oldDisplayState=2 newDisplayState=2
02-03 22:15:36.340  2991  2991 I VRI[EdgeBackGestureHandler0]@5a548e3: onDisplayChanged oldDisplayState=2 newDisplayState=2
02-03 22:15:36.340  2991  2991 I VRI[NotificationShade]@aaab015: onDisplayChanged oldDisplayState=2 newDisplayState=2
02-03 22:15:36.340  1429  1429 I SurfaceFlinger: [LayerHierarchy{RequestedLayerState{431914a TaskbarWindow#275 parentId=52566} 1 children}] reparent to LayerHierarchy{RequestedLayerState{Surface(name=431914a TaskbarWindow)/@0x1d7e725 - animation-leash of insets_animation#52566 parentId=274} 1 children}
02-03 22:15:36.340  2991  2991 I VRI[StatusBar]@8e980d0: onDisplayChanged oldDisplayState=2 newDisplayState=2
02-03 22:15:36.340  1429  1429 I SurfaceFlinger: [LayerHierarchy{RequestedLayerState{8f7d129 NavigationBar0#110 parentId=52567} 1 children}] reparent to LayerHierarchy{RequestedLayerState{Surface(name=8f7d129 NavigationBar0)/@0xedcd05a - animation-leash of insets_animation#52567 parentId=109} 1 children}
02-03 22:15:36.340  2991  2991 I VRI[Bouncer]@a1623f9: onDisplayChanged oldDisplayState=2 newDisplayState=2
02-03 22:15:36.340  2991  2991 I VRI[SecondaryHomeHandle0]@df10a88: onDisplayChanged oldDisplayState=2 newDisplayState=2
02-03 22:15:36.340  1429  1429 I SurfaceFlinger: [LayerHierarchy{RequestedLayerState{65b5200 StatusBar#117 parentId=52565} 1 children}] reparent to LayerHierarchy{RequestedLayerState{Surface(name=65b5200 StatusBar)/@0xb203e6f - animation-leash of insets_animation#52565 parentId=116} 1 children}
02-03 22:15:36.340  2991  2991 I VRI[KeyguardBiometricToastView]@a7c12bb: onDisplayChanged oldDisplayState=2 newDisplayState=2
02-03 22:15:36.340  1429  1429 I SurfaceFlinger: [LayerHierarchy{RequestedLayerState{Surface(name=65b5200 StatusBar)/@0xb203e6f - animation-leash of insets_animation#52551} no children}] reparent to OffscreenRoot
02-03 22:15:36.340  1429  1429 I SurfaceFlinger: [LayerHierarchy{RequestedLayerState{Surface(name=65b5200 StatusBar)/@0xb203e6f - animation-leash of insets_animation#52551} no children}] RelativeParent to null
02-03 22:15:36.340  1429  1429 I SurfaceFlinger: [LayerHierarchy{RequestedLayerState{Surface(name=8f7d129 NavigationBar0)/@0xedcd05a - animation-leash of insets_animation#52553} no children}] reparent to OffscreenRoot
02-03 22:15:36.340  1429  1429 I SurfaceFlinger: [LayerHierarchy{RequestedLayerState{Surface(name=8f7d129 NavigationBar0)/@0xedcd05a - animation-leash of insets_animation#52553} no children}] RelativeParent to null
02-03 22:15:36.341  2991  3104 I VRI[pricehunt]@49956db: onDisplayChanged oldDisplayState=2 newDisplayState=2
02-03 22:15:36.341  1429  1429 I SurfaceFlinger: [LayerHierarchy{RequestedLayerState{Surface(name=431914a TaskbarWindow)/@0x1d7e725 - animation-leash of insets_animation#52552} no children}] reparent to OffscreenRoot
02-03 22:15:36.341  1429  1429 I SurfaceFlinger: [LayerHierarchy{RequestedLayerState{Surface(name=431914a TaskbarWindow)/@0x1d7e725 - animation-leash of insets_animation#52552} no children}] RelativeParent to null
02-03 22:15:36.341  1429  1429 I SurfaceFlinger: [db7d0a7 ActivityRecordInputSink com.pricehunt/.presentation.MainActivity#52568] attach to parent LayerHierarchy{RequestedLayerState{ActivityRecord{f7320fd u0 com.pricehunt/.presentation.MainActivity t4525}#52561 parentId=52560} 2 children}
02-03 22:15:36.342  6909  6909 I VRI[MainActivity]@30c10b3: onDisplayChanged oldDisplayState=2 newDisplayState=2
02-03 22:15:36.342 21273 21273 I VRI[InternalGoogleAppActivityEntrypoint]@e63bb3e: onDisplayChanged oldDisplayState=2 newDisplayState=2
02-03 22:15:36.342 21273 21273 I VRI[LauncherActivity]@66e68da: onDisplayChanged oldDisplayState=2 newDisplayState=2
02-03 22:15:36.343  1630  8498 W UserManagerService: Requested status bar icon for non-badged user 0
02-03 22:15:36.343 22801 22801 I VRI[Settings]@c9346: onDisplayChanged oldDisplayState=2 newDisplayState=2
02-03 22:15:36.344  5872  5872 I SPenContext: virtual void SPen::Context::SetDisplayRefreshRate(float) framerate=120
02-03 22:15:36.344  5872  5872 I LatencyConfiguration: void SPen::LatencyConfiguration::UpdateRefreshRate(float) RefreshRate=120.000008
02-03 22:15:36.344  5872  5872 I LatencyConfiguration: void SPen::LatencyConfiguration::UpdateRefreshRate(float) RefreshRateCallback 0xb400007c408e4ed0
02-03 22:15:36.344  5872  5872 I PredictorBase: virtual void SPen::PredictorBase::SetRefreshRate(float) Refresh rate: 120.000
02-03 22:15:36.344  5872  5872 I spe_log : virtual void SPen::FbrDrawPad::SetRefreshRate(float) = 120.000
02-03 22:15:36.344  5872  5872 I spe_log : virtual void SPen::FbrDrawPad::SetRefreshRate(float) mFrameDurationNano=8333333, mDisplayRefreshDurationNano: 8333333
02-03 22:15:36.344  5872  5872 I spe_log : virtual void SPen::LowLatencyStrokeView::SetRefreshRate(float) refresh rate=120.000
02-03 22:15:36.344  5872  5872 I VRI[InputMethod]@307b30c: onDisplayChanged oldDisplayState=2 newDisplayState=2
02-03 22:15:36.344  1630  2724 V NetworkPolicy: getFirewallRuleWifi UID:10418 policy:0
02-03 22:15:36.344  1429  1429 W Layer   : gatherBufferInfo: Received unknown dataspace from gralloc
02-03 22:15:36.344  1429  1429 W Layer   : gatherBufferInfo: Received unknown dataspace from gralloc
02-03 22:15:36.344  1429  1429 W Layer   : gatherBufferInfo: Received unknown dataspace from gralloc
02-03 22:15:36.346  1630  1955 D RefreshRateModeManager: updateDefaultDisplayToken: android.os.BinderProxy@99b4f37, isChanged: false
02-03 22:15:36.346  1429  1429 I SurfaceFlinger: id=52553 Removed Surface(name=8f7d129 NavigationBar0)/@0xedcd05a - animation-leash of insets_animation#52553 (362)
02-03 22:15:36.346  1429  1429 I SurfaceFlinger: id=52552 Removed Surface(name=431914a TaskbarWindow)/@0x1d7e725 - animation-leash of insets_animation#52552 (362)
02-03 22:15:36.346  1429  1429 I SurfaceFlinger: id=52551 Removed Surface(name=65b5200 StatusBar)/@0xb203e6f - animation-leash of insets_animation#52551 (362)
02-03 22:15:36.346  1429  1429 W ComposerExtn: DisplayExtnImpl::SetActiveConfig: HWC Display 3 is not registered!
02-03 22:15:36.347  1429  1459 I VSyncReactor: Current= 60, Period= 120, hwcPeriod= 120
02-03 22:15:36.347 22801 22801 I VRI[SubSettings]@dd1c099: onDisplayChanged oldDisplayState=2 newDisplayState=2
02-03 22:15:36.349 22801 22801 I VRI[SubSettings]@11d5252: onDisplayChanged oldDisplayState=2 newDisplayState=2
02-03 22:15:36.349  6139  6139 I SPenContext: virtual void SPen::Context::SetDisplayRefreshRate(float) framerate=120
02-03 22:15:36.349  6139  6139 I LatencyConfiguration: void SPen::LatencyConfiguration::UpdateRefreshRate(float) RefreshRate=120.000008
02-03 22:15:36.350  6139  6139 I LatencyConfiguration: void SPen::LatencyConfiguration::UpdateRefreshRate(float) RefreshRateCallback 0xb400007c408ced50
02-03 22:15:36.350  6139  6139 I PredictorBase: virtual void SPen::PredictorBase::SetRefreshRate(float) Refresh rate: 120.000
02-03 22:15:36.350  6139  6139 I spe_log : virtual void SPen::FbrDrawPad::SetRefreshRate(float) = 120.000
02-03 22:15:36.350  6139  6139 I spe_log : virtual void SPen::FbrDrawPad::SetRefreshRate(float) mFrameDurationNano=8333333, mDisplayRefreshDurationNano: 8333333
02-03 22:15:36.350  6139  6139 I spe_log : virtual void SPen::LowLatencyStrokeView::SetRefreshRate(float) refresh rate=120.000
02-03 22:15:36.354  4894  4894 W earchbox:search: Failed to find entry 'classes.dex': Entry not found
02-03 22:15:36.354  4894  4894 W earchbox:search: Failed to find entry 'classes.dex': Entry not found
02-03 22:15:36.355  4896  4896 D CompatChangeReporter: Compat change id reported: 242716250; UID 10418; state: ENABLED
02-03 22:15:36.355 21273 21273 I bpnz    : onPause
02-03 22:15:36.356  4894  4894 W earchbox:search: Failed to find entry 'classes.dex': Entry not found
02-03 22:15:36.357  4894  4894 W earchbox:search: Failed to find entry 'classes.dex': Entry not found
02-03 22:15:36.357  1429  1429 E SurfaceFlinger: alpha changed 0.000 -> 0.170 - Task=4525#52560
02-03 22:15:36.357  1429  1429 I SurfaceFlinger: destroyed Surface(name=65b5200 StatusBar)/@0xb203e6f - animation-leash of insets_animation#52551
02-03 22:15:36.357  1429  1429 I SurfaceFlinger: destroyed Surface(name=8f7d129 NavigationBar0)/@0xedcd05a - animation-leash of insets_animation#52553
02-03 22:15:36.357  1429  1429 I SurfaceFlinger: destroyed Surface(name=431914a TaskbarWindow)/@0x1d7e725 - animation-leash of insets_animation#52552
02-03 22:15:36.357  4894  4894 D nativeloader: Configuring clns-8 for other apk /data/app/~~nexXaR6w8JL_DKKOCyb0Ew==/com.google.android.googlequicksearchbox-MiWfmgCw16X7Sh2YIGkGyA==/base.apk:/data/app/~~nexXaR6w8JL_DKKOCyb0Ew==/com.google.android.googlequicksearchbox-MiWfmgCw16X7Sh2YIGkGyA==/split_config.xxhdpi.apk:/data/app/~~nexXaR6w8JL_DKKOCyb0Ew==/com.google.android.googlequicksearchbox-MiWfmgCw16X7Sh2YIGkGyA==/split_lens_ondevice_engine_feature_module.apk:/data/app/~~nexXaR6w8JL_DKKOCyb0Ew==/com.google.android.googlequicksearchbox-MiWfmgCw16X7Sh2YIGkGyA==/split_lens_ondevice_engine_play_ml_module.apk:/data/app/~~nexXaR6w8JL_DKKOCyb0Ew==/com.google.android.googlequicksearchbox-MiWfmgCw16X7Sh2YIGkGyA==/split_tclib_native_feature_module.apk. target_sdk_version=36, uses_libraries=, library_path=/data/app/~~nexXaR6w8JL_DKKOCyb0Ew==/com.google.android.googlequicksearchbox-MiWfmgCw16X7Sh2YIGkGyA==/lib/arm64:/data/app/~~nexXaR6w8JL_DKKOCyb0Ew==/com.google.android.googlequicksearchbox-MiWfmgCw16X7Sh2YIGkGyA==/base.apk!/lib/arm64-v8a:/data/app/~~nexXaR6w8JL_D
02-03 22:15:36.361  1429  1429 W Layer   : gatherBufferInfo: Received unknown dataspace from gralloc
02-03 22:15:36.361  1429  1429 W Layer   : gatherBufferInfo: Received unknown dataspace from gralloc
02-03 22:15:36.362  1429  1429 I Layer   : id=52551 Destroyed Surface(name=65b5200 StatusBar)/@0xb203e6f - animation-leash of insets_animation#52551
02-03 22:15:36.362  1429  1429 I Layer   : id=52553 Destroyed Surface(name=8f7d129 NavigationBar0)/@0xedcd05a - animation-leash of insets_animation#52553
02-03 22:15:36.362  1429  1429 I Layer   : id=52552 Destroyed Surface(name=431914a TaskbarWindow)/@0x1d7e725 - animation-leash of insets_animation#52552
02-03 22:15:36.362  1429  1429 W ComposerExtn: DisplayExtnImpl::SetActiveConfig: HWC Display 3 is not registered!
02-03 22:15:36.363  6137  7020 I SDHMS:l : onTaskStackChanged
02-03 22:15:36.363  3474  3989 I HoneySpace.RecentTasks: onRecentTasksChanged
02-03 22:15:36.363  6137  6767 I SDHMS:l : no app is Resumed!!! mResumedPackages.size = 0
02-03 22:15:36.365  3474  3988 I HoneySpace.HistoryViewModel@129678705@OneUI: task bar is not showing. skip load history items
02-03 22:15:36.365  3474  3988 I HoneySpace.HistoryViewModel@129678705@OneUI: launcherShowing : false, recentShowing : false, isInteractive : true, state : 0minusOne : false
02-03 22:15:36.368  4894  4894 V GraphicsEnvironment: Currently set values for:
02-03 22:15:36.368  4894  4894 V GraphicsEnvironment:   angle_gl_driver_selection_pkgs=[]
02-03 22:15:36.368  4894  4894 V GraphicsEnvironment:   angle_gl_driver_selection_values=[]
02-03 22:15:36.368  4894  4894 V GraphicsEnvironment: Global.Settings values are invalid: number of packages: 0, number of values: 0
02-03 22:15:36.369  1429  1429 D SurfaceFlinger: Display 4630947232161729155 HWC layers:
02-03 22:15:36.369  1429  1429 D SurfaceFlinger:        DEVICE |   0xb400007b3d0679d0 | 0001 | RGBA_8888    |    0.0    0.0  840.0 2289.0 |    0    0  832 2267 | com.sec.android.app.launcher/com.sec[...]ivities.LauncherActivity$_3474#52550 (92)
02-03 22:15:36.369  1429  1429 D SurfaceFlinger:        DEVICE |   0xb400007b3d040100 | 0000 | RGBA_8888    |    0.0    0.0  840.0 2289.0 |    0    0  832 2267 | Wallpaper BBQ wrapper 17_system#189 (596018)
02-03 22:15:36.369  1429  1429 D SurfaceFlinger:        CLIENT |   0xb400007b3d0855b0 | 0001 | RGBA_8888    |    0.0    0.0  840.0 2289.0 |   57  157  775 2110 | Splash Screen com.pricehunt$_2991#52563 (1)
02-03 22:15:36.369  1429  1429 D SurfaceFlinger:        CLIENT |   0xb400007b3d0c8a50 | 0001 | RGBA_8888    |    0.0    0.0  840.0   82.0 |    0    0  832   81 | StatusBar$_2991#135 (94676)
02-03 22:15:36.369  1429  1429 D SurfaceFlinger:        DEVICE |   0xb400007b3d06c260 | 0001 | RGBA_8888    |    0.0    0.0   67.0  210.0 |  766 1196  832 1404 | com.sec.android.app.launcher/com.sam[...]l.app.CocktailBarService$_3474#52539 (1)
02-03 22:15:36.369  1429  1429 D SurfaceFlinger:        DEVICE |   0xb400007b3d09c620 | 0001 | RGBA_8888    |    0.0    0.0  840.0  126.0 |    0 2142  832 2267 | NavigationBar0$_2991#12
02-03 22:15:36.369  1429  1429 D SurfaceFlinger: 8 (55607)
02-03 22:15:36.369  1429  1429 D SurfaceFlinger: 
02-03 22:15:36.370  1429  4096 D NativeSemDvfsManager: acquire:: timeout = 2000 mIsAcquired = 1  mTagName : SurfaceFlinger 
02-03 22:15:36.371  1630  6020 W ParceledListSlice: Element #16 is 21876 bytes.
02-03 22:15:36.371  1429  4096 E NativeCustomFrequencyManager: [NativeCFMS] BpCustomFrequencyManager::acquire()
02-03 22:15:36.371  1237  1371 I HYPER-HAL: [RequestManager.cpp]acquire(): Acquired ID : 2952235  [1429 / 1000]    HINT : SF_GPU_MINLOCK    list : [TIMEOUT / 2000] 
