02-03 22:20:27.251  1630  1956 I SurfaceControlRegistry: show, t=StartTransaction_SyncId<3039> sc=ActivityRecord{21c8731 u0 com.pricehunt/.presentation.MainActivity t4527}, caller=android.view.SurfaceControl$Transaction.show:3232 com.android.server.wm.Transition.onTransactionReady:2273 com.android.server.wm.BLASTSyncEngine$SyncGroup.finishNow:202 com.android.server.wm.BLASTSyncEngine.onSurfacePlacement:269 com.android.server.wm.RootWindowContainer.performSurfacePlacementNoTrace:494 com.android.server.wm.RootWindowContainer.performSurfacePlacement:9 
02-03 22:20:27.252  1630  1956 V WindowManager: Calling onTransitionReady: {id=3039 t=OPEN f=0x0 trk=0 r=[0@Point(0, 0)] c=[
02-03 22:20:27.252  1630  1956 V WindowManager:         {WCT{RemoteToken{450c72d Task{83cae16 #4527 type=standard A=10418:com.pricehunt}}} m=OPEN f=NONE leash=Surface(name=Task=4527)/@0xb939f57 sb=Rect(0, 0 - 840, 2289) eb=Rect(0, 0 - 840, 2289) d=0 taskParent=-1 inset=Rect(0, 82 - 0, 39) dim=true},
02-03 22:20:27.252  1630  1956 V WindowManager:         {WCT{RemoteToken{87efa05 Task{63283a6 #1 type=home}}} m=TO_BACK f=SHOW_WALLPAPER|EDGE_EXTENSION_RESTRICTION leash=Surface(name=Task=1)/@0x1902b8f sb=Rect(0, 0 - 840, 2289) eb=Rect(0, 0 - 840, 2289) d=0 taskParent=-1 inset=Rect(0, 82 - 0, 39)},
02-03 22:20:27.252  1630  1956 V WindowManager:         {null m=TO_BACK f=IS_WALLPAPER p=WCT{RemoteToken{92e4ab2 RemoteWallpaperAnim:1:1@44988793}} leash=Surface(name=WallpaperWindowToken{e9c47b2 token=android.os.Binder@b7cf914})/@0xb6f6f95 sb=Rect(0, 0 - 840, 2289) eb=Rect(0, 0 - 840, 2289) d=0 inset=Rect(0, 0 - 0, 0)}
02-03 22:20:27.252  1630  1956 V WindowManager:     ]}
02-03 22:20:27.253  2991  3123 V WindowManagerShell: onTransitionReady(transaction=7000796992389)
02-03 22:20:27.253  2991  3068 V WindowManagerShell: onTransitionReady (#3039) android.os.BinderProxy@5946bbf: {id=3039 t=OPEN f=0x0 trk=0 r=[0@Point(0, 0)] c=[{WCT{android.window.IWindowContainerToken$Stub$Proxy@224d843} m=OPEN f=NONE leash=Surface(name=Task=4527)/@0x68558a7 sb=Rect(0, 0 - 840, 2289) eb=Rect(0, 0 - 840, 2289) d=0 taskParent=-1 inset=Rect(0, 82 - 0, 39) dim=true},{WCT{android.window.IWindowContainerToken$Stub$Proxy@a66aec0} m=TO_BACK f=SHOW_WALLPAPER|EDGE_EXTENSION_RESTRICTION leash=Surface(name=Task=1)/@0xff3d154 sb=Rect(0, 0 - 840, 2289) eb=Rect(0, 0 - 840, 2289) d=0 taskParent=-1 inset=Rect(0, 82 - 0, 39)},{null m=TO_BACK f=IS_WALLPAPER p=WCT{android.window.IWindowContainerToken$Stub$Proxy@f7717f9} leash=Surface(name=WallpaperWindowToken{e9c47b2 token=android.os.Binder@b7cf914})/@0xf8fe8fd sb=Rect(0, 0 - 840, 2289) eb=Rect(0, 0 - 840, 2289) d=0 inset=Rect(0, 0 - 0, 0)}]}
02-03 22:20:27.253  2991  3068 I SurfaceControlRegistry: hide, t=FinishTransaction_SyncId<3039> sc=Task=1, caller=android.view.SurfaceControl$Transaction.hide:3258 com.android.wm.shell.transition.Transitions.dispatchReady:929 com.android.wm.shell.transition.Transitions.onTransitionReady:243 com.android.wm.shell.transition.Transitions$TransitionPlayerImpl$$ExternalSyntheticLambda0.run:13 android.os.Handler.handleCallback:959 android.os.Handler.dispatchMessage:100 
02-03 22:20:27.253  2991  3068 I SurfaceControlRegistry: show, t=StartTransaction_SyncId<3039> sc=Task=4527, caller=android.view.SurfaceControl$Transaction.show:3232 com.android.wm.shell.transition.Transitions.dispatchReady:934 com.android.wm.shell.transition.Transitions.onTransitionReady:243 com.android.wm.shell.transition.Transitions$TransitionPlayerImpl$$ExternalSyntheticLambda0.run:13 android.os.Handler.handleCallback:959 android.os.Handler.dispatchMessage:100 
02-03 22:20:27.253  2991  3068 I SurfaceControlRegistry: show, t=FinishTransaction_SyncId<3039> sc=Task=4527, caller=android.view.SurfaceControl$Transaction.show:3232 com.android.wm.shell.transition.Transitions.dispatchReady:988 com.android.wm.shell.transition.Transitions.onTransitionReady:243 com.android.wm.shell.transition.Transitions$TransitionPlayerImpl$$ExternalSyntheticLambda0.run:13 android.os.Handler.handleCallback:959 android.os.Handler.dispatchMessage:100 
02-03 22:20:27.254  2991  3068 V WindowManagerShell: Playing animation for (#3039) android.os.BinderProxy@5946bbf@0
02-03 22:20:27.254  2991  3068 I SurfaceControlRegistry: show, t=StartTransaction_SyncId<3039> sc=Transition Root: Task=4527, caller=android.view.SurfaceControl$Transaction.show:3232 com.android.wm.shell.transition.Transitions.playTransition:81 com.android.wm.shell.transition.Transitions.processReadyQueue:250 com.android.wm.shell.transition.Transitions.dispatchReady:1007 com.android.wm.shell.transition.Transitions.onTransitionReady:243 com.android.wm.shell.transition.Transitions$TransitionPlayerImpl$$ExternalSyntheticLambda0.run:13 
02-03 22:20:27.254  2991  3068 V WindowManagerShell:  try handler com.android.wm.shell.transition.DefaultMixedHandler@22ce9d2
02-03 22:20:27.254  2991  3068 V WindowManagerShell:  try handler com.android.wm.shell.keyguard.KeyguardTransitionHandler@5a429d7
02-03 22:20:27.254  2991  3068 V WindowManagerShell:  try handler com.android.wm.shell.pip.PipTransition@2ba2049
02-03 22:20:27.254  2991  3068 V WindowManagerShell:  try handler com.android.wm.shell.activityembedding.ActivityEmbeddingController@8c2d4e
02-03 22:20:27.254  2991  3068 V WindowManagerShell:  try handler com.android.wm.shell.unfold.UnfoldTransitionHandler@9d13e6f
02-03 22:20:27.254  2991  3068 V WindowManagerShell:  try handler com.android.wm.shell.splitscreen.StageCoordinator@7f7977c
02-03 22:20:27.254  2991  3068 V WindowManagerShell:  try handler com.android.wm.shell.recents.RecentsTransitionHandler@a7b7805
02-03 22:20:27.254  1630  1956 D PowerManagerService: [api] setPowerBoost(L) boost:0, durationMs:0, caller (uid: 1000 pid: 1630) <- m() in com.android.server.display.DisplayManagerService$BinderService$$ExternalSyntheticOutline0:1
02-03 22:20:27.254  2991  3068 V ShellRecents: RecentsTransitionHandler.startAnimation: no controller found
02-03 22:20:27.254  2991  3068 V WindowManagerShell:  try handler com.android.wm.shell.transition.RemoteTransitionHandler@e01d05a
02-03 22:20:27.254  2991  3068 V WindowManagerShell: Transition doesn't have explicit remote, search filters for match for {id=3039 t=OPEN f=0x0 trk=0 r=[0@Point(0, 0)] c=[{WCT{android.window.IWindowContainerToken$Stub$Proxy@224d843} m=OPEN f=NONE leash=Surface(name=Task=4527)/@0x68558a7 sb=Rect(0, 0 - 840, 2289) eb=Rect(0, 0 - 840, 2289) d=0 taskParent=-1 inset=Rect(0, 82 - 0, 39) dim=true},{WCT{android.window.IWindowContainerToken$Stub$Proxy@a66aec0} m=TO_BACK f=SHOW_WALLPAPER|EDGE_EXTENSION_RESTRICTION leash=Surface(name=Task=1)/@0xff3d154 sb=Rect(0, 0 - 840, 2289) eb=Rect(0, 0 - 840, 2289) d=0 taskParent=-1 inset=Rect(0, 82 - 0, 39)},{null m=TO_BACK f=IS_WALLPAPER p=WCT{android.window.IWindowContainerToken$Stub$Proxy@f7717f9} leash=Surface(name=WallpaperWindowToken{e9c47b2 token=android.os.Binder@b7cf914})/@0xf8fe8fd sb=Rect(0, 0 - 840, 2289) eb=Rect(0, 0 - 840, 2289) d=0 inset=Rect(0, 0 - 0, 0)}]}
02-03 22:20:27.254  2991  3068 V WindowManagerShell:  Checking filter Pair{{types=[] flags=0x0] notFlags=0x100 checks=[{atype=home independent=true modes=[OPEN,TO_FRONT] flags=NONE mustBeTask=false order=TOP topActivity=ComponentInfo{com.sec.android.app.launcher/com.sec.android.app.launcher.Launcher} launchCookie=null},{atype=recents independent=true modes=[CLOSE,TO_BACK] flags=NONE mustBeTask=false order=ANY topActivity=null launchCookie=null}]} RemoteTransition { remoteTransition = android.window.IRemoteTransition$Stub$Proxy@3dd528b, appThread = android.app.IApplicationThread$Stub$Proxy@6e4af68, debugName = QuickstepLaunchHomeFromRecentsflags =NONE }}
02-03 22:20:27.254  2991  3068 V WindowManagerShell:  Checking filter Pair{{types=[] flags=0x0] notFlags=0x100 checks=[{atype=home independent=true modes=[OPEN,TO_FRONT] flags=NONE mustBeTask=false order=TOP topActivity=ComponentInfo{com.sec.android.app.launcher/com.sec.android.app.launcher.Launcher} launchCookie=null},{atype=standard independent=true modes=[CLOSE,TO_BACK] flags=NONE mustBeTask=false order=ANY topActivity=null launchCookie=null}]} RemoteTransition { remoteTransition = android.window.IRemoteTransition$Stub$Proxy@f408f81, appThread = android.app.IApplicationThread$Stub$Proxy@8fc9826, debugName = QuickstepLaunchHomeflags =NONE }}
02-03 22:20:27.254  2991  3068 V WindowManagerShell:  Delegate animation for (#3039) to null
02-03 22:20:27.254  2991  3068 V WindowManagerShell:  try handler com.android.wm.shell.transition.DefaultTransitionHandler@d4c8c67
02-03 22:20:27.254  2991  3068 V WindowManagerShell: start default transition animation, info = {id=3039 t=OPEN f=0x0 trk=0 r=[0@Point(0, 0)] c=[{WCT{android.window.IWindowContainerToken$Stub$Proxy@224d843} m=OPEN f=NONE leash=Surface(name=Task=4527)/@0x68558a7 sb=Rect(0, 0 - 840, 2289) eb=Rect(0, 0 - 840, 2289) d=0 taskParent=-1 inset=Rect(0, 82 - 0, 39) dim=true},{WCT{android.window.IWindowContainerToken$Stub$Proxy@a66aec0} m=TO_BACK f=SHOW_WALLPAPER|EDGE_EXTENSION_RESTRICTION leash=Surface(name=Task=1)/@0xff3d154 sb=Rect(0, 0 - 840, 2289) eb=Rect(0, 0 - 840, 2289) d=0 taskParent=-1 inset=Rect(0, 82 - 0, 39)},{null m=TO_BACK f=IS_WALLPAPER p=WCT{android.window.IWindowContainerToken$Stub$Proxy@f7717f9} leash=Surface(name=WallpaperWindowToken{e9c47b2 token=android.os.Binder@b7cf914})/@0xf8fe8fd sb=Rect(0, 0 - 840, 2289) eb=Rect(0, 0 - 840, 2289) d=0 inset=Rect(0, 0 - 0, 0)}]}
02-03 22:20:27.254  1429  1561 W ComposerExtn: DisplayExtnImpl::SetActiveConfig: HWC Display 3 is not registered!
02-03 22:20:27.255  2991  3068 V WindowManagerShell: loadAnimation: anim=android.view.animation.AnimationSet@db2b59f animAttr=0x13 type=OPEN isEntrance=false
02-03 22:20:27.255  2991  3068 V WindowManagerShell:    wallpaperTransit=WALLPAPER_CLOSE translucent=false
02-03 22:20:27.255  2991  3068 V WindowManagerShell:    change={WCT{android.window.IWindowContainerToken$Stub$Proxy@a66aec0} m=TO_BACK f=SHOW_WALLPAPER|EDGE_EXTENSION_RESTRICTION leash=Surface(name=Task=1)/@0xff3d154 sb=Rect(0, 0 - 840, 2289) eb=Rect(0, 0 - 840, 2289) d=0 taskParent=-1 inset=Rect(0, 82 - 0, 39)}
02-03 22:20:27.255  1630  1950 V WindowManager: Sent Transition (#3039) createdAt=02-03 22:20:27.194 via request=TransitionRequestInfo { type = OPEN, triggerTask = TaskInfo{userId=0 taskId=4527 displayId=0 isRunning=true baseIntent=Intent { flg=0x10000000 cmp=com.pricehunt/.presentation.MainActivity } baseActivity=ComponentInfo{com.pricehunt/com.pricehunt.presentation.MainActivity} topActivity=ComponentInfo{com.pricehunt/com.pricehunt.presentation.MainActivity} origActivity=null realActivity=ComponentInfo{com.pricehunt/com.pricehunt.presentation.MainActivity} numActivities=1 lastActiveTime=342583750 supportsMultiWindow=true resizeMode=1 isResizeable=true minWidth=-1 minHeight=-1 maxWidth=-1 maxHeight=-1 defaultMinSize=220 token=WCT{RemoteToken{450c72d Task{83cae16 #4527 type=standard A=10418:com.pricehunt}}} topActivityType=1 pictureInPictureParams=null shouldDockBigOverlays=false launchIntoPipHostTaskId=-1 lastParentTaskIdBeforePip=-1 displayCutoutSafeInsets=Rect(0, 82 - 0, 0) topActivityInfo=ActivityInfo{39fa929 com.pricehunt.presentation.MainActivity} launchCookies=[] positionInParent=Point(0, 0) parentTaskId=-1 isFocused=false isVisible=false isVisibleRequested=false isSleeping=false topActivityInSizeCompat=false locusId=null displayAreaFeatureId=1 isTopActivityTransparent=false isTopActivityStyleFloating=false appCompatTaskInfo=AppCompatTaskInfo { topActivityInSizeCompat=false eligibleForLetterboxEducation= false isLetterboxEducationEnabled= false isLetterboxDoubleTapEnabled= false eligibleForUserAspectRatioButton= false topActivityBoundsLetterboxed= false isFromLetterboxDoubleTap= false topActivityLetterboxVerticalPosition= -1 topActivityLetterboxHorizontalPosition= -1 topActivityLetterboxWidth=840 topActivityLetterboxHeight=2289 topActivityLetterboxAppWidth=840 topActivityLetterboxAppHeight=2168 isUserFullscreenOverrideEnabled=false isSystemFullscreenOverrideEnabled=false hasMinAspectRatioOverride=false cameraCompatTaskInfo=CameraCompatTaskInfo { freeformCameraCompatMode=inactive} topActivityBounds=null topActivityInDisplayCompat=false} originallySupportedMultiWindow=true hasWallpaper=false rootAffinity=10418:com.pricehunt isTopTaskInStage=false topActivityUiMode=33 CoverLauncherWidgetTask=false isAllowedSeamlessRotation=false isTopTransparentActivity=false snappingGuideBounds=Rect(71, 731 - 769, 1602) isAliasManaged=false hasConfigChanged=false isAiKeyRemoveAppTask=false}, pipTask = null, remoteTransition = null, displayChange = null, flags = 0, debugId = 3039 }
02-03 22:20:27.255  1630  1950 V WindowManager:     startWCT=WindowContainerTransaction { changes = {} hops = [] errorCallbackToken=null taskFragmentOrganizer=null }
02-03 22:20:27.255  2991  3068 V WindowManagerShell: loadAnimation: anim=android.view.animation.AnimationSet@b170cbb animAttr=0x12 type=OPEN isEntrance=true
02-03 22:20:27.255  2991  3068 V WindowManagerShell:    wallpaperTransit=WALLPAPER_CLOSE translucent=false
02-03 22:20:27.255  2991  3068 V WindowManagerShell:    change={WCT{android.window.IWindowContainerToken$Stub$Proxy@224d843} m=OPEN f=NONE leash=Surface(name=Task=4527)/@0x68558a7 sb=Rect(0, 0 - 840, 2289) eb=Rect(0, 0 - 840, 2289) d=0 taskParent=-1 inset=Rect(0, 82 - 0, 39) dim=true}
02-03 22:20:27.255  1630  1950 V WindowManager:     info={id=3039 t=OPEN f=0x0 trk=0 r=[0@Point(0, 0)] c=[
02-03 22:20:27.255  1630  1950 V WindowManager:         {WCT{RemoteToken{450c72d Task{83cae16 #4527 type=standard A=10418:com.pricehunt}}} m=OPEN f=NONE leash=Surface(name=Task=4527)/@0xb939f57 sb=Rect(0, 0 - 840, 2289) eb=Rect(0, 0 - 840, 2289) d=0 taskParent=-1 inset=Rect(0, 82 - 0, 39) dim=true},
02-03 22:20:27.255  1630  1950 V WindowManager:         {WCT{RemoteToken{87efa05 Task{63283a6 #1 type=home}}} m=TO_BACK f=SHOW_WALLPAPER|EDGE_EXTENSION_RESTRICTION leash=Surface(name=Task=1)/@0x1902b8f sb=Rect(0, 0 - 840, 2289) eb=Rect(0, 0 - 840, 2289) d=0 taskParent=-1 inset=Rect(0, 82 - 0, 39)},
02-03 22:20:27.255  1630  1950 V WindowManager:         {null m=TO_BACK f=IS_WALLPAPER p=WCT{RemoteToken{92e4ab2 RemoteWallpaperAnim:1:1@44988793}} leash=Surface(name=WallpaperWindowToken{e9c47b2 token=android.os.Binder@b7cf914})/@0xb6f6f95 sb=Rect(0, 0 - 840, 2289) eb=Rect(0, 0 - 840, 2289) d=0 inset=Rect(0, 0 - 0, 0)}
02-03 22:20:27.255  1630  1950 V WindowManager:     ]}
02-03 22:20:27.256  1630  1956 I WindowManager: Cancelling animation restarting=true, leash=Surface(name=Surface(name=65b5200 StatusBar)/@0xb203e6f - animation-leash of insets_animation)/@0x3c7444e
02-03 22:20:27.256  1630  1956 I WindowManager: Reparenting to original parent: Surface(name=WindowToken{182faa6 type=2000 android.os.BinderProxy@622ade8})/@0x89a977c, destroy=false, syncState=0, syncCommitDepth=0, surface=Surface(name=65b5200 StatusBar)/@0xb203e6f
02-03 22:20:27.256  2991  3068 I SurfaceControlRegistry: apply, t=StartTransaction_SyncId<3039>, caller=android.view.SurfaceControl$Transaction.apply:3135 android.view.SurfaceControl$Transaction.apply:3122 android.view.SurfaceControl$Transaction.apply:3078 com.android.wm.shell.transition.DefaultTransitionHandler.startAnimation:2823 com.android.wm.shell.transition.Transitions.dispatchTransition:93 com.android.wm.shell.transition.Transitions.playTransition:700 
02-03 22:20:27.256  1630  1956 I WindowManager: Reparenting to leash, surface=Surface(name=65b5200 StatusBar)/@0xb203e6f, syncState=0, syncCommitDepth=0, leashParent=Surface(name=WindowToken{182faa6 type=2000 android.os.BinderProxy@622ade8})/@0x89a977c
02-03 22:20:27.256  2991  3068 V WindowManagerShell:  animated by com.android.wm.shell.transition.DefaultTransitionHandler@d4c8c67
02-03 22:20:27.257  1429  1468 I SurfaceFlinger: id=52630 createSurf, flag=24000, Surface(name=65b5200 StatusBar)/@0xb203e6f - animation-leash of insets_animation#52630
02-03 22:20:27.257  1630  1956 D WindowManager: makeSurface duration=1 leash=Surface(name=Surface(name=65b5200 StatusBar)/@0xb203e6f - animation-leash of insets_animation)/@0x25dddc
02-03 22:20:27.258  1630  1956 D InsetsSourceProvider: updateControlForTarget: control=InsetsSourceControl: {68930000 mType=statusBars initiallyVisible mSurfacePosition=Point(0, 0) mInsetsHint=Insets{left=0, top=82, right=0, bottom=0}}, target=Window{c5036fa u0 Splash Screen com.pricehunt}, from=com.android.server.wm.InsetsStateController.onControlTargetChanged:81 com.android.server.wm.InsetsPolicy.updateBarControlTarget:175 com.android.server.wm.DisplayPolicy.updateSystemBarAttributes:281 com.android.server.wm.DisplayPolicy.finishPostLayoutPolicyLw:17 com.android.server.wm.RootWindowContainer.applySurfaceChangesTransaction$1:194 
02-03 22:20:27.258  1630  1956 I WindowManager: Cancelling animation restarting=true, leash=Surface(name=Surface(name=431914a TaskbarWindow)/@0x1d7e725 - animation-leash of insets_animation)/@0x3ea8df1
02-03 22:20:27.258  1630  1956 I WindowManager: Reparenting to original parent: Surface(name=WindowToken{87f7816 type=2024 android.os.BinderProxy@f931e00})/@0xcf8e0fa, destroy=false, syncState=0, syncCommitDepth=0, surface=Surface(name=431914a TaskbarWindow)/@0x1d7e725
02-03 22:20:27.258  1630  1956 I WindowManager: Reparenting to leash, surface=Surface(name=431914a TaskbarWindow)/@0x1d7e725, syncState=0, syncCommitDepth=0, leashParent=Surface(name=WindowToken{87f7816 type=2024 android.os.BinderProxy@f931e00})/@0xcf8e0fa
02-03 22:20:27.258  1429  1468 I SurfaceFlinger: id=52631 createSurf, flag=24000, Surface(name=431914a TaskbarWindow)/@0x1d7e725 - animation-leash of insets_animation#52631
02-03 22:20:27.259  1630  1956 D WindowManager: makeSurface duration=0 leash=Surface(name=Surface(name=431914a TaskbarWindow)/@0x1d7e725 - animation-leash of insets_animation)/@0x8e50c47
02-03 22:20:27.259  1630  1956 D InsetsSourceProvider: updateControlForTarget: control=InsetsSourceControl: {4df90001 mType=navigationBars initiallyVisible mSurfacePosition=Point(0, 2040) mInsetsHint=Insets{left=0, top=0, right=0, bottom=168}}, target=Window{c5036fa u0 Splash Screen com.pricehunt}, from=com.android.server.wm.InsetsStateController.onControlTargetChanged:81 com.android.server.wm.InsetsPolicy.updateBarControlTarget:188 com.android.server.wm.DisplayPolicy.updateSystemBarAttributes:281 com.android.server.wm.DisplayPolicy.finishPostLayoutPolicyLw:17 com.android.server.wm.RootWindowContainer.applySurfaceChangesTransaction$1:194 
02-03 22:20:27.259  1630  1956 I WindowManager: Cancelling animation restarting=true, leash=Surface(name=Surface(name=8f7d129 NavigationBar0)/@0xedcd05a - animation-leash of insets_animation)/@0xc2c4bb0
02-03 22:20:27.259  1630  1956 I WindowManager: Reparenting to original parent: Surface(name=WindowToken{c4ac1f3 type=2019 android.os.BinderProxy@f66f2d})/@0xb1c528b, destroy=false, syncState=0, syncCommitDepth=0, surface=Surface(name=8f7d129 NavigationBar0)/@0xedcd05a
02-03 22:20:27.259  1429  1459 I VSyncReactor: Current= 60, Period= 120, hwcPeriod= 60
02-03 22:20:27.259  3474 23298 I HoneySpace.HistoryViewModel@64637423@OneUI: Illegal access. Unknown type. skip load history items
02-03 22:20:27.259  1630  1956 I WindowManager: Reparenting to leash, surface=Surface(name=8f7d129 NavigationBar0)/@0xedcd05a, syncState=0, syncCommitDepth=0, leashParent=Surface(name=WindowToken{c4ac1f3 type=2019 android.os.BinderProxy@f66f2d})/@0xb1c528b
02-03 22:20:27.259  3474  3986 I HoneySpace.HistoryViewModel@129678705@OneUI: task bar is not showing. skip load history items
02-03 22:20:27.260  3474  3986 I HoneySpace.HistoryViewModel@129678705@OneUI: launcherShowing : false, recentShowing : false, isInteractive : true, state : 0minusOne : false
02-03 22:20:27.260  1429  1468 I SurfaceFlinger: id=52632 createSurf, flag=24000, Surface(name=8f7d129 NavigationBar0)/@0xedcd05a - animation-leash of insets_animation#52632
02-03 22:20:27.260  1630  4226 D FreecessController: com.airwatch.androidagent(1010347) is protected
02-03 22:20:27.260  1630  1956 D WindowManager: makeSurface duration=1 leash=Surface(name=Surface(name=8f7d129 NavigationBar0)/@0xedcd05a - animation-leash of insets_animation)/@0xd597be0
02-03 22:20:27.260  1630  1956 D InsetsSourceProvider: updateControlForTarget: control=InsetsSourceControl: {9d0a0001 mType=navigationBars initiallyVisible mSurfacePosition=Point(0, 2163) mInsetsHint=Insets{left=0, top=0, right=0, bottom=39}}, target=Window{c5036fa u0 Splash Screen com.pricehunt}, from=com.android.server.wm.InsetsStateController.onControlTargetChanged:81 com.android.server.wm.InsetsPolicy.updateBarControlTarget:188 com.android.server.wm.DisplayPolicy.updateSystemBarAttributes:281 com.android.server.wm.DisplayPolicy.finishPostLayoutPolicyLw:17 com.android.server.wm.RootWindowContainer.applySurfaceChangesTransaction$1:194 
02-03 22:20:27.261  1630  1956 D WindowManager: updateSystemBarAttributes: displayId=0, focusedCanBeNavColorWin=false, win=Window{c5036fa u0 Splash Screen com.pricehunt}, navColorWin=Window{c5036fa u0 Splash Screen com.pricehunt}, caller=com.android.server.wm.DisplayPolicy.finishPostLayoutPolicyLw:17 com.android.server.wm.RootWindowContainer.applySurfaceChangesTransaction$1:194 com.android.server.wm.RootWindowContainer.performSurfacePlacementNoTrace:88 
02-03 22:20:27.262  1630  1956 D WindowManager: updateSystemBarAttributes, bhv=1, apr=0, statusBarAprRegions=[AppearanceRegion{ bounds=[0,0][840,2289]}], requestedVisibilities=-9
02-03 22:20:27.262  2991  2991 D SamsungLightBarControlHelper: updateStatusBar (WHITE icon) numStacks:1, StatusBarMode:MODE_TRANSPARENT, lightBarBounds:[], StatusBarState:SHADE, packageName:, isWhiteKeyguardStatusBar:false
02-03 22:20:27.262  2991  2991 D SamsungLightBarControlHelper: onStatusBarAppearanceChanged() -  sbModeChanged:false, statusBarMode:0, barState:MODE_TRANSPARENT, isKeyguardShowing:false, navbarColorManagedByIme:false, (AppearanceRegion{ bounds=[0,0][840,2289]}, )
02-03 22:20:27.262  2991  2991 D NavigationBar: onSystemBarAttributesChanged() -  displayId:0, appearance:0, packageName: com.pricehunt, navbarColorManagedByIme:false
02-03 22:20:27.262  2991  2991 D SysUiState: SysUiState changed: old=0x10000000 new=0x10020000
02-03 22:20:27.262  9475  9475 I com.pricehunt: Using CollectorTypeCC GC.
02-03 22:20:27.263  3474  7344 I HoneySpace.SystemUiRepository: systemUiFlags: allow_gesture|awake
02-03 22:20:27.263  3474  3647 I HoneySpace.TaskbarEventTracker: invokeEvent() called with: event = SystemUiStateChanged(stateFlags=268566528)
02-03 22:20:27.266 29938 29946 I adbd    : jdwp connection from 9475
02-03 22:20:27.268  1429  1429 I SurfaceFlinger: Layer [ActivityRecord{21c8731 u0 com.priceh[...]esentation.MainActivity t4527}#52626] hidden!! flag(0)
02-03 22:20:27.268  1429  1429 I SurfaceFlinger: Layer [Transition Root: Task=4527#52629] hidden!! flag(0)
02-03 22:20:27.268  1429  1429 I SurfaceFlinger: Layer [Task=4527#52625] hidden!! flag(0)
02-03 22:20:27.268  1429  1429 E SurfaceFlinger: alpha changed 1.000 -> 0.000 - Task=4527#52625
02-03 22:20:27.268  1429  1429 I SurfaceFlinger: Layer [Splash Screen com.pricehunt$_2991#52628] hidden!! flag(0)
02-03 22:20:27.268  1429  1429 I SurfaceFlinger: Layer [c5036fa Splash Screen com.pricehunt#52627] hidden!! flag(0)
02-03 22:20:27.268  1429  1429 E SurfaceFlinger: alpha changed 0.000 -> 0.000 - Task=4527#52625
02-03 22:20:27.268  1429  1429 I SurfaceFlinger: [LayerHierarchy{RequestedLayerState{Task=1#78 parentId=52629 z=3} 2 children}] reparent to LayerHierarchy{RequestedLayerState{Transition Root: Task=4527#52629 parentId=12 z=42} 1 children}
02-03 22:20:27.268  1429  1429 I SurfaceFlinger: [LayerHierarchy{RequestedLayerState{WallpaperWindowToken{e9c47b2 token=android.os.Binder@b7cf914}#173 parentId=52629 z=3} 1 children}] reparent to LayerHierarchy{RequestedLayerState{Transition Root: Task=4527#52629 parentId=12 z=42} 2 children}
02-03 22:20:27.269  1429  1429 I SurfaceFlinger: [LayerHierarchy{RequestedLayerState{Task=4527#52625 parentId=52629 z=7} 1 children}] reparent to LayerHierarchy{RequestedLayerState{Transition Root: Task=4527#52629 parentId=12 z=42} 3 children}
02-03 22:20:27.269  1429  1429 I SurfaceFlinger: [Transition Root: Task=4527#52629] attach to parent LayerHierarchy{RequestedLayerState{DefaultTaskDisplayArea_d0#12 parentId=11} 55 children}
02-03 22:20:27.269  1429  1429 I SurfaceFlinger: [Surface(name=65b5200 StatusBar)/@0xb203e6f - animation-leash of insets_animation#52630] attach to parent LayerHierarchy{RequestedLayerState{WindowToken{182faa6 type=2000 android.os.BinderProxy@622ade8}#116 parentId=20} 2 children}
02-03 22:20:27.269  1429  1429 I SurfaceFlinger: [Surface(name=431914a TaskbarWindow)/@0x1d7e725 - animation-leash of insets_animation#52631] attach to parent LayerHierarchy{RequestedLayerState{WindowToken{87f7816 type=2024 android.os.BinderProxy@f931e00}#274 parentId=32 z=3} 2 children}
02-03 22:20:27.269  1429  1429 I SurfaceFlinger: [Surface(name=8f7d129 NavigationBar0)/@0xedcd05a - animation-leash of insets_animation#52632] attach to parent LayerHierarchy{RequestedLayerState{WindowToken{c4ac1f3 type=2019 android.os.BinderProxy@f66f2d}#109 parentId=32} 2 children}
02-03 22:20:27.269  9475  9475 D nativeloader: Load libframework-connectivity-tiramisu-jni.so using APEX ns com_android_tethering for caller /apex/com.android.tethering/javalib/framework-connectivity-t.jar: ok
02-03 22:20:27.271  9475  9475 D ActivityThread: setConscryptValidator
02-03 22:20:27.271  9475  9475 D ActivityThread: setConscryptValidator - put
02-03 22:20:27.271  1429  1429 W Layer   : gatherBufferInfo: Received unknown dataspace from gralloc
02-03 22:20:27.272  1429  1429 I BpBinder: onLastStrongRef automatically unlinking death recipients: 
02-03 22:20:27.273  1429  1429 I LayerHistory: Wallpaper BBQ wrapper 17_system#189 voted ExplicitExactOrMultiple (60.00 Hz)
02-03 22:20:27.273  1429  1429 I SurfaceFlinger: Touch Control - choose 120.00 Hz
02-03 22:20:27.274  1429  1429 I HWComposer: [4630947232161729155] ActiveConfigToHWC, ID : 0
02-03 22:20:27.274  1630  1955 D LocalDisplayAdapter: updateActiveModeLocked for d=4630947232161729155, mActiveModeId=5, mActiveSfDisplayMode=DisplayMode{id=0, width=832, height=2268, xDpi=391.348, yDpi=389.237, peakRefreshRate=120.00001, vsyncRate=120.00001, appVsyncOffsetNanos=100000, presentationDeadlineNanos=9233333, supportedHdrTypes=[2, 3, 4], group=832}
02-03 22:20:27.274  1304  1534 I SDM     : HWCDisplay::SubmitDisplayConfig: [DispConfigs] config 2 => 0, hs_mode 3 => 3
02-03 22:20:27.275  1304  1534 I SDM     : DisplayBase::SetActiveConfig: [DispConfigs] 3 => 0 or hs mode is changed if same config
02-03 22:20:27.275  1304  1534 I SDM     : HWDeviceDRM::SetDisplaySwitchMode: POMS Switching to Mode	0
02-03 22:20:27.275  1304  1534 I SDM     : HWDeviceDRM::SetDisplaySwitchMode: [DispConfigs] check hs_mode 3
02-03 22:20:27.275  1304  1534 I SDM     : HWDeviceDRM::SetDisplaySwitchMode: [DispConfigs] Set mode index:0 832x2268x120x127680cmdHS, hs_mode(3), found_mode(0)
02-03 22:20:27.275  1630  1955 I DisplayDeviceRepository: Display device changed render timings: "Built-in Screen", renderFrameRate=120.00001, presentationDeadlineNanos=9233333, appVsyncOffsetNanos=100000
02-03 22:20:27.275  1304  1534 I SDM     : HWDeviceDRM::UpdateMixerAttributes: Mixer WxH 832x2268-1 for Peripheral
02-03 22:20:27.275  1304  1534 I SDM     : HWCDisplay::SubmitDisplayConfig: Active configuration changed to: 0
02-03 22:20:27.276  1429  1459 I VSyncReactor: Current= 60, Period= 120, hwcPeriod= 60
02-03 22:20:27.276  3474  3474 I HoneySpace.TaskbarVisibilityController: onTaskbarIconVisibleChangeRequest return by cover state
02-03 22:20:27.277  1630  1685 I ActivityManager: Changes in 10418 19 to 2, 0 to 127
02-03 22:20:27.279  1429  1429 D SurfaceFlinger: Display 4630947232161729155 HWC layers:
02-03 22:20:27.279  1429  1429 D SurfaceFlinger:        DEVICE |   0xb400007b3d09c2c0 | 0001 | RGBA_8888    |    0.0    0.0  840.0 2289.0 |    0    0  832 2267 | com.sec.android.app.launcher/com.sec[...]ivities.LauncherActivity$_3474#52614 (89)
02-03 22:20:27.279  1429  1429 D SurfaceFlinger:        DEVICE |   0xb400007b3d093b30 | 0000 | RGBA_8888    |    0.0    0.0  840.0 2289.0 |    0    0  832 2267 | Wallpaper BBQ wrapper 17_system#189 (597539)
02-03 22:20:27.279  1429  1429 D SurfaceFlinger:        DEVICE |   0xb400007b3d052a00 | 0001 | RGBA_8888    |    0.0    0.0  840.0   82.0 |    0    0  832   81 | StatusBar$_2991#135 (95179)
02-03 22:20:27.279  1429  1429 D SurfaceFlinger:        DEVICE |   0xb400007b3d06c260 | 0001 | RGBA_8888    |    0.0    0.0   67.0  210.0 |  766 1196  832 1404 | com.sec.android.app.launcher/com.sam[...]l.app.CocktailBarService$_3474#52539 (5)
02-03 22:20:27.279  1429  1429 D SurfaceFlinger:        CLIENT |   0xb400007b3d097a30 | 0001 | RGBA_8888    |    0.0    0.0  840.0  126.0 |    0 2142  832 2267 | NavigationBar0$_2991#128 (55616)
02-03 22:20:27.279  1429  1429 D SurfaceFlinger: 
02-03 22:20:27.280  1429  4731 I SurfaceFlinger: id=52633 createSurf, flag=84000, 5bbb6bb ActivityRecordInputSink com.pricehunt/.presentation.MainActivity#52633
02-03 22:20:27.282  1405  4118 D AudioFlinger: setParameters: filtered dev setParameters keyvalue screen_state=on
02-03 22:20:27.281  1630  2114 D BrightnessThermalClamper: Thermal status observer already started
02-03 22:20:27.282  1630  4873 D LiftUpHandler: [LTW] Stopped already.
02-03 22:20:27.283  1206  2517 D audio_hw_primary: adev_set_parameters: enter: screen_state=on
02-03 22:20:27.283  1206  2517 V audio_hw_sec: sec_set_parameters: enter
02-03 22:20:27.283  1206  2517 D sound_trigger_hw: handle_screen_status_change: screen on
02-03 22:20:27.283  1206  2517 D audio_hw_primary: adev_set_parameters: exit with code(0)
02-03 22:20:27.284  1429  1459 I VSyncReactor: Current= 60, Period= 120, hwcPeriod= 60
02-03 22:20:27.284  1429  1429 I SurfaceFlinger: [5bbb6bb ActivityRecordInputSink com.pricehunt/.presentation.MainActivity#52633] attach to parent LayerHierarchy{RequestedLayerState{ActivityRecord{21c8731 u0 com.pricehunt/.presentation.MainActivity t4527}#52626 parentId=52625} 2 children}
02-03 22:20:27.285  1429  1429 W Layer   : gatherBufferInfo: Received unknown dataspace from gralloc
02-03 22:20:27.285  1429  1429 W Layer   : gatherBufferInfo: Received unknown dataspace from gralloc
02-03 22:20:27.286  1429  1429 W ComposerExtn: DisplayExtnImpl::SetActiveConfig: HWC Display 3 is not registered!
02-03 22:20:27.286  3474  3474 I VRI[RecentsTransitionOverlay]@ea10469: onDisplayChanged oldDisplayState=2 newDisplayState=2
02-03 22:20:27.286  1206  2517 I Audio_a2dpsink_hw: adev_set_parameters: kevpairs=[screen_state=on]
02-03 22:20:27.286  3474  3474 I VRI[LauncherActivity]@ea4152a: onDisplayChanged oldDisplayState=2 newDisplayState=2
02-03 22:20:27.286  3474  3474 I VRI[CocktailBarService]@fe8030d: onDisplayChanged oldDisplayState=2 newDisplayState=2
02-03 22:20:27.286  3474  3474 I VRI[TaskbarWindow]@498413e: onDisplayChanged oldDisplayState=2 newDisplayState=2
02-03 22:20:27.286  3474  3474 I VRI[RecentsActivity]@6199a4a: onDisplayChanged oldDisplayState=2 newDisplayState=2
02-03 22:20:27.286  3474  7344 I HoneySpace.Memory-Monitor: current state = 2, didTrim = false
02-03 22:20:27.286  3474  7344 I HoneySpace.RefreshRateSource: singleFrameMs 8
02-03 22:20:27.287  6139  6139 I SPenContext: virtual void SPen::Context::SetDisplayRefreshRate(float) framerate=120
02-03 22:20:27.288  1630  1630 D SGM:GameManager: onDisplayChanged. displyId: 0, state: 2
02-03 22:20:27.288  6139  6139 I LatencyConfiguration: void SPen::LatencyConfiguration::UpdateRefreshRate(float) RefreshRate=120.000008
02-03 22:20:27.288  1630  1630 D AODManagerService: requestReCalToTSP IsSingleTouchMode = falserequestedReCalToTSP = false / previousDisplayState = ON
02-03 22:20:27.288  5872  5872 I SPenContext: virtual void SPen::Context::SetDisplayRefreshRate(float) framerate=120
02-03 22:20:27.288  5872  5872 I LatencyConfiguration: void SPen::LatencyConfiguration::UpdateRefreshRate(float) RefreshRate=120.000008
02-03 22:20:27.288  5872  5872 I LatencyConfiguration: void SPen::LatencyConfiguration::UpdateRefreshRate(float) RefreshRateCallback 0xb400007c408e4ed0
02-03 22:20:27.288  5872  5872 I PredictorBase: virtual void SPen::PredictorBase::SetRefreshRate(float) Refresh rate: 120.000
02-03 22:20:27.288  5872  5872 I spe_log : virtual void SPen::FbrDrawPad::SetRefreshRate(float) = 120.000
02-03 22:20:27.288  5872  5872 I spe_log : virtual void SPen::FbrDrawPad::SetRefreshRate(float) mFrameDurationNano=8333333, mDisplayRefreshDurationNano: 8333333
02-03 22:20:27.288  5872  5872 I spe_log : virtual void SPen::LowLatencyStrokeView::SetRefreshRate(float) refresh rate=120.000
02-03 22:20:27.288  5872  5872 I VRI[InputMethod]@307b30c: onDisplayChanged oldDisplayState=2 newDisplayState=2
02-03 22:20:27.288  2991  2991 D DisplayLifecycle: updateDisplay id = 0
02-03 22:20:27.288 22801 22801 I VRI[Settings]@c9346: onDisplayChanged oldDisplayState=2 newDisplayState=2
02-03 22:20:27.289  2991  3068 I VRI[ShellDropTarget]@1cdbaf5: onDisplayChanged oldDisplayState=2 newDisplayState=2
02-03 22:20:27.289  2991  3068 I VRI[SplitDecorManager]@ca2ee62: onDisplayChanged oldDisplayState=2 newDisplayState=2
02-03 22:20:27.289  2991  3068 I VRI[SplitDecorManager]@2d19661: onDisplayChanged oldDisplayState=2 newDisplayState=2
02-03 22:20:27.289  1630  2685 D SGM:FgCheckThread: onLooperPrepared(), msg: MSG_LCD_ON
02-03 22:20:27.289  2991  2991 I VRI[LockscreenShortcutBlur]@6238849: onDisplayChanged oldDisplayState=2 newDisplayState=2
02-03 22:20:27.289  2991  3104 I VRI[pricehunt]@3377a89: onDisplayChanged oldDisplayState=2 newDisplayState=2
02-03 22:20:27.289  2991  2991 I VRI[NavigationBar0]@c1db22d: onDisplayChanged oldDisplayState=2 newDisplayState=2
02-03 22:20:27.289  2991  2991 I VRI[EdgeBackGestureHandler0]@5a548e3: onDisplayChanged oldDisplayState=2 newDisplayState=2
02-03 22:20:27.289  2991  2991 I VRI[NotificationShade]@aaab015: onDisplayChanged oldDisplayState=2 newDisplayState=2
02-03 22:20:27.289  2991  2991 I VRI[StatusBar]@8e980d0: onDisplayChanged oldDisplayState=2 newDisplayState=2
02-03 22:20:27.289  6909  6909 I VRI[MainActivity]@30c10b3: onDisplayChanged oldDisplayState=2 newDisplayState=2
02-03 22:20:27.289  2991  2991 I VRI[Bouncer]@a1623f9: onDisplayChanged oldDisplayState=2 newDisplayState=2
02-03 22:20:27.289  2991  2991 I VRI[SecondaryHomeHandle0]@df10a88: onDisplayChanged oldDisplayState=2 newDisplayState=2
02-03 22:20:27.289  2991  2991 I VRI[KeyguardBiometricToastView]@a7c12bb: onDisplayChanged oldDisplayState=2 newDisplayState=2
02-03 22:20:27.288  6139  6139 I LatencyConfiguration: void SPen::LatencyConfiguration::UpdateRefreshRate(float) RefreshRateCallback 0xb400007c408ced50
02-03 22:20:27.290  6139  6139 I PredictorBase: virtual void SPen::PredictorBase::SetRefreshRate(float) Refresh rate: 120.000
02-03 22:20:27.290  6139  6139 I spe_log : virtual void SPen::FbrDrawPad::SetRefreshRate(float) = 120.000
02-03 22:20:27.290  6139  6139 I spe_log : virtual void SPen::FbrDrawPad::SetRefreshRate(float) mFrameDurationNano=8333333, mDisplayRefreshDurationNano: 8333333
02-03 22:20:27.290  6139  6139 I spe_log : virtual void SPen::LowLatencyStrokeView::SetRefreshRate(float) refresh rate=120.000
02-03 22:20:27.291  1630  5992 D WifiDisplayAdapter: isFitToActiveDisplayLocked : false
02-03 22:20:27.291  2991  3126 D StackScroller: onDisplayChanged for predraw skip to 2
02-03 22:20:27.292  1429  1459 I VSyncReactor: Current= 60, Period= 120, hwcPeriod= 120
02-03 22:20:27.294  9475  9475 D CompatChangeReporter: Compat change id reported: 242716250; UID 10418; state: ENABLED
02-03 22:20:27.295 22801 22801 I VRI[SubSettings]@dd1c099: onDisplayChanged oldDisplayState=2 newDisplayState=2
02-03 22:20:27.295 22801 22801 I VRI[SubSettings]@11d5252: onDisplayChanged oldDisplayState=2 newDisplayState=2
02-03 22:20:27.296  1630  1951 D PkgPredictorService-SecIpmManagerServiceImpl: onForegroundActivitiesChanged pid:9475 uid:10418
02-03 22:20:27.299  1630  2724 V NetworkPolicy: getFirewallRuleWifi UID:10418 policy:0
02-03 22:20:27.299  2991  3104 I InsetsSourceConsumer: applyRequestedVisibilityToControl: visible=true, type=statusBars, host=Splash Screen com.pricehunt
02-03 22:20:27.300  2991  3104 I InsetsSourceConsumer: applyRequestedVisibilityToControl: visible=true, type=navigationBars, host=Splash Screen com.pricehunt
02-03 22:20:27.301  1429  1429 E SurfaceFlinger: alpha changed 0.000 -> 0.170 - Task=4527#52625
02-03 22:20:27.301  1429  1429 I SurfaceFlinger: [LayerHierarchy{RequestedLayerState{431914a TaskbarWindow#275 parentId=52631} 1 children}] reparent to LayerHierarchy{RequestedLayerState{Surface(name=431914a TaskbarWindow)/@0x1d7e725 - animation-leash of insets_animation#52631 parentId=274} 1 children}
02-03 22:20:27.301  1429  1429 I SurfaceFlinger: [LayerHierarchy{RequestedLayerState{8f7d129 NavigationBar0#110 parentId=52632} 1 children}] reparent to LayerHierarchy{RequestedLayerState{Surface(name=8f7d129 NavigationBar0)/@0xedcd05a - animation-leash of insets_animation#52632 parentId=109} 1 children}
02-03 22:20:27.301  1429  1429 I SurfaceFlinger: [LayerHierarchy{RequestedLayerState{65b5200 StatusBar#117 parentId=52630} 1 children}] reparent to LayerHierarchy{RequestedLayerState{Surface(name=65b5200 StatusBar)/@0xb203e6f - animation-leash of insets_animation#52630 parentId=116} 1 children}
02-03 22:20:27.301  1429  1429 I SurfaceFlinger: [LayerHierarchy{RequestedLayerState{Surface(name=431914a TaskbarWindow)/@0x1d7e725 - animation-leash of insets_animation#52616} no children}] reparent to OffscreenRoot
02-03 22:20:27.301  1429  1429 I SurfaceFlinger: [LayerHierarchy{RequestedLayerState{Surface(name=431914a TaskbarWindow)/@0x1d7e725 - animation-leash of insets_animation#52616} no children}] RelativeParent to null
02-03 22:20:27.301  1429  1429 I SurfaceFlinger: [LayerHierarchy{RequestedLayerState{Surface(name=65b5200 StatusBar)/@0xb203e6f - animation-leash of insets_animation#52615} no children}] reparent to OffscreenRoot
02-03 22:20:27.301  1429  1429 I SurfaceFlinger: [LayerHierarchy{RequestedLayerState{Surface(name=65b5200 StatusBar)/@0xb203e6f - animation-leash of insets_animation#52615} no children}] RelativeParent to null
02-03 22:20:27.301  1429  1429 I SurfaceFlinger: [LayerHierarchy{RequestedLayerState{Surface(name=8f7d129 NavigationBar0)/@0xedcd05a - animation-leash of insets_animation#52617} no children}] reparent to OffscreenRoot
02-03 22:20:27.301  1429  1429 I SurfaceFlinger: [LayerHierarchy{RequestedLayerState{Surface(name=8f7d129 NavigationBar0)/@0xedcd05a - animation-leash of insets_animation#52617} no children}] RelativeParent to null
02-03 22:20:27.302  1429  1429 W Layer   : gatherBufferInfo: Received unknown dataspace from gralloc
02-03 22:20:27.302  1429  1429 W Layer   : gatherBufferInfo: Received unknown dataspace from gralloc
02-03 22:20:27.302  1429  1429 I SurfaceFlinger: id=52617 Removed Surface(name=8f7d129 NavigationBar0)/@0xedcd05a - animation-leash of insets_animation#52617 (364)
02-03 22:20:27.302  1429  1429 I SurfaceFlinger: id=52616 Removed Surface(name=431914a TaskbarWindow)/@0x1d7e725 - animation-leash of insets_animation#52616 (364)
02-03 22:20:27.302  1429  1429 I SurfaceFlinger: id=52615 Removed Surface(name=65b5200 StatusBar)/@0xb203e6f - animation-leash of insets_animation#52615 (364)
02-03 22:20:27.302  1429  1429 W ComposerExtn: DisplayExtnImpl::SetActiveConfig: HWC Display 3 is not registered!
02-03 22:20:27.303  7882  7972 I Rubin   : [33317] S8.h.N(Unknown Source) : Notify com.samsung.android.rubin.inferenceengine.contextanalytics.engine.loggers.AppUsageLogger's database is updated.
02-03 22:20:27.303 21273 21273 I VRI[InternalGoogleAppActivityEntrypoint]@e63bb3e: onDisplayChanged oldDisplayState=2 newDisplayState=2
02-03 22:20:27.303 21273 21273 I VRI[LauncherActivity]@66e68da: onDisplayChanged oldDisplayState=2 newDisplayState=2
02-03 22:20:27.304  1630  1951 W LocalDisplayAdapter: Ignoring request for invalid base mode id 5
02-03 22:20:27.305  1630  6796 W UserManagerService: Requested status bar icon for non-badged user 0
02-03 22:20:27.306  5872  5872 I HBD     : i onCapabilityChanged  setNetworkState currentNetworkState : wifi 
02-03 22:20:27.306  1630  1955 D RefreshRateModeManager: updateDefaultDisplayToken: android.os.BinderProxy@99b4f37, isChanged: false
02-03 22:20:27.307  1630  6796 D SGM:GameManager: identifyForegroundApp. com.sec.android.app.launcher, mCurrentUserId: 0, callerUserId: 0
02-03 22:20:27.307  1429  1429 D SurfaceFlinger: Display 4630947232161729155 HWC layers:
02-03 22:20:27.307  1429  1429 D SurfaceFlinger:        DEVICE |   0xb400007b3d09c2c0 | 0001 | RGBA_8888    |    0.0    0.0  840.0 2289.0 |    0    0  832 2267 | com.sec.android.app.launcher/com.sec[...]ivities.LauncherActivity$_3474#52614 (89)
02-03 22:20:27.307  1429  1429 D SurfaceFlinger:        DEVICE |   0xb400007b3d0679d0 | 0000 | RGBA_8888    |    0.0    0.0  840.0 2289.0 |    0    0  832 2267 | Wallpaper BBQ wrapper 17_system#189 (597541)
02-03 22:20:27.307  1429  1429 D SurfaceFlinger:        CLIENT |   0xb400007b3d076730 | 0001 | RGBA_8888    |    0.0    0.0  840.0 2289.0 |   57  157  775 2110 | Splash Screen com.pricehunt$_2991#52628 (1)
02-03 22:20:27.307  1429  1429 D SurfaceFlinger:        CLIENT |   0xb400007b3d0c8a50 | 0001 | RGBA_8888    |    0.0    0.0  840.0   82.0 |    0    0  832   81 | StatusBar$_2991#135 (95180)
02-03 22:20:27.307  1429  1429 D SurfaceFlinger:        DEVICE |   0xb400007b3d06c260 | 0001 | RGBA_8888    |    0.0    0.0   67.0  210.0 |  766 1196  832 1404 | com.sec.android.app.launcher/com.sam[...]l.app.CocktailBarService$_3474#52539 (5)
02-03 22:20:27.307  1429  1429 D SurfaceFlinger:        DEVICE |   0xb400007b3d097a30 | 0001 | RGBA_8888    |    0.0    0.0  840.0  126.0 |    0 2142  832 2267 | NavigationBar0$_2991#12
02-03 22:20:27.307  1429  1429 D SurfaceFlinger: 8 (55616)
02-03 22:20:27.307  1429  1429 D SurfaceFlinger: 
02-03 22:20:27.310  1429  1429 I SurfaceFlinger: destroyed Surface(name=431914a TaskbarWindow)/@0x1d7e725 - animation-leash of insets_animation#52616
02-03 22:20:27.310  1429  1429 I SurfaceFlinger: destroyed Surface(name=65b5200 StatusBar)/@0xb203e6f - animation-leash of insets_animation#52615
02-03 22:20:27.310  1429  1429 I SurfaceFlinger: destroyed Surface(name=8f7d129 NavigationBar0)/@0xedcd05a - animation-leash of insets_animation#52617
02-03 22:20:27.313 21273 21273 I bpnz    : onPause
02-03 22:20:27.313  1429  1429 W Layer   : gatherBufferInfo: Received unknown dataspace from gralloc
02-03 22:20:27.313  1429  1429 W Layer   : gatherBufferInfo: Received unknown dataspace from gralloc
02-03 22:20:27.313  1429  4096 D NativeSemDvfsManager: acquire:: timeout = 2000 mIsAcquired = 1  mTagName : SurfaceFlinger 
02-03 22:20:27.314  1429  4096 E NativeCustomFrequencyManager: [NativeCFMS] BpCustomFrequencyManager::acquire()
02-03 22:20:27.314  1237  1371 I HYPER-HAL: [RequestManager.cpp]acquire(): Acquired ID : 2952235  [1429 / 1000]    HINT : SF_GPU_MINLOCK    list : [TIMEOUT / 2000] 
02-03 22:20:27.314  1429  1429 I Layer   : id=52615 Destroyed Surface(name=65b5200 StatusBar)/@0xb203e6f - animation-leash of insets_animation#52615
02-03 22:20:27.314  1429  1429 I Layer   : id=52616 Destroyed Surface(name=431914a TaskbarWindow)/@0x1d7e725 - animation-leash of insets_animation#52616
02-03 22:20:27.314  1429  1429 I Layer   : id=52617 Destroyed Surface(name=8f7d129 NavigationBar0)/@0xedcd05a - animation-leash of insets_animation#52617
02-03 22:20:27.315  1429  1429 W ComposerExtn: DisplayExtnImpl::SetActiveConfig: HWC Display 3 is not registered!
02-03 22:20:27.315  1429  1429 D SurfaceFlinger: GPIS:: requestGPISForClientComposition
02-03 22:20:27.315  6137 13394 I SDHMS:l : onTaskStackChanged
02-03 22:20:27.316  6137  6767 I SDHMS:l : no app is Resumed!!! mResumedPackages.size = 0
02-03 22:20:27.317  3474  3986 I HoneySpace.RecentTasks: onRecentTasksChanged
02-03 22:20:27.317  3474  3989 I HoneySpace.HistoryViewModel@129678705@OneUI: task bar is not showing. skip load history items
02-03 22:20:27.317  3474  3989 I HoneySpace.HistoryViewModel@129678705@OneUI: launcherShowing : false, recentShowing : false, isInteractive : true, state : 0minusOne : false
02-03 22:20:27.318  1630  3711 D SGM:GameManager: identifyGamePackage. com.pricehunt, mCurrentUserId: 0, callerUserId: 0, callingMethodInfo: com.samsung.android.game.IGameManagerService$Stub.onTransact(IGameManagerService.java:228)
02-03 22:20:27.321  1429  1429 W Layer   : gatherBufferInfo: Received unknown dataspace from gralloc
02-03 22:20:27.321  1429  1429 W Layer   : gatherBufferInfo: Received unknown dataspace from gralloc
02-03 22:20:27.321  1429  1429 W ComposerExtn: DisplayExtnImpl::SetActiveConfig: HWC Display 3 is not registered!
02-03 22:20:27.325  7882  7972 I Rubin   : [33317] com.samsung.android.rubin.inferenceengine.contextanalytics.engine.monitors.moment.exercise.ExercisingWithCmhMonitor.isSatisfiedByCmh(Unknown Source) : isSatisfiedByCmh is false
02-03 22:20:27.327  1630  6796 W ParceledListSlice: Element #16 is 21876 bytes.
02-03 22:20:27.328  1429  1429 W Layer   : gatherBufferInfo: Received unknown dataspace from gralloc
02-03 22:20:27.328  1429  1429 W Layer   : gatherBufferInfo: Received unknown dataspace from gralloc
02-03 22:20:27.328  1429  1429 W ComposerExtn: DisplayExtnImpl::SetActiveConfig: HWC Display 3 is not registered!
02-03 22:20:27.330  1630  6796 W ParceledListSlice: Element #22 is 23412 bytes.
02-03 22:20:27.333  1630  6796 W ParceledListSlice: Element #34 is 24684 bytes.
02-03 22:20:27.337  1429  1429 W Layer   : gatherBufferInfo: Received unknown dataspace from gralloc
02-03 22:20:27.337  1429  1429 W Layer   : gatherBufferInfo: Received unknown dataspace from gralloc
02-03 22:20:27.337  1429  1429 W ComposerExtn: DisplayExtnImpl::SetActiveConfig: HWC Display 3 is not registered!
02-03 22:20:27.341  2991  3123 W ndroid.systemui: Large reply transaction of 405148 bytes, interface descriptor com.android.wm.shell.recents.IRecentTasks, code 4
02-03 22:20:27.348  1429  1429 W Layer   : gatherBufferInfo: Received unknown dataspace from gralloc
02-03 22:20:27.348  1429  1429 W Layer   : gatherBufferInfo: Received unknown dataspace from gralloc
02-03 22:20:27.348  3474  7344 I HoneySpace.HistoryViewModel@64637423@OneUI: Illegal access. Unknown type. skip load history items
02-03 22:20:27.349  1429  1429 W ComposerExtn: DisplayExtnImpl::SetActiveConfig: HWC Display 3 is not registered!
02-03 22:20:27.349  3474  7344 I HoneySpace.HistoryViewModel@129678705@OneUI: task bar is not showing. skip load history items
02-03 22:20:27.349  3474  7344 I HoneySpace.HistoryViewModel@129678705@OneUI: launcherShowing : false, recentShowing : false, isInteractive : true, state : 0minusOne : false
02-03 22:20:27.352  1209  3586 I vendor.qti.bluetooth@1.0-ibs_handler: ProcessIbsCmd: Received IBS_SLEEP_IND: 0xFE
02-03 22:20:27.356  1209  3586 I vendor.qti.bluetooth@1.0-ibs_handler: ProcessIbsCmd: Received IBS_WAKE_IND: 0xFD
02-03 22:20:27.356  1209  3586 I vendor.qti.bluetooth@1.0-ibs_handler: ProcessIbsCmd: Writing IBS_WAKE_ACK
02-03 22:20:27.357  1429  1429 W Layer   : gatherBufferInfo: Received unknown dataspace from gralloc
02-03 22:20:27.357  1429  1429 W Layer   : gatherBufferInfo: Received unknown dataspace from gralloc
02-03 22:20:27.358  1429  1429 W ComposerExtn: DisplayExtnImpl::SetActiveConfig: HWC Display 3 is not registered!
02-03 22:20:27.367  1429  1429 W Layer   : gatherBufferInfo: Received unknown dataspace from gralloc
02-03 22:20:27.369  1429  1429 W ComposerExtn: DisplayExtnImpl::SetActiveConfig: HWC Display 3 is not registered!
02-03 22:20:27.374  1630  1680 I system_server: Background young concurrent copying GC freed 46MB AllocSpace bytes, 103(2904KB) LOS objects, 23% free, 157MB/205MB, paused 197us,287us total 129.316ms
02-03 22:20:27.378  1429  1429 W Layer   : gatherBufferInfo: Received unknown dataspace from gralloc
02-03 22:20:27.378  1429  1429 W Layer   : gatherBufferInfo: Received unknown dataspace from gralloc
02-03 22:20:27.379  1429  1429 W ComposerExtn: DisplayExtnImpl::SetActiveConfig: HWC Display 3 is not registered!
02-03 22:20:27.388  1429  1429 W Layer   : gatherBufferInfo: Received unknown dataspace from gralloc
02-03 22:20:27.388  1429  1429 W Layer   : gatherBufferInfo: Received unknown dataspace from gralloc
02-03 22:20:27.389  1429  1429 W ComposerExtn: DisplayExtnImpl::SetActiveConfig: HWC Display 3 is not registered!
02-03 22:20:27.397  1429  1429 W Layer   : gatherBufferInfo: Received unknown dataspace from gralloc
02-03 22:20:27.398  1429  1429 W ComposerExtn: DisplayExtnImpl::SetActiveConfig: HWC Display 3 is not registered!
02-03 22:20:27.406  1429  1429 W Layer   : gatherBufferInfo: Received unknown dataspace from gralloc
02-03 22:20:27.406  1429  1429 W Layer   : gatherBufferInfo: Received unknown dataspace from gralloc
02-03 22:20:27.407  1429  1429 W ComposerExtn: DisplayExtnImpl::SetActiveConfig: HWC Display 3 is not registered!
02-03 22:20:27.415  1429  1429 W Layer   : gatherBufferInfo: Received unknown dataspace from gralloc
02-03 22:20:27.415  1429  1429 W Layer   : gatherBufferInfo: Received unknown dataspace from gralloc
02-03 22:20:27.416  1429  1429 W ComposerExtn: DisplayExtnImpl::SetActiveConfig: HWC Display 3 is not registered!
02-03 22:20:27.423  1429  1429 W Layer   : gatherBufferInfo: Received unknown dataspace from gralloc
02-03 22:20:27.424  1429  1429 W ComposerExtn: DisplayExtnImpl::SetActiveConfig: HWC Display 3 is not registered!
02-03 22:20:27.426  1630  2753 D MdnieScenarioControlService:  packageName : com.pricehunt    className : com.pricehunt.presentation.MainActivity
02-03 22:20:27.426  1630  2753 V MdnieScenarioControlService: setUIMode from UI function(3)
