02-03 21:47:53.548  6784  6784 W System.err: 	at android.os.Handler.handleCallback(Handler.java:959)
02-03 21:47:53.548  6784  6784 W System.err: 	at android.os.Handler.dispatchMessage(Handler.java:100)
02-03 21:47:53.548  6784  6784 W System.err: 	at android.os.Looper.loopOnce(Looper.java:257)
02-03 21:47:53.548  6784  6784 W System.err: 	at android.os.Looper.loop(Looper.java:342)
02-03 21:47:53.548  6784  6784 W System.err: 	at android.app.ActivityThread.main(ActivityThread.java:9634)
02-03 21:47:53.548  6784  6784 W System.err: 	at java.lang.reflect.Method.invoke(Native Method)
02-03 21:47:53.548  3474  7344 I HoneySpace.BadgeDataSourceImpl: Get notification count. PK(p='com.google.android.apps.photos', u=UserHandle{0}) - forceBadgeCount: false, notification listener: 1, badge provider: 0
02-03 21:47:53.548  6784  6784 W System.err: 	at com.android.internal.os.RuntimeInit$MethodAndArgsCaller.run(RuntimeInit.java:619)
02-03 21:47:53.548  3474  7344 I HoneySpace.BadgeDataSourceImpl: Get notification count. PK(p='com.google.android.apps.photos', u=UserHandle{0}) - forceBadgeCount: false, notification listener: 1, badge provider: 0
02-03 21:47:53.548  6784  6784 W System.err: 	at com.android.internal.os.ZygoteInit.main(ZygoteInit.java:929)
02-03 21:47:53.548  6784  6784 I NeoBean_NotificationUtil: isAlertNeed2 :false
02-03 21:47:53.549  2991  2991 D InterruptionStateProvider:  no Heads up : edgelighting enabled app. -1|com.android.systemui|2131363875|charging_state|10051
02-03 21:47:53.551  1429  1429 W Layer   : gatherBufferInfo: Received unknown dataspace from gralloc
02-03 21:47:53.556  2991  2991 I LockscreenNotificationIconsOnlyController: onNotificationInfoUpdated 23
02-03 21:47:53.559  2991  2991 I AODNotificationManager: updateNotification() 
02-03 21:47:53.559 11425 12549 I System.out: Instamart: Trying __NEXT_DATA__ extraction...
02-03 21:47:53.560 11425 12549 I System.out: Instamart: Trying Cloudinary image extraction...
02-03 21:47:53.560  1429  1429 W Layer   : gatherBufferInfo: Received unknown dataspace from gralloc
02-03 21:47:53.560  1429  1429 W Layer   : gatherBufferInfo: Received unknown dataspace from gralloc
02-03 21:47:53.565 11425 12547 D ResilientExtractor: [Blinkit] Starting extraction from 70726 chars
02-03 21:47:53.566 11425 12547 D ResilientExtractor: [Blinkit] Page title: Buy milk full cream Online | blinkit
02-03 21:47:53.566 11425 12547 D ResilientExtractor: [Blinkit] Trying: Blinkit-Specific
02-03 21:47:53.566 11425 12547 D ResilientExtractor: [Blinkit] Trying Blinkit-specific extraction
02-03 21:47:53.568  1429  1429 W Layer   : gatherBufferInfo: Received unknown dataspace from gralloc
02-03 21:47:53.570 11425 12547 D ResilientExtractor: [Blinkit] Pattern 'a[href*='/prn/']' found 0 links
02-03 21:47:53.574 11425 12547 D ResilientExtractor: [Blinkit] Pattern 'a[href*='/prid/']' found 0 links
02-03 21:47:53.576  1429  1429 W Layer   : gatherBufferInfo: Received unknown dataspace from gralloc
02-03 21:47:53.576 11425 12547 D ResilientExtractor: [Blinkit] Pattern 'a[href*='/product/']' found 0 links
02-03 21:47:53.579 11425 12547 D ResilientExtractor: [Blinkit] Pattern 'a[href*='blinkit.com/p']' found 0 links
02-03 21:47:53.583 11425 12549 I System.out: Instamart: Found 0 Cloudinary/Swiggy images
02-03 21:47:53.583 11425 12549 I System.out: Instamart: Trying general image extraction...
02-03 21:47:53.585 11425 12547 D ResilientExtractor: [Blinkit] Found 0 Blinkit containers with data attributes
02-03 21:47:53.585  1429  1429 W Layer   : gatherBufferInfo: Received unknown dataspace from gralloc
02-03 21:47:53.585 11425 12547 D ResilientExtractor: [Blinkit] Blinkit-specific found 0 products
02-03 21:47:53.585 11425 12547 D ResilientExtractor: [Blinkit] Trying: JSON-LD Schema
02-03 21:47:53.588 11425 12547 D ResilientExtractor: [Blinkit] Found 1 JSON-LD scripts
02-03 21:47:53.589 11425 12547 D ResilientExtractor: [Blinkit] Trying: Microdata/itemprop
02-03 21:47:53.593  1429  1429 W Layer   : gatherBufferInfo: Received unknown dataspace from gralloc
02-03 21:47:53.596 11425 12547 D ResilientExtractor: [Blinkit] Found 0 microdata product containers
02-03 21:47:53.598 11425 12549 I System.out: Instamart: Found 1 images with alt
02-03 21:47:53.598 11425 12549 I System.out: Instamart: Trying data-* extraction...
02-03 21:47:53.601  1429  1429 W Layer   : gatherBufferInfo: Received unknown dataspace from gralloc
02-03 21:47:53.605 11425 12547 D ResilientExtractor: [Blinkit] Trying: Open Graph
02-03 21:47:53.610  1429  1429 W Layer   : gatherBufferInfo: Received unknown dataspace from gralloc
02-03 21:47:53.610 11425 12549 I System.out: Instamart: Found 4 data-* elements
02-03 21:47:53.614 11425 12549 I System.out: Instamart: Trying generic resilient extraction...
02-03 21:47:53.618  1429  1429 W Layer   : gatherBufferInfo: Received unknown dataspace from gralloc
02-03 21:47:53.619 11425 12547 D ResilientExtractor: [Blinkit] Trying: Next.js Data
02-03 21:47:53.621 11425 12547 D ResilientExtractor: [Blinkit] Trying: Data Attributes
02-03 21:47:53.623 11425 12549 D ResilientExtractor: [Instamart] Starting extraction from 46628 chars
02-03 21:47:53.624 11425 12549 D ResilientExtractor: [Instamart] Page title: Instamart
02-03 21:47:53.624 11425 12549 D ResilientExtractor: [Instamart] Trying: Instamart-Specific
02-03 21:47:53.624 11425 12549 D ResilientExtractor: [Instamart] Trying Instamart-specific extraction
02-03 21:47:53.625 11425 12549 D ResilientExtractor: [Instamart] Found 0 Instamart product links
02-03 21:47:53.626 11425 12549 D ResilientExtractor: [Instamart] Found 4 data-testid elements
02-03 21:47:53.626  1429  1429 W Layer   : gatherBufferInfo: Received unknown dataspace from gralloc
02-03 21:47:53.629  1630  2740 D InetDiagMessage: Destroyed 0 sockets, proto=IPPROTO_TCP, family=AF_INET, states=14
02-03 21:47:53.630 11425 12549 D ResilientExtractor: [Instamart] Instamart-specific found 0 products
02-03 21:47:53.630 11425 12549 D ResilientExtractor: [Instamart] Trying: JSON-LD Schema
02-03 21:47:53.631 11425 12549 D ResilientExtractor: [Instamart] Found 0 JSON-LD scripts
02-03 21:47:53.631 11425 12549 D ResilientExtractor: [Instamart] Trying: Microdata/itemprop
02-03 21:47:53.632  1630  2740 D InetDiagMessage: Destroyed 0 sockets, proto=IPPROTO_TCP, family=AF_INET6, states=14
02-03 21:47:53.632  1630  2740 D InetDiagMessage: Destroyed live tcp sockets for uids={1010353} in 6ms
02-03 21:47:53.633  1630  2740 D InetDiagMessage: Destroyed 0 sockets, proto=IPPROTO_TCP, family=AF_INET, states=14
02-03 21:47:53.633 11425 12549 D ResilientExtractor: [Instamart] Found 0 microdata product containers
02-03 21:47:53.633  1630  2740 D InetDiagMessage: Destroyed 0 sockets, proto=IPPROTO_TCP, family=AF_INET6, states=14
02-03 21:47:53.633  1630  2740 D InetDiagMessage: Destroyed live tcp sockets for uids={1020353} in 1ms
02-03 21:47:53.634  1630  2740 D InetDiagMessage: Destroyed 0 sockets, proto=IPPROTO_TCP, family=AF_INET, states=14
02-03 21:47:53.635 11425 12549 D ResilientExtractor: [Instamart] Trying: Open Graph
02-03 21:47:53.636  1630  2740 D InetDiagMessage: Destroyed 0 sockets, proto=IPPROTO_TCP, family=AF_INET6, states=14
02-03 21:47:53.636  1630  2740 D InetDiagMessage: Destroyed live tcp sockets for uids={1010335} in 2ms
02-03 21:47:53.636  1429  1429 W Layer   : gatherBufferInfo: Received unknown dataspace from gralloc
02-03 21:47:53.637  1630  2740 D InetDiagMessage: Destroyed 0 sockets, proto=IPPROTO_TCP, family=AF_INET, states=14
02-03 21:47:53.639  1630  2740 D InetDiagMessage: Destroyed 0 sockets, proto=IPPROTO_TCP, family=AF_INET6, states=14
02-03 21:47:53.639  1630  2740 D InetDiagMessage: Destroyed live tcp sockets for uids={1020335} in 3ms
02-03 21:47:53.641 11425 12549 D ResilientExtractor: [Instamart] Trying: Next.js Data
02-03 21:47:53.641 11425 12549 D ResilientExtractor: [Instamart] Trying: Data Attributes
02-03 21:47:53.644  1429  1429 W Layer   : gatherBufferInfo: Received unknown dataspace from gralloc
02-03 21:47:53.652 11425 12549 D ResilientExtractor: [Instamart] Trying: ARIA/Semantic
02-03 21:47:53.653  1429  1429 W Layer   : gatherBufferInfo: Received unknown dataspace from gralloc
02-03 21:47:53.656 11425 12547 D ResilientExtractor: [Blinkit] Trying: ARIA/Semantic
02-03 21:47:53.658 11425 12549 D ResilientExtractor: [Instamart] Trying: Image Alt Text
02-03 21:47:53.658 11425 12549 D ResilientExtractor: [Instamart] Found 0 images with valid alt text
02-03 21:47:53.658 11425 12549 D ResilientExtractor: [Instamart] Trying: Link Patterns
02-03 21:47:53.661  1429  1429 W Layer   : gatherBufferInfo: Received unknown dataspace from gralloc
02-03 21:47:53.664 11425 12549 D ResilientExtractor: [Instamart] Trying: Price Proximity
02-03 21:47:53.667 11425 12549 D ResilientExtractor: [Instamart] Price proximity found 0 candidates
02-03 21:47:53.667 11425 12549 D ResilientExtractor: [Instamart] Trying: DOM Structure
02-03 21:47:53.668 11425 12549 D ResilientExtractor: [Instamart] DOM structure found 0 grids
02-03 21:47:53.668 11425 12549 D ResilientExtractor: [Instamart] Trying: Sibling Analysis
02-03 21:47:53.669 11425 12547 D ResilientExtractor: [Blinkit] Trying: Image Alt Text
02-03 21:47:53.670  1429  1429 W Layer   : gatherBufferInfo: Received unknown dataspace from gralloc
02-03 21:47:53.670 11425 12549 D ResilientExtractor: [Instamart] Sibling analysis found 0 price elements
02-03 21:47:53.670 11425 12549 D ResilientExtractor: [Instamart] Trying: Grid Detection
02-03 21:47:53.671 11425 12547 D ResilientExtractor: [Blinkit] Found 0 images with valid alt text
02-03 21:47:53.671 11425 12547 D ResilientExtractor: [Blinkit] Trying: Link Patterns
02-03 21:47:53.675 11425 12549 D ResilientExtractor: [Instamart] Trying: Text Pattern
02-03 21:47:53.675 11425 12549 D ResilientExtractor: [Instamart] Trying text pattern extraction
02-03 21:47:53.676 11425 12549 D ResilientExtractor: [Instamart] Found 0 elements with prices
02-03 21:47:53.676 11425 12549 D ResilientExtractor: [Instamart] Text pattern found 0 products
02-03 21:47:53.676 11425 12549 W ResilientExtractor: [Instamart]  All 14 strategies failed
02-03 21:47:53.676 11425 12549 D ResilientExtractor: [Instamart] === Debug Info ===
02-03 21:47:53.676 11425 12549 D ResilientExtractor: [Instamart] JSON-LD scripts: 0
02-03 21:47:53.677 11425 12549 D ResilientExtractor: [Instamart] __NEXT_DATA__: false
02-03 21:47:53.678 11425 12549 D ResilientExtractor: [Instamart] Microdata items: 0
02-03 21:47:53.678  1429  1429 W Layer   : gatherBufferInfo: Received unknown dataspace from gralloc
02-03 21:47:53.678 11425 12549 D ResilientExtractor: [Instamart] Data-testid elements: 4
02-03 21:47:53.679 11425 12549 D ResilientExtractor: [Instamart] Images: 1
02-03 21:47:53.679 11425 12549 D ResilientExtractor: [Instamart] Links: 0
02-03 21:47:53.681 11425 12549 D ResilientExtractor: [Instamart] Has price pattern: false
02-03 21:47:53.681 11425 12549 D ResilientExtractor: [Instamart] Sample img alt: 
02-03 21:47:53.681 11425 12549 I System.out: Instamart: Total extraction found 0 products
02-03 21:47:53.686  1429  1429 W Layer   : gatherBufferInfo: Received unknown dataspace from gralloc
02-03 21:47:53.687 11425 12547 D ResilientExtractor: [Blinkit] Trying: Price Proximity
02-03 21:47:53.695  1429  1429 W Layer   : gatherBufferInfo: Received unknown dataspace from gralloc
02-03 21:47:53.703  1429  1429 W Layer   : gatherBufferInfo: Received unknown dataspace from gralloc
02-03 21:47:53.710 11425 12547 D ResilientExtractor: [Blinkit] Price proximity found 3 candidates
02-03 21:47:53.711 11425 12547 D CompatChangeReporter: Compat change id reported: 247079863; UID 10418; state: ENABLED
02-03 21:47:53.712  1429  1429 W Layer   : gatherBufferInfo: Received unknown dataspace from gralloc
02-03 21:47:53.720  1429  1429 W Layer   : gatherBufferInfo: Received unknown dataspace from gralloc
02-03 21:47:53.725 11425 12547 D ResilientExtractor: Price analysis - Valid: [], Savings: [], PerUnit: []
02-03 21:47:53.728  1429  1429 W Layer   : gatherBufferInfo: Received unknown dataspace from gralloc
02-03 21:47:53.737  1429  1429 W Layer   : gatherBufferInfo: Received unknown dataspace from gralloc
02-03 21:47:53.745  1429  1429 W Layer   : gatherBufferInfo: Received unknown dataspace from gralloc
02-03 21:47:53.749  2991  2991 D Bubbles : onEntryUpdated : shouldBubbleUp=false ,key=0|com.android.systemui|123|INSIGNIFICANT|10051
02-03 21:47:53.750  2991  2991 D InterruptionStateProvider:  no Heads up : edgelighting enabled app. 0|com.android.systemui|123|INSIGNIFICANT|10051
02-03 21:47:53.754  1429  1429 W Layer   : gatherBufferInfo: Received unknown dataspace from gralloc
02-03 21:47:53.762  1429  1429 W Layer   : gatherBufferInfo: Received unknown dataspace from gralloc
02-03 21:47:53.763 11425 12547 D ResilientExtractor: Price analysis - Valid: [], Savings: [], PerUnit: []
02-03 21:47:53.765  2991  2991 I LockscreenNotificationIconsOnlyController: onNotificationInfoUpdated 23
02-03 21:47:53.768  2991  2991 I AODNotificationManager: updateNotification() 
02-03 21:47:53.770  2991  3535 D LocalImageResolver: Couldn't use ImageDecoder for drawable, falling back to non-resized load.
02-03 21:47:53.770  1429  1429 W Layer   : gatherBufferInfo: Received unknown dataspace from gralloc
02-03 21:47:53.770  2991  3535 D LocalImageResolver: Couldn't use ImageDecoder for drawable, falling back to non-resized load.
02-03 21:47:53.770  1429  1429 W Layer   : gatherBufferInfo: Received unknown dataspace from gralloc
02-03 21:47:53.771  2991  2991 D LocalImageResolver: Couldn't use ImageDecoder for drawable, falling back to non-resized load.
02-03 21:47:53.778  1429  1429 W Layer   : gatherBufferInfo: Received unknown dataspace from gralloc
02-03 21:47:53.787  1429  1429 W Layer   : gatherBufferInfo: Received unknown dataspace from gralloc
02-03 21:47:53.788 11425 12547 D ResilientExtractor: Price analysis - Valid: [], Savings: [], PerUnit: []
02-03 21:47:53.789  2991  2991 D LocalImageResolver: Couldn't use ImageDecoder for drawable, falling back to non-resized load.
02-03 21:47:53.791 11425 12557 I System.out: Flipkart Minutes: Got 523496 chars via HTTP
02-03 21:47:53.791  1237 12410 I HYPER-HAL: [RequestManager.cpp]releaseLocked(): Released ID : 2952235
02-03 21:47:53.795  1429  1429 W Layer   : gatherBufferInfo: Received unknown dataspace from gralloc
02-03 21:47:53.798  2991  2991 I LockscreenNotificationIconsOnlyController: onNotificationInfoUpdated 23
02-03 21:47:53.803  2991  2991 I AODNotificationManager: updateNotification() 
02-03 21:47:53.803  1429  1429 W Layer   : gatherBufferInfo: Received unknown dataspace from gralloc
02-03 21:47:53.803  1429  1429 W Layer   : gatherBufferInfo: Received unknown dataspace from gralloc
02-03 21:47:53.805 11425 12547 D ResilientExtractor: [Blinkit] Trying: DOM Structure
02-03 21:47:53.811 11425 12547 D ResilientExtractor: [Blinkit] DOM structure found 0 grids
02-03 21:47:53.811 11425 12547 D ResilientExtractor: [Blinkit] Trying: Sibling Analysis
02-03 21:47:53.812  1429  1429 W Layer   : gatherBufferInfo: Received unknown dataspace from gralloc
02-03 21:47:53.813 11425 12547 D ResilientExtractor: [Blinkit] Sibling analysis found 0 price elements
02-03 21:47:53.813 11425 12547 D ResilientExtractor: [Blinkit] Trying: Grid Detection
02-03 21:47:53.817 11425 12547 D ResilientExtractor: [Blinkit] Trying: Text Pattern
02-03 21:47:53.817 11425 12547 D ResilientExtractor: [Blinkit] Trying text pattern extraction
02-03 21:47:53.820 11425 12547 D ResilientExtractor: [Blinkit] Found 0 elements with prices
02-03 21:47:53.820 11425 12547 D ResilientExtractor: [Blinkit] Text pattern found 0 products
02-03 21:47:53.820 11425 12547 W ResilientExtractor: [Blinkit]  All 14 strategies failed
02-03 21:47:53.820 11425 12547 D ResilientExtractor: [Blinkit] === Debug Info ===
02-03 21:47:53.820  1429  1429 W Layer   : gatherBufferInfo: Received unknown dataspace from gralloc
02-03 21:47:53.820 11425 12547 D ResilientExtractor: [Blinkit] JSON-LD scripts: 1
02-03 21:47:53.821 11425 12547 D ResilientExtractor: [Blinkit] __NEXT_DATA__: false
02-03 21:47:53.821 11425 12547 D ResilientExtractor: [Blinkit] Microdata items: 0
02-03 21:47:53.822 11425 12547 D ResilientExtractor: [Blinkit] Data-testid elements: 0
02-03 21:47:53.822 11425 12547 D ResilientExtractor: [Blinkit] Images: 1
02-03 21:47:53.822 11425 12547 D ResilientExtractor: [Blinkit] Links: 17
02-03 21:47:53.826 11425 12547 D ResilientExtractor: [Blinkit] Has price pattern: true
02-03 21:47:53.826 11425 12547 I System.out: Blinkit: Attempt 1/3 with 9s timeout
02-03 21:47:53.826 11425 12557 I System.out: Flipkart Minutes: Using WebView (SPA site)...
02-03 21:47:53.826 11425 12557 I System.out: WebView: Location set to pincode=560001, lat=12.9352, lon=77.6245
02-03 21:47:53.826 11425 12557 I System.out: Flipkart Minutes: Trying URL 1/1: https://m.flipkart.com/search?q=milk+full+cream&marketplace=GROCERY
02-03 21:47:53.829  1429  1429 W Layer   : gatherBufferInfo: Received unknown dataspace from gralloc
02-03 21:47:53.829  1429  1429 W ComposerExtn: DisplayExtnImpl::SetActiveConfig: HWC Display 3 is not registered!
02-03 21:47:53.832 11425 11425 I WebViewFactory: Loading com.google.android.webview version 144.0.7559.109 (code 755910933)
02-03 21:47:53.834 11425 11425 V ResourcesManager: The following library key has been added: ResourcesKey{ mHash=c51e9f2 mResDir=null mSplitDirs=[] mOverlayDirs=[/product/overlay/TransparentNavigationBar/TransparentNavigationBarOverlay.apk,/product/overlay/NavigationBarModeGestural/NavigationBarModeGesturalOverlay.apk] mLibDirs=[/data/app/~~qmkTWvsQ7U6Auxoz_t_GWQ==/com.google.android.webview-Kcu640zJ3EifSRTOa0mNvA==/base.apk,/data/app/~~nXo6VvPiNEG4bSj8KwoZeg==/com.google.android.trichromelibrary_755910933-OrlD49GeDYt3Scg6xSizaA==/base.apk,/system_ext/framework/androidx.window.extensions.jar] mDisplayId=0 mOverrideConfig=v35 mCompatInfo={420dpi always-compat} mLoaders=[]}
02-03 21:47:53.836 11425 11425 W com.pricehunt: Failed to find entry 'classes.dex': Entry not found
02-03 21:47:53.837 11425 11425 D nativeloader: Configuring clns-8 for other apk /data/app/~~nXo6VvPiNEG4bSj8KwoZeg==/com.google.android.trichromelibrary_755910933-OrlD49GeDYt3Scg6xSizaA==/base.apk. target_sdk_version=36, uses_libraries=ALL, library_path=/data/app/~~qmkTWvsQ7U6Auxoz_t_GWQ==/com.google.android.webview-Kcu640zJ3EifSRTOa0mNvA==/lib/arm64:/data/app/~~qmkTWvsQ7U6Auxoz_t_GWQ==/com.google.android.webview-Kcu640zJ3EifSRTOa0mNvA==/base.apk!/lib/arm64-v8a:/data/app/~~nXo6VvPiNEG4bSj8KwoZeg==/com.google.android.trichromelibrary_755910933-OrlD49GeDYt3Scg6xSizaA==/base.apk!/lib/arm64-v8a, permitted_path=/data:/mnt/expand
02-03 21:47:53.837 11425 11425 D nativeloader: Extending system_exposed_libraries: libhumantracking.arcsoft.so:libPortraitDistortionCorrection.arcsoft.so:libPortraitDistortionCorrectionCali.arcsoft.so:libface_landmark.arcsoft.so:libFacialStickerEngine.arcsoft.so:libfrtracking_engine.arcsoft.so:libFaceRecognition.arcsoft.so:libveengine.arcsoft.so:libhigh_res.arcsoft.so:libimage_enhancement.arcsoft.so:liblow_light_hdr.arcsoft.so:libhigh_dynamic_range.arcsoft.so:libobjectcapture_jni.arcsoft.so:libobjectcapture.arcsoft.so:libFacialAttributeDetection.arcsoft.so:libaudiomirroring_jni.audiomirroring.samsung.so:libBeauty_v4.camera.samsung.so:libexifa.camera.samsung.so:libjpega.camera.samsung.so:libOpenCv.camera.samsung.so:libC2paDps.camera.samsung.so:libVideoClassifier.camera.samsung.so:libImageScreener.camera.samsung.so:libMyFilter.camera.samsung.so:libtflite2.myfilters.camera.samsung.so:libCandidSnapJNI.camera.samsung.so:libHIDTSnapJNI.camera.samsung.so:libSmartScan.camera.samsung.so:libRectify.camera.samsung.so:libDocRectifyWrapper.camera.samsung.so:libstartr
02-03 21:47:53.837  1429  1429 W Layer   : gatherBufferInfo: Received unknown dataspace from gralloc
02-03 21:47:53.839 11425 11425 D ApplicationLoaders: Returning zygote-cached class loader: /system_ext/framework/androidx.window.extensions.jar
02-03 21:47:53.840 11425 11425 W com.pricehunt: Loading /data/app/~~qmkTWvsQ7U6Auxoz_t_GWQ==/com.google.android.webview-Kcu640zJ3EifSRTOa0mNvA==/oat/arm64/base.odex non-executable as it requires an image which we failed to load
02-03 21:47:53.841 11425 11425 D nativeloader: Configuring clns-9 for other apk /data/app/~~qmkTWvsQ7U6Auxoz_t_GWQ==/com.google.android.webview-Kcu640zJ3EifSRTOa0mNvA==/base.apk. target_sdk_version=36, uses_libraries=, library_path=/data/app/~~qmkTWvsQ7U6Auxoz_t_GWQ==/com.google.android.webview-Kcu640zJ3EifSRTOa0mNvA==/lib/arm64:/data/app/~~qmkTWvsQ7U6Auxoz_t_GWQ==/com.google.android.webview-Kcu640zJ3EifSRTOa0mNvA==/base.apk!/lib/arm64-v8a:/data/app/~~nXo6VvPiNEG4bSj8KwoZeg==/com.google.android.trichromelibrary_755910933-OrlD49GeDYt3Scg6xSizaA==/base.apk!/lib/arm64-v8a, permitted_path=/data:/mnt/expand
02-03 21:47:53.849  6716 12947 I ObjectPool@9791306: Ph_[checker Pool remains: , 9, ] [pool-94-thread-1] 
02-03 21:47:53.858 11425 11425 I cr_WVCFactoryProvider: version=144.0.7559.109 (755910933) minSdkVersion=29 multiprocess=true packageId=2 splits=<none>
02-03 21:47:53.871 11425 11425 D nativeloader: Load /data/app/~~nXo6VvPiNEG4bSj8KwoZeg==/com.google.android.trichromelibrary_755910933-OrlD49GeDYt3Scg6xSizaA==/base.apk!/lib/arm64-v8a/libmonochrome_64.so using class loader ns clns-9 (caller=/data/app/~~qmkTWvsQ7U6Auxoz_t_GWQ==/com.google.android.webview-Kcu640zJ3EifSRTOa0mNvA==/base.apk): ok
02-03 21:47:53.873 11425 11425 D nativeloader: Load /system/lib64/libwebviewchromium_plat_support.so using class loader ns clns-9 (caller=/data/app/~~qmkTWvsQ7U6Auxoz_t_GWQ==/com.google.android.webview-Kcu640zJ3EifSRTOa0mNvA==/base.apk): ok
02-03 21:47:53.877  1429  4731 I SurfaceFlinger: id=52297 Removed Surface(name=f21fa30 com.pricehunt/com.pricehunt.presentation.MainActivity)/@0xcf10260 - animation-leash of starting_reveal#52297 (361)
02-03 21:47:53.880 11425 11425 I cr_LibraryLoader: Successfully loaded native library
02-03 21:47:53.880 11425 11425 I cr_CachingUmaRecorder: Flushed 20 samples from 20 histograms, 0 samples were dropped.
02-03 21:47:53.882 11425 11425 I cr_CombinedPProvider: #registerProvider() provider:WV.rk@4d8c1fc isPolicyCacheEnabled:false policyProvidersSize:0
02-03 21:47:53.883  1630  5992 D CompatChangeReporter: Compat change id reported: 161145287; UID 10418; state: ENABLED
02-03 21:47:53.883 11425 11425 I cr_PolicyProvider: #setManagerAndSource() 0
02-03 21:47:53.885 11425 11425 I cr_DisplayManager: Is Display Topology available: false
02-03 21:47:53.886  1429  1429 I SurfaceFlinger: destroyed Surface(name=f21fa30 com.pricehunt/com.pricehunt.presentation.MainActivity)/@0xcf10260 - animation-leash of starting_reveal#52297
02-03 21:47:53.889  1429  1429 I Layer   : id=52297 Destroyed Surface(name=f21fa30 com.pricehunt/com.pricehunt.presentation.MainActivity)/@0xcf10260 - animation-leash of starting_reveal#52297
02-03 21:47:53.890  1630  5992 V GrammaticalInflectionUtils: AttributionSource: AttributionSource { uid = 99469, packageName = null, attributionTag = null, token = android.os.Binder@54d3220, deviceId = 0, next = null } does not have READ_SYSTEM_GRAMMATICAL_GENDER permission.
02-03 21:47:53.896  2991  3018 W System  : A resource failed to call release. 
02-03 21:47:53.896  2991  3018 W System  : A resource failed to call release. 
02-03 21:47:53.896  2991  3018 W System  : A resource failed to call release. 
02-03 21:47:53.899 11425 11425 I cr_CombinedPProvider: #linkNativeInternal() 1
02-03 21:47:53.899 11425 11425 I cr_AppResProvider: #getApplicationRestrictionsFromUserManager() Bundle[EMPTY_PARCEL]
02-03 21:47:53.899 11425 11425 I cr_PolicyProvider: #notifySettingsAvailable() 0
02-03 21:47:53.899 11425 11425 I cr_CombinedPProvider: #onSettingsAvailable() 0
02-03 21:47:53.899 11425 11425 I cr_CombinedPProvider: #flushPolicies()
02-03 21:47:53.901  1630  2556 D CompatChangeReporter: Compat change id reported: 261072174; UID 10418; state: ENABLED
02-03 21:47:53.902  1700 17886 I CameraService: onUidStateChanged: uid=10267, procState is changed. (4 -> 3)
02-03 21:47:53.903 28370 28370 D BoundBrokerSvc: onBind: Intent { act=com.google.android.gms.safetynet.service.START pkg=com.google.android.gms }
02-03 21:47:53.903 28370 28370 D BoundBrokerSvc: Loading bound service for intent: Intent { act=com.google.android.gms.safetynet.service.START pkg=com.google.android.gms }
02-03 21:47:53.906 20845 20845 D Zygote  : Forked child process 12629
02-03 21:47:53.908  1630  2063 I ActivityManager: Start proc 12629:com.google.android.webview:sandboxed_process0:org.chromium.content.app.SandboxedProcessService0:0/u0i469 for  {com.pricehunt/org.chromium.content.app.SandboxedProcessService0:0}
02-03 21:47:53.908  1630  2063 I DynamicHiddenApp_BGProtectManager: check webview name : com.google.android.webview:sandboxed_process0:org.chromium.content.app.SandboxedProcessService0:0check hostingname webview : {com.pricehunt/org.chromium.content.app.SandboxedProcessService0:0}
02-03 21:47:53.910 12629 12629 E libc    : SetHeapTaggingLevel: re-enabling tagging after it was disabled is not supported
02-03 21:47:53.916 12629 12629 I ocessService0:0: Using CollectorTypeCC GC.
02-03 21:47:53.922 12629 12629 D nativeloader: Load libframework-connectivity-tiramisu-jni.so using APEX ns com_android_tethering for caller /apex/com.android.tethering/javalib/framework-connectivity-t.jar: ok
02-03 21:47:53.924 12629 12629 D ActivityThread: setConscryptValidator
02-03 21:47:53.924 12629 12629 D ActivityThread: setConscryptValidator - put
02-03 21:47:53.936 12629 12629 D ApplicationLoaders: Returning zygote-cached class loader: /system_ext/framework/androidx.window.extensions.jar
02-03 21:47:53.939 11425 11425 W chromium: [WARNING:android_webview/browser/network_service/net_helpers.cc:137] HTTP Cache size is: 20971520
02-03 21:47:53.940 12629 12629 I LoadedApk: No resource references to update in package com.google.android.trichromelibrary
02-03 21:47:53.942 12629 12629 I cr_WebViewApkApp: version=144.0.7559.109 (755910933) minSdkVersion=29 processName=com.google.android.webview:sandboxed_process0:org.chromium.content.app.SandboxedProcessService0:0 splits=<none>
02-03 21:47:53.943  1630  5992 I ActivityManager: Changes in 99469 19 to 3, 0 to 56
02-03 21:47:53.947 11425 12613 I okhttp.OkHttpClient: <-- 200 https://pricehunt-hklm.onrender.com/api/smart-search (879ms, unknown-length body)
02-03 21:47:53.948 12629 12629 I cr_ChildProcessService: Creating new ChildProcessService pid=12629
02-03 21:47:53.952 28370 28370 D BoundBrokerSvc: onBind: Intent { act=com.google.android.gms.safebrowsing.SafeBrowsingService.START dat=chimera-action:/... cmp=com.google.android.gms/.chimera.GmsBoundBrokerService }
02-03 21:47:53.952 28370 28370 D BoundBrokerSvc: Loading bound service for intent: Intent { act=com.google.android.gms.safebrowsing.SafeBrowsingService.START dat=chimera-action:/... cmp=com.google.android.gms/.chimera.GmsBoundBrokerService }
02-03 21:47:53.957 11425 11425 D ConnectivityManager: StackLog: [android.net.ConnectivityManager.sendRequestForNetwork(ConnectivityManager.java:4738)] [android.net.ConnectivityManager.registerDefaultNetworkCallbackForUid(ConnectivityManager.java:5463)] [android.net.ConnectivityManager.registerDefaultNetworkCallback(ConnectivityManager.java:5430)] [WV.mm1.e(chromium-TrichromeWebViewGoogle6432.aab-stable-755910933:37)] [WV.mm1.a(chromium-TrichromeWebViewGoogle6432.aab-stable-755910933:1)] [org.chromium.android_webview.AwContentsLifecycleNotifier.onFirstWebViewCreated(chromium-TrichromeWebViewGoogle6432.aab-stable-755910933:19)] [J.N.JJ(Native Method)] [org.chromium.android_webview.AwContents.<init>(chromium-TrichromeWebViewGoogle6432.aab-stable-755910933:628)] [com.android.webview.chromium.r.run(chromium-TrichromeWebViewGoogle6432.aab-stable-755910933:223)] [WV.u13.run(chromium-TrichromeWebViewGoogle6432.aab-stable-755910933:13)] [org.chromium.base.task.PostTask.d(chromium-TrichromeWebViewGoogle6432.aab-stable-755910933:18)] [WV.v13.a(chromium-TrichromeWebViewGoogle6432.aab-stable-755910933:18)] [com.android.webview.chromium.WebViewChromiumFactoryProvider.a(chromium-TrichromeWebViewGoogle6432.aab-stable-755910933:3)] [com.android.webview.chromium.WebViewChromium.init(chromium-TrichromeWebViewGoogle6432.aab-stable-755910933:273)] [android.webkit.WebView.<init>(WebView.java:446)] [android.webkit.WebView.<init>(WebView.java:366)] [android.webkit.WebView.<init>(WebView.java:348)] [android.webkit.WebView.<init>(WebView.java:335)] [android.webkit.WebView.<init>(WebView.java:325)] [com.pricehunt.data.scrapers.webview.WebViewScraperHelper.createWebView(WebViewScraperHelper.kt:715)] [com.pricehunt.data.scrapers.webview.WebViewScraperHelper.access$createWebView(WebViewScraperHelper.kt:38)] [com.pricehunt.data.scrapers.webview.WebViewScraperHelper$loadAndGetHtml$2$1.invokeSuspend(WebViewScraperHelper.kt:446)] [kotlin.coroutines.jvm.internal.BaseContinuationImpl.resumeWith(ContinuationImpl.kt:33)] [kotlinx.coroutines.DispatchedTask.run(DispatchedTask.kt:108)]
02-03 21:47:53.957  1630  5992 D ConnectivityService: requestNetwork for uid/pid:10418/11425 activeRequest: null callbackRequest: 34256 [NetworkRequest [ REQUEST id=34257, [ Capabilities: INTERNET&NOT_RESTRICTED&TRUSTED&NOT_VCN_MANAGED&NOT_BANDWIDTH_CONSTRAINED Uid: 10418 RequestorUid: 10418 RequestorPkg: com.pricehunt UnderlyingNetworks: Null] ]] callback flags: 0 order: 2147483647 isUidTracked: false declaredMethods: AVAIL|LOST|NC|LP
02-03 21:47:53.958  1630  2740 D ConnectivityService:    accepting network in place of null for NetworkRequest [ REQUEST id=34257, [ Capabilities: INTERNET&NOT_RESTRICTED&TRUSTED&NOT_VCN_MANAGED&NOT_BANDWIDTH_CONSTRAINED Uid: 10418 RequestorUid: 10418 RequestorPkg: com.pricehunt UnderlyingNetworks: Null] ]
02-03 21:47:53.959  1630  2727 D WifiNetworkFactory: got request NetworkRequest [ REQUEST id=34257, [ Capabilities: INTERNET&NOT_RESTRICTED&TRUSTED&NOT_VCN_MANAGED&NOT_BANDWIDTH_CONSTRAINED Uid: 10418 RequestorUid: 10418 RequestorPkg: com.pricehunt UnderlyingNetworks: Null] ]
02-03 21:47:53.959  1630  2727 D UntrustedWifiNetworkFactory: got request NetworkRequest [ REQUEST id=34257, [ Capabilities: INTERNET&NOT_RESTRICTED&TRUSTED&NOT_VCN_MANAGED&NOT_BANDWIDTH_CONSTRAINED Uid: 10418 RequestorUid: 10418 RequestorPkg: com.pricehunt UnderlyingNetworks: Null] ]
02-03 21:47:53.959  1630  2727 D OemPaidWifiNetworkFactory: got request NetworkRequest [ REQUEST id=34257, [ Capabilities: INTERNET&NOT_RESTRICTED&TRUSTED&NOT_VCN_MANAGED&NOT_BANDWIDTH_CONSTRAINED Uid: 10418 RequestorUid: 10418 RequestorPkg: com.pricehunt UnderlyingNetworks: Null] ]
02-03 21:47:53.959  1630  2740 D ConnectivityService: Rematched networks [computed 0ms] [applied 0ms] [issued 1]
02-03 21:47:53.959  1630  2740 D ConnectivityService: NetworkReassignment :
02-03 21:47:53.959  1630  2740 D ConnectivityService:   34257 : null  491
02-03 21:47:53.959  1630  2727 D MultiInternetWifiNetworkFactory: got request NetworkRequest [ REQUEST id=34257, [ Capabilities: INTERNET&NOT_RESTRICTED&TRUSTED&NOT_VCN_MANAGED&NOT_BANDWIDTH_CONSTRAINED Uid: 10418 RequestorUid: 10418 RequestorPkg: com.pricehunt UnderlyingNetworks: Null] ]
02-03 21:47:53.960 11425 11425 D ConnectivityManager: StackLog: [android.net.ConnectivityManager.sendRequestForNetwork(ConnectivityManager.java:4738)] [android.net.ConnectivityManager.sendRequestForNetwork(ConnectivityManager.java:4906)] [android.net.ConnectivityManager.registerNetworkCallback(ConnectivityManager.java:5323)] [WV.mm1.e(chromium-TrichromeWebViewGoogle6432.aab-stable-755910933:86)] [WV.mm1.a(chromium-TrichromeWebViewGoogle6432.aab-stable-755910933:1)] [org.chromium.android_webview.AwContentsLifecycleNotifier.onFirstWebViewCreated(chromium-TrichromeWebViewGoogle6432.aab-stable-755910933:19)] [J.N.JJ(Native Method)] [org.chromium.android_webview.AwContents.<init>(chromium-TrichromeWebViewGoogle6432.aab-stable-755910933:628)] [com.android.webview.chromium.r.run(chromium-TrichromeWebViewGoogle6432.aab-stable-755910933:223)] [WV.u13.run(chromium-TrichromeWebViewGoogle6432.aab-stable-755910933:13)] [org.chromium.base.task.PostTask.d(chromium-TrichromeWebViewGoogle6432.aab-stable-755910933:18)] [WV.v13.a(chromium-TrichromeWebViewGoogle6432.aab-stable-755910933:18)] [com.android.webview.chromium.WebViewChromiumFactoryProvider.a(chromium-TrichromeWebViewGoogle6432.aab-stable-755910933:3)] [com.android.webview.chromium.WebViewChromium.init(chromium-TrichromeWebViewGoogle6432.aab-stable-755910933:273)] [android.webkit.WebView.<init>(WebView.java:446)] [android.webkit.WebView.<init>(WebView.java:366)] [android.webkit.WebView.<init>(WebView.java:348)] [android.webkit.WebView.<init>(WebView.java:335)] [android.webkit.WebView.<init>(WebView.java:325)] [com.pricehunt.data.scrapers.webview.WebViewScraperHelper.createWebView(WebViewScraperHelper.kt:715)] [com.pricehunt.data.scrapers.webview.WebViewScraperHelper.access$createWebView(WebViewScraperHelper.kt:38)] [com.pricehunt.data.scrapers.webview.WebViewScraperHelper$loadAndGetHtml$2$1.invokeSuspend(WebViewScraperHelper.kt:446)] [kotlin.coroutines.jvm.internal.BaseContinuationImpl.resumeWith(ContinuationImpl.kt:33)] [kotlinx.coroutines.DispatchedTask.run(DispatchedTask.kt:108)]
02-03 21:47:53.962  1630  2740 D ConnectivityService: Rematched networks [computed 1ms] [applied 0ms] [issued 1]
02-03 21:47:53.962  1630  2740 D ConnectivityService: NetworkReassignment : no changes
02-03 21:47:53.976  1630  5992 I AppsFilter: interaction: PackageSetting{c7a4039 com.pricehunt/10418} -> PackageSetting{24451a5 com.touchtype.swiftkey/10294} BLOCKED
02-03 21:47:53.986 11425 11425 I System.out: WebView: Created with User-Agent: Mozilla/5.0 (Linux; Android 13; Pixel 7 Pro) AppleWebKit/537.36 (KHTML, like Gecko) Chrome/120.0.6099.230 Mobile Safari/537.36
02-03 21:47:54.001 11425 11425 I System.out: WebView: Set location cookies for blinkit.com with pincode=560001
02-03 21:47:54.009 11425 12648 W cr_media: BLUETOOTH_CONNECT permission is missing.
02-03 21:47:54.009 11425 12648 W cr_media: getBluetoothAdapter() requires BLUETOOTH permission
02-03 21:47:54.009 11425 12648 W cr_media: registerBluetoothIntentsIfNeeded: Requires BLUETOOTH permission
02-03 21:47:54.013 12629 12660 I cr_LibraryLoader: Successfully loaded native library
02-03 21:47:54.014 12629 12660 I cr_CachingUmaRecorder: Flushed 2 samples from 2 histograms, 0 samples were dropped.
02-03 21:47:54.018 12629 12660 W chromium: [WARNING:content/app/android/content_main_android.cc:82] android_setCpu already initialized
02-03 21:47:54.018 11425 12665 I CameraManagerGlobal: Connecting to camera service
02-03 21:47:54.020 11425 12665 D VendorTagDescriptor: addVendorDescriptor: vendor tag id 14172875900359437128 added
02-03 21:47:54.020  1700 10968 D CameraService: addListenerHelper: Add listener 0xb400007cf3cf6c10, uid: 10418, pid: 11425
02-03 21:47:54.021  1700 10968 I CameraService: getUidProcessState uid(10418) = (2)
02-03 21:47:54.021  1700 10968 D CameraService: addListenerHelper: CameraDeviceState for CameraManager
02-03 21:47:54.023 11425 11443 I CameraManagerGlobal: Camera 0 facing CAMERA_FACING_BACK state now CAMERA_STATE_CLOSED for client com.whatsapp API Level 2 User Id 0Device Id 0
02-03 21:47:54.024 11425 11443 I CameraManagerGlobal: Camera 1 facing CAMERA_FACING_FRONT state now CAMERA_STATE_CLOSED for client com.samsung.android.smartface API Level 2 User Id 0Device Id 0
02-03 21:47:54.024 11425 11443 I CameraManagerGlobal: Camera 2 facing CAMERA_FACING_BACK state now CAMERA_STATE_CLOSED for client android.system API Level 2 User Id 0Device Id 0
02-03 21:47:54.024 11425 12663 I AdrenoVK-0: ===== BEGIN DUMP OF OVERRIDDEN SETTINGS =====
02-03 21:47:54.024 11425 12663 I AdrenoVK-0: ===== END DUMP OF OVERRIDDEN SETTINGS =====
02-03 21:47:54.024 11425 11440 I CameraManagerGlobal: Camera 20 facing CAMERA_FACING_BACK state now CAMERA_STATE_CLOSED for client com.sec.android.app.camera API Level 2 User Id 0Device Id 0
02-03 21:47:54.024 11425 11440 I CameraManagerGlobal: Camera 21 facing CAMERA_FACING_BACK state now CAMERA_STATE_CLOSED for client com.sec.android.app.camera API Level 2 User Id 0Device Id 0
02-03 21:47:54.024 11425 11440 I CameraManagerGlobal: Camera 23 facing CAMERA_FACING_BACK state now CAMERA_STATE_CLOSED for client android.system API Level 2 User Id 0Device Id 0
02-03 21:47:54.024 11425 11440 I CameraManagerGlobal: Camera 3 facing CAMERA_FACING_FRONT state now CAMERA_STATE_CLOSED for client android.system API Level 2 User Id 0Device Id 0
02-03 21:47:54.025 11425 12663 I AdrenoVK-0: QUALCOMM build          : 9ad1b67875, Ib48d2dada6
02-03 21:47:54.025 11425 12663 I AdrenoVK-0: Build Date              : 05/11/25
02-03 21:47:54.025 11425 12663 I AdrenoVK-0: Shader Compiler Version : EV031.35.01.12
02-03 21:47:54.025 11425 12663 I AdrenoVK-0: Local Branch            : 
02-03 21:47:54.025 11425 12663 I AdrenoVK-0: Remote Branch           : refs/tags/AU_LINUX_ANDROID_LA.UM.9.14.11.00.00.571.148
02-03 21:47:54.025 11425 12663 I AdrenoVK-0: Remote Branch           : NONE
02-03 21:47:54.025 11425 12663 I AdrenoVK-0: Reconstruct Branch      : NOTHING
02-03 21:47:54.025 11425 12663 I AdrenoVK-0: Build Config            : S P 10.0.7 AArch64
02-03 21:47:54.025 11425 12663 I AdrenoVK-0: Driver Path             : /vendor/lib64/hw/vulkan.adreno.so
02-03 21:47:54.025 11425 11440 I CameraManagerGlobal: Camera 4 facing CAMERA_FACING_FRONT state now CAMERA_STATE_CLOSED for client client.pid<1818> API Level 2 User Id 0Device Id 0
02-03 21:47:54.025 11425 11440 I CameraManagerGlobal: Camera 52 facing CAMERA_FACING_BACK state now CAMERA_STATE_CLOSED for client android.system API Level 2 User Id 0Device Id 0
02-03 21:47:54.025 11425 11440 I CameraManagerGlobal: Camera 71 facing CAMERA_FACING_FRONT state now CAMERA_STATE_CLOSED for client android.system API Level 2 User Id 0Device Id 0
02-03 21:47:54.025 11425 12665 I CameraManager: registerAvailabilityCallback: Is device callback = false
02-03 21:47:54.025 11425 11440 I CameraManagerGlobal: Camera 73 facing CAMERA_FACING_FRONT state now CAMERA_STATE_CLOSED for client android.system API Level 2 User Id 0Device Id 0
02-03 21:47:54.025 11425 12665 I CameraManagerGlobal: postSingleUpdate device: camera id 0 status STATUS_PRESENT
02-03 21:47:54.025 11425 12665 I CameraManagerGlobal: postSingleUpdate device: camera id 1 status STATUS_PRESENT
02-03 21:47:54.025 11425 12665 I CameraManagerGlobal: postSingleUpdate device: camera id 2 status STATUS_PRESENT
02-03 21:47:54.026 11425 12665 I CameraManagerGlobal: postSingleUpdate device: camera id 3 status STATUS_PRESENT
02-03 21:47:54.026 11425 11440 I CameraManagerGlobal: Camera 92 facing CAMERA_FACING_FRONT state now CAMERA_STATE_CLOSED for client android.system API Level 2 User Id 0Device Id 0
02-03 21:47:54.027  1630  5992 I AppsFilter: interaction: PackageSetting{c7a4039 com.pricehunt/10418} -> PackageSetting{24451a5 com.touchtype.swiftkey/10294} BLOCKED
02-03 21:47:54.032 11425 11425 I System.out: WebView: Created with User-Agent: Mozilla/5.0 (Linux; Android 13; Pixel 7 Pro) AppleWebKit/537.36 (KHTML, like Gecko) Chrome/120.0.6099.230 Mobile Safari/537.36
02-03 21:47:54.032  1237 12506 I HYPER-HAL: [RequestManager.cpp]releaseLocked(): Released ID : 18957423
02-03 21:47:54.034  1630  2890 D NetdEventListenerService: DNS Requested by 491, 10418(com.pricehunt), SUCCESS, 3ms
02-03 21:47:54.044 11425 11431 D InputTransport: Input channel destroyed: 'ClientS', fd=186
02-03 21:47:54.045 11425 11431 D InputTransport: Input channel destroyed: 'ClientS', fd=157
02-03 21:47:54.045 11425 11431 D InputTransport: Input channel destroyed: 'ClientS', fd=151
02-03 21:47:54.054 11425 11425 I System.out: WebView: Set location cookies for m.flipkart.com with pincode=560001
02-03 21:47:54.066  1630  2890 D NetdEventListenerService: DNS Requested by 491, 10418(com.pricehunt), SUCCESS, 1ms
02-03 21:47:54.067 11425 11425 I System.out:  Per-platform AI: Amazon - success in 1009ms (aiPowered=false, 5/5 kept, 0 filtered)
02-03 21:47:54.067 11425 11425 I System.out:  Best Deal Search: 'milk full cream'  Primary keyword: 'milk'
02-03 21:47:54.072 11425 11425 I System.out:  Relevance: HIGH=4, MEDIUM=3, LOW=1
02-03 21:47:54.072 11425 11425 I System.out:    HIGH [20]: with 2 offers, 480 g = 340.0
02-03 21:47:54.072 11425 11425 I System.out:    HIGH [50]: Green Milk Pannir Rose Face Gel, 50 ml = 600.0
02-03 21:47:54.072 11425 11425 I System.out:    HIGH [20]: with Bank offer, 480 g = 664.0
02-03 21:47:54.072 11425 11425 I System.out:    HIGH [30]: Rainbow's Quality Milk Original  12s C = 2599.0
02-03 21:47:54.072 11425 11425 I System.out:    MED [10]: Rainbow Condensed Milk Original | Rich & = 999.0
02-03 21:47:54.072 11425 11425 I System.out:    MED [0]: GAVYRATAN Pure & Premium Skimmed Milk Po = 1699.0
02-03 21:47:54.072 11425 11425 I System.out:    MED [0]: GAVYRATAN Pure & Premium Skimmed Milk Po = 2219.0
02-03 21:47:54.072 11425 11425 I System.out:    LOW [-10]: Ahuja Mart Milk Powder, EveryDay Dairy W = 849.0
02-03 21:47:54.073 11425 11425 I System.out: SearchIntelligence:  Couldn't parse quantity from 'Rainbow's Quality Milk Original  12s Convenience Pack  Long Shelf Life Evaporated Milk  Ideal for Tea, Coffee & Dess'
02-03 21:47:54.073 11425 11425 I System.out: SearchIntelligence:  with 2 offers, 480 g  70.8/100gm
02-03 21:47:54.073 11425 11425 I System.out: SearchIntelligence:  with Bank offer, 480 g  138.3/100gm
02-03 21:47:54.074 11425 11425 I System.out: SearchIntelligence:  Green Milk Pannir Rose Face Ge  1200.0/100ml
02-03 21:47:54.074 11425 11425 I System.out:    Per-unit comparison: 3 products have calculable unit price
02-03 21:47:54.074 11425 11425 I System.out:      with 2 offers, 480 g = 340.0 (70/100gm)
02-03 21:47:54.074 11425 11425 I System.out:      with Bank offer, 480 g = 664.0 (138/100gm)
02-03 21:47:54.074 11425 11425 I System.out:      Green Milk Pannir Rose Face Gel, 50 = 600.0 (1200/100ml)
02-03 21:47:54.074 11425 11425 I System.out:    Per-unit best: with 2 offers, 480 g (70/100gm)
02-03 21:47:54.074 11425 11425 I System.out:  Best Deal: with 2 offers, 480 g = 340.0
02-03 21:47:54.079  1429  1429 W Layer   : gatherBufferInfo: Received unknown dataspace from gralloc
02-03 21:47:54.081  1429  1429 W ComposerExtn: DisplayExtnImpl::SetActiveConfig: HWC Display 3 is not registered!
02-03 21:47:54.121  1429  1429 W Layer   : gatherBufferInfo: Received unknown dataspace from gralloc
02-03 21:47:54.129  1429  1429 W Layer   : gatherBufferInfo: Received unknown dataspace from gralloc
02-03 21:47:54.138  1429  1429 W Layer   : gatherBufferInfo: Received unknown dataspace from gralloc
02-03 21:47:54.146  1429  1429 W Layer   : gatherBufferInfo: Received unknown dataspace from gralloc
02-03 21:47:54.149 11425 12549 I System.out: Instamart: Trying __NEXT_DATA__ extraction...
02-03 21:47:54.149 11425 12549 I System.out: Instamart: Trying Cloudinary image extraction...
02-03 21:47:54.155  1429  1429 W Layer   : gatherBufferInfo: Received unknown dataspace from gralloc
02-03 21:47:54.157 11425 12549 I System.out: Instamart: Found 0 Cloudinary/Swiggy images
02-03 21:47:54.157 11425 12549 I System.out: Instamart: Trying general image extraction...
02-03 21:47:54.163 11425 12549 I System.out: Instamart: Found 1 images with alt
02-03 21:47:54.163 11425 12549 I System.out: Instamart: Trying data-* extraction...
02-03 21:47:54.163  1429  1429 W Layer   : gatherBufferInfo: Received unknown dataspace from gralloc
02-03 21:47:54.168 12629 12660 W chromium: [WARNING:content/child/runtime_features.cc:561] Fenced frames cannot be enabled in this configuration. Use --enable-features=FencedFrames instead.
02-03 21:47:54.169 12629 12660 W chromium: [WARNING:content/child/runtime_features.cc:586] Topics cannot be enabled in this configuration. Use --enable-features=BrowsingTopics in addition.
02-03 21:47:54.169 12629 12660 W chromium: [WARNING:content/child/runtime_features.cc:607] SharedStorage cannot be enabled in this configuration. Use --enable-features=SharedStorageAPI in addition.
02-03 21:47:54.170 11425 12549 I System.out: Instamart: Found 4 data-* elements
02-03 21:47:54.171 11425 12549 I System.out: Instamart: Trying generic resilient extraction...
02-03 21:47:54.172  1429  1429 W Layer   : gatherBufferInfo: Received unknown dataspace from gralloc
02-03 21:47:54.176 11425 12549 D ResilientExtractor: [Instamart] Starting extraction from 46628 chars
02-03 21:47:54.176 11425 12549 D ResilientExtractor: [Instamart] Page title: Instamart
02-03 21:47:54.176 11425 12549 D ResilientExtractor: [Instamart] Trying: Instamart-Specific
02-03 21:47:54.176 11425 12549 D ResilientExtractor: [Instamart] Trying Instamart-specific extraction
02-03 21:47:54.177 11425 12549 D ResilientExtractor: [Instamart] Found 0 Instamart product links
02-03 21:47:54.177 11425 12549 D ResilientExtractor: [Instamart] Found 4 data-testid elements
02-03 21:47:54.178 11425 12549 D ResilientExtractor: [Instamart] Instamart-specific found 0 products
02-03 21:47:54.178 11425 12549 D ResilientExtractor: [Instamart] Trying: JSON-LD Schema
02-03 21:47:54.178 11425 12549 D ResilientExtractor: [Instamart] Found 0 JSON-LD scripts
02-03 21:47:54.178 11425 12549 D ResilientExtractor: [Instamart] Trying: Microdata/itemprop
02-03 21:47:54.178 11425 12549 D ResilientExtractor: [Instamart] Found 0 microdata product containers
02-03 21:47:54.179 11425 12549 D ResilientExtractor: [Instamart] Trying: Open Graph
02-03 21:47:54.179  1429  1429 W Layer   : gatherBufferInfo: Received unknown dataspace from gralloc
02-03 21:47:54.180 11425 12549 D ResilientExtractor: [Instamart] Trying: Next.js Data
02-03 21:47:54.180 11425 12549 D ResilientExtractor: [Instamart] Trying: Data Attributes
02-03 21:47:54.182 32101 32135 I FontLog : (REDACTED) Received query %s, URI %s
02-03 21:47:54.182 11425 12549 D ResilientExtractor: [Instamart] Trying: ARIA/Semantic
02-03 21:47:54.182 32101 32135 I FontLog : (REDACTED) Query [%s] resolved to %s
02-03 21:47:54.183 32101 32135 I FontLog : (REDACTED) Font PFD returned from cache for %s
02-03 21:47:54.183 32101 32135 I FontLog : (REDACTED) Fetch %s end status %s
02-03 21:47:54.183 11425 12549 D ResilientExtractor: [Instamart] Trying: Image Alt Text
02-03 21:47:54.183 11425 12549 D ResilientExtractor: [Instamart] Found 0 images with valid alt text
02-03 21:47:54.183 11425 12549 D ResilientExtractor: [Instamart] Trying: Link Patterns
02-03 21:47:54.184 32101 32135 I FontLog : (REDACTED) Pulling font file for id = %d, cache size = %d
02-03 21:47:54.185 11425 12549 D ResilientExtractor: [Instamart] Trying: Price Proximity
02-03 21:47:54.185 11425 12549 D ResilientExtractor: [Instamart] Price proximity found 0 candidates
02-03 21:47:54.185 11425 12549 D ResilientExtractor: [Instamart] Trying: DOM Structure
02-03 21:47:54.186 11425 12549 D ResilientExtractor: [Instamart] DOM structure found 0 grids
02-03 21:47:54.186 11425 12549 D ResilientExtractor: [Instamart] Trying: Sibling Analysis
02-03 21:47:54.186 32101 32135 I FontLog : (REDACTED) Received query %s, URI %s
02-03 21:47:54.186 32101 32135 I FontLog : (REDACTED) Query [%s] resolved to %s
02-03 21:47:54.187 11425 12549 D ResilientExtractor: [Instamart] Sibling analysis found 0 price elements
02-03 21:47:54.187 11425 12549 D ResilientExtractor: [Instamart] Trying: Grid Detection
02-03 21:47:54.187 32101 32135 I FontLog : (REDACTED) Fetch %s end status %s
02-03 21:47:54.188 32101 32135 I FontLog : (REDACTED) Pulling font file for id = %d, cache size = %d
02-03 21:47:54.188 11425 12549 D ResilientExtractor: [Instamart] Trying: Text Pattern
02-03 21:47:54.188 11425 12549 D ResilientExtractor: [Instamart] Trying text pattern extraction
02-03 21:47:54.189 11425 12549 D ResilientExtractor: [Instamart] Found 0 elements with prices
02-03 21:47:54.189 11425 12549 D ResilientExtractor: [Instamart] Text pattern found 0 products
02-03 21:47:54.189 11425 12549 W ResilientExtractor: [Instamart]  All 14 strategies failed
02-03 21:47:54.189 11425 12549 D ResilientExtractor: [Instamart] === Debug Info ===
02-03 21:47:54.189 11425 12549 D ResilientExtractor: [Instamart] JSON-LD scripts: 0
02-03 21:47:54.190 11425 12549 D ResilientExtractor: [Instamart] __NEXT_DATA__: false
02-03 21:47:54.190 11425 12549 D ResilientExtractor: [Instamart] Microdata items: 0
02-03 21:47:54.190 11425 12549 D ResilientExtractor: [Instamart] Data-testid elements: 4
02-03 21:47:54.190 11425 12549 D ResilientExtractor: [Instamart] Images: 1
02-03 21:47:54.190 32101 32135 I FontLog : (REDACTED) Received query %s, URI %s
02-03 21:47:54.190 11425 12549 D ResilientExtractor: [Instamart] Links: 0
02-03 21:47:54.190 32101 32135 I FontLog : (REDACTED) Query [%s] resolved to %s
02-03 21:47:54.191 32101 32135 I FontLog : (REDACTED) Font PFD returned from cache for %s
02-03 21:47:54.191 32101 32135 I FontLog : (REDACTED) Fetch %s end status %s
02-03 21:47:54.191 11425 12549 D ResilientExtractor: [Instamart] Has price pattern: false
02-03 21:47:54.191 11425 12549 D ResilientExtractor: [Instamart] Sample img alt: 
02-03 21:47:54.191 11425 12549 I System.out: Instamart: Total extraction found 0 products
02-03 21:47:54.191 11425 12549 I System.out: Instamart: Attempt 1/3 with 9s timeout
02-03 21:47:54.192 32101 32135 I FontLog : (REDACTED) Pulling font file for id = %d, cache size = %d
02-03 21:47:54.193 32101 32135 I FontLog : (REDACTED) Received query %s, URI %s
02-03 21:47:54.193 32101 32135 I FontLog : (REDACTED) Query [%s] resolved to %s
02-03 21:47:54.194 32101 32135 I FontLog : (REDACTED) Font PFD returned from cache for %s
02-03 21:47:54.194 32101 32135 I FontLog : (REDACTED) Fetch %s end status %s
02-03 21:47:54.194 32101 32135 I FontLog : (REDACTED) Pulling font file for id = %d, cache size = %d
02-03 21:47:54.196 32101 32135 I FontLog : (REDACTED) Received query %s, URI %s
02-03 21:47:54.196 32101 32135 I FontLog : (REDACTED) Query [%s] resolved to %s
