02-03 22:15:52.537  1630  1630 D SGM:GameManager: onDisplayChanged. displyId: 0, state: 2
02-03 22:15:52.537  1630  1630 D AODManagerService: requestReCalToTSP IsSingleTouchMode = falserequestedReCalToTSP = false / previousDisplayState = ON
02-03 22:15:52.537  1405 28774 D AudioFlinger: setParameters: filtered dev setParameters keyvalue screen_state=on
02-03 22:15:52.538  1630  2685 D SGM:FgCheckThread: onLooperPrepared(), msg: MSG_LCD_ON
02-03 22:15:52.538  1206  1241 D audio_hw_primary: adev_set_parameters: enter: screen_state=on
02-03 22:15:52.539  1206  1241 V audio_hw_sec: sec_set_parameters: enter
02-03 22:15:52.539  1206  1241 D sound_trigger_hw: handle_screen_status_change: screen on
02-03 22:15:52.539  1206  1241 D audio_hw_primary: adev_set_parameters: exit with code(0)
02-03 22:15:52.539  5872  5872 I SPenContext: virtual void SPen::Context::SetDisplayRefreshRate(float) framerate=60
02-03 22:15:52.539  5872  5872 I LatencyConfiguration: void SPen::LatencyConfiguration::UpdateRefreshRate(float) RefreshRate=60.000004
02-03 22:15:52.539  5872  5872 I LatencyConfiguration: void SPen::LatencyConfiguration::UpdateRefreshRate(float) RefreshRateCallback 0xb400007c408e4ed0
02-03 22:15:52.539  5872  5872 I PredictorBase: virtual void SPen::PredictorBase::SetRefreshRate(float) Refresh rate: 60.000
02-03 22:15:52.539  5872  5872 I spe_log : virtual void SPen::FbrDrawPad::SetRefreshRate(float) = 60.000
02-03 22:15:52.539  5872  5872 I spe_log : virtual void SPen::FbrDrawPad::SetRefreshRate(float) mFrameDurationNano=16666667, mDisplayRefreshDurationNano: 16666667
02-03 22:15:52.539  5872  5872 I spe_log : virtual void SPen::LowLatencyStrokeView::SetRefreshRate(float) refresh rate=60.000
02-03 22:15:52.540  5872  5872 I VRI[InputMethod]@307b30c: onDisplayChanged oldDisplayState=2 newDisplayState=2
02-03 22:15:52.540  1206 30280 I Audio_a2dpsink_hw: adev_set_parameters: kevpairs=[screen_state=on]
02-03 22:15:52.543  1429  1429 W Layer   : gatherBufferInfo: Received unknown dataspace from gralloc
02-03 22:15:52.543  2991  3068 I VRI[ShellDropTarget]@1cdbaf5: onDisplayChanged oldDisplayState=2 newDisplayState=2
02-03 22:15:52.543  2991  3068 I VRI[SplitDecorManager]@ca2ee62: onDisplayChanged oldDisplayState=2 newDisplayState=2
02-03 22:15:52.543  2991  3126 D StackScroller: onDisplayChanged for predraw skip to 2
02-03 22:15:52.544  2991  3068 I VRI[SplitDecorManager]@2d19661: onDisplayChanged oldDisplayState=2 newDisplayState=2
02-03 22:15:52.545  1630  1685 D WifiDisplayAdapter: isFitToActiveDisplayLocked : false
02-03 22:15:52.545  2991  2991 D DisplayLifecycle: updateDisplay id = 0
02-03 22:15:52.546  1630  1951 W LocalDisplayAdapter: Ignoring request for invalid base mode id 5
02-03 22:15:52.546  4896  4896 I VRI[MainActivity]@5832a1f: onDisplayChanged oldDisplayState=2 newDisplayState=2
02-03 22:15:52.546  1630  1955 D RefreshRateModeManager: updateDefaultDisplayToken: android.os.BinderProxy@99b4f37, isChanged: false
02-03 22:15:52.547 22801 22801 I VRI[Settings]@c9346: onDisplayChanged oldDisplayState=2 newDisplayState=2
02-03 22:15:52.548  3474  3986 I HoneySpace.RefreshRateSource: singleFrameMs 16
02-03 22:15:52.548  2991  2991 I VRI[LockscreenShortcutBlur]@6238849: onDisplayChanged oldDisplayState=2 newDisplayState=2
02-03 22:15:52.548  2991  2991 I VRI[NavigationBar0]@c1db22d: onDisplayChanged oldDisplayState=2 newDisplayState=2
02-03 22:15:52.549  2991  2991 I VRI[EdgeBackGestureHandler0]@5a548e3: onDisplayChanged oldDisplayState=2 newDisplayState=2
02-03 22:15:52.549  2991  2991 I VRI[NotificationShade]@aaab015: onDisplayChanged oldDisplayState=2 newDisplayState=2
02-03 22:15:52.549  3474  3474 I VRI[RecentsTransitionOverlay]@ea10469: onDisplayChanged oldDisplayState=2 newDisplayState=2
02-03 22:15:52.549  2991  2991 I VRI[StatusBar]@8e980d0: onDisplayChanged oldDisplayState=2 newDisplayState=2
02-03 22:15:52.549  2991  2991 I VRI[Bouncer]@a1623f9: onDisplayChanged oldDisplayState=2 newDisplayState=2
02-03 22:15:52.549  2991  2991 I VRI[SecondaryHomeHandle0]@df10a88: onDisplayChanged oldDisplayState=2 newDisplayState=2
02-03 22:15:52.549  3474  3474 I VRI[LauncherActivity]@ea4152a: onDisplayChanged oldDisplayState=2 newDisplayState=2
02-03 22:15:52.549  3474  3474 I VRI[CocktailBarService]@fe8030d: onDisplayChanged oldDisplayState=2 newDisplayState=2
02-03 22:15:52.549  3474  3474 I VRI[TaskbarWindow]@498413e: onDisplayChanged oldDisplayState=2 newDisplayState=2
02-03 22:15:52.549  3474  3474 I VRI[RecentsActivity]@6199a4a: onDisplayChanged oldDisplayState=2 newDisplayState=2
02-03 22:15:52.549 18854 18854 I VRI[HintService]@dfeec42: onDisplayChanged oldDisplayState=2 newDisplayState=2
02-03 22:15:52.549  2991  2991 I VRI[KeyguardBiometricToastView]@a7c12bb: onDisplayChanged oldDisplayState=2 newDisplayState=2
02-03 22:15:52.549  3474  3986 I HoneySpace.Memory-Monitor: current state = 2, didTrim = false
02-03 22:15:52.551  6909  6909 I VRI[MainActivity]@30c10b3: onDisplayChanged oldDisplayState=2 newDisplayState=2
02-03 22:15:52.551 22801 22801 I VRI[SubSettings]@dd1c099: onDisplayChanged oldDisplayState=2 newDisplayState=2
02-03 22:15:52.551  6139  6139 I SPenContext: virtual void SPen::Context::SetDisplayRefreshRate(float) framerate=60
02-03 22:15:52.551 22801 22801 I VRI[SubSettings]@11d5252: onDisplayChanged oldDisplayState=2 newDisplayState=2
02-03 22:15:52.551 21273 21273 I VRI[InternalGoogleAppActivityEntrypoint]@e63bb3e: onDisplayChanged oldDisplayState=2 newDisplayState=2
02-03 22:15:52.551  6139  6139 I LatencyConfiguration: void SPen::LatencyConfiguration::UpdateRefreshRate(float) RefreshRate=60.000004
02-03 22:15:52.551  6139  6139 I LatencyConfiguration: void SPen::LatencyConfiguration::UpdateRefreshRate(float) RefreshRateCallback 0xb400007c408ced50
02-03 22:15:52.551  6139  6139 I PredictorBase: virtual void SPen::PredictorBase::SetRefreshRate(float) Refresh rate: 60.000
02-03 22:15:52.551 21273 21273 I VRI[LauncherActivity]@66e68da: onDisplayChanged oldDisplayState=2 newDisplayState=2
02-03 22:15:52.551  6139  6139 I spe_log : virtual void SPen::FbrDrawPad::SetRefreshRate(float) = 60.000
02-03 22:15:52.551  6139  6139 I spe_log : virtual void SPen::FbrDrawPad::SetRefreshRate(float) mFrameDurationNano=16666667, mDisplayRefreshDurationNano: 16666667
02-03 22:15:52.551  6139  6139 I spe_log : virtual void SPen::LowLatencyStrokeView::SetRefreshRate(float) refresh rate=60.000
02-03 22:15:52.559  1429  1429 W Layer   : gatherBufferInfo: Received unknown dataspace from gralloc
02-03 22:15:52.639  1209  3586 I vendor.qti.bluetooth@1.0-ibs_handler: ProcessIbsCmd: Received IBS_WAKE_IND: 0xFD
02-03 22:15:52.639  1209  3586 D vendor.qti.bluetooth@1.0-ibs_handler: SerialClockVote: vote for UART CLK ON
02-03 22:15:52.640  1209  3586 D vendor.qti.bluetooth@1.0-wake_lock: Acquire wakelock is acquired 
02-03 22:15:52.640  1209  3586 I vendor.qti.bluetooth@1.0-ibs_handler: ProcessIbsCmd: Writing IBS_WAKE_ACK
02-03 22:15:52.652  3245  3607 I BtGatt.ScanHelper: onScanResult to scannerId: 3- eventType=0x1a, addressType=1, address=XX:XX:XX:XX:E0:48, primaryPhy=1, secondaryPhy=0, advertisingSid=0xff, txPower=127, rssi=-102, periodicAdvInt=0x0
02-03 22:15:52.654 17606 17878 I BCMGR[11.2.04.4]: BeaconMainController] onReceive - [1 : bad rssi][2 : bad rssi][3 : bad rssi][4 : bad rssi][5 : bad rssi][6 : bad rssi][7 : bad rssi][8 : bad rssi][9 : bad rssi][10 : bad rssi]
02-03 22:15:52.682  1630  1630 I Telecom : SamsungTelecomServiceImpl : isInManagedCall - callingPackage : android / callingUser : UserHandle{0} / hasCrossUserAccess : true
02-03 22:15:52.689  1209  3586 I vendor.qti.bluetooth@1.0-ibs_handler: ProcessIbsCmd: Received IBS_SLEEP_IND: 0xFE
02-03 22:15:52.689  1209  3586 D vendor.qti.bluetooth@1.0-ibs_handler: SerialClockVote: vote for UART CLK OFF
02-03 22:15:52.706  1630  1630 I Telecom : SamsungTelecomServiceImpl : isInManagedCall - callingPackage : android / callingUser : UserHandle{0} / hasCrossUserAccess : true
02-03 22:15:52.722  1630  4176 D ActivityManager: unpendingScheduleServiceRestart: u=10408, drop=false
02-03 22:15:52.723  1630  4174 D FreecessController: UFZ : com.samsung.android.displayassistant(10408) [5937] reason: Binder(1)-android.service.notification.INotificatio
02-03 22:15:52.724  1630  4226 W LocationManagerService: onFreezeStateChanged, uid[10408]=false
02-03 22:15:52.729  1630  4226 I PowerManagerService: [PWL] SetWakeLockEnableDisable uid = 10408 , disable= false
02-03 22:15:52.729  1630  4226 I PowerManagerService: [PWL] can not change uid =  10408
02-03 22:15:52.729  1630  1630 D SmartAlertController: SmartAlert - Found Missed Event
02-03 22:15:52.733  6784  6784 I NeoBean_NotificationListener: onNotificationPosted()::sbn.getPackageName() = com.android.systemui
02-03 22:15:52.733  6784  6784 I NeoBean_Util: isEmulator() : false
02-03 22:15:52.733  6784  6784 I NeoBean_NotificationListener: This Notification is On-Going, let's skip it [ com.android.systemui]
02-03 22:15:52.735  1630  1630 D SmartAlertController: SmartAlert - Found Missed Event
02-03 22:15:52.737  3474  8340 I HoneySpace.NotificationListener: onNotificationPosted com.android.systemui: -1|com.android.systemui|2131363875|charging_state|10051: 0
02-03 22:15:52.737  3474  8340 I HoneySpace.NotificationListener: invalid notification: com.android.systemui UserHandle{-1}: canShowBadge is false
02-03 22:15:52.738  3474  3986 I HoneySpace.BadgeDataSourceImpl: Get notification count. PK(p='com.google.android.apps.photos', u=UserHandle{0}) - forceBadgeCount: false, notification listener: 1, badge provider: 0
02-03 22:15:52.738  3474 31802 I HoneySpace.BadgeDataSourceImpl: Get notification count. PK(p='com.samsung.android.messaging', u=UserHandle{0}) - forceBadgeCount: true, notification listener: 1, badge provider: 263
02-03 22:15:52.738  3474 31802 I HoneySpace.BadgeDataSourceImpl: Get notification count. PK(p='com.google.android.apps.photos', u=UserHandle{0}) - forceBadgeCount: false, notification listener: 1, badge provider: 0
02-03 22:15:52.739  6784  6784 I NeoBean_NotificationListener: onNotificationPosted()::sbn.getPackageName() = com.android.systemui
02-03 22:15:52.739  6784  6784 I NeoBean_Util: isEmulator() : false
02-03 22:15:52.739  6784  6784 I NeoBean_NotificationListener: This Notification is On-Going, let's skip it [ com.android.systemui]
02-03 22:15:52.739  3474  8340 I HoneySpace.NotificationListener: onNotificationPosted com.android.systemui: -1|com.android.systemui|2131363875|charging_state|10051: 0
02-03 22:15:52.739  3474  8340 I HoneySpace.NotificationListener: invalid notification: com.android.systemui UserHandle{-1}: canShowBadge is false
02-03 22:15:52.739  3474 18795 I HoneySpace.BadgeDataSourceImpl: Get notification count. PK(p='com.google.android.apps.photos', u=UserHandle{0}) - forceBadgeCount: false, notification listener: 1, badge provider: 0
02-03 22:15:52.740  3474  3988 I HoneySpace.BadgeDataSourceImpl: Get notification count. PK(p='com.samsung.android.messaging', u=UserHandle{0}) - forceBadgeCount: true, notification listener: 1, badge provider: 263
02-03 22:15:52.740  3474  3988 I HoneySpace.BadgeDataSourceImpl: Get notification count. PK(p='com.google.android.apps.photos', u=UserHandle{0}) - forceBadgeCount: false, notification listener: 1, badge provider: 0
02-03 22:15:52.742  1209  3586 I vendor.qti.bluetooth@1.0-ibs_handler: ProcessIbsCmd: Received IBS_WAKE_IND: 0xFD
02-03 22:15:52.742  1209  3586 D vendor.qti.bluetooth@1.0-ibs_handler: SerialClockVote: vote for UART CLK ON
02-03 22:15:52.742  1209  3586 I vendor.qti.bluetooth@1.0-ibs_handler: ProcessIbsCmd: Writing IBS_WAKE_ACK
02-03 22:15:52.744  3245  3607 I BtGatt.ScanHelper: onScanResult to scannerId: 3- eventType=0x1a, addressType=1, address=XX:XX:XX:XX:E0:48, primaryPhy=1, secondaryPhy=0, advertisingSid=0xff, txPower=127, rssi=-98, periodicAdvInt=0x0
02-03 22:15:52.746  2991  2991 D Bubbles : onEntryUpdated : shouldBubbleUp=false ,key=-1|com.android.systemui|2131363875|charging_state|10051
02-03 22:15:52.747  2991  2991 D InterruptionStateProvider:  no Heads up : edgelighting enabled app. -1|com.android.systemui|2131363875|charging_state|10051
02-03 22:15:52.747  2991  2991 D InsignificantCoordinator: onEntryUpdated :-1|com.android.systemui|2131363875|charging_state|10051 flags: 200000 updateSummary entrySize:1
02-03 22:15:52.748  2991  2991 D InterruptionStateProvider:  no Heads up : edgelighting enabled app. -1|com.android.systemui|2131363875|charging_state|10051
02-03 22:15:52.749  2991  2991 D InsignificantCoordinator: update summary with firstEntry : -1|com.android.systemui|2131363875|charging_state|10051 size: 1
02-03 22:15:52.749  2991  2991 I NotificationManager: com.android.systemui: notify(123, INSIGNIFICANT, Notification(channel=INSIGNIFICANT shortcut=null contentView=null vibrate=null sound=null defaults=0 flags=0 color=0x00000000 groupKey=INSIGNIFICANT vis=PUBLIC semFlags=0x0 semPriority=0 semMissedCount=0)) as user
02-03 22:15:52.767  6716 12947 I ObjectPool@9791306: Ph_[checker Pool remains: , 9, ] [pool-94-thread-1] 
02-03 22:15:52.778  2991  2991 I LockscreenNotificationIconsOnlyController: onNotificationInfoUpdated 24
02-03 22:15:52.783  1209  3586 I vendor.qti.bluetooth@1.0-ibs_handler: ProcessIbsCmd: Received IBS_SLEEP_IND: 0xFE
02-03 22:15:52.783  1209  3586 D vendor.qti.bluetooth@1.0-ibs_handler: SerialClockVote: vote for UART CLK OFF
02-03 22:15:52.783  2991  2991 I AODNotificationManager: updateNotification() 
02-03 22:15:52.787  2991  3535 D LocalImageResolver: Couldn't use ImageDecoder for drawable, falling back to non-resized load.
02-03 22:15:52.790  2991  3535 D LocalImageResolver: Couldn't use ImageDecoder for drawable, falling back to non-resized load.
02-03 22:15:52.792  2991  2991 D LocalImageResolver: Couldn't use ImageDecoder for drawable, falling back to non-resized load.
02-03 22:15:52.792  1429  1429 W Layer   : gatherBufferInfo: Received unknown dataspace from gralloc
02-03 22:15:52.825  2991  3016 I ndroid.systemui: Background young concurrent copying GC freed 30MB AllocSpace bytes, 322(16MB) LOS objects, 27% free, 116MB/160MB, paused 180us,95us total 102.881ms
02-03 22:15:52.829  2991  2991 D LocalImageResolver: Couldn't use ImageDecoder for drawable, falling back to non-resized load.
02-03 22:15:52.834  1429  1587 I SurfaceFlinger: id=52574 Removed Surface(name=a42049a com.pricehunt/com.pricehunt.presentation.MainActivity)/@0xec92f33 - animation-leash of starting_reveal#52574 (357)
02-03 22:15:52.842  1429  1429 I SurfaceFlinger: destroyed Surface(name=a42049a com.pricehunt/com.pricehunt.presentation.MainActivity)/@0xec92f33 - animation-leash of starting_reveal#52574
02-03 22:15:52.843  2991  2991 I LockscreenNotificationIconsOnlyController: onNotificationInfoUpdated 24
02-03 22:15:52.846  2991  2991 I AODNotificationManager: updateNotification() 
02-03 22:15:52.847  1429  1429 I Layer   : id=52574 Destroyed Surface(name=a42049a com.pricehunt/com.pricehunt.presentation.MainActivity)/@0xec92f33 - animation-leash of starting_reveal#52574
02-03 22:15:52.859  1429  1429 W Layer   : gatherBufferInfo: Received unknown dataspace from gralloc
02-03 22:15:52.869  2991  3018 W System  : A resource failed to call release. 
02-03 22:15:52.869  2991  3018 W System  : A resource failed to call release. 
02-03 22:15:52.869  2991  3018 W System  : A resource failed to call release. 
02-03 22:15:52.917  2991  3018 W System  : A resource failed to call release. 
02-03 22:15:52.917  2991  3018 W System  : A resource failed to call release. 
02-03 22:15:52.917  2991  3018 W System  : A resource failed to call release. 
02-03 22:15:52.933  1209  3325 D vendor.qti.bluetooth@1.0-wake_lock: Release wakelock is released 
02-03 22:15:52.937  1630  2777 D UsbStatsMonitor: 0 0 0 0 0 0 0 0 0 0 0 5 2 0 0 0 0 0 0 0 0 0 0 0 0 0 0 0 0 0 0 0 0 0 0 0 0 0 0 0 0 0 0 0 3 0 0 0 0 0 0 0 0 26822070763546
02-03 22:15:52.951  2991  2991 D Bubbles : onEntryUpdated : shouldBubbleUp=false ,key=-1|com.android.systemui|2131363875|charging_state|10051
02-03 22:15:52.952  2991  2991 D InterruptionStateProvider:  no Heads up : edgelighting enabled app. -1|com.android.systemui|2131363875|charging_state|10051
02-03 22:15:52.953  2991  2991 D InsignificantCoordinator: onEntryUpdated :-1|com.android.systemui|2131363875|charging_state|10051 flags: 200000 updateSummary entrySize:1
02-03 22:15:52.954  1630  1630 I Telecom : SamsungTelecomServiceImpl : isInManagedCall - callingPackage : android / callingUser : UserHandle{0} / hasCrossUserAccess : true
02-03 22:15:52.955  2991  2991 D InsignificantCoordinator: update summary with firstEntry : -1|com.android.systemui|2131363875|charging_state|10051 size: 1
02-03 22:15:52.956  2991  2991 I NotificationManager: com.android.systemui: notify(123, INSIGNIFICANT, Notification(channel=INSIGNIFICANT shortcut=null contentView=null vibrate=null sound=null defaults=0 flags=0 color=0x00000000 groupKey=INSIGNIFICANT vis=PUBLIC semFlags=0x0 semPriority=0 semMissedCount=0)) as user
02-03 22:15:52.961  1630  3144 I BatteryService_BatteryPropertiesRegistrar: [getProperty]id:4
02-03 22:15:52.961  1630  3144 I BatteryService_BatteryPropertiesRegistrar: [getProperty]prop.long:-9223372036854775808 ,prop.string:null
02-03 22:15:52.962  1630  3144 I BatteryService_BatteryPropertiesRegistrar: [getProperty]id:1
02-03 22:15:52.962  1630  3144 I BatteryService_BatteryPropertiesRegistrar: [getProperty]prop.long:-9223372036854775808 ,prop.string:null
02-03 22:15:52.963  1630  3144 I BatteryService_BatteryPropertiesRegistrar: [getProperty]id:3
02-03 22:15:52.963  1630  3144 I BatteryService_BatteryPropertiesRegistrar: [getProperty]prop.long:-9223372036854775808 ,prop.string:null
02-03 22:15:52.980  1630  1630 D NotificationManagerService$NotificationListeners: skip send NotificationListenerService - isn't visible, ManagedServiceInfo = ManagedServiceInfo[component=ComponentInfo{com.google.android.ext.services/android.ext.services.notification.Assistant},userid=150,isSystem=false,targetSdkVersion=36,connection=<connection>,service=android.service.notification.INotificationListener$Stub$Proxy@d8bca30]
02-03 22:15:52.980  1630  1630 D NotificationService: isVisibleToListenerForLog() notiType = 4, sbn = StatusBarNotification(pkg=com.android.systemui user=UserHandle{0} id=123 tag=INSIGNIFICANT key=0|com.android.systemui|123|INSIGNIFICANT|10051: Notification(channel=INSIGNIFICANT shortcut=null contentView=null vibrate=null sound=null defaults=0 flags=0 color=0x00000000 groupKey=INSIGNIFICANT vis=PUBLIC semFlags=0x0 semPriority=0 semMissedCount=0))
02-03 22:15:52.980  1630  1630 D NotificationService: isInteractionVisibleToListener is false,   UserId = 0
02-03 22:15:52.980  1630  1630 D NotificationService: isVisibleToListenerForLog() notiType = 4, sbn = StatusBarNotification(pkg=com.android.systemui user=UserHandle{0} id=123 tag=INSIGNIFICANT key=0|com.android.systemui|123|INSIGNIFICANT|10051: Notification(channel=INSIGNIFICANT shortcut=null contentView=null vibrate=null sound=null defaults=0 flags=0 color=0x00000000 groupKey=INSIGNIFICANT vis=PUBLIC semFlags=0x0 semPriority=0 semMissedCount=0))
02-03 22:15:52.980  1630  1630 D NotificationService: isInteractionVisibleToListener is false,   UserId = 0
02-03 22:15:52.980  1630  1630 D NotificationManagerService$NotificationListeners: skip send NotificationListenerService - isn't visible, ManagedServiceInfo = ManagedServiceInfo[component=ComponentInfo{com.google.android.ext.services/android.ext.services.notification.Assistant},userid=10,isSystem=false,targetSdkVersion=36,connection=<connection>,service=android.service.notification.INotificationListener$Stub$Proxy@f31020c]
02-03 22:15:52.980  1630  1630 D NotificationService: isVisibleToListenerForLog() notiType = 4, sbn = StatusBarNotification(pkg=com.android.systemui user=UserHandle{0} id=123 tag=INSIGNIFICANT key=0|com.android.systemui|123|INSIGNIFICANT|10051: Notification(channel=INSIGNIFICANT shortcut=null contentView=null vibrate=null sound=null defaults=0 flags=0 color=0x00000000 groupKey=INSIGNIFICANT vis=PUBLIC semFlags=0x0 semPriority=0 semMissedCount=0))
02-03 22:15:52.980  1630  1630 D NotificationService: isInteractionVisibleToListener is false,   UserId = 0
02-03 22:15:52.980  1630  1630 D NotificationService: isVisibleToListenerForLog() notiType = 4, sbn = StatusBarNotification(pkg=com.android.systemui user=UserHandle{0} id=123 tag=INSIGNIFICANT key=0|com.android.systemui|123|INSIGNIFICANT|10051: Notification(channel=INSIGNIFICANT shortcut=null contentView=null vibrate=null sound=null defaults=0 flags=0 color=0x00000000 groupKey=INSIGNIFICANT vis=PUBLIC semFlags=0x0 semPriority=0 semMissedCount=0))
02-03 22:15:52.981  1630  1630 D NotificationService: isInteractionVisibleToListener is false,   UserId = 0
02-03 22:15:52.989  1630  1630 D SmartAlertController: SmartAlert - Found Missed Event
02-03 22:15:52.991  3474  8340 I HoneySpace.NotificationListener: onNotificationPosted com.android.systemui: 0|com.android.systemui|123|INSIGNIFICANT|10051: 0
02-03 22:15:52.991  3474  8340 I HoneySpace.BadgeDataSourceImpl: Get notification count. PK(p='com.android.systemui', u=UserHandle{0}) - forceBadgeCount: false, notification listener: 1, badge provider: 0
02-03 22:15:52.991  3474 18796 I HoneySpace.BadgeDataSourceImpl: Get notification count. PK(p='com.google.android.apps.photos', u=UserHandle{0}) - forceBadgeCount: false, notification listener: 1, badge provider: 0
02-03 22:15:52.992  3474 18795 I HoneySpace.BadgeDataSourceImpl: Get notification count. PK(p='com.samsung.android.messaging', u=UserHandle{0}) - forceBadgeCount: true, notification listener: 1, badge provider: 263
02-03 22:15:52.992  3474 18795 I HoneySpace.BadgeDataSourceImpl: Get notification count. PK(p='com.google.android.apps.photos', u=UserHandle{0}) - forceBadgeCount: false, notification listener: 1, badge provider: 0
02-03 22:15:52.993  6784  6784 I NeoBean_NotificationListener: onNotificationPosted()::sbn.getPackageName() = com.android.systemui
02-03 22:15:52.993  6784  6784 I NeoBean_Util: isEmulator() : false
02-03 22:15:52.993  6784  6784 I NeoBean_NotificationListener: sendAudioNotification()
02-03 22:15:52.993  6784  6784 I NeoBean_NotificationListener: uid = 0
02-03 22:15:52.993  6784  6784 I NeoBean_NotificationListener: Usage = 5
02-03 22:15:52.993  6784  6784 I NeoBean_NotificationUtil: noti.sound :null
02-03 22:15:52.993  6784  6784 I NeoBean_NotificationUtil: noti.vibrate :null true
02-03 22:15:52.993  6784  6784 I NeoBean_NotificationUtil: noti.defaults :0
02-03 22:15:52.993  6784  6784 I NeoBean_NotificationUtil: noti.ledARGB :0
02-03 22:15:52.993  6784  6784 I NeoBean_NotificationUtil: noti.ledOffMS :0
02-03 22:15:52.993  6784  6784 I NeoBean_NotificationUtil: noti.ledOnMS :0
02-03 22:15:52.994  6784  6784 I NeoBean_NotificationUtil: isAlertNeed1 :false
02-03 22:15:52.994  6784  6784 I NeoBean_NotificationUtil: noti.sound :content://settings/system/notification_sound
02-03 22:15:52.994  6784  6784 I NeoBean_NotificationUtil: noti.vibe :false
02-03 22:15:52.994  6784  6784 I NeoBean_NotificationUtil: noti.importanceVal :2
02-03 22:15:52.994  6784  6784 I NeoBean_NotificationUtil: noti.isGrouping :false
02-03 22:15:52.994  6784  6784 W System.err: java.lang.NullPointerException: Attempt to invoke virtual method 'boolean android.app.Notification$BubbleMetadata.isNotificationSuppressed()' on a null object reference
02-03 22:15:52.994  6784  6784 W System.err: 	at V6.b.s(SourceFile:1)
02-03 22:15:52.994  6784  6784 W System.err: 	at r2.c.run(SourceFile:668)
02-03 22:15:52.994  6784  6784 W System.err: 	at android.os.Handler.handleCallback(Handler.java:959)
02-03 22:15:52.994  6784  6784 W System.err: 	at android.os.Handler.dispatchMessage(Handler.java:100)
02-03 22:15:52.994  6784  6784 W System.err: 	at android.os.Looper.loopOnce(Looper.java:257)
02-03 22:15:52.994  6784  6784 W System.err: 	at android.os.Looper.loop(Looper.java:342)
02-03 22:15:52.994  6784  6784 W System.err: 	at android.app.ActivityThread.main(ActivityThread.java:9634)
02-03 22:15:52.994  6784  6784 W System.err: 	at java.lang.reflect.Method.invoke(Native Method)
02-03 22:15:52.994  6784  6784 W System.err: 	at com.android.internal.os.RuntimeInit$MethodAndArgsCaller.run(RuntimeInit.java:619)
02-03 22:15:52.994  6784  6784 W System.err: 	at com.android.internal.os.ZygoteInit.main(ZygoteInit.java:929)
02-03 22:15:52.994  6784  6784 I NeoBean_NotificationUtil: isAlertNeed2 :false
02-03 22:15:53.005  2991  2991 I LockscreenNotificationIconsOnlyController: onNotificationInfoUpdated 24
02-03 22:15:53.010  2991  2991 I AODNotificationManager: updateNotification() 
02-03 22:15:53.013  2991  2991 D InterruptionStateProvider:  no Heads up : edgelighting enabled app. -1|com.android.systemui|2131363875|charging_state|10051
02-03 22:15:53.020  2991  2991 I LockscreenNotificationIconsOnlyController: onNotificationInfoUpdated 24
02-03 22:15:53.021  2991  3535 D LocalImageResolver: Couldn't use ImageDecoder for drawable, falling back to non-resized load.
02-03 22:15:53.025  2991  3535 D LocalImageResolver: Couldn't use ImageDecoder for drawable, falling back to non-resized load.
02-03 22:15:53.025  2991  2991 I AODNotificationManager: updateNotification() 
02-03 22:15:53.026  1429  1429 W Layer   : gatherBufferInfo: Received unknown dataspace from gralloc
02-03 22:15:53.028  2991  2991 D LocalImageResolver: Couldn't use ImageDecoder for drawable, falling back to non-resized load.
02-03 22:15:53.043  1429  1429 W Layer   : gatherBufferInfo: Received unknown dataspace from gralloc
02-03 22:15:53.045  2991  2991 D LocalImageResolver: Couldn't use ImageDecoder for drawable, falling back to non-resized load.
02-03 22:15:53.056  2991  2991 I LockscreenNotificationIconsOnlyController: onNotificationInfoUpdated 24
02-03 22:15:53.060  2991  2991 I AODNotificationManager: updateNotification() 
02-03 22:15:53.078  1429  1429 W Layer   : gatherBufferInfo: Received unknown dataspace from gralloc
02-03 22:15:53.191  1630  1630 I Telecom : SamsungTelecomServiceImpl : isInManagedCall - callingPackage : android / callingUser : UserHandle{0} / hasCrossUserAccess : true
02-03 22:15:53.202  1630  1630 D NotificationManagerService$NotificationListeners: skip send NotificationListenerService - isn't visible, ManagedServiceInfo = ManagedServiceInfo[component=ComponentInfo{com.google.android.ext.services/android.ext.services.notification.Assistant},userid=150,isSystem=false,targetSdkVersion=36,connection=<connection>,service=android.service.notification.INotificationListener$Stub$Proxy@d8bca30]
02-03 22:15:53.202  1630  1630 D NotificationService: isVisibleToListenerForLog() notiType = 4, sbn = StatusBarNotification(pkg=com.android.systemui user=UserHandle{0} id=123 tag=INSIGNIFICANT key=0|com.android.systemui|123|INSIGNIFICANT|10051: Notification(channel=INSIGNIFICANT shortcut=null contentView=null vibrate=null sound=null defaults=0 flags=0 color=0x00000000 groupKey=INSIGNIFICANT vis=PUBLIC semFlags=0x0 semPriority=0 semMissedCount=0))
02-03 22:15:53.202  1630  1630 D NotificationService: isInteractionVisibleToListener is false,   UserId = 0
02-03 22:15:53.203  1630  1630 D NotificationService: isVisibleToListenerForLog() notiType = 4, sbn = StatusBarNotification(pkg=com.android.systemui user=UserHandle{0} id=123 tag=INSIGNIFICANT key=0|com.android.systemui|123|INSIGNIFICANT|10051: Notification(channel=INSIGNIFICANT shortcut=null contentView=null vibrate=null sound=null defaults=0 flags=0 color=0x00000000 groupKey=INSIGNIFICANT vis=PUBLIC semFlags=0x0 semPriority=0 semMissedCount=0))
02-03 22:15:53.203  1630  1630 D NotificationService: isInteractionVisibleToListener is false,   UserId = 0
02-03 22:15:53.203  1630  1630 D NotificationManagerService$NotificationListeners: skip send NotificationListenerService - isn't visible, ManagedServiceInfo = ManagedServiceInfo[component=ComponentInfo{com.google.android.ext.services/android.ext.services.notification.Assistant},userid=10,isSystem=false,targetSdkVersion=36,connection=<connection>,service=android.service.notification.INotificationListener$Stub$Proxy@f31020c]
02-03 22:15:53.203  1630  1630 D NotificationService: isVisibleToListenerForLog() notiType = 4, sbn = StatusBarNotification(pkg=com.android.systemui user=UserHandle{0} id=123 tag=INSIGNIFICANT key=0|com.android.systemui|123|INSIGNIFICANT|10051: Notification(channel=INSIGNIFICANT shortcut=null contentView=null vibrate=null sound=null defaults=0 flags=0 color=0x00000000 groupKey=INSIGNIFICANT vis=PUBLIC semFlags=0x0 semPriority=0 semMissedCount=0))
02-03 22:15:53.203  1630  1630 D NotificationService: isInteractionVisibleToListener is false,   UserId = 0
02-03 22:15:53.203  1630  1630 D NotificationService: isVisibleToListenerForLog() notiType = 4, sbn = StatusBarNotification(pkg=com.android.systemui user=UserHandle{0} id=123 tag=INSIGNIFICANT key=0|com.android.systemui|123|INSIGNIFICANT|10051: Notification(channel=INSIGNIFICANT shortcut=null contentView=null vibrate=null sound=null defaults=0 flags=0 color=0x00000000 groupKey=INSIGNIFICANT vis=PUBLIC semFlags=0x0 semPriority=0 semMissedCount=0))
02-03 22:15:53.203  1630  1630 D NotificationService: isInteractionVisibleToListener is false,   UserId = 0
02-03 22:15:53.210  1630  1630 D SmartAlertController: SmartAlert - Found Missed Event
02-03 22:15:53.212  2991  2991 D Bubbles : onEntryUpdated : shouldBubbleUp=false ,key=0|com.android.systemui|123|INSIGNIFICANT|10051
02-03 22:15:53.213  2991  2991 D InterruptionStateProvider:  no Heads up : edgelighting enabled app. 0|com.android.systemui|123|INSIGNIFICANT|10051
02-03 22:15:53.216  6784  6784 I NeoBean_NotificationListener: onNotificationPosted()::sbn.getPackageName() = com.android.systemui
02-03 22:15:53.216  6784  6784 I NeoBean_Util: isEmulator() : false
02-03 22:15:53.216  6784  6784 I NeoBean_NotificationListener: sendAudioNotification()
02-03 22:15:53.216  6784  6784 I NeoBean_NotificationListener: uid = 0
02-03 22:15:53.216  6784  6784 I NeoBean_NotificationListener: Usage = 5
02-03 22:15:53.216  6784  6784 I NeoBean_NotificationUtil: noti.sound :null
02-03 22:15:53.216  6784  6784 I NeoBean_NotificationUtil: noti.vibrate :null true
02-03 22:15:53.216  6784  6784 I NeoBean_NotificationUtil: noti.defaults :0
02-03 22:15:53.216  6784  6784 I NeoBean_NotificationUtil: noti.ledARGB :0
02-03 22:15:53.216  6784  6784 I NeoBean_NotificationUtil: noti.ledOffMS :0
02-03 22:15:53.216  6784  6784 I NeoBean_NotificationUtil: noti.ledOnMS :0
02-03 22:15:53.216  6784  6784 I NeoBean_NotificationUtil: isAlertNeed1 :false
02-03 22:15:53.216  6784  6784 I NeoBean_NotificationUtil: noti.sound :content://settings/system/notification_sound
02-03 22:15:53.216  6784  6784 I NeoBean_NotificationUtil: noti.vibe :false
02-03 22:15:53.216  6784  6784 I NeoBean_NotificationUtil: noti.importanceVal :2
02-03 22:15:53.216  6784  6784 I NeoBean_NotificationUtil: noti.isGrouping :false
02-03 22:15:53.217  6784  6784 W System.err: java.lang.NullPointerException: Attempt to invoke virtual method 'boolean android.app.Notification$BubbleMetadata.isNotificationSuppressed()' on a null object reference
02-03 22:15:53.217  6784  6784 W System.err: 	at V6.b.s(SourceFile:1)
02-03 22:15:53.217  6784  6784 W System.err: 	at r2.c.run(SourceFile:668)
02-03 22:15:53.217  6784  6784 W System.err: 	at android.os.Handler.handleCallback(Handler.java:959)
02-03 22:15:53.217  6784  6784 W System.err: 	at android.os.Handler.dispatchMessage(Handler.java:100)
02-03 22:15:53.217  6784  6784 W System.err: 	at android.os.Looper.loopOnce(Looper.java:257)
02-03 22:15:53.217  6784  6784 W System.err: 	at android.os.Looper.loop(Looper.java:342)
02-03 22:15:53.217  6784  6784 W System.err: 	at android.app.ActivityThread.main(ActivityThread.java:9634)
02-03 22:15:53.217  6784  6784 W System.err: 	at java.lang.reflect.Method.invoke(Native Method)
02-03 22:15:53.217  6784  6784 W System.err: 	at com.android.internal.os.RuntimeInit$MethodAndArgsCaller.run(RuntimeInit.java:619)
02-03 22:15:53.217  6784  6784 W System.err: 	at com.android.internal.os.ZygoteInit.main(ZygoteInit.java:929)
02-03 22:15:53.217  6784  6784 I NeoBean_NotificationUtil: isAlertNeed2 :false
02-03 22:15:53.219  3474  8340 I HoneySpace.NotificationListener: onNotificationPosted com.android.systemui: 0|com.android.systemui|123|INSIGNIFICANT|10051: 0
02-03 22:15:53.219  3474  8340 I HoneySpace.BadgeDataSourceImpl: Get notification count. PK(p='com.android.systemui', u=UserHandle{0}) - forceBadgeCount: false, notification listener: 1, badge provider: 0
02-03 22:15:53.220  3474 18796 I HoneySpace.BadgeDataSourceImpl: Get notification count. PK(p='com.google.android.apps.photos', u=UserHandle{0}) - forceBadgeCount: false, notification listener: 1, badge provider: 0
02-03 22:15:53.220  3474 31802 I HoneySpace.BadgeDataSourceImpl: Get notification count. PK(p='com.samsung.android.messaging', u=UserHandle{0}) - forceBadgeCount: true, notification listener: 1, badge provider: 263
02-03 22:15:53.220  3474 31802 I HoneySpace.BadgeDataSourceImpl: Get notification count. PK(p='com.google.android.apps.photos', u=UserHandle{0}) - forceBadgeCount: false, notification listener: 1, badge provider: 0
02-03 22:15:53.225  2991  2991 D InterruptionStateProvider:  no Heads up : edgelighting enabled app. 0|com.android.systemui|123|INSIGNIFICANT|10051
02-03 22:15:53.225  2991  2991 D InterruptionStateProvider:  no Heads up : edgelighting enabled app. -1|com.android.systemui|2131363875|charging_state|10051
02-03 22:15:53.241  2991  2991 I LockscreenNotificationIconsOnlyController: onNotificationInfoUpdated 24
02-03 22:15:53.245  2991  2991 I AODNotificationManager: updateNotification() 
02-03 22:15:53.250  2991  3535 D LocalImageResolver: Couldn't use ImageDecoder for drawable, falling back to non-resized load.
02-03 22:15:53.251  2991  3535 D LocalImageResolver: Couldn't use ImageDecoder for drawable, falling back to non-resized load.
02-03 22:15:53.252  2991  2991 D LocalImageResolver: Couldn't use ImageDecoder for drawable, falling back to non-resized load.
02-03 22:15:53.259  1429  1429 W Layer   : gatherBufferInfo: Received unknown dataspace from gralloc
02-03 22:15:53.280  2991  2991 D LocalImageResolver: Couldn't use ImageDecoder for drawable, falling back to non-resized load.
02-03 22:15:53.294  2991  2991 I LockscreenNotificationIconsOnlyController: onNotificationInfoUpdated 24
02-03 22:15:53.297  2991  2991 I AODNotificationManager: updateNotification() 
02-03 22:15:53.311  1429  1429 W Layer   : gatherBufferInfo: Received unknown dataspace from gralloc
02-03 22:15:53.425  2991  2991 D Bubbles : onEntryUpdated : shouldBubbleUp=false ,key=0|com.android.systemui|123|INSIGNIFICANT|10051
02-03 22:15:53.426  2991  2991 D InterruptionStateProvider:  no Heads up : edgelighting enabled app. 0|com.android.systemui|123|INSIGNIFICANT|10051
02-03 22:15:53.475  2991  2991 I LockscreenNotificationIconsOnlyController: onNotificationInfoUpdated 24
02-03 22:15:53.480  2991  2991 I AODNotificationManager: updateNotification() 
02-03 22:15:53.483  2991  3535 D LocalImageResolver: Couldn't use ImageDecoder for drawable, falling back to non-resized load.
02-03 22:15:53.485  2991  3535 D LocalImageResolver: Couldn't use ImageDecoder for drawable, falling back to non-resized load.
02-03 22:15:53.485  2991  2991 D LocalImageResolver: Couldn't use ImageDecoder for drawable, falling back to non-resized load.
02-03 22:15:53.494  1429  1429 W Layer   : gatherBufferInfo: Received unknown dataspace from gralloc
02-03 22:15:53.513  2991  2991 D LocalImageResolver: Couldn't use ImageDecoder for drawable, falling back to non-resized load.
02-03 22:15:53.527  2991  2991 I LockscreenNotificationIconsOnlyController: onNotificationInfoUpdated 24
02-03 22:15:53.530  2991  2991 I AODNotificationManager: updateNotification() 
02-03 22:15:53.545  1429  1429 W Layer   : gatherBufferInfo: Received unknown dataspace from gralloc
02-03 22:15:53.781  1429 21775 W ComposerExtn: DisplayExtnImpl::SetActiveConfig: HWC Display 3 is not registered!
02-03 22:15:53.792  1630  2848 V SemStrongRssiRoaming: EVENT_GET_WIFI_INFO_POLL (-37)
02-03 22:15:53.794 20149 20149 I wpa_sslib: cmd: GETNCHOMODE
02-03 22:15:53.795 20149 20149 I wpa_sslib: Response: GETNCHOMODE 0
02-03 22:15:53.798  1630  2731 V SemStrongRssiRoaming: Partial scan success
02-03 22:15:53.804  1744  1744 W wificond: Failed to get NL80211_ATTR_MAX_NUM_AKM_SUITES
02-03 22:15:53.809  1744  1744 W wificond: Failed to get NL80211_ATTR_MAX_NUM_AKM_SUITES
02-03 22:15:53.813  1744  1744 W wificond: Failed to get NL80211_ATTR_MAX_NUM_AKM_SUITES
02-03 22:15:53.816  1744  1744 W wificond: Failed to get NL80211_ATTR_MAX_NUM_AKM_SUITES
02-03 22:15:53.872  6716 12947 I ObjectPool@9791306: Ph_[checker Pool remains: , 9, ] [pool-94-thread-1] 
02-03 22:15:53.960  1630  3144 D WifiNl80211Manager: Scan result ready event
02-03 22:15:53.960  1630  3144 D WifiNative: Scan result ready event
02-03 22:15:53.961  1880 29953 I LOWI-9.0.0.89.z: [LOWI-Scan] lowi_close_record:Scan done in 342288775ms, 7 APs in scan results
02-03 22:15:53.965  1630  2731 D WificondScannerImpl: Filtering out 2 scan results.
02-03 22:15:53.965  1630  2731 V SemStrongRssiRoaming: Partial scan onResults
02-03 22:15:53.966  1630  2731 D SemStrongRssiRoaming: Received 5 partial scan results
02-03 22:15:53.966  1630  2814 V SemWifiScanPool: updateScanResult, partial scan:5 configKeys: 15 pool_bssid:70 pool_configKeys:21
02-03 22:15:53.967  1630  3226 D SLocation: ReceiverPair - handleWifiScan - wifi scanned enter
02-03 22:15:53.967  1630  3226 D SLocation: ReceiverPair - ignore direction of location due to wifi, id = 1, reason = 500
02-03 22:15:53.967  1630  3226 I SLocation: ReceiverPairWithWifi - handle Wifi Scans ID = 16
02-03 22:15:53.967  1630  3226 I SLocation: ReceiverPairWithWifi - force set enter id=16 by wifi scan
02-03 22:15:53.967  1630  3226 D SLocation: ReceiverPair - ignore direction of location due to wifi, id = 16, reason = 500
02-03 22:15:53.967  1630  3226 D SLocation: ReceiverPair - handleWifiScan - wifi scanned enter
02-03 22:15:53.967  1630  3226 D SLocation: ReceiverPair - ignore direction of location due to wifi, id = 19, reason = 500
02-03 22:15:53.967  1630  3226 I SLocation: ReceiverPairWithWifi - handle Wifi Scans ID = 179
02-03 22:15:53.967  1630  3226 I SLocation: ReceiverPairWithWifi - handle Wifi Scans ID = 191
02-03 22:15:53.967  1630  3226 I SLocation: ReceiverPairWithWifi - force set enter id=191 by wifi scan
02-03 22:15:53.967  1630  3226 D SLocation: ReceiverPair - ignore direction of location due to wifi, id = 191, reason = 500
02-03 22:15:53.967  1630  3226 I SLocation: ReceiverPairWithWifi - handle Wifi Scans ID = 193
02-03 22:15:53.967  1630  3226 I SLocation: ReceiverPairWithWifi - force set enter id=193 by wifi scan
02-03 22:15:53.967  1630  3226 D SLocation: ReceiverPair - ignore direction of location due to wifi, id = 193, reason = 500
02-03 22:15:53.997  1630  2727 I HalDevMgr: bestIfaceCreationProposal is null, requestIface=STA, existingIface=[name=wlan0 type=STA]
02-03 22:15:54.165  1630  5125 D WifiConnectivityMonitor.DnsThread:  [|212]
02-03 22:15:54.166  1630  2855 D WifiConnectivityMonitor.NetworkStatsAnalyzer: DNS resultType : 0, responseTime : 212
02-03 22:15:54.166  1630  2853 D OpenNetworkQos[4.00]: updateBssidLatestDnsResultType - result: 0
02-03 22:15:54.166  1630  2853 D OpenNetworkQos[4.00]: updateBssidNoInternet: mBssidNoInternet = false
02-03 22:15:54.166  1630  2853 D OpenNetworkQos[4.00]: getOpenNetworkQosNoInternetStatus: false
02-03 22:15:54.166  1630  2853 D OpenNetworkQos[4.00]: getOpenNetworkQosScores: 26 26 23 
02-03 22:15:54.167  1630  2853 D KNOX_MDM_SettingsProvider: isChangeAllowed() : name = wifi_wcm_qos_sharing_score_summary
02-03 22:15:54.167  1630  2853 I WifiProfileShare: network QoS data was changed (internet), updateQoSData networkType: true, qosData: false
02-03 22:15:54.168  1630  4255 V WifiProfileShare.Caster: update wips network, size: 0
02-03 22:15:54.168  1630  4255 D WifiProfileShare: nearby scanning settings run
02-03 22:15:54.169  1630  4255 D WifiProfileShare: network score provider settings enabled
02-03 22:15:54.169  1630  4255 D OpenNetworkQos[4.00]: getOpenNetworkQosScores: 26 26 23 
02-03 22:15:54.169  1630  4255 D OpenNetworkQos[4.00]: getOpenNetworkQosNoInternetStatus: false
02-03 22:15:54.169  1630  4255 I WifiProfileShare.Caster: current network type: 0, score: [26, 26, 23]
02-03 22:15:54.178  1630  4255 V WifiProfileShare.Cache: update network score 78:32:1b:**:**:35
02-03 22:15:54.178  1630  4255 D WifiProfileShare.ScanMatcher: getMcfDataList size:1
02-03 22:15:54.178  1630  4255 I WifiProfileShare.Caster: qos data was updated , before:type:QOS, pBssid:60:45:4d, qosData:7b after:type:QOS, pBssid:60:45:4d, qosData:7b
02-03 22:15:54.179  1630  4255 I [MCFSDK_android_1.2.27006]_4_McfCasterImpl: isNetworkEnabled - type : 1 ret : true
02-03 22:15:54.179  1630  4255 D WifiProfileShare.McfCast: -ME--- mIsNetworkEnabled :true
02-03 22:15:54.180  1630  4255 D WifiProfileShare.McfCast: updateQoSData ignored, same contents
02-03 22:15:54.180  1630  4255 D WifiProfileShare.MCF: success update QosData !
02-03 22:15:54.180  1630  4255 I [MCFSDK_android_1.2.27006]_4_McfCasterImpl: isNetworkEnabled - type : 1 ret : true
02-03 22:15:54.180  1630  4255 D WifiProfileShare.McfCast: -ME--- mIsNetworkEnabled :true
02-03 22:15:54.180  1630  4255 D WifiProfileShare.McfCast: -ME--- updatePasswordDate pwdData size:1
02-03 22:15:54.333   830   830 D io_stats: !@ Read_top(KB): android.vending(3868) 92
02-03 22:15:54.334   830   830 D io_stats: !@ Write_top(KB): kworker/u16:5(32188) 2496
02-03 22:15:54.390  3512  4296 I PlayCommon: [33696] Preparing logs for uploading
02-03 22:15:54.410  3512  4296 I PlayCommon: [33696] Connecting to server for timestamp: https://play.googleapis.com/play/log/timestamp
02-03 22:15:54.417  1630  2890 D NetdEventListenerService: DNS Requested by 491, 10259(com.android.vending), SUCCESS, 1ms
02-03 22:15:54.455  1231  8673 I sensors-hal: handle_sns_client_event:540, [0][27386] accel_sample [-0.121,  1.378,  9.684] 342310887915363
02-03 22:15:54.603  1630  2855 D WifiConnectivityMonitor.NetworkStatsAnalyzer: Backhaul result - RSSI:-45, CE:13, PE:12, TI:23, PTI:22, TW:0, PTW:0, Tx:30, Rx:31, TxS:18, RxS:18, RESULT:true, IC:0, ICT:5, WC:0, WCT:5, R:0, RC:0, IE:0, EC:0
02-03 22:15:54.606  1209  3586 I vendor.qti.bluetooth@1.0-ibs_handler: ProcessIbsCmd: Received IBS_WAKE_IND: 0xFD
02-03 22:15:54.606  1209  3586 D vendor.qti.bluetooth@1.0-ibs_handler: SerialClockVote: vote for UART CLK ON
02-03 22:15:54.607  1209  3586 D vendor.qti.bluetooth@1.0-wake_lock: Acquire wakelock is acquired 
02-03 22:15:54.607  1209  3586 I vendor.qti.bluetooth@1.0-ibs_handler: ProcessIbsCmd: Writing IBS_WAKE_ACK
02-03 22:15:54.617  3512  4296 I PlayCommon: [33696] Connecting to server: https://play.googleapis.com/play/log?format=raw&proto_v2=true
02-03 22:15:54.639  3245  3607 I BtGatt.ScanHelper: onScanResult to scannerId: 3- eventType=0x1a, addressType=1, address=XX:XX:XX:XX:E0:48, primaryPhy=1, secondaryPhy=0, advertisingSid=0xff, txPower=127, rssi=-92, periodicAdvInt=0x0
02-03 22:15:54.672  1630  2574 W ProcessStats: Tracking association SourceState{39e3748 com.android.bluetooth/1002 ImpFg #962122} whose proc state 5 is better than process ProcessState{3ab4955 com.samsung.android.mcfserver/10119 pkg=com.samsung.android.mcfserver} proc state 6 (17 skipped)
02-03 22:15:54.675  1209  3586 I vendor.qti.bluetooth@1.0-ibs_handler: ProcessIbsCmd: Received IBS_SLEEP_IND: 0xFE
02-03 22:15:54.675  1209  3586 D vendor.qti.bluetooth@1.0-ibs_handler: SerialClockVote: vote for UART CLK OFF
02-03 22:15:54.728  3512  4296 I PlayCommon: [33696] Successfully uploaded logs.
02-03 22:15:54.826  1209  3325 D vendor.qti.bluetooth@1.0-wake_lock: Release wakelock is released 
02-03 22:15:54.953  1231 31796 I sensors-hal: handle_sns_std_sensor_event:141, [SSC_LIGHT] P: 31(31),ch0:3056,ch1:0,c:0,w:0,l:16,m:2,br:57,c1:85,c2:123,i:1
02-03 22:15:54.977  6716 12947 I ObjectPool@9791306: Ph_[checker Pool remains: , 9, ] [pool-94-thread-1] 
02-03 22:15:55.010  1630  2827 I SemWifiServiceDetector: Service det. resumed: T / T / 30097
02-03 22:15:55.057  4301  4301 W soft_error.cpp: [pando::graphql::PandoGraphQLRequestHybrid::assertValid] : Using a PandoGraphQLRequest after it has been consumed. Query name is IGSharedAccountsQuery
02-03 22:15:55.163  1630  4668 D SemWifiUsabilityStatsMonitor: onWifiUsabilityStats - seqNum 18339, isSameBssidAndFreq true
02-03 22:15:55.164  1630  2828 I SemWifiLinkQualityMonitor: Link stat: 1178 / 87 / 1.13 (27) / 117 / -45.0 || 100.0 : 117.00 / 0.5 : 0.89 / 0.55 : 0.07 / G (G) || 1b525e352457: 0.146 / 54.750 /  / N || N N / 0 / N 2.0 / N 0 / 154257266 0
02-03 22:15:55.167  2991  3126 D Tile.WifiTile: handleUpdateState isTransient=false transientEnabling =false cb.isTransient=false state.state = 2 mStateBeforeClick.value =true enabled =true
02-03 22:15:55.192  1429 21775 W ComposerExtn: DisplayExtnImpl::SetActiveConfig: HWC Display 3 is not registered!
02-03 22:15:55.195  1429  1429 W Layer   : gatherBufferInfo: Received unknown dataspace from gralloc
02-03 22:15:55.442  1429 21775 W ComposerExtn: DisplayExtnImpl::SetActiveConfig: HWC Display 3 is not registered!
02-03 22:15:55.562  4301  4742 D nativeloader: Load /data/data/com.instagram.android/lib-compressed/libqplidgenerator.so using class loader ns clns-8 (caller=/data/app/~~P9aT5Dg_YUOmHM3Xp7nH5g==/com.instagram.android-YPQJ7bCzoxnbS_Hh2ZJtWg==/base.apk!classes12.dex): ok
02-03 22:15:55.573  1630  2890 D NetdEventListenerService: DNS Requested by 491, 10362(com.instagram.android), SUCCESS, 3ms
02-03 22:15:56.019  3965  4648 I PlayCommon: [33712] Preparing logs for uploading
02-03 22:15:56.036  3965  4648 I PlayCommon: [33712] Connecting to server for timestamp: https://play.googleapis.com/play/log/timestamp
02-03 22:15:56.043  1630  2890 D NetdEventListenerService: DNS Requested by 491, 1010259(com.android.vending), SUCCESS, 1ms
02-03 22:15:56.079  1231  1231 I sensors-hal: set_config:71, sample_period_ns is adjusted to 200000000 based on min/max delay_ns
02-03 22:15:56.080  1231  1231 I sensors-hal: batch:518, com.samsung.sensor.light_cct/1511, period=200000000, max_latency=0 request completed
02-03 22:15:56.080  1231  1231 I sensors-hal: activate:434, com.samsung.sensor.light_cct/1511 en=1
02-03 22:15:56.081  1187  1309 E minksocket: MinkIPC_QRTR_Service: client with node 1 port 4f44 went down
02-03 22:15:56.082  1187  1309 E minksocket: MinkIPC_QRTR_Service: client with node 1 port 4f45 went down
02-03 22:15:56.083  1187  1309 E minksocket: MinkIPC_QRTR_Service: client with node 1 port 4f46 went down
02-03 22:15:56.083  6716 12947 I ObjectPool@9791306: Ph_[checker Pool remains: , 9, ] [pool-94-thread-1] 
02-03 22:15:56.084  1187  1309 E minksocket: MinkIPC_QRTR_Service: client with node 1 port 4f47 went down
02-03 22:15:56.084  1231  1231 I sensors-hal: activate:452, com.samsung.sensor.light_cct/1511 en=1 completed
02-03 22:15:56.084  1630  2755 D SensorManager: registerListener :: 1511, TMD4907 Light CCT  Non-wakeup, 200000, 0, com.samsung.android.displaysolution.EyeComfortSolutionService$1@86ce9c9
02-03 22:15:56.125  6137  7135 I SDHMS:x : SIOP:: AP:389 BAT:360 USB:350 CHG:404 PA:400 WIFI:354 CF:387 BLK:0 SUBBAT:338 LRPTHM:390 SKIN:374 SKINF:374 SKINB:370 LRP:370 APT:374 APR:370 RCV:324 SPK:308 LWF:341 APH:378 CAPR:370 CRCV:327 CSPK:345 RCV2:327 SPK2:345 FCAM:350 UPSPK:338 DNSPK:338 AVGCUR:1010 AVGSYS:320 POWER:4201
02-03 22:15:56.128  6137  6400 I SDHMS:N0: p2p-if:: false, , 
02-03 22:15:56.136  1630  6796 D EnterpriseUtils: getCallingOrCurrentUserId(): move: cxtInfo.mContainerId = 10
02-03 22:15:56.136  1630  6796 D EnterpriseUtils: getCallingOrCurrentUserId(): move: cxtInfo.mContainerId = 10
02-03 22:15:56.153  1231  5145 I sensors-hal: handle_indication_realtime:471,  SCHED_FIFO(10) for qmi_cbk
02-03 22:15:56.153  1231  5145 I sensors-hal: handle_sns_std_sensor_event:90, light_cct: ts = 342312692922186 ns; value = [31.000000, 31.000000, 21.000000, 18.000000, 16.000000, 57.000000, 0.183497, 0.000000, 193.000000, 0.000000, 1.000000]
02-03 22:15:56.154  1630  2755 V EyeComfortSolutionService: count : 640 , bopr_value : 21.0, platform_value : 57.0 , app_weighting : 1.0 , cal_value : 0.23261051 , sum_value : 1521.8585 , BOPR_MAX_VALUE : 21000
02-03 22:15:56.154  1231  1231 I sensors-hal: activate:434, com.samsung.sensor.light_cct/1511 en=0
02-03 22:15:56.155  1231  1231 I sensors-hal: deactivate:384, disconnect qmi to disable sensor
02-03 22:15:56.155  1231  1231 I sensors-hal: activate:452, com.samsung.sensor.light_cct/1511 en=0 completed
02-03 22:15:56.155  1630  2755 D SensorManager: unregisterListener :: com.samsung.android.displaysolution.EyeComfortSolutionService$1@86ce9c9
02-03 22:15:56.155  1187  1309 E minksocket: MinkIPC_QRTR_Service: client with node 1 port 4f48 went down
02-03 22:15:56.218  3965  4648 I PlayCommon: [33712] Connecting to server: https://play.googleapis.com/play/log?format=raw&proto_v2=true
02-03 22:15:56.286  3965  4648 I PlayCommon: [33712] Successfully uploaded logs.
02-03 22:15:56.335   830   830 D io_stats: !@   8,0 r 31055216 943363632 w 9389641 150653768 d 3428587 363100412 f 0 0 iot 16542856 0 th 0 0 0 pt 0 inp 0 0 154258.438
02-03 22:15:56.344  1209  3586 I vendor.qti.bluetooth@1.0-ibs_handler: ProcessIbsCmd: Received IBS_WAKE_IND: 0xFD
02-03 22:15:56.344  1209  3586 D vendor.qti.bluetooth@1.0-ibs_handler: SerialClockVote: vote for UART CLK ON
02-03 22:15:56.345  1209  3586 D vendor.qti.bluetooth@1.0-wake_lock: Acquire wakelock is acquired 
02-03 22:15:56.345  1209  3586 I vendor.qti.bluetooth@1.0-ibs_handler: ProcessIbsCmd: Writing IBS_WAKE_ACK
