02-03 22:19:11.572  5872  5872 I HBD     : HoneyBoardService onFinishInput 
02-03 22:19:11.572  5872  5872 I HBD     : a IC have been unbinding,  RemoteInputConnection{idHash=#2b59c29}
02-03 22:19:11.572  5872  5872 I HBD     : HoneyBoardService [PF_CL][onFinishInput]  0 ms 
02-03 22:19:11.572  5872  5872 I HBD     : HoneyBoardService [IMI] onStartInput - caller pid : 8113 , caller uid : 10418 
02-03 22:19:11.572  5872  5872 I HBD     : t updateConfigs 
02-03 22:19:11.572  8113  8128 D InputTransport: Input channel constructed: 'ClientS', fd=149
02-03 22:19:11.572  5872  5872 I HBD     : t isEnabledNightMode : true 
02-03 22:19:11.572  5872  5872 I HBD     : a IC have been binding, RemoteInputConnection{idHash=#f8d190e} 
02-03 22:19:11.572  5872  5872 I HBD     : g [EditorInputType]setPrivateImeOptionsToTable privateImeOptions ( null )
02-03 22:19:11.572  5872  5872 I HBD     : b incognitoMode : false 
02-03 22:19:11.572  5872  5872 I HBD     : b needOff = true , isForceOff = false, isNullInputClass : true 
02-03 22:19:11.572  5872  5872 I HBD     : g getDefaultInputRange : UNKNOWN 
02-03 22:19:11.572  5872  5872 I HBD     : g getDefaultInputRange : UNKNOWN 
02-03 22:19:11.572  5872  5872 I HBD     : g getDefaultInputRange : UNKNOWN 
02-03 22:19:11.573  1630  4226 W FreecessController: getAllRunningPackagePids: Failed to read pid from /sys/fs/cgroup/uid_10259/pid_19796/cgroup.procs
02-03 22:19:11.573  1630  4226 W FreecessController: getAllRunningPackagePids: Failed to read pid from /sys/fs/cgroup/uid_10259/pid_17357/cgroup.procs
02-03 22:19:11.573  5872  5872 I HBD     : b needOff = true , isForceOff = false, isNullInputClass : true 
02-03 22:19:11.573  5872  5872 I HBD     : b update cached prediction status : false 
02-03 22:19:11.573  5872  5872 I HBD     : g getDefaultInputRange : UNKNOWN 
02-03 22:19:11.573  5872  5872 I HBD     : a currentState : 4 
02-03 22:19:11.573  5872  5872 I HBD     : g isCoverDisplay : true, cached selected json info : SelectedLanguageInfo(languageVersion=4.1, currentLanguageOrder=0, selectedLanguageList=[SelectedLanguage(id=65555, isUsed=true, engName=English(India), inputType=qwerty, activeOptionList=[auto_spacing], bilingualId=-1, isUsedBilingual=false)]) 
02-03 22:19:11.573  5872  5872 I HBD     : a [UpdatePolicy] [post] a: 0 cl: 65555 kit: [0/0] vt: 0 ir: 1 
02-03 22:19:11.574  6926  6926 I AudioPathManager: loadAudioPath() : loaded audio path is bluetooth (2)
02-03 22:19:11.574  1630  3155 E WindowManager: win=Window{48def57 u0 com.sec.android.app.launcher/com.sec.android.app.launcher.activities.LauncherActivity} destroySurfaces: appStopped=true cleanupOnResume=false win.mWindowRemovalAllowed=false win.mRemoveOnExit=false win.mViewVisibility=8 caller=com.android.server.wm.ActivityRecord.destroySurfaces:25 com.android.server.wm.ActivityRecord.activityStopped:204 com.android.server.wm.ActivityClientController.activityStopped:95 android.app.IActivityClientController$Stub.onTransact:722 com.android.server.wm.ActivityClientController.onTransact:1 android.os.Binder.execTransactInternal:1541 android.os.Binder.execTransact:1480 
02-03 22:19:11.574  6926  6926 I EffectManager: isSupportDolbyAtmosOnThisAudioPath() : path is bluetooth (2)
02-03 22:19:11.574  1630  3155 I WindowManager: Destroying surface Surface(name=com.sec.android.app.launcher/com.sec.android.app.launcher.activities.LauncherActivity$_21273)/@0xcc6ffb5 called by com.android.server.wm.WindowStateAnimator.destroySurface:11 com.android.server.wm.WindowStateAnimator.destroySurfaceLocked:54 com.android.server.wm.WindowState.destroySurfaceUnchecked:5 com.android.server.wm.WindowState.destroySurface:126 com.android.server.wm.ActivityRecord.destroySurfaces:25 com.android.server.wm.ActivityRecord.activityStopped:204 com.android.server.wm.ActivityClientController.activityStopped:95 android.app.IActivityClientController$Stub.onTransact:722 
02-03 22:19:11.574  6926  6926 I UHQUpscalerManager: isUHQCompatibleBluetooth() : support is 0, mode is 1
02-03 22:19:11.574  6926  6926 I AudioPathManager: loadAudioPath() : loaded audio path is bluetooth (2)
02-03 22:19:11.574  6926  6926 I EffectManager: isSupportVolumeNormalizationOnCurrentAudioPath() : path is bluetooth (2)
02-03 22:19:11.574  6926  6926 I DVFSHelper: isNecessaryToBoostCPU() : isDolbyOn? false, isUHQUpscalerOn? false, isVoiceBoostOn? false, isVolumeNormalizationOn? false
02-03 22:19:11.574  6926  6926 I DVFSHelper: acquireBoostingCPU() : stop boosting cpu
02-03 22:19:11.574  1630  1955 D SGM:FgCheckThread: getForegroundApp(), foregroundPkgName=com.pricehunt
02-03 22:19:11.575  1630  3155 E WindowManager: win=Window{f5d329f u0 com.sec.android.app.launcher/com.sec.android.app.launcher.activities.LauncherActivity} destroySurfaces: appStopped=true cleanupOnResume=false win.mWindowRemovalAllowed=false win.mRemoveOnExit=false win.mViewVisibility=8 caller=com.android.server.wm.ActivityRecord.destroySurfaces:25 com.android.server.wm.ActivityRecord.activityStopped:204 com.android.server.wm.ActivityClientController.activityStopped:95 android.app.IActivityClientController$Stub.onTransact:722 com.android.server.wm.ActivityClientController.onTransact:1 android.os.Binder.execTransactInternal:1541 android.os.Binder.execTransact:1480 
02-03 22:19:11.575  1630  3155 I WindowManager: Destroying surface Surface(name=com.sec.android.app.launcher/com.sec.android.app.launcher.activities.LauncherActivity$_3474)/@0xda2364a called by com.android.server.wm.WindowStateAnimator.destroySurface:11 com.android.server.wm.WindowStateAnimator.destroySurfaceLocked:54 com.android.server.wm.WindowState.destroySurfaceUnchecked:5 com.android.server.wm.WindowState.destroySurface:126 com.android.server.wm.ActivityRecord.destroySurfaces:25 com.android.server.wm.ActivityRecord.activityStopped:204 com.android.server.wm.ActivityClientController.activityStopped:95 android.app.IActivityClientController$Stub.onTransact:722 
02-03 22:19:11.576  2991  3756 I VRI[pricehunt]@d89978e: mWNT: t=0xb400007c4117ce50 mBlastBufferQueue=0xb400007c70a5fd10 fn= 7 HdrRenderState mRenderHdrSdrRatio=1.0 caller= android.view.SyncRtSurfaceTransactionApplier.applyTransaction:96 android.view.SyncRtSurfaceTransactionApplier.lambda$scheduleApply$0:69 android.view.SyncRtSurfaceTransactionApplier.$r8$lambda$afI4fXg3U3-nBZQEDQMiNy-B06s:0 
02-03 22:19:11.576  5872  5872 I HBD     : a [NRIC] resetNoResponseState 
02-03 22:19:11.576  1429  1429 W Layer   : gatherBufferInfo: Received unknown dataspace from gralloc
02-03 22:19:11.576  5872  5872 I HBD     : b needOff = true , isForceOff = false, isNullInputClass : true 
02-03 22:19:11.576  5872  5872 I HBD     : b update cached prediction status : false 
02-03 22:19:11.576  5872  5872 I HBD     : c [AiWriter] setContact : com.pricehunt
02-03 22:19:11.576  5872  5872 I HBD     : a [AiWriter] setContact : com.pricehunt
02-03 22:19:11.576  5872  5872 I HBD     : E EBD si S 0 
02-03 22:19:11.576  5872  5872 I HBD     : m updateContactDBLanguage : 65555 
02-03 22:19:11.576  5872  5872 I HBD     : g isCoverDisplay : true, cached selected json info : SelectedLanguageInfo(languageVersion=4.1, currentLanguageOrder=0, selectedLanguageList=[SelectedLanguage(id=65555, isUsed=true, engName=English(India), inputType=qwerty, activeOptionList=[auto_spacing], bilingualId=-1, isUsedBilingual=false)]) 
02-03 22:19:11.576  5872  5872 I HBD     : g updateSelectedLanguageCache is succeeded. English(India) 
02-03 22:19:11.576  1630  1955 D SGM:FgCheckThread: pkgName: com.sec.android.app.launcher is not in foreground
02-03 22:19:11.576  1630  1955 D SGM:FgCheckThread: noteStopComponent(), received pkgName: com.sec.android.app.launcher, focusedPkgName: com.pricehunt, userId: 0
02-03 22:19:11.577  6926  6926 I AudioPathManager: loadAudioPath() : loaded audio path is bluetooth (2)
02-03 22:19:11.577  6926  6926 I EffectManager: isSupportDolbyAtmosOnThisAudioPath() : path is bluetooth (2)
02-03 22:19:11.577  6926  6926 I UHQUpscalerManager: isUHQCompatibleBluetooth() : support is 0, mode is 1
02-03 22:19:11.577  6926  6926 I AudioPathManager: loadAudioPath() : loaded audio path is bluetooth (2)
02-03 22:19:11.577  6926  6926 I EffectManager: isSupportVolumeNormalizationOnCurrentAudioPath() : path is bluetooth (2)
02-03 22:19:11.577  1630  2680 D InputTransport: Input channel destroyed: 'ClientS', fd=1576
02-03 22:19:11.577  6926  6926 I DVFSHelper: isNecessaryToBoostCPU() : isDolbyOn? false, isUHQUpscalerOn? false, isVoiceBoostOn? false, isVolumeNormalizationOn? false
02-03 22:19:11.578  5872  5872 I HBD     : h writeToFile path : /data/user/0/com.samsung.android.honeyboard/files/fold_selected.json 
02-03 22:19:11.578  5872  5872 I HBD     : h writeToFile json : {"version":"4.1","currentLanguageOrder":0,"front_selected":[{"activeOptionList":["auto_spacing"],"bilingualId":-1,"engName":"English(India)","id":65555,"inputType":"qwerty","isUsed":true,"isUsedBilingual":false}]} 
02-03 22:19:11.579  1630  6020 D RestrictionPolicy: isScreenCaptureEnabled : ret=true userId=0
02-03 22:19:11.579  1630  6020 I WindowManager: Cancelling animation restarting=true, leash=Surface(name=Surface(name=c86fe25 InputMethod)/@0x98695ab - animation-leash of insets_animation)/@0xa7c52c7
02-03 22:19:11.579  1630  6020 I WindowManager: Reparenting to original parent: Surface(name=WindowToken{66e258d type=2011 android.os.Binder@b49e624})/@0xd2a0408, destroy=false, syncState=0, syncCommitDepth=0, surface=Surface(name=c86fe25 InputMethod)/@0x98695ab
02-03 22:19:11.579  1630  6020 I WindowManager: Reparenting to leash, surface=Surface(name=c86fe25 InputMethod)/@0x98695ab, syncState=0, syncCommitDepth=0, leashParent=Surface(name=WindowToken{66e258d type=2011 android.os.Binder@b49e624})/@0xd2a0408
02-03 22:19:11.579  5872  5872 I HBD     : h writeToFile complete 
02-03 22:19:11.579  1429  4731 I SurfaceFlinger: id=52608 createSurf, flag=24004, Surface(name=c86fe25 InputMethod)/@0x98695ab - animation-leash of insets_animation#52608
02-03 22:19:11.580  5872  8148 I HBD     : h Write selected lang for DE  
02-03 22:19:11.580  5872  8148 I HBD     : h writeToFile path : /data/user_de/0/com.samsung.android.honeyboard/files/fold_selected.json 
02-03 22:19:11.580  5872  8148 I HBD     : h writeToFile json : {"version":"4.1","currentLanguageOrder":0,"front_selected":[{"activeOptionList":["auto_spacing"],"bilingualId":-1,"engName":"English(India)","id":65555,"inputType":"qwerty","isUsed":true,"isUsedBilingual":false}]} 
02-03 22:19:11.580  1630  6020 D WindowManager: makeSurface duration=1 leash=Surface(name=Surface(name=c86fe25 InputMethod)/@0x98695ab - animation-leash of insets_animation)/@0x5c4706d
02-03 22:19:11.580  1630  6020 D InsetsSourceProvider: updateControlForTarget: control=InsetsSourceControl: {3 mType=ime mSurfacePosition=Point(0, 82) mInsetsHint=Insets{left=0, top=0, right=0, bottom=819}}, target=Window{5d3ffc4 u0 com.pricehunt/com.pricehunt.presentation.MainActivity}, from=com.android.server.wm.ImeInsetsSourceProvider.updateControlForTarget:17 com.android.server.wm.InsetsStateController.onControlTargetChanged:81 com.android.server.wm.DisplayContent.updateImeControlTarget:21 com.android.server.wm.DisplayContent.updateImeInputAndControlTarget:81 com.android.server.wm.WindowManagerService$LocalService.updateInputMethodTargetWindow:21 
02-03 22:19:11.581  1630  1951 D ScreenCurtainController: ForegroundPackageObserver update: com.pricehunt
02-03 22:19:11.582  1429  1429 I SurfaceFlinger: [LayerHierarchy{RequestedLayerState{com.sec.android.app.launcher/com.sec.android.app.launcher.activities.LauncherActivity$_3474#52582} no children}] reparent to OffscreenRoot
02-03 22:19:11.582  1429  1429 I SurfaceFlinger: [LayerHierarchy{RequestedLayerState{com.sec.android.app.launcher/com.sec.android.app.launcher.activities.LauncherActivity$_3474#52582} no children}] RelativeParent to null
02-03 22:19:11.582  1429  1429 I SurfaceFlinger: [LayerHierarchy{RequestedLayerState{com.sec.android.app.launcher/com.sec.android.app.launcher.activities.LauncherActivity$_21273#52586} no children}] reparent to OffscreenRoot
02-03 22:19:11.582  1429  1429 I SurfaceFlinger: [LayerHierarchy{RequestedLayerState{com.sec.android.app.launcher/com.sec.android.app.launcher.activities.LauncherActivity$_21273#52586} no children}] RelativeParent to null
02-03 22:19:11.582  1429  1429 I SurfaceFlinger: [Surface(name=c86fe25 InputMethod)/@0x98695ab - animation-leash of insets_animation#52608] attach to parent LayerHierarchy{RequestedLayerState{WindowToken{66e258d type=2011 android.os.Binder@b49e624}#51913 parentId=17} 2 children}
02-03 22:19:11.582  1630  4226 W FreecessController: getAllRunningPackagePids: Failed to read pid from /sys/fs/cgroup/uid_10330/pid_4525/cgroup.procs
02-03 22:19:11.582  1429  1429 W Layer   : gatherBufferInfo: Received unknown dataspace from gralloc
02-03 22:19:11.583  1429  1429 W Layer   : gatherBufferInfo: Received unknown dataspace from gralloc
02-03 22:19:11.583  1429  1429 W Layer   : gatherBufferInfo: Received unknown dataspace from gralloc
02-03 22:19:11.583  1429  1429 I SurfaceFlinger: id=52582 Removed com.sec.android.app.launcher/com.sec.android.app.launcher.activities.LauncherActivity$_3474#52582 (362)
02-03 22:19:11.583  1429  1429 I SurfaceFlinger: id=52586 Removed com.sec.android.app.launcher/com.sec.android.app.launcher.activities.LauncherActivity$_21273#52586 (362)
02-03 22:19:11.585  5872  5872 I HBD     : g isCoverDisplay : true, cached selected json info : SelectedLanguageInfo(languageVersion=4.1, currentLanguageOrder=0, selectedLanguageList=[SelectedLanguage(id=65555, isUsed=true, engName=English(India), inputType=qwerty, activeOptionList=[auto_spacing], bilingualId=-1, isUsedBilingual=false)]) 
02-03 22:19:11.585  5872  5872 I HBD     : p updateActionOptionFromPreference  
02-03 22:19:11.585  5872  5872 I HBD     : p before lang.activeOptionList =  [Ljava.lang.String;@cdc112 
02-03 22:19:11.585  5872  5872 I HBD     : p after lang.activeOptionList = [Ljava.lang.String;@5746a41 
02-03 22:19:11.586  5872  5872 I HBD     : h writeToFile path : /data/user/0/com.samsung.android.honeyboard/files/fold_selected.json 
02-03 22:19:11.586  5872  5872 I HBD     : h writeToFile json : {"version":"4.1","currentLanguageOrder":0,"front_selected":[{"activeOptionList":["auto_spacing"],"bilingualId":-1,"engName":"English(India)","id":65555,"inputType":"qwerty","isUsed":true,"isUsedBilingual":false}]} 
02-03 22:19:11.586  6139 18155 I HBD     : h writeToFile path : /data/user/10/com.samsung.android.honeyboard/files/fold_selected.json 
02-03 22:19:11.586  6139 18155 I HBD     : h writeToFile json : {"version":"4.1","currentLanguageOrder":0,"front_selected":[{"activeOptionList":["auto_spacing"],"bilingualId":-1,"engName":"English(India)","id":65555,"inputType":"qwerty","isUsed":true,"isUsedBilingual":false}]} 
02-03 22:19:11.586 18854 19367 I SAMSUNGWALLET: [Hint_ProcessStatusChange] fg Change, pid : 8113 , isNotify : true , isForeground : true , fg list : [8113, 3474]
02-03 22:19:11.587  5872  5872 I HBD     : h writeToFile complete 
02-03 22:19:11.587  8113  8113 I InsetsController: onStateChanged: host=com.pricehunt/com.pricehunt.presentation.MainActivity, from=android.view.ViewRootImpl.handleInsetsControlChanged:2888, state=InsetsState: {mDisplayFrame=Rect(0, 0 - 840, 2289), mDisplayCutout=DisplayCutout{insets=Rect(0, 82 - 0, 0) waterfall=Insets{left=0, top=0, right=0, bottom=0} boundingRect={Bounds=[Rect(0, 0 - 0, 0), Rect(389, 0 - 451, 82), Rect(0, 0 - 0, 0), Rect(0, 0 - 0, 0)]} cutoutPathParserInfo={CutoutPathParserInfo{displayWidth=840 displayHeight=2289 physicalDisplayWidth=840 physicalDisplayHeight=2289 density={2.65} cutoutSpec={M 0,0 H -11.80952380952381 V 30.85714285714286 H 11.80952380952381 V 0 H 0 Z @dp} rotation={0} scale={1.0} physicalPixelDisplaySizeRatio={1.0}}} sideOverrides={}}, mRoundedCorners=RoundedCorners{[RoundedCorner{position=TopLeft, radius=58, center=Point(58, 58)}, RoundedCorner{position=TopRight, radius=58, center=Point(782, 58)}, RoundedCorner{position=BottomRight, radius=58, center=Point(782, 2231)}, RoundedCorner{position=BottomLeft, radius=58, center=Point(58, 2231)}]}  mRoundedCornerFrame=Rect(0, 0 - 840, 2289), mPrivacyIndicatorBounds=PrivacyIndicatorBounds {static bounds=Rect(724, 0 - 840, 82) rotation=0}, mDisplayShape=DisplayShape{ spec=-311912193 displayWidth=832 displayHeight=2268 physicalPixelDisplaySizeRatio=1.0 rotation=0 offsetX=0 offsetY=0 scale=1.0}, mSources= { InsetsSource: {9d0a0001 mType=navigationBars mFrame=[0,2250][840,2289] mVisible=true mFlags=SUPPRESS_SCRIM mSideHint=BOTTOM mBoundingRects=null}, InsetsSource: {9d0a0004 mType=systemGestures mFrame=[0,0][78,2289] mVisible=true mFlags= mSideHint=LEFT mBoundingRects=null}, InsetsSource: {9d0a0005 mType=mandatorySystemGestures mFrame=[0,2205][840,2289] mVisible=true mFlags= mSideHint=BOTTOM mBoundingRects=null}, InsetsSource: {9d0a0006 mType=tappableElement mFrame=[0,0][0,0] mVisible=true mFlags= mSideHint=NONE mBoundingRects=null}, InsetsSource: {9d0a0024 mType=systemGestures mFrame=[762,0][840,2289] mVisible=true mFlags= mSideHint=RIGHT mBoundingRects=null}, InsetsSource: {3 mType=ime mFrame=[0,0][0,0] mVisible=false mFlags= mSideHint=NONE mBoundingRects=null}, InsetsSource: {27 mType=displayCutout mFrame=[0,0][840,82] mVisible=true mFlags= mSideHint=TOP mBoundingRects=null}, InsetsSource: {4df90004 mType=systemGestures mFrame=[0,0][0,0] mVisible=false mFlags= mSideHint=NONE mBoundingRects=null}, InsetsSource: {4df90005 mType=mandatorySystemGestures mFrame=[0,0][0,0] mVisible=false mFlags= mSideHint=NONE mBoundingRects=null}, InsetsSource: {4df90006 mType=tappableElement mFrame=[0,0][0,0] mVisible=false mFlags= mSideHint=NONE mBoundingRects=null}, InsetsSource: {4df90024 mType=systemGestures mFrame=[0,0][0,0] mVisible=false mFlags= mSideHint=NONE mBoundingRects=null}, InsetsSource: {68930000 mType=statusBars mFrame=[0,0][840,82] mVisible=true mFlags= mSideHint=TOP mBoundingRects=null}, InsetsSource: {68930005 mType=mandatorySystemGestures mFrame=[0,0][840,114] mVisible=true mFlags= mSideHint=TOP mBoundingRects=null}, InsetsSource: {68930006 mType=tappableElement mFrame=[0,0][840,82] mVisible=true mFlags= mSideHint=TOP mBoundingRects=null} }
02-03 22:19:11.587 18854 19367 I SAMSUNGWALLET: [Hint_ProcessStatusChange] fg Change, pid : 3474 , isNotify : true , isForeground : false , fg list : [8113]
02-03 22:19:11.587  8113  8113 I InsetsSourceConsumer: applyRequestedVisibilityToControl: visible=false, type=ime, host=com.pricehunt/com.pricehunt.presentation.MainActivity
02-03 22:19:11.587 18854 18854 I VRI[HintService]@dfeec42: onDisplayChanged oldDisplayState=2 newDisplayState=2
02-03 22:19:11.587  1630  1685 V WindowManager: Relayout Window{9086376 u0 Splash Screen com.pricehunt}: viewVisibility=8 req=840x2289 ty=3 d0
02-03 22:19:11.588  5872  8148 I HBD     : h writeToFile complete 
02-03 22:19:11.588 18854 22499 I SAMSUNGWALLET: [Hint_ProcessStatusChange] fg Change, pid : 8113 , isNotify : false , isForeground : true , fg list : [8113]
02-03 22:19:11.588  1630  6020 D InputMethodManagerService: isImeSwitcherDisabledPackage : false
02-03 22:19:11.588  1630  2740 D ConnectivityService: notifyType CALLBACK_CAP_CHANGED for [491 WIFI]
02-03 22:19:11.589  1429  1429 E SurfaceFlinger: alpha changed 1.000 -> 0.000 - Surface(name=c86fe25 InputMethod)/@0x98695ab - animation-leash of insets_animation#52608
02-03 22:19:11.589  1429  1429 I SurfaceFlinger: destroyed com.sec.android.app.launcher/com.sec.android.app.launcher.activities.LauncherActivity$_3474#52582
02-03 22:19:11.589  1429  1429 I SurfaceFlinger: destroyed com.sec.android.app.launcher/com.sec.android.app.launcher.activities.LauncherActivity$_21273#52586
02-03 22:19:11.589  1429  1429 I SurfaceFlinger: [LayerHierarchy{RequestedLayerState{ImeContainer#17 parentId=52594 relativeParentId=52594 z=3} 1 children}] reparent to LayerHierarchy{RequestedLayerState{ActivityRecord{463c223 u0 com.pricehunt/.presentation.MainActivity t4526}#52594 parentId=52593} 4 children}
02-03 22:19:11.589  1429  1429 I SurfaceFlinger: [LayerHierarchy{RequestedLayerState{ImeContainer#17 parentId=52594 relativeParentId=52594 z=3} 1 children}] RelativeParent to null
02-03 22:19:11.589  1429  1429 I SurfaceFlinger: [LayerHierarchy{RequestedLayerState{c86fe25 InputMethod#51914 parentId=52608} no children}] reparent to LayerHierarchy{RequestedLayerState{Surface(name=c86fe25 InputMethod)/@0x98695ab - animation-leash of insets_animation#52608 parentId=51913} 1 children}
02-03 22:19:11.589  1429  1429 I SurfaceFlinger: [LayerHierarchy{RequestedLayerState{Surface(name=c86fe25 InputMethod)/@0x98695ab - animation-leash of insets_animation#52591} no children}] reparent to OffscreenRoot
02-03 22:19:11.589  1429  1429 I SurfaceFlinger: [LayerHierarchy{RequestedLayerState{Surface(name=c86fe25 InputMethod)/@0x98695ab - animation-leash of insets_animation#52591} no children}] RelativeParent to null
02-03 22:19:11.590  1630  2778 D SemWifiApNsd:Client: lpInterface:wlan0
02-03 22:19:11.590  1429  1429 W Layer   : gatherBufferInfo: Received unknown dataspace from gralloc
02-03 22:19:11.590  1630  2778 I WifiConnectivityMonitor.NCC: sNetworkCallback(oCC) FULL : 491(valid: true/captive: false)
02-03 22:19:11.590  2991  3297 D WifiPickerTracker: updateWifiEntries capabilities
02-03 22:19:11.590  1429  1429 I Layer   : id=52582 Destroyed com.sec.android.app.launcher/com.sec.android.app.launcher.activities.LauncherActivity$_3474#52582
02-03 22:19:11.591  1630  4668 D SemWifiUsabilityStatsMonitor: onWifiUsabilityStats - seqNum 18404, isSameBssidAndFreq true
02-03 22:19:11.591  1630  2778 I WifiConnectivityMonitor.NCC: [ Transports: WIFI Capabilities: NOT_METERED&INTERNET&NOT_RESTRICTED&TRUSTED&NOT_VPN&VALIDATED&NOT_ROAMING&FOREGROUND&NOT_CONGESTED&NOT_SUSPENDED&NOT_VCN_MANAGED&NOT_BANDWIDTH_CONSTRAINED LinkUpBandwidth>=21013Kbps LinkDnBandwidth>=31860Kbps TransportInfo: <SSID: <unknown ssid>, BSSID: 02:00:00:**:**:00, MAC: 02:00:00:**:**:00, IP: /192.***.*.102, Security type: 2, Supplicant state: COMPLETED, Wi-Fi standard: 11n, RSSI: -50, Link speed: 144Mbps, Tx Link speed: 144Mbps, Max Supported Tx Link speed: 144Mbps, Rx Link speed: 130Mbps, Max Supported Rx Link speed: 144Mbps, Frequency: 2457MHz, Net ID: -1, Metered hint: false, score: 60, isUsable: true, CarrierMerged: false, SubscriptionId: -1, IsPrimary: 1, Trusted: true, Restricted: false, Ephemeral: false, OEM paid: false, OEM private: false, OSU AP: false, FQDN: <none>, Provider friendly name: <none>, Requesting package name: <none><none>MLO Information: , Is TID-To-Link negotiation supported by the AP: false, AP MLD Address: <none>, AP MLO Link Id: <none>, AP MLO Affiliated links: <none>, Vendor Data: <none>> SignalStrength: -50 AdminUids: [1000] SSID: "Kiwi2" UnderlyingNetworks: Null]
02-03 22:19:11.591  1429  1429 I Layer   : id=52586 Destroyed com.sec.android.app.launcher/com.sec.android.app.launcher.activities.LauncherActivity$_21273#52586
02-03 22:19:11.591  1630  2853 D WifiConnectivityMonitor: HANDLE_ON_CAPABILITIES_CHANGED
02-03 22:19:11.591  1429  1429 I SurfaceFlinger: id=52591 Removed Surface(name=c86fe25 InputMethod)/@0x98695ab - animation-leash of insets_animation#52591 (360)
02-03 22:19:11.591  1630  2853 I WifiConnectivityMonitor: determineMode : MODE_AGG_BY_SWITCH_TO_MOBILE_DATA_OPTION
02-03 22:19:11.591  1630  2853 D OpenNetworkQos[4.00]: updateBssidNoInternet: mBssidNoInternet = false
02-03 22:19:11.591  1630  2853 D OpenNetworkQos[4.00]: getOpenNetworkQosNoInternetStatus: false
02-03 22:19:11.591  1630  2853 D OpenNetworkQos[4.00]: getOpenNetworkQosScores: 26 26 23 
02-03 22:19:11.591  1630  2853 D KNOX_MDM_SettingsProvider: isChangeAllowed() : name = wifi_wcm_qos_sharing_score_summary
02-03 22:19:11.591  1630  2853 I WifiProfileShare: network QoS data was changed (internet), updateQoSData networkType: true, qosData: false
02-03 22:19:11.591  1630  2853 D WifiConnectivityMonitor: VALIDATED_DETECTED
02-03 22:19:11.591  1630  4255 V WifiProfileShare.Caster: update wips network, size: 0
02-03 22:19:11.591  1630  4255 D WifiProfileShare: nearby scanning settings run
02-03 22:19:11.591  1630  4255 D WifiProfileShare: network score provider settings enabled
02-03 22:19:11.591  2991  2991 D SystemUIService: SYSUI_RAM_OPTIMIZATION onTrimMemory=20
02-03 22:19:11.591  1630  4255 D OpenNetworkQos[4.00]: getOpenNetworkQosScores: 26 26 23 
02-03 22:19:11.591  2991  2991 D CentralSurfaces: SYSUI_RAM_OPTIMIZATION onTrimMemory=20
02-03 22:19:11.591  1630  4255 D OpenNetworkQos[4.00]: getOpenNetworkQosNoInternetStatus: false
02-03 22:19:11.591  1630  4255 I WifiProfileShare.Caster: current network type: 0, score: [26, 26, 23]
02-03 22:19:11.592  2991  2991 D NavigationBar: setImeWindowStatus displayId=0 vis=0 backDisposition=0 showImeSwitcher=false imeShown=false
02-03 22:19:11.592  2991  3146 D HWUI    : CacheManager::trimMemory(20)
02-03 22:19:11.592 18854 18854 I SAMSUNGWALLET: [Hint_PayHintService] Hint Status - already invisible, skip hide : Disable on home
02-03 22:19:11.593  1630  1685 V WindowManager: Relayout hash=9086376, pid=2991, syncId=-1: mAttrs={(0,0)(fillxfill) sim={adjust=pan} ty=APPLICATION_STARTING fmt=TRANSLUCENT wanim=0x1030312
02-03 22:19:11.593  1630  1685 V WindowManager:   fl=81030118
02-03 22:19:11.593  1630  1685 V WindowManager:   pfl=10000010
02-03 22:19:11.593  1630  1685 V WindowManager:   bhv=1
02-03 22:19:11.593  1630  1685 V WindowManager:   fitSides=0
02-03 22:19:11.593  1630  1685 V WindowManager:   frameRateBoostOnTouch=true
02-03 22:19:11.593  1630  1685 V WindowManager:   dvrrWindowFrameRateHint=true naviIconColor=0}
02-03 22:19:11.593  2991  3104 I InsetsController: onStateChanged: host=Splash Screen com.pricehunt, from=android.view.ViewRootImpl.relayoutWindow:11304, state=InsetsState: {mDisplayFrame=Rect(0, 0 - 840, 2289), mDisplayCutout=DisplayCutout{insets=Rect(0, 82 - 0, 0) waterfall=Insets{left=0, top=0, right=0, bottom=0} boundingRect={Bounds=[Rect(0, 0 - 0, 0), Rect(389, 0 - 451, 82), Rect(0, 0 - 0, 0), Rect(0, 0 - 0, 0)]} cutoutPathParserInfo={CutoutPathParserInfo{displayWidth=840 displayHeight=2289 physicalDisplayWidth=840 physicalDisplayHeight=2289 density={2.65} cutoutSpec={M 0,0 H -11.80952380952381 V 30.85714285714286 H 11.80952380952381 V 0 H 0 Z @dp} rotation={0} scale={1.0} physicalPixelDisplaySizeRatio={1.0}}} sideOverrides={}}, mRoundedCorners=RoundedCorners{[RoundedCorner{position=TopLeft, radius=58, center=Point(58, 58)}, RoundedCorner{position=TopRight, radius=58, center=Point(782, 58)}, RoundedCorner{position=BottomRight, radius=58, center=Point(782, 2231)}, RoundedCorner{position=BottomLeft, radius=58, center=Point(58, 2231)}]}  mRoundedCornerFrame=Rect(0, 0 - 840, 2289), mPrivacyIndicatorBounds=PrivacyIndicatorBounds {static bounds=Rect(724, 0 - 840, 82) rotation=0}, mDisplayShape=DisplayShape{ spec=-311912193 displayWidth=832 displayHeight=2268 physicalPixelDisplaySizeRatio=1.0 rotation=0 offsetX=0 offsetY=0 scale=1.0}, mSources= { InsetsSource: {9d0a0001 mType=navigationBars mFrame=[0,2250][840,2289] mVisible=true mFlags=SUPPRESS_SCRIM mSideHint=BOTTOM mBoundingRects=null}, InsetsSource: {9d0a0004 mType=systemGestures mFrame=[0,0][78,2289] mVisible=true mFlags= mSideHint=LEFT mBoundingRects=null}, InsetsSource: {9d0a0005 mType=mandatorySystemGestures mFrame=[0,2205][840,2289] mVisible=true mFlags= mSideHint=BOTTOM mBoundingRects=null}, InsetsSource: {9d0a0006 mType=tappableElement mFrame=[0,0][0,0] mVisible=true mFlags= mSideHint=NONE mBoundingRects=null}, InsetsSource: {9d0a0024 mType=systemGestures mFrame=[762,0][840,2289] mVisible=true mFlags= mSideHint=RIGHT mBoundingRects=null}, InsetsSource: {3 mType=ime mFrame=[0,0][0,0] mVisible=false mFlags= mSideHint=NONE mBoundingRects=null}, InsetsSource: {27 mType=displayCutout mFrame=[0,0][840,82] mVisible=true mFlags= mSideHint=TOP mBoundingRects=null}, InsetsSource: {4df90004 mType=systemGestures mFrame=[0,0][0,0] mVisible=false mFlags= mSideHint=NONE mBoundingRects=null}, InsetsSource: {4df90005 mType=mandatorySystemGestures mFrame=[0,0][0,0] mVisible=false mFlags= mSideHint=NONE mBoundingRects=null}, InsetsSource: {4df90006 mType=tappableElement mFrame=[0,0][0,0] mVisible=false mFlags= mSideHint=NONE mBoundingRects=null}, InsetsSource: {4df90024 mType=systemGestures mFrame=[0,0][0,0] mVisible=false mFlags= mSideHint=NONE mBoundingRects=null}, InsetsSource: {68930000 mType=statusBars mFrame=[0,0][840,82] mVisible=true mFlags= mSideHint=TOP mBoundingRects=null}, InsetsSource: {68930005 mType=mandatorySystemGestures mFrame=[0,0][840,114] mVisible=true mFlags= mSideHint=TOP mBoundingRects=null}, InsetsSource: {68930006 mType=tappableElement mFrame=[0,0][840,82] mVisible=true mFlags= mSideHint=TOP mBoundingRects=null} }
02-03 22:19:11.593  2991  3104 I VRI[pricehunt]@d89978e: Relayout returned: old=(0,0,840,2289) new=(0,0,840,2289) relayoutAsync=false req=(840,2289)8 dur=8 res=0x2 s={false 0x0} ch=true seqId=0
02-03 22:19:11.593  2991  3104 D VRI[pricehunt]@d89978e: Not drawing due to not visible. Reason=View.GONE
02-03 22:19:11.594  2991  3104 W WindowOnBackDispatcher: sendCancelIfRunning: isInProgress=false callback=android.view.ViewRootImpl$$ExternalSyntheticLambda15@8e662c1
02-03 22:19:11.594  2991  3104 I VRI[pricehunt]@d89978e: dispatchDetachedFromWindow
02-03 22:19:11.594  1630  2778 D SemWifiApTrafficPriority: onCapabilitiesChanged Wifi:wlan0,mGapiValue:31.86Uplink: 21.013
02-03 22:19:11.594 18854 18854 I SAMSUNGWALLET: [Hint_PayHintService] Hint Status - already invisible, skip hide : Disable on home
02-03 22:19:11.595  5872  8150 I HBD     : h Write selected lang for DE  
02-03 22:19:11.595  5872  8150 I HBD     : h writeToFile path : /data/user_de/0/com.samsung.android.honeyboard/files/fold_selected.json 
02-03 22:19:11.595  5872  8150 I HBD     : h writeToFile json : {"version":"4.1","currentLanguageOrder":0,"front_selected":[{"activeOptionList":["auto_spacing"],"bilingualId":-1,"engName":"English(India)","id":65555,"inputType":"qwerty","isUsed":true,"isUsedBilingual":false}]} 
02-03 22:19:11.595  2991  3297 D WifiPickerTracker: update AutoHotspot Entries() : bleAccessPoints -> 0
02-03 22:19:11.595  2991  3297 D WifiPickerTracker: handleNetworkCapabilitiesChanged
02-03 22:19:11.595  1630  5997 D WindowManager: Starting window removed Window{9086376 u0 Splash Screen com.pricehunt}
02-03 22:19:11.596  1630  5997 I WindowManager: Cancelling animation restarting=false, leash=Surface(name=Surface(name=5d3ffc4 com.pricehunt/com.pricehunt.presentation.MainActivity)/@0x987c7c7 - animation-leash of starting_reveal)/@0x4a8bd1d
02-03 22:19:11.596  1630  5997 I WindowManager: Reparenting to original parent: Surface(name=ActivityRecord{463c223 u0 com.pricehunt/.presentation.MainActivity t4526})/@0x898e1f4, destroy=false, syncState=0, syncCommitDepth=0, surface=Surface(name=5d3ffc4 com.pricehunt/com.pricehunt.presentation.MainActivity)/@0x987c7c7
02-03 22:19:11.596  1630  5997 D InputTransport: Input channel destroyed: '9086376', fd=1197
02-03 22:19:11.596  1630  5997 W InputManager-JNI: Input channel object '9086376 Splash Screen com.pricehunt (client)' was disposed without first being removed with the input manager!
02-03 22:19:11.596  1630  5997 D InputTransport: Input channel destroyed: '9086376', fd=1231
02-03 22:19:11.596  1630  5997 V WindowManager: Remove Window{9086376 u0 Splash Screen com.pricehunt}: mSurfaceController=Surface(name=Splash Screen com.pricehunt$_2991)/@0xa508ee mAnimatingExit=false mRemoveOnExit=false mHasSurface=true surfaceShowing=false animating=false app-animation=false mDisplayFrozen=false callers=com.android.server.wm.Session.remove:16 android.view.IWindowSession$Stub.onTransact:794 com.android.server.wm.Session.onTransact:1 android.os.Binder.execTransactInternal:1541 android.os.Binder.execTransact:1480 <bottom of call stack> 
02-03 22:19:11.596  5872  7208 I HBD     : i onCapabilitiesChanged network : 491 current network state : wifi 
02-03 22:19:11.596  1630  5997 I WindowManager: Destroying surface Surface(name=Splash Screen com.pricehunt$_2991)/@0xa508ee called by com.android.server.wm.WindowStateAnimator.destroySurface:11 com.android.server.wm.WindowStateAnimator.destroySurfaceLocked:54 com.android.server.wm.WindowState.removeImmediately:43 com.android.server.wm.WindowState.removeIfPossible:638 com.android.server.wm.Session.remove:16 android.view.IWindowSession$Stub.onTransact:794 com.android.server.wm.Session.onTransact:1 android.os.Binder.execTransactInternal:1541 
02-03 22:19:11.597  1429  1429 I SurfaceFlinger: Layer [Splash Screen com.pricehunt$_2991#52596] hidden!! flag(1)
02-03 22:19:11.597  1429  1429 I SurfaceFlinger: destroyed Surface(name=c86fe25 InputMethod)/@0x98695ab - animation-leash of insets_animation#52591
02-03 22:19:11.597  2991  3126 D Tile.WifiTile: handleUpdateState isTransient=false transientEnabling =false cb.isTransient=false state.state = 2 mStateBeforeClick.value =true enabled =true
02-03 22:19:11.598  1429  1429 I Layer   : id=52591 Destroyed Surface(name=c86fe25 InputMethod)/@0x98695ab - animation-leash of insets_animation#52591
02-03 22:19:11.598  1429  1429 W ComposerExtn: DisplayExtnImpl::SetActiveConfig: HWC Display 3 is not registered!
02-03 22:19:11.600  2991  3104 D InputTransport: Input channel destroyed: '9086376', fd=1044
02-03 22:19:11.601  1630  4255 V WifiProfileShare.Cache: update network score 78:32:1b:**:**:35
02-03 22:19:11.601  1630  4255 D WifiProfileShare.ScanMatcher: getMcfDataList size:1
02-03 22:19:11.601  1630  4255 I WifiProfileShare.Caster: qos data was updated , before:type:QOS, pBssid:60:45:4d, qosData:7b after:type:QOS, pBssid:60:45:4d, qosData:7b
02-03 22:19:11.601 32101 32353 I NullBinder: NullBinder for android.net.action.RECOMMEND_NETWORKS triggering remote TransactionTooLargeException due to Service without Chimera impl, calling uid: 1000, calling pid: 0
02-03 22:19:11.601 32101 32353 W .gms.persistent: Large reply transaction of 1056768 bytes, interface descriptor , code 1
02-03 22:19:11.602  1630  4255 I [MCFSDK_android_1.2.27006]_4_McfCasterImpl: isNetworkEnabled - type : 1 ret : true
02-03 22:19:11.602  1630  1956 I SurfaceControl: apply, lowDebugName=RemoveStartingRevealAnim, caller=android.view.SurfaceControl$Transaction.apply:3122 android.view.SurfaceControl$Transaction.apply:3078 com.android.server.wm.WindowAnimator.animate:380 com.android.server.wm.WindowAnimator$$ExternalSyntheticLambda1.doFrame:14 android.view.Choreographer$CallbackRecord.run:1749 android.view.Choreographer$CallbackRecord.run:1760 
02-03 22:19:11.602  1630  4226 W FreecessController: getAllRunningPackagePids: Failed to read pid from /sys/fs/cgroup/uid_10377/pid_9495/cgroup.procs
02-03 22:19:11.602  1630  4226 W FreecessController: getAllRunningPackagePids: Failed to read pid from /sys/fs/cgroup/uid_10377/pid_23257/cgroup.procs
02-03 22:19:11.603  1630  4255 D WifiProfileShare.McfCast: -ME--- mIsNetworkEnabled :true
02-03 22:19:11.603  1630  4255 D WifiProfileShare.McfCast: updateQoSData ignored, same contents
02-03 22:19:11.603  1630  4255 D WifiProfileShare.MCF: success update QosData !
02-03 22:19:11.603  1630  4255 I [MCFSDK_android_1.2.27006]_4_McfCasterImpl: isNetworkEnabled - type : 1 ret : true
02-03 22:19:11.603  1630  4255 D WifiProfileShare.McfCast: -ME--- mIsNetworkEnabled :true
02-03 22:19:11.603  1630  4255 D WifiProfileShare.McfCast: -ME--- updatePasswordDate pwdData size:1
02-03 22:19:11.603  5872  8150 I HBD     : h writeToFile complete 
02-03 22:19:11.604  5872  5872 I HBD     : g isCoverDisplay : true, cached selected json info : SelectedLanguageInfo(languageVersion=4.1, currentLanguageOrder=0, selectedLanguageList=[SelectedLanguage(id=65555, isUsed=true, engName=English(India), inputType=qwerty, activeOptionList=[auto_spacing], bilingualId=-1, isUsedBilingual=false)]) 
02-03 22:19:11.604  5872  5872 I HBD     : g isCoverDisplay : true, cached selected json info : SelectedLanguageInfo(languageVersion=4.1, currentLanguageOrder=0, selectedLanguageList=[SelectedLanguage(id=65555, isUsed=true, engName=English(India), inputType=qwerty, activeOptionList=[auto_spacing], bilingualId=-1, isUsedBilingual=false)]) 
02-03 22:19:11.604  5872  5872 I HBD     : p updateActionOptionFromPreference  
02-03 22:19:11.604  5872  5872 I HBD     : p before lang.activeOptionList =  [Ljava.lang.String;@5746a41 
02-03 22:19:11.604  5872  5872 I HBD     : p after lang.activeOptionList = [Ljava.lang.String;@2db8940 
02-03 22:19:11.604  5872  5872 I HBD     : h writeToFile path : /data/user/0/com.samsung.android.honeyboard/files/fold_selected.json 
02-03 22:19:11.605  5872  5872 I HBD     : h writeToFile json : {"version":"4.1","currentLanguageOrder":0,"front_selected":[{"activeOptionList":["auto_spacing"],"bilingualId":-1,"engName":"English(India)","id":65555,"inputType":"qwerty","isUsed":true,"isUsedBilingual":false}]} 
02-03 22:19:11.605  1429  1429 D SurfaceFlinger: Display 4630947232161729155 HWC layers:
02-03 22:19:11.605  1429  1429 D SurfaceFlinger:        DEVICE |   0xb400007b3d0b1dd0 | 0001 | RGBA_8888    |    0.0    0.0  840.0 2288.0 |    0    1  832 2267 | com.pricehunt/com.pricehunt.presentation.MainActivity$_8113#52603 (2)
02-03 22:19:11.605  1429  1429 D SurfaceFlinger:        DEVICE |   0xb400007b3d0b34e0 | 0001 | RGBA_8888    |    0.0    0.0  840.0   82.0 |    0    0  832   81 | StatusBar$_2991#135 (95110)
02-03 22:19:11.605  1429  1429 D SurfaceFlinger:        DEVICE |   0xb400007b3d0654b0 | 0001 | RGBA_8888    |    0.0    0.0   67.0  210.0 |  766 1196  832 1404 | com.sec.android.app.launcher/com.sam[...]l.app.CocktailBarService$_3474#52539 (3)
02-03 22:19:11.605  1429  1429 D SurfaceFlinger:        DEVICE |   0xb400007b3d0c45b0 | 0001 | RGBA_8888    |    0.0    0.0  840.0  126.0 |    0 2142  832 2267 | NavigationBar0$_2991#128 (55612)
02-03 22:19:11.605  1429  1429 D SurfaceFlinger: 
02-03 22:19:11.605 19051 19051 I Choreographer: Skipped 101 frames!  The application may be doing too much work on its main thread.
02-03 22:19:11.606  1630  4226 D FreecessController: BG freezed, skip OLAF unfreeze for (com.zeptoconsumerapp, 10394)
02-03 22:19:11.606  1429  1429 I SurfaceFlinger: [LayerHierarchy{RequestedLayerState{ImeContainer#17 parentId=52594 relativeParentId=52602 z=1} 1 children}] RelativeParent to LayerHierarchy{RequestedLayerState{5d3ffc4 com.pricehunt/com.pricehunt.presentation.MainActivity#52602 parentId=52594} 2 children}
02-03 22:19:11.606  1429  1429 I SurfaceFlinger: [LayerHierarchy{RequestedLayerState{Surface(name=5d3ffc4 com.pricehunt/com.pricehunt.presentation.MainActivity)/@0x987c7c7 - animation-leash of starting_reveal#52607} 1 children}] reparent to OffscreenRoot
02-03 22:19:11.606  1429  1429 I SurfaceFlinger: [LayerHierarchy{RequestedLayerState{Surface(name=5d3ffc4 com.pricehunt/com.pricehunt.presentation.MainActivity)/@0x987c7c7 - animation-leash of starting_reveal#52607} 1 children}] RelativeParent to null
02-03 22:19:11.606  1429  1429 I SurfaceFlinger: [LayerHierarchy{RequestedLayerState{9086376 Splash Screen com.pricehunt#52595 z=2147483647} 1 children}] reparent to OffscreenRoot
02-03 22:19:11.606  1429  1429 I SurfaceFlinger: [LayerHierarchy{RequestedLayerState{9086376 Splash Screen com.pricehunt#52595 z=2147483647} 1 children}] RelativeParent to null
02-03 22:19:11.606  1429  1429 I SurfaceFlinger: [LayerHierarchy{RequestedLayerState{Splash Screen com.pricehunt$_2991#52596} no children}] reparent to OffscreenRoot
02-03 22:19:11.606  1429  1429 I SurfaceFlinger: [LayerHierarchy{RequestedLayerState{Splash Screen com.pricehunt$_2991#52596} no children}] RelativeParent to null
02-03 22:19:11.606  1429  1429 I SurfaceFlinger: [LayerHierarchy{RequestedLayerState{5d3ffc4 com.pricehunt/com.pricehunt.presentation.MainActivity#52602 parentId=52594} 2 children}] reparent to LayerHierarchy{RequestedLayerState{ActivityRecord{463c223 u0 com.pricehunt/.presentation.MainActivity t4526}#52594 parentId=52593} 3 children}
02-03 22:19:11.607  1429  1429 W Layer   : gatherBufferInfo: Received unknown dataspace from gralloc
02-03 22:19:11.607  1429  1429 W Layer   : gatherBufferInfo: Received unknown dataspace from gralloc
02-03 22:19:11.607  1429  1429 I SurfaceFlinger: id=52595 Removed 9086376 Splash Screen com.pricehunt#52595 (359)
02-03 22:19:11.607  5872  5872 I HBD     : h writeToFile complete 
02-03 22:19:11.608  6139 18155 I HBD     : h writeToFile complete 
02-03 22:19:11.608  6139  6139 I HBD     : g isCoverDisplay : false, cached selected json info : SelectedLanguageInfo(languageVersion=4.1, currentLanguageOrder=0, selectedLanguageList=[SelectedLanguage(id=65555, isUsed=true, engName=English(India), inputType=qwerty, activeOptionList=[auto_spacing], bilingualId=-1, isUsedBilingual=false)]) 
02-03 22:19:11.608  6139  6139 I HBD     : g isCoverDisplay : true, cached selected json info : SelectedLanguageInfo(languageVersion=4.1, currentLanguageOrder=0, selectedLanguageList=[SelectedLanguage(id=65555, isUsed=true, engName=English(India), inputType=qwerty, activeOptionList=[auto_spacing], bilingualId=-1, isUsedBilingual=false)]) 
02-03 22:19:11.609  6139  6139 I HBD     : g isCoverDisplay : true, cached selected json info : SelectedLanguageInfo(languageVersion=4.1, currentLanguageOrder=0, selectedLanguageList=[SelectedLanguage(id=65555, isUsed=true, engName=English(India), inputType=qwerty, activeOptionList=[auto_spacing], bilingualId=-1, isUsedBilingual=false)]) 
02-03 22:19:11.609  6139  6139 I HBD     : a [UpdatePolicy] [post] a: 22 cl: 65555 kit: [0/0] vt: 0 ir: 1 
02-03 22:19:11.609  6139 18155 I HBD     : h writeToFile path : /data/user/10/com.samsung.android.honeyboard/files/fold_selected.json 
02-03 22:19:11.609  6139 18155 I HBD     : h writeToFile json : {"version":"4.1","currentLanguageOrder":0,"front_selected":[{"activeOptionList":["auto_spacing"],"bilingualId":-1,"engName":"English(India)","id":65555,"inputType":"qwerty","isUsed":true,"isUsedBilingual":false}]} 
02-03 22:19:11.609  1429  1586 I SurfaceFlinger: id=52596 Removed Splash Screen com.pricehunt$_2991#52596 (359)
02-03 22:19:11.610  5872  5872 I HBD     : g isCoverDisplay : true, cached selected json info : SelectedLanguageInfo(languageVersion=4.1, currentLanguageOrder=0, selectedLanguageList=[SelectedLanguage(id=65555, isUsed=true, engName=English(India), inputType=qwerty, activeOptionList=[auto_spacing], bilingualId=-1, isUsedBilingual=false)]) 
02-03 22:19:11.610  1630  1630 I WALLPAPER_SVC:SemWallpaperManagerService: isHomeActivityVisible : false 
02-03 22:19:11.610  5872  5872 I HBD     : g isCoverDisplay : true, cached selected json info : SelectedLanguageInfo(languageVersion=4.1, currentLanguageOrder=0, selectedLanguageList=[SelectedLanguage(id=65555, isUsed=true, engName=English(India), inputType=qwerty, activeOptionList=[auto_spacing], bilingualId=-1, isUsedBilingual=false)]) 
02-03 22:19:11.610  1630  1630 D WALLPAPER_SVC:WallpaperData: getWallpaperFile: file = /data/system/users/0/wallpaper_sub_display_orig 
02-03 22:19:11.610  1630  1630 D WALLPAPER_SVC:WallpaperData: getWallpaperFile: file = /data/system/users/0/wallpaper_sub_display_orig 
02-03 22:19:11.610  5872  5872 I HBD     : g isCoverDisplay : true, cached selected json info : SelectedLanguageInfo(languageVersion=4.1, currentLanguageOrder=0, selectedLanguageList=[SelectedLanguage(id=65555, isUsed=true, engName=English(India), inputType=qwerty, activeOptionList=[auto_spacing], bilingualId=-1, isUsedBilingual=false)]) 
02-03 22:19:11.610  5872  5872 I HBD     : g updateSelectedLanguageCache is succeeded. English(India) 
02-03 22:19:11.610  1630  5997 D KNOX_MDM_SettingsProvider: isChangeAllowed() : name = enabled_input_methods
02-03 22:19:11.610  1630  5997 D KNOX_MDM_SettingsProvider: edmUri: content://com.sec.knox.provider/RestrictionPolicy3
02-03 22:19:11.610  1630  5997 D KNOX_MDM_SettingsProvider: projectionArgs: isSettingsChangesAllowed
02-03 22:19:11.610  1630  1630 D WALLPAPER_SVC:WallpaperManagerService: dispatchHomeVisibilityChanged: visible = false, connection = com.android.server.wallpaper.WallpaperManagerService$WallpaperConnection@fc5a4d7, systemWallpaper = WallpaperData@f0ff90, id: 7, which: 17, file mod: 0, info: WallpaperInfo{com.samsung.android.wonderland.wallpaper.service.WonderLandWallpaperSubService, settings: com.samsung.android.wonderland.wallpaper.settings.LandingActivity}, engine(s): Proxy@466885, type = 7, userId = 0, uri= null, allowBackup= true, wallpaperComponent = ComponentInfo{com.samsung.android.wonderland.wallpaper/com.samsung.android.wonderland.wallpaper.service.WonderLandWallpaperSubService}, nextWallpaperComponent = ComponentInfo{com.samsung.android.wonderland.wallpaper/com.samsung.android.wonderland.wallpaper.service.WonderLandWallpaperSubService} 
02-03 22:19:11.610  1630  5997 D KNOX_MDM_SettingsProvider: selectionArgs: false
02-03 22:19:11.610  1630  5997 D KNOX_MDM_SettingsProvider: selectionArgs: 1010205
02-03 22:19:11.610  1630  1951 D PkgPredictorService-SecIpmManagerServiceImpl: bg information pid:3474 uid:10143 pkgName:com.sec.android.app.launcher
02-03 22:19:11.610  5872  5872 I HBD     : h writeToFile path : /data/user/0/com.samsung.android.honeyboard/files/fold_selected.json 
02-03 22:19:11.610  5872  5872 I HBD     : h writeToFile json : {"version":"4.1","currentLanguageOrder":0,"front_selected":[{"activeOptionList":["auto_spacing"],"bilingualId":-1,"engName":"English(India)","id":65555,"inputType":"qwerty","isUsed":true,"isUsedBilingual":false}]} 
02-03 22:19:11.610  1630  5997 D SecContentProvider: query(), uri = 17 selection = isSettingsChangesAllowed
02-03 22:19:11.610  1630  5997 D SecContentProvider: called from android.uid.honeyboard:10205
02-03 22:19:11.610  1630  5997 D EnterpriseUtils: getCallingOrCurrentUserId(): move: cxtInfo.mContainerId = 10
02-03 22:19:11.610  1630  5997 D RestrictionPolicy: isSettingsChangesAllowedAsUser, userId 10 : true
02-03 22:19:11.610  1630  5997 D KNOX_MDM_SettingsProvider: ret = 1
02-03 22:19:11.611  1630  3143 W WindowManager: Failed looking up window session=Session{e5fe81a 2991:u0a10051} callers=com.android.server.wm.WindowManagerService.windowForClientLocked:1 com.android.server.wm.Session.setOnBackInvokedCallbackInfo:15 android.view.IWindowSession$Stub.onTransact:1434 
02-03 22:19:11.611  1630  3143 I WindowManager: setOnBackInvokedCallback(): No window state for package:com.android.systemui
02-03 22:19:11.611  1630  1685 D KNOX_MDM_SettingsProvider: isChangeAllowed() : name = default_input_method
02-03 22:19:11.611  1630  1685 D KNOX_MDM_SettingsProvider: edmUri: content://com.sec.knox.provider/RestrictionPolicy3
02-03 22:19:11.611  1630  1685 D KNOX_MDM_SettingsProvider: projectionArgs: isSettingsChangesAllowed
02-03 22:19:11.611  1630  1685 D KNOX_MDM_SettingsProvider: selectionArgs: false
02-03 22:19:11.611  1630  1685 D KNOX_MDM_SettingsProvider: selectionArgs: 1010205
02-03 22:19:11.611  1630  1685 D SecContentProvider: query(), uri = 17 selection = isSettingsChangesAllowed
02-03 22:19:11.611  1630  1685 D SecContentProvider: called from android.uid.honeyboard:10205
02-03 22:19:11.611  1630  1685 D EnterpriseUtils: getCallingOrCurrentUserId(): move: cxtInfo.mContainerId = 10
02-03 22:19:11.611 18854 22499 I SAMSUNGWALLET: [Hint_ProcessStatusChange] fg Change, pid : 3474 , isNotify : false , isForeground : false , fg list : [8113]
02-03 22:19:11.611  1630  1685 D RestrictionPolicy: isSettingsChangesAllowedAsUser, userId 10 : true
02-03 22:19:11.611  1630  1685 D KNOX_MDM_SettingsProvider: ret = 1
02-03 22:19:11.611  5872  5872 I HBD     : h writeToFile complete 
02-03 22:19:11.612  1630  3143 W UserManagerService: Requested status bar icon for non-badged user 0
02-03 22:19:11.612  6139 31936 I HBD     : p updated Sub Types. English(India) 
02-03 22:19:11.613  5872  8154 I HBD     : h Write selected lang for DE  
02-03 22:19:11.613  5872  8154 I HBD     : h writeToFile path : /data/user_de/0/com.samsung.android.honeyboard/files/fold_selected.json 
02-03 22:19:11.613  6139  8155 I HBD     : h Write selected lang for DE  
02-03 22:19:11.613  5872  8154 I HBD     : h writeToFile json : {"version":"4.1","currentLanguageOrder":0,"front_selected":[{"activeOptionList":["auto_spacing"],"bilingualId":-1,"engName":"English(India)","id":65555,"inputType":"qwerty","isUsed":true,"isUsedBilingual":false}]} 
02-03 22:19:11.614  1429  1429 I SurfaceFlinger: destroyed 9086376 Splash Screen com.pricehunt#52595
02-03 22:19:11.614  1429  1429 I SurfaceFlinger: destroyed Splash Screen com.pricehunt$_2991#52596
02-03 22:19:11.615  1700  2553 I CameraService: onUidStateChanged: uid=10051, procState is changed. (1 -> 0)
02-03 22:19:11.615  1429  1429 I Layer   : id=52596 Destroyed Splash Screen com.pricehunt$_2991#52596
02-03 22:19:11.615  1429  1429 I Layer   : id=52595 Destroyed 9086376 Splash Screen com.pricehunt#52595
02-03 22:19:11.616  2991  3126 D Tile.WifiTile: handleUpdateState isTransient=false transientEnabling =false cb.isTransient=false state.state = 2 mStateBeforeClick.value =true enabled =true
02-03 22:19:11.616  5872  5872 I HBD     : g isCoverDisplay : true, cached selected json info : SelectedLanguageInfo(languageVersion=4.1, currentLanguageOrder=0, selectedLanguageList=[SelectedLanguage(id=65555, isUsed=true, engName=English(India), inputType=qwerty, activeOptionList=[auto_spacing], bilingualId=-1, isUsedBilingual=false)]) 
02-03 22:19:11.616  5872  5872 I HBD     : g isCoverDisplay : true, cached selected json info : SelectedLanguageInfo(languageVersion=4.1, currentLanguageOrder=0, selectedLanguageList=[SelectedLanguage(id=65555, isUsed=true, engName=English(India), inputType=qwerty, activeOptionList=[auto_spacing], bilingualId=-1, isUsedBilingual=false)]) 
02-03 22:19:11.616  5872  5872 I HBD     : g updateSelectedLanguageCache is succeeded. English(India) 
