02-03 21:38:36.439 31979  5258 E chromium: [ERROR:android_webview/browser/cookie_manager.cc:139] Strict Secure Cookie policy does not allow setting a secure cookie for http://www.swiggy.com/ for apps targeting >= R. Please either use the 'https:' scheme for this URL or omit the 'Secure' directive in the cookie value.
02-03 21:38:36.439 31979  5258 E chromium: [ERROR:android_webview/browser/cookie_manager.cc:139] Strict Secure Cookie policy does not allow setting a secure cookie for http://www.swiggy.com/ for apps targeting >= R. Please either use the 'https:' scheme for this URL or omit the 'Secure' directive in the cookie value.
02-03 21:38:36.439 31979  5258 E chromium: [ERROR:android_webview/browser/cookie_manager.cc:139] Strict Secure Cookie policy does not allow setting a secure cookie for http://www.swiggy.com/ for apps targeting >= R. Please either use the 'https:' scheme for this URL or omit the 'Secure' directive in the cookie value.
02-03 21:38:36.440 31979  5258 E chromium: [ERROR:android_webview/browser/cookie_manager.cc:139] Strict Secure Cookie policy does not allow setting a secure cookie for http://www.swiggy.com/ for apps targeting >= R. Please either use the 'https:' scheme for this URL or omit the 'Secure' directive in the cookie value.
02-03 21:38:36.440 31979  5258 E chromium: [ERROR:android_webview/browser/cookie_manager.cc:139] Strict Secure Cookie policy does not allow setting a secure cookie for http://www.swiggy.com/ for apps targeting >= R. Please either use the 'https:' scheme for this URL or omit the 'Secure' directive in the cookie value.
02-03 21:38:36.440 31979  5258 E chromium: [ERROR:android_webview/browser/cookie_manager.cc:139] Strict Secure Cookie policy does not allow setting a secure cookie for http://www.swiggy.com/ for apps targeting >= R. Please either use the 'https:' scheme for this URL or omit the 'Secure' directive in the cookie value.
02-03 21:38:36.441 31979 31979 I System.out: WebView: Set comprehensive Swiggy cookies for pincode=560001
02-03 21:38:36.443 31979 31979 I System.out: WebView: Set location cookies for www.swiggy.com with pincode=560001
02-03 21:38:36.453 31979 31979 I chromium: [INFO:CONSOLE:1] "COMPUTED VALUES || EXHAUSTED TRIES COUNT 1", source: https://www.flipkart.com/sw.js?k=6d70c4069cb9c9d66b04ba6b4095e8b2 (1)
02-03 21:38:36.455  1630  2890 D NetdEventListenerService: DNS Requested by 491, 10418(com.pricehunt), SUCCESS, 1ms
02-03 21:38:36.483  1429  1429 W Layer   : gatherBufferInfo: Received unknown dataspace from gralloc
02-03 21:38:36.491 31979  5159 I System.out: Amazon Fresh: Found 14 product cards
02-03 21:38:36.497 31979  5159 D CompatChangeReporter: Compat change id reported: 247079863; UID 10418; state: ENABLED
02-03 21:38:36.499  1429  1429 W Layer   : gatherBufferInfo: Received unknown dataspace from gralloc
02-03 21:38:36.500 31979  5159 I System.out: Amazon Fresh: Using ASIN: B07NXZWCX7
02-03 21:38:36.500 31979  5159 I System.out: Amazon Fresh: Product URL for 'Fresh' = https://www.amazon.in/dp/B07NXZWCX7?pincode=560001&i=nowstore
02-03 21:38:36.501 31979  5164 I System.out: Amazon: Found 20 product cards
02-03 21:38:36.504 31979  5159 I System.out: Amazon Fresh:  Added Fresh at 62.0 -> https://www.amazon.in/dp/B07NXZWCX7?pincode=560001&i=nowstore
02-03 21:38:36.508 31979  5164 I System.out: Amazon: Using ASIN: B0B76N29T8
02-03 21:38:36.511 31979  5164 I System.out: Amazon:  Added Rare Variety/Elakki/Yellow Swe at 140.0 -> https://www.amazon.in/dp/B0B76N29T8?pincode=560001
02-03 21:38:36.511 31979  5159 I System.out: Amazon Fresh: Using ASIN: B07BG8WX37
02-03 21:38:36.511 31979  5159 I System.out: Amazon Fresh: Product URL for 'Fresh' = https://www.amazon.in/dp/B07BG8WX37?pincode=560001&i=nowstore
02-03 21:38:36.515 31979  5159 I System.out: Amazon Fresh:  Added Fresh at 54.0 -> https://www.amazon.in/dp/B07BG8WX37?pincode=560001&i=nowstore
02-03 21:38:36.516  1429  1429 W Layer   : gatherBufferInfo: Received unknown dataspace from gralloc
02-03 21:38:36.517 31979  5164 I System.out: Amazon: Using ASIN: B0FYXY6552
02-03 21:38:36.522 31979  5164 I System.out: Amazon:  Added Banana Plant - Musa Velutin, B at 299.0 -> https://www.amazon.in/dp/B0FYXY6552?pincode=560001
02-03 21:38:36.522 31979  5159 I System.out: Amazon Fresh: Using ASIN: B07BG6QLP8
02-03 21:38:36.522 31979  5159 I System.out: Amazon Fresh: Product URL for 'Fresh' = https://www.amazon.in/dp/B07BG6QLP8?pincode=560001&i=nowstore
02-03 21:38:36.525 31979  5159 I System.out: Amazon Fresh:  Added Fresh at 40.0 -> https://www.amazon.in/dp/B07BG6QLP8?pincode=560001&i=nowstore
02-03 21:38:36.532 31979  5159 I System.out: Amazon Fresh: Using ASIN: B07HN6SNDL
02-03 21:38:36.532 31979  5159 I System.out: Amazon Fresh: Product URL for 'Fresh' = https://www.amazon.in/dp/B07HN6SNDL?pincode=560001&i=nowstore
02-03 21:38:36.533  1429  1429 W Layer   : gatherBufferInfo: Received unknown dataspace from gralloc
02-03 21:38:36.535 31979  5159 I System.out: Amazon Fresh:  Added Fresh at 34.0 -> https://www.amazon.in/dp/B07HN6SNDL?pincode=560001&i=nowstore
02-03 21:38:36.535 31979  5164 I System.out: Amazon: Using ASIN: B0CF68CHRP
02-03 21:38:36.539 31979  5164 I System.out: Amazon:  Added Mphmi at 299.0 -> https://www.amazon.in/dp/B0CF68CHRP?pincode=560001
02-03 21:38:36.539 31979  5159 I System.out: Amazon Fresh: Using ASIN: B07CPFQWW2
02-03 21:38:36.539 31979  5159 I System.out: Amazon Fresh: Product URL for 'Fresh' = https://www.amazon.in/dp/B07CPFQWW2?pincode=560001&i=nowstore
02-03 21:38:36.541 31979  5159 I System.out: Amazon Fresh:  Added Fresh at 53.0 -> https://www.amazon.in/dp/B07CPFQWW2?pincode=560001&i=nowstore
02-03 21:38:36.546 31979  5159 I System.out: Amazon Fresh: Using ASIN: B07BG65QLK
02-03 21:38:36.546 31979  5159 I System.out: Amazon Fresh: Product URL for 'Fresh' = https://www.amazon.in/dp/B07BG65QLK?pincode=560001&i=nowstore
02-03 21:38:36.548 31979  5159 I System.out: Amazon Fresh:  Added Fresh at 20.0 -> https://www.amazon.in/dp/B07BG65QLK?pincode=560001&i=nowstore
02-03 21:38:36.549  1429  1429 W Layer   : gatherBufferInfo: Received unknown dataspace from gralloc
02-03 21:38:36.550 31979  5164 I System.out: Amazon: Using ASIN: B0BS3LJWSP
02-03 21:38:36.553 31979  5159 I System.out: Amazon Fresh: Using ASIN: B0BS6FXQQW
02-03 21:38:36.553 31979  5159 I System.out: Amazon Fresh: Product URL for 'Fresh' = https://www.amazon.in/dp/B0BS6FXQQW?pincode=560001&i=nowstore
02-03 21:38:36.554 31979  5159 I System.out: Amazon Fresh:  Added Fresh at 6.0 -> https://www.amazon.in/dp/B0BS6FXQQW?pincode=560001&i=nowstore
02-03 21:38:36.554 31979  5164 I System.out: Amazon:  Added Nursery Live at 99.0 -> https://www.amazon.in/dp/B0BS3LJWSP?pincode=560001
02-03 21:38:36.555 31979 31979 I System.out: WebView Console: Warning: Component with name Placeholderis not available. Returning a fallback View (https://static-assets-web.flixcart.com/batman-returns/batman-returns/p/0dabfea1025c670ad99726ae9939d123/CrossCommon.js:1)
02-03 21:38:36.557 31979  5159 I System.out: Amazon Fresh: Using ASIN: B0DQTGWGKK
02-03 21:38:36.557 31979  5159 I System.out: Amazon Fresh: Product URL for 'Fresh' = https://www.amazon.in/dp/B0DQTGWGKK?pincode=560001&i=nowstore
02-03 21:38:36.559 31979  5159 I System.out: Amazon Fresh:  Added Fresh at 63.0 -> https://www.amazon.in/dp/B0DQTGWGKK?pincode=560001&i=nowstore
02-03 21:38:36.563 31979  5159 I System.out: Amazon Fresh: Using ASIN: B07KKJWF6K
02-03 21:38:36.563 31979  5159 I System.out: Amazon Fresh: Product URL for 'Fresh' = https://www.amazon.in/dp/B07KKJWF6K?pincode=560001&i=nowstore
02-03 21:38:36.565 31979  5164 I System.out: Amazon: Using ASIN: B0DFVB2QKB
02-03 21:38:36.566 31979  5159 I System.out: Amazon Fresh:  Added Fresh at 85.0 -> https://www.amazon.in/dp/B07KKJWF6K?pincode=560001&i=nowstore
02-03 21:38:36.566  1429  1429 W Layer   : gatherBufferInfo: Received unknown dataspace from gralloc
02-03 21:38:36.568 31979  5164 I System.out: Amazon:  Added M-Tech Gardens at 260.0 -> https://www.amazon.in/dp/B0DFVB2QKB?pincode=560001
02-03 21:38:36.570 31979  5159 I System.out: Amazon Fresh: Using ASIN: B07BG8F1FN
02-03 21:38:36.570 31979  5159 I System.out: Amazon Fresh: Product URL for 'Fresh' = https://www.amazon.in/dp/B07BG8F1FN?pincode=560001&i=nowstore
02-03 21:38:36.572 31979  5164 I System.out: Amazon: Using ASIN: B0BS3NFH27
02-03 21:38:36.572 31979  5159 I System.out: Amazon Fresh:  Added Fresh at 18.0 -> https://www.amazon.in/dp/B07BG8F1FN?pincode=560001&i=nowstore
02-03 21:38:36.575 31979  5164 I System.out: Amazon:  Added Nursery Live at 99.0 -> https://www.amazon.in/dp/B0BS3NFH27?pincode=560001
02-03 21:38:36.576 31979  5164 I System.out: Amazon:  Found 6 products
02-03 21:38:36.576 31979  5164 I System.out: Amazon: [RAW] Got 5 products
02-03 21:38:36.576 31979  5159 I System.out: Amazon Fresh: Using ASIN: B07L8HNL7X
02-03 21:38:36.576 31979  5159 I System.out: Amazon Fresh: Product URL for 'Fresh' = https://www.amazon.in/dp/B07L8HNL7X?pincode=560001&i=nowstore
02-03 21:38:36.578 31979  5159 I System.out: Amazon Fresh:  Added Fresh at 114.0 -> https://www.amazon.in/dp/B07L8HNL7X?pincode=560001&i=nowstore
02-03 21:38:36.581 31979  5159 I System.out: Amazon Fresh: Using ASIN: B07BG6X1QH
02-03 21:38:36.581 31979  5159 I System.out: Amazon Fresh: Product URL for 'Fresh' = https://www.amazon.in/dp/B07BG6X1QH?pincode=560001&i=nowstore
02-03 21:38:36.583 31979  5159 I System.out: Amazon Fresh:  Added Fresh at 153.0 -> https://www.amazon.in/dp/B07BG6X1QH?pincode=560001&i=nowstore
02-03 21:38:36.583  1429  1429 W Layer   : gatherBufferInfo: Received unknown dataspace from gralloc
02-03 21:38:36.585 31979  5159 I System.out: Amazon Fresh: Using ASIN: B07BG7YLLV
02-03 21:38:36.585 31979  5159 I System.out: Amazon Fresh: Product URL for 'Fresh' = https://www.amazon.in/dp/B07BG7YLLV?pincode=560001&i=nowstore
02-03 21:38:36.587 31979  5159 I System.out: Amazon Fresh:  Added Fresh at 34.0 -> https://www.amazon.in/dp/B07BG7YLLV?pincode=560001&i=nowstore
02-03 21:38:36.587 31979  5164 I System.out: Amazon:  5 products (raw, unfiltered)
02-03 21:38:36.587 31979  5164 I System.out: Amazon: Completed (1/10)
02-03 21:38:36.590 31979  5159 I System.out: Amazon Fresh: Using ASIN: B0DPTG9MXT
02-03 21:38:36.590 31979  5159 I System.out: Amazon Fresh: Product URL for 'Fresh' = https://www.amazon.in/dp/B0DPTG9MXT?pincode=560001&i=nowstore
02-03 21:38:36.591 31979  5159 I System.out: Amazon Fresh:  Added Fresh at 35.0 -> https://www.amazon.in/dp/B0DPTG9MXT?pincode=560001&i=nowstore
02-03 21:38:36.591 31979  5159 I System.out: Amazon Fresh:  Found 14 products
02-03 21:38:36.591 31979  5159 I System.out: Amazon Fresh: Returning 5 products: [Fresh, 0 mg, Fresh, 0 mg, Fresh, 0 mg, Fresh, 0 mg, Fresh, 0 mg]
02-03 21:38:36.591 31979  5159 I System.out: Amazon Fresh: [RAW] Got 5 products
02-03 21:38:36.594 31979 31979 I System.out: WebView Console: Warning: Component with name RNShimmeringViewis not available. Returning a fallback View (https://static-assets-web.flixcart.com/batman-returns/batman-returns/p/0dabfea1025c670ad99726ae9939d123/CrossCommon.js:1)
02-03 21:38:36.595 31979 31979 I System.out: [STREAM] Amazon: 5 products at 2083ms
02-03 21:38:36.595 31979  5159 I System.out: Amazon Fresh:  5 products (raw, unfiltered)
02-03 21:38:36.595 31979  5159 I System.out: Amazon Fresh: Completed (2/10)
02-03 21:38:36.596 31979 31979 I System.out:  Per-platform AI: Amazon - queued (5 products, timeout=4000ms, reason=fresh)
02-03 21:38:36.596 31979 31979 I System.out:  Per-platform AI: Amazon - started
02-03 21:38:36.597 31979 31979 I System.out:  Best Deal Search: 'banana fresh'  Primary keyword: 'banana'
02-03 21:38:36.598  1630  2851 D SemWifiSwitchForIndividualAppsService: isSkipTcpMonitorInfo - result:1
02-03 21:38:36.599  1429  1429 W Layer   : gatherBufferInfo: Received unknown dataspace from gralloc
02-03 21:38:36.600 31979 31979 I System.out:  Relevance: HIGH=2, MEDIUM=3, LOW=0
02-03 21:38:36.600 31979 31979 I System.out:    HIGH [20]: Rare Variety/Elakki/Yellow Sweet Fruit B = 140.0
02-03 21:38:36.600 31979 31979 I System.out:    HIGH [50]: Banana Plant - Musa Velutin, Banana G-9, = 299.0
02-03 21:38:36.601 31979 31979 I System.out:    MED [0]: Nursery Live, 99 m = 99.0
02-03 21:38:36.601 31979 31979 I System.out:    MED [0]: M-Tech Gardens, 260 m = 260.0
02-03 21:38:36.601 31979 31979 I System.out:    MED [0]: Mphmi, 299 m = 299.0
02-03 21:38:36.601 31979 31979 I System.out: SearchIntelligence:  Banana Plant - Musa Velutin, B  1.0/m
02-03 21:38:36.602 31979 31979 I System.out:    Per-unit comparison: 1 products have calculable unit price
02-03 21:38:36.602 31979 31979 I System.out:      Banana Plant - Musa Velutin, Banana = 299.0 (1.0/m)
02-03 21:38:36.602 31979 31979 I System.out:    Raw cheapest: Rare Variety/Elakki/Yellow Sweet Fruit B (per-unit best too expensive)
02-03 21:38:36.602 31979 31979 I System.out:  Best Deal: Rare Variety/Elakki/Yellow Sweet Fruit Banana Live = 140.0
02-03 21:38:36.602 31979 31979 I System.out:  Scraping: 1/10 platforms, Total: 5
02-03 21:38:36.602 31979 31979 I System.out: [STREAM] Amazon Fresh: 5 products at 2090ms
02-03 21:38:36.602 31979 31979 I System.out:  Per-platform AI: Amazon Fresh - queued (5 products, timeout=4000ms, reason=fresh)
02-03 21:38:36.603 31979 31979 I System.out:  Per-platform AI: Amazon Fresh - started
02-03 21:38:36.603 31979 31979 I System.out:  Best Deal Search: 'banana fresh'  Primary keyword: 'banana'
02-03 21:38:36.607 31979 31979 I System.out:  Relevance: HIGH=2, MEDIUM=8, LOW=0
02-03 21:38:36.607 31979 31979 I System.out:    HIGH [20]: Rare Variety/Elakki/Yellow Sweet Fruit B = 140.0
02-03 21:38:36.608 31979 31979 I System.out:    HIGH [50]: Banana Plant - Musa Velutin, Banana G-9, = 299.0
02-03 21:38:36.608 31979 31979 I System.out:    MED [10]: Fresh, 0 mg = 34.0
02-03 21:38:36.608 31979 31979 I System.out:    MED [10]: Fresh, 0 mg = 40.0
02-03 21:38:36.608 31979 31979 I System.out:    MED [10]: Fresh, 0 mg = 53.0
02-03 21:38:36.608 31979 31979 I System.out: SearchIntelligence:  Banana Plant - Musa Velutin, B  1.0/m
02-03 21:38:36.608 31979 31979 I System.out:    Per-unit comparison: 1 products have calculable unit price
02-03 21:38:36.608 31979 31979 I System.out:      Banana Plant - Musa Velutin, Banana = 299.0 (1.0/m)
02-03 21:38:36.609 31979 31979 I System.out:    Raw cheapest: Rare Variety/Elakki/Yellow Sweet Fruit B (per-unit best too expensive)
02-03 21:38:36.609 31979 31979 I System.out:  Best Deal: Rare Variety/Elakki/Yellow Sweet Fruit Banana Live = 140.0
02-03 21:38:36.609 31979 31979 I System.out:  Scraping: 2/10 platforms, Total: 10
02-03 21:38:36.609 31979 31979 I System.out: WebView Console: Warning: Component with name GifViewis not available. Returning a fallback View (https://static-assets-web.flixcart.com/batman-returns/batman-returns/p/0dabfea1025c670ad99726ae9939d123/CrossCommon.js:1)
02-03 21:38:36.609 31979 31979 I System.out: WebView Console: Warning: Component with name LiveVideoViewis not available. Returning a fallback View (https://static-assets-web.flixcart.com/batman-returns/batman-returns/p/0dabfea1025c670ad99726ae9939d123/CrossCommon.js:1)
02-03 21:38:36.616  1429  1429 W Layer   : gatherBufferInfo: Received unknown dataspace from gralloc
02-03 21:38:36.617 31979  5350 I okhttp.OkHttpClient: --> POST https://pricehunt-hklm.onrender.com/api/smart-search (3581-byte body)
02-03 21:38:36.617 31979  5349 I okhttp.OkHttpClient: --> POST https://pricehunt-hklm.onrender.com/api/smart-search (3117-byte body)
02-03 21:38:36.647  1231  8673 I sensors-hal: handle_sns_client_event:540, [0][10051] accel_sample [-0.243,  1.582,  9.788] 340073085080663
02-03 21:38:36.657 31979 31979 D ConnectivityManager: StackLog: [android.net.ConnectivityManager.sendRequestForNetwork(ConnectivityManager.java:4738)] [android.net.ConnectivityManager.sendRequestForNetwork(ConnectivityManager.java:4906)] [android.net.ConnectivityManager.registerNetworkCallback(ConnectivityManager.java:5323)] [android.net.ConnectivityManager.registerNetworkCallback(ConnectivityManager.java:5293)] [coil.network.RealNetworkObserver.<init>(NetworkObserver.kt:88)] [coil.network.NetworkObserverKt.NetworkObserver(NetworkObserver.kt:33)] [coil.util.SystemCallbacks.<init>(SystemCallbacks.kt:31)] [coil.RealImageLoader.<init>(RealImageLoader.kt:79)] [coil.ImageLoader$Builder.build(ImageLoader.kt:529)] [coil.ImageLoaders.create(ImageLoaders.kt:16)] [coil.Coil.newImageLoader(Coil.kt:75)] [coil.Coil.imageLoader(Coil.kt:27)] [coil.compose.ImageLoaderProvidableCompositionLocal.getCurrent(LocalImageLoader.kt:57)] [coil.compose.SingletonAsyncImageKt.AsyncImage-3HmZ8SU(SingletonAsyncImage.kt:117)] [com.pricehunt.presentation.components.BestDealCardKt.BestDealContent(BestDealCard.kt:213)] [com.pricehunt.presentation.components.BestDealCardKt.access$BestDealContent(BestDealCard.kt:1)] [com.pricehunt.presentation.components.BestDealCardKt$BestDealCard$4$1.invoke(BestDealCard.kt:101)] [com.pricehunt.presentation.components.BestDealCardKt$BestDealCard$4$1.invoke(BestDealCard.kt:78)] [androidx.compose.runtime.internal.ComposableLambdaImpl.invoke(ComposableLambda.jvm.kt:117)] [androidx.compose.runtime.internal.ComposableLambdaImpl$invoke$1.invoke(ComposableLambda.jvm.kt:129)] [androidx.compose.runtime.internal.ComposableLambdaImpl$invoke$1.invoke(ComposableLambda.jvm.kt:128)] [androidx.compose.runtime.RecomposeScopeImpl.compose(RecomposeScopeImpl.kt:169)] [androidx.compose.runtime.ComposerImpl.recomposeToGroupEnd(Composer.kt:2468)] [androidx.compose.runtime.ComposerImpl.skipToGroupEnd(Composer.kt:2760)] [androidx.compose.material3.CardKt.Card(Card.kt:95)] [com.pricehunt.presentation.components.BestDealCardKt$BestDealCard$4.invoke(BestDealCard.kt:69)] [com.pricehunt.presentation.components.BestDealCardKt$BestDealCard$4.invoke(BestDealCard.kt:68)] [androidx.compose.runtime.internal.ComposableLambdaImpl.invoke(ComposableLambda.jvm.kt:117)] [androidx.compose.runtime.internal.ComposableLambdaImpl$invoke$1.invoke(ComposableLambda.jvm.kt:129)] [androidx.compose.runtime.internal.ComposableLambdaImpl$invoke$1.invoke(ComposableLambda.jvm.kt:128)] [androidx.compose.runtime.RecomposeScopeImpl.compose(RecomposeScopeImpl.kt:169)] [androidx.compose.runtime.ComposerImpl.recomposeToGroupEnd(Composer.kt:2468)] [androidx.compose.runtime.ComposerImpl.skipToGroupEnd(Composer.kt:2760)] [androidx.compose.animation.AnimatedVisibilityKt.AnimatedVisibility(AnimatedVisibility.kt:130)] [com.pricehunt.presentation.components.BestDealCardKt.BestDealCard(BestDealCard.kt:64)] [com.pricehunt.presentation.screens.home.HomeScreenKt$HomeScreen$1$1$4.invoke(HomeScreen.kt:196)] [com.pricehunt.presentation.screens.home.HomeScreenKt$HomeScreen$1$1$4.invoke(HomeScreen.kt:195)] [androidx.compose.runtime.internal.ComposableLambdaImpl.invoke(ComposableLambda.jvm.kt:117)] [androidx.compose.runtime.internal.ComposableLambdaImpl.invoke(ComposableLambda.jvm.kt:35)] [androidx.compose.foundation.lazy.LazyListIntervalContent$item$3.invoke(LazyListIntervalContent.kt:59)] [androidx.compose.foundation.lazy.LazyListIntervalContent$item$3.invoke(LazyListIntervalContent.kt:59)] [androidx.compose.runtime.internal.ComposableLambdaImpl.invoke(ComposableLambda.jvm.kt:138)] [androidx.compose.runtime.internal.ComposableLambdaImpl.invoke(ComposableLambda.jvm.kt:35)] [androidx.compose.foundation.lazy.LazyListItemProviderImpl$Item$1.invoke(LazyListItemProvider.kt:79)] [androidx.compose.foundation.lazy.LazyListItemProviderImpl$Item$1.invoke(LazyListItemProvider.kt:77)] [androidx.compose.runtime.internal.ComposableLambdaImpl.invoke(ComposableLambda.jvm.kt:108)] [androidx.compose.runtime.internal.ComposableLambdaImpl.invoke(ComposableLambda.jvm.kt:35)] [androidx.compose.runtime.CompositionLocalKt.Comp
02-03 21:38:36.667  1630  2890 D NetdEventListenerService: DNS Requested by 491, 10418(com.pricehunt), SUCCESS, 47ms
02-03 21:38:36.668  1630  2890 D NetdEventListenerService: DNS Requested by 491, 10418(com.pricehunt), SUCCESS, 45ms
02-03 21:38:36.670  1630  2740 D ConnectivityService: Rematched networks [computed 1ms] [applied 2ms] [issued 7]
02-03 21:38:36.670  1630  2740 D ConnectivityService: NetworkReassignment : no changes
02-03 21:38:36.671  1630  2890 D NetdEventListenerService: DNS Requested by 491, 10362(com.instagram.android), 4(FAIL), isBlocked=true, 0ms
02-03 21:38:36.684  1630  2890 D NetdEventListenerService: DNS Requested by 491, 10418(com.pricehunt), SUCCESS, 16ms
02-03 21:38:36.702 31979  5158 I System.out: DirectApiScraper: JioMart: HTTP 400
02-03 21:38:36.702 31979  5158 I System.out: JioMart Quick: Direct API failed (HTTP 400)
02-03 21:38:36.703 31979  5158 I System.out: JioMart Quick: HTTP request to https://www.jiomart.com/search/banana+fresh?deliveryType=express
02-03 21:38:36.707  1630  2890 D NetdEventListenerService: DNS Requested by 491, 10418(com.pricehunt), SUCCESS, 1ms
02-03 21:38:36.771  1630  2848 V SemStrongRssiRoaming: EVENT_GET_WIFI_INFO_POLL (-47)
02-03 21:38:36.772 20149 20149 I wpa_sslib: cmd: GETNCHOMODE
02-03 21:38:36.772 20149 20149 I wpa_sslib: Response: GETNCHOMODE 0
02-03 21:38:36.774  1630  2731 V SemStrongRssiRoaming: Partial scan success
02-03 21:38:36.777  1744  1744 W wificond: Failed to get NL80211_ATTR_MAX_NUM_AKM_SUITES
02-03 21:38:36.783  1744  1744 W wificond: Failed to get NL80211_ATTR_MAX_NUM_AKM_SUITES
02-03 21:38:36.786  1744  1744 W wificond: Failed to get NL80211_ATTR_MAX_NUM_AKM_SUITES
02-03 21:38:36.789  1744  1744 W wificond: Failed to get NL80211_ATTR_MAX_NUM_AKM_SUITES
02-03 21:38:36.802   830   830 D io_stats: !@   8,0 r 30779720 936655528 w 9311758 149119612 d 3399947 361461912 f 0 0 iot 16386308 0 th 0 0 0 pt 0 inp 0 0 152018.906
02-03 21:38:36.803   830   830 D io_stats: !@ Read_top(KB): ThreadPoolForeg(5291) 84672 com.pricehunt(31979) 52200 ocessService0:0(5216) 38504
02-03 21:38:36.803   830   830 D io_stats: !@ Write_top(KB): com.pricehunt(31979) 1056 kworker/u16:3(11472) 36 id.diagmonagent(6036) 28
02-03 21:38:36.805 31979  5158 I System.out: JioMart Quick: HTTP 403
02-03 21:38:36.841  2973  4044 D PhoneInterfaceManager: setDataEnabledForReason() Reason=1 Pid=1630 App=system
02-03 21:38:36.850  1429  1429 W Layer   : gatherBufferInfo: Received unknown dataspace from gralloc
02-03 21:38:36.862 31979 31979 I System.out: WebView: Anti-detection script injected on page start
02-03 21:38:36.864 31979 31979 I System.out: WebView Console: ServiceWorker registration successful with scope:  https://www.flipkart.com/ (https://www.flipkart.com/search?q=banana+fresh:1749)
02-03 21:38:36.864 31979 31979 I System.out: WebView Console: ServiceWorker is active and sending message :  https://www.flipkart.com/ (https://www.flipkart.com/search?q=banana+fresh:1758)
02-03 21:38:36.867  1429  1429 W Layer   : gatherBufferInfo: Received unknown dataspace from gralloc
02-03 21:38:36.877 31979 31979 I System.out: WebView Console: Sync registration failed for web push Heart beat: UnknownError: Background Sync is disabled. (https://www.flipkart.com/search?q=banana+fresh:1780)
02-03 21:38:36.884  1429  1429 W Layer   : gatherBufferInfo: Received unknown dataspace from gralloc
02-03 21:38:36.892  6716 12947 I ObjectPool@9791306: Ph_[checker Pool remains: , 9, ] [pool-94-thread-1] 
02-03 21:38:36.899  1429  1429 W Layer   : gatherBufferInfo: Received unknown dataspace from gralloc
02-03 21:38:36.899 31979  5158 I System.out: JioMart Quick: HTTP 403
02-03 21:38:36.900 31979  5158 I System.out: JioMart Quick: Using WebView (SPA site)...
02-03 21:38:36.900 31979  5158 I System.out: JioMart Quick: Loading https://www.jiomart.com/search/banana+fresh?deliveryType=express
02-03 21:38:36.900 31979  5158 I System.out: WebView: Location set to pincode=560001, lat=12.9352, lon=77.6245
02-03 21:38:36.917  1630  6020 D WifiNl80211Manager: Scan result ready event
02-03 21:38:36.917  1630  6020 D WifiNative: Scan result ready event
02-03 21:38:36.917  1880 29953 I LOWI-9.0.0.89.z: [LOWI-Scan] lowi_close_record:Scan done in 340051731ms, 5 APs in scan results
02-03 21:38:36.918  1209  3586 I vendor.qti.bluetooth@1.0-ibs_handler: ProcessIbsCmd: Received IBS_WAKE_IND: 0xFD
02-03 21:38:36.918  1209  3586 D vendor.qti.bluetooth@1.0-ibs_handler: SerialClockVote: vote for UART CLK ON
02-03 21:38:36.919  1209  3586 D vendor.qti.bluetooth@1.0-wake_lock: Acquire wakelock is acquired 
02-03 21:38:36.919  1209  3586 I vendor.qti.bluetooth@1.0-ibs_handler: ProcessIbsCmd: Writing IBS_WAKE_ACK
02-03 21:38:36.920  1630  2731 D WificondScannerImpl: Filtering out 1 scan results.
02-03 21:38:36.920  1630  2731 V SemStrongRssiRoaming: Partial scan onResults
02-03 21:38:36.920  1630  2731 D SemStrongRssiRoaming: Received 4 partial scan results
02-03 21:38:36.921  1630  2814 V SemWifiScanPool: updateScanResult, partial scan:4 configKeys: 12 pool_bssid:73 pool_configKeys:25
02-03 21:38:36.921  1630  3226 D SLocation: ReceiverPair - handleWifiScan - wifi scanned enter
02-03 21:38:36.921  1630  3226 D SLocation: ReceiverPair - ignore direction of location due to wifi, id = 1, reason = 500
02-03 21:38:36.921  1630  3226 I SLocation: ReceiverPairWithWifi - handle Wifi Scans ID = 16
02-03 21:38:36.921  1630  3226 I SLocation: ReceiverPairWithWifi - force set enter id=16 by wifi scan
02-03 21:38:36.921  1630  3226 D SLocation: ReceiverPair - ignore direction of location due to wifi, id = 16, reason = 500
02-03 21:38:36.921  1630  3226 D SLocation: ReceiverPair - handleWifiScan - wifi scanned enter
02-03 21:38:36.921  1630  3226 D SLocation: ReceiverPair - ignore direction of location due to wifi, id = 19, reason = 500
02-03 21:38:36.921  1630  3226 I SLocation: ReceiverPairWithWifi - handle Wifi Scans ID = 179
02-03 21:38:36.921  1630  3226 I SLocation: ReceiverPairWithWifi - handle Wifi Scans ID = 191
02-03 21:38:36.921  1630  3226 I SLocation: ReceiverPairWithWifi - force set enter id=191 by wifi scan
02-03 21:38:36.921  1630  3226 D SLocation: ReceiverPair - ignore direction of location due to wifi, id = 191, reason = 500
02-03 21:38:36.921  1630  3226 I SLocation: ReceiverPairWithWifi - handle Wifi Scans ID = 193
02-03 21:38:36.921  1630  3226 I SLocation: ReceiverPairWithWifi - force set enter id=193 by wifi scan
02-03 21:38:36.921  1630  3226 D SLocation: ReceiverPair - ignore direction of location due to wifi, id = 193, reason = 500
02-03 21:38:36.923  1630  2890 D NetdEventListenerService: DNS Requested by 491, 10418(com.pricehunt), SUCCESS, 41ms
02-03 21:38:36.924  1630  2680 I AppsFilter: interaction: PackageSetting{773c491 com.pricehunt/10418} -> PackageSetting{24451a5 com.touchtype.swiftkey/10294} BLOCKED
02-03 21:38:36.924  1630  2890 D NetdEventListenerService: DNS Requested by 491, 10418(com.pricehunt), SUCCESS, 25ms
02-03 21:38:36.928  3245  3607 I BtGatt.ScanHelper: onScanResult to scannerId: 5- eventType=0x1a, addressType=1, address=XX:XX:XX:XX:E0:48, primaryPhy=1, secondaryPhy=0, advertisingSid=0xff, txPower=127, rssi=-85, periodicAdvInt=0x0
02-03 21:38:36.932  1429  1429 W Layer   : gatherBufferInfo: Received unknown dataspace from gralloc
02-03 21:38:36.933 31979 31979 I System.out: WebView: Created with User-Agent: Mozilla/5.0 (Linux; Android 13; Pixel 7 Pro) AppleWebKit/537.36 (KHTML, like Gecko) Chrome/120.0.6099.230 Mobile Safari/537.36
02-03 21:38:36.934  1630  2727 I HalDevMgr: bestIfaceCreationProposal is null, requestIface=STA, existingIface=[name=wlan0 type=STA]
02-03 21:38:36.950  1630  2890 D NetdEventListenerService: DNS Requested by 491, 10418(com.pricehunt), SUCCESS, 93ms
02-03 21:38:36.967  1209  3586 I vendor.qti.bluetooth@1.0-ibs_handler: ProcessIbsCmd: Received IBS_SLEEP_IND: 0xFE
02-03 21:38:36.967  1209  3586 D vendor.qti.bluetooth@1.0-ibs_handler: SerialClockVote: vote for UART CLK OFF
02-03 21:38:36.974 31979 31979 I System.out: WebView: Set location cookies for www.jiomart.com with pincode=560001
02-03 21:38:36.981 31979 31979 I System.out: WebView Console: Anti-detection script injected successfully (:175)
02-03 21:38:36.982 31979 31979 I System.out: WebView Console: Anti-detection script injected successfully (:175)
02-03 21:38:36.988  1630  2890 D NetdEventListenerService: DNS Requested by 491, 10418(com.pricehunt), SUCCESS, 98ms
02-03 21:38:37.001  1429  1429 W Layer   : gatherBufferInfo: Received unknown dataspace from gralloc
02-03 21:38:37.006  1630  2890 D NetdEventListenerService: DNS Requested by 491, 10418(com.pricehunt), SUCCESS, 148ms
02-03 21:38:37.012  1209  3586 I vendor.qti.bluetooth@1.0-ibs_handler: ProcessIbsCmd: Received IBS_WAKE_IND: 0xFD
02-03 21:38:37.012  1209  3586 D vendor.qti.bluetooth@1.0-ibs_handler: SerialClockVote: vote for UART CLK ON
02-03 21:38:37.012  1209  3586 I vendor.qti.bluetooth@1.0-ibs_handler: ProcessIbsCmd: Writing IBS_WAKE_ACK
02-03 21:38:37.017  3245  3607 I BtGatt.ScanHelper: onScanResult to scannerId: 5- eventType=0x1a, addressType=1, address=XX:XX:XX:XX:E0:48, primaryPhy=1, secondaryPhy=0, advertisingSid=0xff, txPower=127, rssi=-90, periodicAdvInt=0x0
02-03 21:38:37.018  1429  1429 W Layer   : gatherBufferInfo: Received unknown dataspace from gralloc
02-03 21:38:37.018 17606 17878 I BCMGR[11.2.04.4]: BeaconMainController] onReceive - [1 : bad rssi][2 : bad rssi][3 : bad rssi][4 : bad rssi][5 : bad rssi][6 : bad rssi][7 : bad rssi][8 : bad rssi][9 : bad rssi][10 : bad rssi]
02-03 21:38:37.034  1429  1429 W Layer   : gatherBufferInfo: Received unknown dataspace from gralloc
02-03 21:38:37.051  1429  1429 W Layer   : gatherBufferInfo: Received unknown dataspace from gralloc
02-03 21:38:37.056  1209  3586 I vendor.qti.bluetooth@1.0-ibs_handler: ProcessIbsCmd: Received IBS_SLEEP_IND: 0xFE
02-03 21:38:37.056  1209  3586 D vendor.qti.bluetooth@1.0-ibs_handler: SerialClockVote: vote for UART CLK OFF
02-03 21:38:37.067  1429  1429 W Layer   : gatherBufferInfo: Received unknown dataspace from gralloc
02-03 21:38:37.080  1630  2890 D NetdEventListenerService: DNS Requested by 491, 10418(com.pricehunt), SUCCESS, 0ms
02-03 21:38:37.084  1429  1429 W Layer   : gatherBufferInfo: Received unknown dataspace from gralloc
02-03 21:38:37.101  1429  1429 W Layer   : gatherBufferInfo: Received unknown dataspace from gralloc
02-03 21:38:37.111  1630  2890 D NetdEventListenerService: DNS Requested by 491, 10418(com.pricehunt), SUCCESS, 155ms
02-03 21:38:37.118  1429  1429 W Layer   : gatherBufferInfo: Received unknown dataspace from gralloc
02-03 21:38:37.134  1429  1429 W Layer   : gatherBufferInfo: Received unknown dataspace from gralloc
02-03 21:38:37.151  1429  1429 W Layer   : gatherBufferInfo: Received unknown dataspace from gralloc
02-03 21:38:37.154  1630  2827 I SemWifiServiceDetector: NSD results: [0, 0, 2, 0, 0, 0, 2, 0, 1] Traff. type 1 Thr 2152
02-03 21:38:37.154  1630  2890 D NetdEventListenerService: DNS Requested by 491, 10418(com.pricehunt), SUCCESS, 50ms
02-03 21:38:37.168  1429  1429 W Layer   : gatherBufferInfo: Received unknown dataspace from gralloc
02-03 21:38:37.184  1429  1429 W Layer   : gatherBufferInfo: Received unknown dataspace from gralloc
02-03 21:38:37.201  1429  1429 W Layer   : gatherBufferInfo: Received unknown dataspace from gralloc
02-03 21:38:37.206  1209  3325 D vendor.qti.bluetooth@1.0-wake_lock: Release wakelock is released 
02-03 21:38:37.217 31979 31979 I System.out: WebView Console: App data fetch failed with status: 400 (https://www.bbassets.com/monsters-inc/static_pwa/_next/static/chunks/492.9ef1b270fb46e78e.js:1)
02-03 21:38:37.218  1429  1429 W Layer   : gatherBufferInfo: Received unknown dataspace from gralloc
02-03 21:38:37.233  1429  1429 W Layer   : gatherBufferInfo: Received unknown dataspace from gralloc
02-03 21:38:37.252  1429  1429 W Layer   : gatherBufferInfo: Received unknown dataspace from gralloc
02-03 21:38:37.268  1429  1429 W Layer   : gatherBufferInfo: Received unknown dataspace from gralloc
02-03 21:38:37.271  1630  2890 D NetdEventListenerService: DNS Requested by 491, 10418(com.pricehunt), SUCCESS, 19ms
02-03 21:38:37.284  1429  1429 W Layer   : gatherBufferInfo: Received unknown dataspace from gralloc
02-03 21:38:37.301  1429  1429 W Layer   : gatherBufferInfo: Received unknown dataspace from gralloc
02-03 21:38:37.318  1429  1429 W Layer   : gatherBufferInfo: Received unknown dataspace from gralloc
02-03 21:38:37.334  1429  1429 W Layer   : gatherBufferInfo: Received unknown dataspace from gralloc
02-03 21:38:37.351  1630  2114 D PowerManagerService: UserActivityStateListenerState: 0
02-03 21:38:37.351  1429  1429 W Layer   : gatherBufferInfo: Received unknown dataspace from gralloc
02-03 21:38:37.352  1429  1562 W ComposerExtn: DisplayExtnImpl::SetActiveConfig: HWC Display 3 is not registered!
02-03 21:38:37.361 31979 31979 I VRI[MainActivity]@5832a1f: call setFrameRateCategory for touch hint category=no preference, reason=boost timeout, vri=VRI[MainActivity]@5832a1f
02-03 21:38:37.367  1429  1429 I SurfaceFlinger: [com.pricehunt/com.pricehunt.presentation.MainActivity$_31979#52215] setFrameRateCategory: NoPreference
02-03 21:38:37.369  1429  1429 W Layer   : gatherBufferInfo: Received unknown dataspace from gralloc
02-03 21:38:37.385  1429  1429 W Layer   : gatherBufferInfo: Received unknown dataspace from gralloc
02-03 21:38:37.402  1429  1429 W Layer   : gatherBufferInfo: Received unknown dataspace from gralloc
02-03 21:38:37.418  1429  1429 W Layer   : gatherBufferInfo: Received unknown dataspace from gralloc
02-03 21:38:37.435  1429  1429 W Layer   : gatherBufferInfo: Received unknown dataspace from gralloc
02-03 21:38:37.468  1429  1429 W Layer   : gatherBufferInfo: Received unknown dataspace from gralloc
02-03 21:38:37.485  1429  1429 W Layer   : gatherBufferInfo: Received unknown dataspace from gralloc
02-03 21:38:37.501  1429  1429 W Layer   : gatherBufferInfo: Received unknown dataspace from gralloc
02-03 21:38:37.519  1429  1429 W Layer   : gatherBufferInfo: Received unknown dataspace from gralloc
02-03 21:38:37.535  1429  1429 W Layer   : gatherBufferInfo: Received unknown dataspace from gralloc
02-03 21:38:37.552  1429  1429 W Layer   : gatherBufferInfo: Received unknown dataspace from gralloc
02-03 21:38:37.569  1429  1429 W Layer   : gatherBufferInfo: Received unknown dataspace from gralloc
02-03 21:38:37.585  1429  1429 W Layer   : gatherBufferInfo: Received unknown dataspace from gralloc
02-03 21:38:37.600  1630  2890 D NetdEventListenerService: DNS Requested by 491, 10418(com.pricehunt), SUCCESS, 6ms
02-03 21:38:37.603  1429  1429 W Layer   : gatherBufferInfo: Received unknown dataspace from gralloc
02-03 21:38:37.608  1630  2890 D NetdEventListenerService: DNS Requested by 491, 10418(com.pricehunt), SUCCESS, 7ms
02-03 21:38:37.613  1630  2851 D SemWifiSwitchForIndividualAppsService: isSkipTcpMonitorInfo - result:1
02-03 21:38:37.618  1429  1429 W Layer   : gatherBufferInfo: Received unknown dataspace from gralloc
02-03 21:38:37.629 31979 31979 I System.out: WebView Console: setNativeProps is deprecated. Please update props using React state instead. (https://static-assets-web.flixcart.com/batman-returns/batman-returns/p/0dabfea1025c670ad99726ae9939d123/CrossCommon.js:1)
02-03 21:38:37.635  1429  1429 W Layer   : gatherBufferInfo: Received unknown dataspace from gralloc
02-03 21:38:37.652  1429  1429 W Layer   : gatherBufferInfo: Received unknown dataspace from gralloc
02-03 21:38:37.662  1630  2890 D NetdEventListenerService: DNS Requested by 491, 10418(com.pricehunt), SUCCESS, 69ms
02-03 21:38:37.670  1429  1429 W Layer   : gatherBufferInfo: Received unknown dataspace from gralloc
02-03 21:38:37.686  1429  1429 W Layer   : gatherBufferInfo: Received unknown dataspace from gralloc
02-03 21:38:37.702  1429  1429 W Layer   : gatherBufferInfo: Received unknown dataspace from gralloc
02-03 21:38:37.719  1429  1429 W Layer   : gatherBufferInfo: Received unknown dataspace from gralloc
02-03 21:38:37.736  1429  1429 W Layer   : gatherBufferInfo: Received unknown dataspace from gralloc
02-03 21:38:37.752  1429  1429 W Layer   : gatherBufferInfo: Received unknown dataspace from gralloc
02-03 21:38:37.754  1630  2890 D NetdEventListenerService: DNS Requested by 491, 10418(com.pricehunt), SUCCESS, 91ms
02-03 21:38:37.769  1429  1429 W Layer   : gatherBufferInfo: Received unknown dataspace from gralloc
02-03 21:38:37.786  1429  1429 W Layer   : gatherBufferInfo: Received unknown dataspace from gralloc
02-03 21:38:37.803  1429  1429 W Layer   : gatherBufferInfo: Received unknown dataspace from gralloc
02-03 21:38:37.811 31979 31979 I System.out: WebView Console: hide header timeout (https://instamart-media-assets.swiggy.com/swiggy/raw/upload/dash-front-assets/js/app.es6.cd83c1c300ead98d.js:88)
02-03 21:38:37.819  1429  1429 W Layer   : gatherBufferInfo: Received unknown dataspace from gralloc
02-03 21:38:37.834  1429  1429 W Layer   : gatherBufferInfo: Received unknown dataspace from gralloc
02-03 21:38:37.852  1429  1429 W Layer   : gatherBufferInfo: Received unknown dataspace from gralloc
02-03 21:38:37.869  1429  1429 W Layer   : gatherBufferInfo: Received unknown dataspace from gralloc
02-03 21:38:37.887  1429  1429 W Layer   : gatherBufferInfo: Received unknown dataspace from gralloc
02-03 21:38:37.902  1630  2890 D NetdEventListenerService: DNS Requested by 491, 10418(com.pricehunt), SUCCESS, 17ms
02-03 21:38:37.903  1429  1429 W Layer   : gatherBufferInfo: Received unknown dataspace from gralloc
02-03 21:38:37.919  1429  1429 W Layer   : gatherBufferInfo: Received unknown dataspace from gralloc
02-03 21:38:37.936  1429  1429 W Layer   : gatherBufferInfo: Received unknown dataspace from gralloc
02-03 21:38:37.953  1429  1429 W Layer   : gatherBufferInfo: Received unknown dataspace from gralloc
02-03 21:38:37.970  1429  1429 W Layer   : gatherBufferInfo: Received unknown dataspace from gralloc
02-03 21:38:37.973  1630  4668 D SemWifiUsabilityStatsMonitor: onWifiUsabilityStats - seqNum 17924, isSameBssidAndFreq true
02-03 21:38:37.975  1630  2828 I SemWifiLinkQualityMonitor: Link stat: 2937 / 216 / 1.03 (3238) / 144 / -47.0 || 100.0 : 144.00 / 0.5 : 0.97 / 0.55 : 0.07 / G (G) || 1b525e352457: 0.133 / 60.028 /  / N || N N / 0 / N 2.0 / N 0 / 152020078 0
02-03 21:38:37.976  1630  2740 D ConnectivityService: notifyType CALLBACK_CAP_CHANGED for [491 WIFI]
02-03 21:38:37.982  2991  3297 D WifiPickerTracker: updateWifiEntries capabilities
02-03 21:38:37.983  1630  2778 D SemWifiApNsd:Client: lpInterface:wlan0
02-03 21:38:37.983  1630  2778 I WifiConnectivityMonitor.NCC: sNetworkCallback(oCC) FULL : 491(valid: true/captive: false)
02-03 21:38:37.984  1630  2778 I WifiConnectivityMonitor.NCC: [ Transports: WIFI Capabilities: NOT_METERED&INTERNET&NOT_RESTRICTED&TRUSTED&NOT_VPN&VALIDATED&NOT_ROAMING&FOREGROUND&NOT_CONGESTED&NOT_SUSPENDED&NOT_VCN_MANAGED&NOT_BANDWIDTH_CONSTRAINED LinkUpBandwidth>=21013Kbps LinkDnBandwidth>=31860Kbps TransportInfo: <SSID: <unknown ssid>, BSSID: 02:00:00:**:**:00, MAC: 02:00:00:**:**:00, IP: /192.***.*.102, Security type: 2, Supplicant state: COMPLETED, Wi-Fi standard: 11n, RSSI: -47, Link speed: 144Mbps, Tx Link speed: 144Mbps, Max Supported Tx Link speed: 144Mbps, Rx Link speed: 130Mbps, Max Supported Rx Link speed: 144Mbps, Frequency: 2457MHz, Net ID: -1, Metered hint: false, score: 60, isUsable: true, CarrierMerged: false, SubscriptionId: -1, IsPrimary: 1, Trusted: true, Restricted: false, Ephemeral: false, OEM paid: false, OEM private: false, OSU AP: false, FQDN: <none>, Provider friendly name: <none>, Requesting package name: <none><none>MLO Information: , Is TID-To-Link negotiation supported by the AP: false, AP MLD Address: <none>, AP MLO Link Id: <none>, AP MLO Affiliated links: <none>, Vendor Data: <none>> SignalStrength: -47 AdminUids: [1000] SSID: "Kiwi2" UnderlyingNetworks: Null]
02-03 21:38:37.985  1630  2853 D WifiConnectivityMonitor: HANDLE_ON_CAPABILITIES_CHANGED
02-03 21:38:37.985  1630  2853 I WifiConnectivityMonitor: determineMode : MODE_AGG_BY_SWITCH_TO_MOBILE_DATA_OPTION
02-03 21:38:37.985  1630  2853 D OpenNetworkQos[4.00]: updateBssidNoInternet: mBssidNoInternet = false
02-03 21:38:37.985  1630  2853 D OpenNetworkQos[4.00]: getOpenNetworkQosNoInternetStatus: false
02-03 21:38:37.985  1630  2853 D OpenNetworkQos[4.00]: getOpenNetworkQosScores: 26 26 23 
02-03 21:38:37.985  1630  2778 D SemWifiApTrafficPriority: onCapabilitiesChanged Wifi:wlan0,mGapiValue:31.86Uplink: 21.013
02-03 21:38:37.985  2991  3297 D WifiPickerTracker: update AutoHotspot Entries() : bleAccessPoints -> 0
02-03 21:38:37.985  2991  3297 D WifiPickerTracker: handleNetworkCapabilitiesChanged
02-03 21:38:37.986  1429  1429 W Layer   : gatherBufferInfo: Received unknown dataspace from gralloc
02-03 21:38:37.988  1630  2853 D KNOX_MDM_SettingsProvider: isChangeAllowed() : name = wifi_wcm_qos_sharing_score_summary
02-03 21:38:37.988  1630  2853 I WifiProfileShare: network QoS data was changed (internet), updateQoSData networkType: true, qosData: false
02-03 21:38:37.988  1630  4255 V WifiProfileShare.Caster: update wips network, size: 0
02-03 21:38:37.988  1630  4255 D WifiProfileShare: nearby scanning settings run
02-03 21:38:37.988  1630  4255 D WifiProfileShare: network score provider settings enabled
02-03 21:38:37.988  1630  4255 D OpenNetworkQos[4.00]: getOpenNetworkQosScores: 26 26 23 
02-03 21:38:37.988  1630  4255 D OpenNetworkQos[4.00]: getOpenNetworkQosNoInternetStatus: false
02-03 21:38:37.988  1630  4255 I WifiProfileShare.Caster: current network type: 0, score: [26, 26, 23]
02-03 21:38:37.988  1630  2853 D WifiConnectivityMonitor: VALIDATED_DETECTED
02-03 21:38:37.988  1630  4255 V WifiProfileShare.Cache: update network score 78:32:1b:**:**:35
02-03 21:38:37.988  1630  4255 D WifiProfileShare.ScanMatcher: getMcfDataList size:1
02-03 21:38:37.988  1630  4255 I WifiProfileShare.Caster: qos data was updated , before:type:QOS, pBssid:60:45:4d, qosData:7b after:type:QOS, pBssid:60:45:4d, qosData:7b
02-03 21:38:37.989  1630  4255 I [MCFSDK_android_1.2.27006]_4_McfCasterImpl: isNetworkEnabled - type : 1 ret : true
02-03 21:38:37.989  1630  4255 D WifiProfileShare.McfCast: -ME--- mIsNetworkEnabled :true
02-03 21:38:37.989  1630  4255 D WifiProfileShare.McfCast: updateQoSData ignored, same contents
02-03 21:38:37.989  1630  4255 D WifiProfileShare.MCF: success update QosData !
02-03 21:38:37.989  1630  4255 I [MCFSDK_android_1.2.27006]_4_McfCasterImpl: isNetworkEnabled - type : 1 ret : true
02-03 21:38:37.989  1630  4255 D WifiProfileShare.McfCast: -ME--- mIsNetworkEnabled :true
02-03 21:38:37.989  1630  4255 D WifiProfileShare.McfCast: -ME--- updatePasswordDate pwdData size:1
02-03 21:38:37.992  5872  7208 I HBD     : i onCapabilitiesChanged network : 491 current network state : wifi 
02-03 21:38:37.996  6716 12947 I ObjectPool@9791306: Ph_[checker Pool remains: , 9, ] [pool-94-thread-1] 
02-03 21:38:38.001  1429  1429 W Layer   : gatherBufferInfo: Received unknown dataspace from gralloc
02-03 21:38:38.002 32101  3962 I NullBinder: NullBinder for android.net.action.RECOMMEND_NETWORKS triggering remote TransactionTooLargeException due to Service without Chimera impl, calling uid: 1000, calling pid: 0
02-03 21:38:38.002 32101  3962 W .gms.persistent: Large reply transaction of 1056768 bytes, interface descriptor , code 1
02-03 21:38:38.020  1429  1429 W Layer   : gatherBufferInfo: Received unknown dataspace from gralloc
02-03 21:38:38.036  1429  1429 W Layer   : gatherBufferInfo: Received unknown dataspace from gralloc
02-03 21:38:38.053  1429  1429 W Layer   : gatherBufferInfo: Received unknown dataspace from gralloc
02-03 21:38:38.069  1630  2890 D NetdEventListenerService: DNS Requested by 491, 10362(com.instagram.android), 4(FAIL), isBlocked=true, 0ms
02-03 21:38:38.070  1429  1429 W Layer   : gatherBufferInfo: Received unknown dataspace from gralloc
02-03 21:38:38.082 31979 31979 I System.out: WebView: Anti-detection script injected on page start
02-03 21:38:38.086  1429  1429 W Layer   : gatherBufferInfo: Received unknown dataspace from gralloc
02-03 21:38:38.094  5872  5872 I HBD     : i onCapabilityChanged  setNetworkState currentNetworkState : wifi 
02-03 21:38:38.103  1429  1429 W Layer   : gatherBufferInfo: Received unknown dataspace from gralloc
02-03 21:38:38.120  1429  1429 W Layer   : gatherBufferInfo: Received unknown dataspace from gralloc
02-03 21:38:38.137  1429  1429 W Layer   : gatherBufferInfo: Received unknown dataspace from gralloc
02-03 21:38:38.153  1429  1429 W Layer   : gatherBufferInfo: Received unknown dataspace from gralloc
02-03 21:38:38.159  1630  2890 D NetdEventListenerService: DNS Requested by 491, 10418(com.pricehunt), SUCCESS, 42ms
02-03 21:38:38.171  1429  1429 W Layer   : gatherBufferInfo: Received unknown dataspace from gralloc
02-03 21:38:38.179 31979 31979 I System.out: WebView Console: Anti-detection script injected successfully (:175)
02-03 21:38:38.187  1429  1429 W Layer   : gatherBufferInfo: Received unknown dataspace from gralloc
02-03 21:38:38.203  1429  1429 W Layer   : gatherBufferInfo: Received unknown dataspace from gralloc
02-03 21:38:38.220  1429  1429 W Layer   : gatherBufferInfo: Received unknown dataspace from gralloc
02-03 21:38:38.237  1429  1429 W Layer   : gatherBufferInfo: Received unknown dataspace from gralloc
02-03 21:38:38.254  1429  1429 W Layer   : gatherBufferInfo: Received unknown dataspace from gralloc
02-03 21:38:38.270  1429  1429 W Layer   : gatherBufferInfo: Received unknown dataspace from gralloc
02-03 21:38:38.287  1429  1429 W Layer   : gatherBufferInfo: Received unknown dataspace from gralloc
02-03 21:38:38.304  1429  1429 W Layer   : gatherBufferInfo: Received unknown dataspace from gralloc
02-03 21:38:38.320  1429  1429 W Layer   : gatherBufferInfo: Received unknown dataspace from gralloc
02-03 21:38:38.337  1429  1429 W Layer   : gatherBufferInfo: Received unknown dataspace from gralloc
02-03 21:38:38.349 31979 31979 I System.out: WebView Console: Unrecognized feature: 'browsing-topics'. (https://connect.facebook.net/signals/config/1149898238733621?v=2.9.256&r=stable&domain=www.swiggy.com&hme=18f1088ef3e8892a74f943ddaee05e3bbd28c980d3b65c4c57d9fe86969d4bce&ex_m=95%2C158%2C135%2C20%2C67%2C68%2C128%2C63%2C42%2C129%2C72%2C62%2C10%2C142%2C81%2C15%2C94%2C123%2C116%2C70%2C73%2C122%2C139%2C103%2C144%2C7%2C3%2C4%2C6%2C5%2C2%2C82%2C92%2C145%2C226%2C170%2C56%2C228%2C229%2C49%2C185%2C27%2C69%2C234%2C233%2C173%2C29%2C55%2C9%2C58%2C88%2C89%2C90%2C96%2C119%2C28%2C26%2C121%2C118%2C117%2C136%2C71%2C138%2C137%2C44%2C54%2C112%2C14%2C141%2C39%2C215%2C217%2C180%2C23%2C24%2C25%2C17%2C18%2C38%2C34%2C36%2C35%2C77%2C83%2C87%2C101%2C127%2C130%2C40%2C102%2C21%2C19%2C108%2C64%2C32%2C132%2C131%2C133%2C124%2C22%2C31%2C53%2C100%2C140%2C65%2C16%2C134%2C105%2C76%2C61%2C30%2C195%2C165%2C285%2C213%2C156%2C198%2C191%2C166%2C98%2C120%2C75%2C110%2C48%2C41%2C43%2C104%2C109%2C115%2C52%2C59%2C114%2C47%2C50%2C46%2C91%2C143%2C0%2C113%2C13%2C111%2C11%2C1%2C51%2C84%2C57%2C60%2C107%2C80%2C79%2C146%2C147%2C85%2C86%2C8%2C93%2C45%2C125%2C78%2C74%2C66%2C106%2C97%2C37%2C126%2C33%2C99%2C12%2C148:134)
02-03 21:38:38.354  1429  1429 W Layer   : gatherBufferInfo: Received unknown dataspace from gralloc
02-03 21:38:38.371  1429  1429 W Layer   : gatherBufferInfo: Received unknown dataspace from gralloc
02-03 21:38:38.379  1630  2022 E Watchdog: !@Sync: 5063 heap(MB): 195 / 209 FD: 1656 [2026-02-03 21:38:38.379]
02-03 21:38:38.387  1429  1429 W Layer   : gatherBufferInfo: Received unknown dataspace from gralloc
02-03 21:38:38.399  1630  2890 D NetdEventListenerService: DNS Requested by 491, 10418(com.pricehunt), SUCCESS, 6ms
02-03 21:38:38.404  1429  1429 W Layer   : gatherBufferInfo: Received unknown dataspace from gralloc
02-03 21:38:38.420  1429  1429 W Layer   : gatherBufferInfo: Received unknown dataspace from gralloc
02-03 21:38:38.437  1429  1429 W Layer   : gatherBufferInfo: Received unknown dataspace from gralloc
02-03 21:38:38.439  1630  2890 D NetdEventListenerService: DNS Requested by 491, 10418(com.pricehunt), SUCCESS, 43ms
02-03 21:38:38.450  1630  2890 D NetdEventListenerService: DNS Requested by 491, 10418(com.pricehunt), SUCCESS, 20ms
02-03 21:38:38.454  1429  1429 W Layer   : gatherBufferInfo: Received unknown dataspace from gralloc
02-03 21:38:38.471  1429  1429 W Layer   : gatherBufferInfo: Received unknown dataspace from gralloc
02-03 21:38:38.488  1429  1429 W Layer   : gatherBufferInfo: Received unknown dataspace from gralloc
02-03 21:38:38.495 32101  5104 I NearbySharing: Network state changed: NetworkState(isRestricted=false, isOnline=true, isCongested=false, isMetered=false, isWifiConnected=true)
02-03 21:38:38.504  1429  1429 W Layer   : gatherBufferInfo: Received unknown dataspace from gralloc
02-03 21:38:38.520  1429  1429 W Layer   : gatherBufferInfo: Received unknown dataspace from gralloc
02-03 21:38:38.536  1429  1429 W Layer   : gatherBufferInfo: Received unknown dataspace from gralloc
02-03 21:38:38.554  1429  1429 W Layer   : gatherBufferInfo: Received unknown dataspace from gralloc
02-03 21:38:38.571  1429  1429 W Layer   : gatherBufferInfo: Received unknown dataspace from gralloc
02-03 21:38:38.587  1429  1429 W Layer   : gatherBufferInfo: Received unknown dataspace from gralloc
02-03 21:38:38.604  1429  1429 W Layer   : gatherBufferInfo: Received unknown dataspace from gralloc
02-03 21:38:38.614  1630  2890 D NetdEventListenerService: DNS Requested by 491, 10418(com.pricehunt), SUCCESS, 31ms
02-03 21:38:38.621  1429  1429 W Layer   : gatherBufferInfo: Received unknown dataspace from gralloc
02-03 21:38:38.626  1630  2851 D SemWifiSwitchForIndividualAppsService: isSkipTcpMonitorInfo - result:1
02-03 21:38:38.635  1630  2890 D NetdEventListenerService: DNS Requested by 491, 10418(com.pricehunt), SUCCESS, 43ms
02-03 21:38:38.637  1429  1429 W Layer   : gatherBufferInfo: Received unknown dataspace from gralloc
02-03 21:38:38.654  1429  1429 W Layer   : gatherBufferInfo: Received unknown dataspace from gralloc
02-03 21:38:38.671  1429  1429 W Layer   : gatherBufferInfo: Received unknown dataspace from gralloc
