02-03 21:56:05.519   830   830 D io_stats: !@ Write_top(KB): kworker/u16:3(11472) 5456 .office.outlook(21716) 420 system_server(1630) 172
02-03 21:56:05.522  6716 12947 I ObjectPool@9791306: Ph_[checker Pool remains: , 9, ] [pool-94-thread-1] 
02-03 21:56:05.535  1429  1429 W Layer   : gatherBufferInfo: Received unknown dataspace from gralloc
02-03 21:56:05.551  1429  1429 W Layer   : gatherBufferInfo: Received unknown dataspace from gralloc
02-03 21:56:05.568  1429  1429 W Layer   : gatherBufferInfo: Received unknown dataspace from gralloc
02-03 21:56:05.584  1429  1429 W Layer   : gatherBufferInfo: Received unknown dataspace from gralloc
02-03 21:56:05.602  1429  1429 W Layer   : gatherBufferInfo: Received unknown dataspace from gralloc
02-03 21:56:05.607  1630  2827 I SemWifiServiceDetector: NSD results: [0, 0, 2, 0, 0, 0, 2, 0, 1] Traff. type 1 Thr 294
02-03 21:56:05.618  1429  1429 W Layer   : gatherBufferInfo: Received unknown dataspace from gralloc
02-03 21:56:05.634  1429  1429 W Layer   : gatherBufferInfo: Received unknown dataspace from gralloc
02-03 21:56:05.651  1429  1429 W Layer   : gatherBufferInfo: Received unknown dataspace from gralloc
02-03 21:56:05.659  1630  2890 D NetdEventListenerService: DNS Requested by 491, 10418(com.pricehunt), SUCCESS, 49ms
02-03 21:56:05.668  1429  1429 W Layer   : gatherBufferInfo: Received unknown dataspace from gralloc
02-03 21:56:05.685  1429  1429 W Layer   : gatherBufferInfo: Received unknown dataspace from gralloc
02-03 21:56:05.693 19178 19178 I System.out:  Per-platform AI: Zepto - success in 1392ms (aiPowered=false, 7/9 kept, 2 filtered)
02-03 21:56:05.693 19178 19178 I System.out:  Best Deal Search: 'milk full cream'  Primary keyword: 'milk'
02-03 21:56:05.701  1429  1429 W Layer   : gatherBufferInfo: Received unknown dataspace from gralloc
02-03 21:56:05.703 19178 19178 I System.out:  Relevance: HIGH=16, MEDIUM=1, LOW=1
02-03 21:56:05.703 19178 19178 I System.out:    HIGH [40]: Amul Lactose Free Milk (Tetra Pack), 250 = 25.0
02-03 21:56:05.703 19178 19178 I System.out:    HIGH [70]: Nandini Shubham Pasteurized Fresh Milk,  = 27.0
02-03 21:56:05.703 19178 19178 I System.out:    HIGH [50]: Amul Gold Full Cream Fresh Milk | Pouch, = 30.0
02-03 21:56:05.703 19178 19178 I System.out:    HIGH [40]: Nandini Goodlife Toned UHT Milk (Fino Po = 31.0
02-03 21:56:05.703 19178 19178 I System.out:    HIGH [70]: Heritage standardized Fresh Milk, 500ml = 31.0
02-03 21:56:05.704 19178 19178 I System.out:    MED [10]: Rainbow Condensed Milk Original | Rich & = 999.0
02-03 21:56:05.704 19178 19178 I System.out:    LOW [-10]: Ahuja Mart Milk Powder, EveryDay Dairy W = 849.0
02-03 21:56:05.704 19178 19178 I System.out: SearchIntelligence:  Amul Gold Full Cream Fresh Mil  6.0/100ml
02-03 21:56:05.705 19178 19178 I System.out: SearchIntelligence:  Sid's Farm Skim Fresh Milk | P  6.4/100ml
02-03 21:56:05.706 19178 19178 I System.out: SearchIntelligence:  Godrej Jersey Full Cream Fresh  6.6/100ml
02-03 21:56:05.706 19178 19178 I System.out: SearchIntelligence:  Amul Lactose Free Milk (Tetra   10.0/100ml
02-03 21:56:05.707 19178 19178 I System.out: SearchIntelligence:  Nandini Goodlife Toned UHT Mil  6.2/100ml
02-03 21:56:05.707 19178 19178 I System.out: SearchIntelligence:  Amul Calci+ High Calcium Milk,  85.0/ltr
02-03 21:56:05.707 19178 19178 I System.out: SearchIntelligence:  Sid's Farm A2 Buffalo Milk Tet  140.0/ltr
02-03 21:56:05.708 19178 19178 I System.out: SearchIntelligence:  Nandini Shubham Pasteurized Fr  5.4/100ml
02-03 21:56:05.709 19178 19178 I System.out: SearchIntelligence:  Heritage standardized Fresh Mi  6.2/100ml
02-03 21:56:05.709 19178 19178 I System.out: SearchIntelligence:  Amul Full Fat Milk-Gold, 500ml  6.6/100ml
02-03 21:56:05.709 19178 19178 I System.out: SearchIntelligence:  Heritage Full Cream Milk, 500m  7.0/100ml
02-03 21:56:05.710 19178 19178 I System.out: SearchIntelligence:  Arokya Full cream milk 500 ml  8.0/100ml
02-03 21:56:05.710 19178 19178 I System.out: SearchIntelligence:  Rainbow Milk Original, Pack of  470.0/100gm
02-03 21:56:05.710 19178 19178 I System.out: SearchIntelligence:  Rainbow's Quality Milk Origina  470.0/100gm
02-03 21:56:05.711 19178 19178 I System.out: SearchIntelligence:  Couldn't parse quantity from 'Rainbow's Quality Milk Original  12s Convenience Pack  Long Shelf Life Evaporated Milk  Ideal for Tea, Coffee & Dess'
02-03 21:56:05.711 19178 19178 I System.out: SearchIntelligence:  Green Milk Pannir Rose Face Ge  1200.0/100ml
02-03 21:56:05.711 19178 19178 I System.out:    Per-unit comparison: 15 products have calculable unit price
02-03 21:56:05.711 19178 19178 I System.out:      Nandini Shubham Pasteurized Fresh M = 27.0 (5.4/100ml)
02-03 21:56:05.711 19178 19178 I System.out:      Amul Gold Full Cream Fresh Milk | P = 30.0 (6.0/100ml)
02-03 21:56:05.712 19178 19178 I System.out:      Nandini Goodlife Toned UHT Milk (Fi = 31.0 (6.2/100ml)
02-03 21:56:05.712 19178 19178 I System.out:      Heritage standardized Fresh Milk, 5 = 31.0 (6.2/100ml)
02-03 21:56:05.712 19178 19178 I System.out:      Sid's Farm Skim Fresh Milk | Pouch, = 32.0 (6.4/100ml)
02-03 21:56:05.712 19178 19178 I System.out:    Per-unit best: Nandini Shubham Pasteurized Fresh Milk,  (5.4/100ml)
02-03 21:56:05.712 19178 19178 I System.out:  Best Deal: Nandini Shubham Pasteurized Fresh Milk, 500ml = 27.0
02-03 21:56:05.718  1429  1429 W Layer   : gatherBufferInfo: Received unknown dataspace from gralloc
02-03 21:56:05.768  1429  1429 W Layer   : gatherBufferInfo: Received unknown dataspace from gralloc
02-03 21:56:05.785  1429  1429 W Layer   : gatherBufferInfo: Received unknown dataspace from gralloc
02-03 21:56:05.869  1429  1429 W Layer   : gatherBufferInfo: Received unknown dataspace from gralloc
02-03 21:56:05.887  1630  2890 D NetdEventListenerService: DNS Requested by 491, 10418(com.pricehunt), SUCCESS, 2ms
02-03 21:56:05.888  1630  2890 D NetdEventListenerService: DNS Requested by 491, 10418(com.pricehunt), 4(FAIL), isBlocked=false, 1ms
02-03 21:56:05.892 19178 19178 I System.out: WebView: Error loading https://zn00za9ubdwvj6one-tatadigital.siteintercept.qualtrics.com/SIE/?Q_ZID=ZN_00za9ubdwvj6oNE: net::ERR_NAME_NOT_RESOLVED
02-03 21:56:05.892  1630  2890 D NetdEventListenerService: DNS Requested by 491, 10418(com.pricehunt), 4(FAIL), isBlocked=false, 0ms
02-03 21:56:05.949 19178 19178 I System.out: WebView Console: The resource https://www.jiomart.com/assets/version1766030765/ds2msite/fonts/jio/JioTypeW04-Black.woff2 was preloaded using link preload but not used within a few seconds from the window's load event. Please make sure it has an appropriate `as` value and it is preloaded intentionally. (https://www.jiomart.com/search/milk+full+cream?deliveryType=express:0)
02-03 21:56:05.949 19178 19178 I System.out: WebView Console: The resource https://www.jiomart.com/assets/version1764779825/ds2msite/fonts/jio/JioTypeW04-Medium.woff2 was preloaded using link preload but not used within a few seconds from the window's load event. Please make sure it has an appropriate `as` value and it is preloaded intentionally. (https://www.jiomart.com/search/milk+full+cream?deliveryType=express:0)
02-03 21:56:05.949 19178 19178 I System.out: WebView Console: The resource https://www.jiomart.com/assets/version1764779825/ds2msite/fonts/jio/JioTypeW04-Bold.woff2 was preloaded using link preload but not used within a few seconds from the window's load event. Please make sure it has an appropriate `as` value and it is preloaded intentionally. (https://www.jiomart.com/search/milk+full+cream?deliveryType=express:0)
02-03 21:56:05.949 19178 19178 I System.out: WebView Console: The resource https://www.jiomart.com/assets/version1766030765/ds2msite/fonts/jio/JioTypeW04-Bold.woff2 was preloaded using link preload but not used within a few seconds from the window's load event. Please make sure it has an appropriate `as` value and it is preloaded intentionally. (https://www.jiomart.com/search/milk+full+cream?deliveryType=express:0)
02-03 21:56:05.953 19178 19178 I System.out: WebView Console: The resource https://www.jiomart.com/assets/version1766030765/ds2msite/fonts/jio/JioTypeW04-Medium.woff2 was preloaded using link preload but not used within a few seconds from the window's load event. Please make sure it has an appropriate `as` value and it is preloaded intentionally. (https://www.jiomart.com/search/milk+full+cream?deliveryType=express:0)
02-03 21:56:05.953 19178 19178 I System.out: WebView Console: The resource https://www.jiomart.com/assets/version1764779825/ds2msite/fonts/jio/JioTypeW04-Black.woff2 was preloaded using link preload but not used within a few seconds from the window's load event. Please make sure it has an appropriate `as` value and it is preloaded intentionally. (https://www.jiomart.com/search/milk+full+cream?deliveryType=express:0)
02-03 21:56:06.061  1630  2851 D SemWifiSwitchForIndividualAppsService: isSkipTcpMonitorInfo - result:1
02-03 21:56:06.101  6137  7135 I SDHMS:x : SIOP:: AP:424 BAT:363 USB:351 CHG:427 PA:420 WIFI:362 CF:400 BLK:0 SUBBAT:338 LRPTHM:400 SKIN:388 SKINF:388 SKINB:385 LRP:385 APT:388 APR:385 RCV:325 SPK:308 LWF:344 APH:392 CAPR:385 CRCV:330 CSPK:345 RCV2:330 SPK2:345 FCAM:353 UPSPK:337 DNSPK:337 AVGCUR:736 AVGSYS:639 POWER:2994
02-03 21:56:06.106  1630  1630 D SemWifiP2pGoPowerSave: GopsReceiver : received : com.samsung.intent.action.CHECK_SIOP_LEVEL
02-03 21:56:06.106  1630  1630 I SemWifiP2pGoPowerSave: siop_level = 1
02-03 21:56:06.107  1429 21775 W ComposerExtn: DisplayExtnImpl::SetActiveConfig: HWC Display 3 is not registered!
02-03 21:56:06.109  1231  1231 I sensors-hal: set_config:71, sample_period_ns is adjusted to 0 based on min/max delay_ns
02-03 21:56:06.109  1231  1231 I sensors-hal: batch:518, android.sensor.light/51, period=200000000, max_latency=0 request completed
02-03 21:56:06.109  1231  1231 I sensors-hal: activate:434, android.sensor.light/51 en=1
02-03 21:56:06.110  1187  1309 E minksocket: MinkIPC_QRTR_Service: client with node 1 port 4bd4 went down
02-03 21:56:06.111  1187  1309 E minksocket: MinkIPC_QRTR_Service: client with node 1 port 4bd5 went down
02-03 21:56:06.112  1187  1309 E minksocket: MinkIPC_QRTR_Service: client with node 1 port 4bd6 went down
02-03 21:56:06.112  1187  1309 E minksocket: MinkIPC_QRTR_Service: client with node 1 port 4bd7 went down
02-03 21:56:06.113  1231  1231 I sensors-hal: activate:452, android.sensor.light/51 en=1 completed
02-03 21:56:06.114  1231 17641 I sensors-hal: handle_sns_std_sensor_event:141, [SSC_LIGHT] P: 31(31),ch0:3056,ch1:0,c:0,w:0,l:19,m:2,br:62,c1:85,c2:123,i:1
02-03 21:56:06.114  1231 19944 I sensors-hal: handle_indication_realtime:471,  SCHED_FIFO(10) for qmi_cbk
02-03 21:56:06.114  1231 19944 I sensors-hal: handle_sns_std_sensor_event:124, [SSC_LIGHT] A: 31(31),ch0:3056,ch1:0,c:0,w:0,l:19,m:2,br:62,c1:85,c2:123,i:1
02-03 21:56:06.115  1231  1231 D SensorsFlicker: Als_common::setDelay, handle : 1 time : 10000000ns
02-03 21:56:06.115  1231  1231 D SensorsFlicker: Als_common::enable, handle : 1, mode : 1, en : 1
02-03 21:56:06.116  1231  1231 D SensorsFlicker: Als_common::sendCommand, send enable command
02-03 21:56:06.168  1630  6140 D SemContextService: lock : registerCallback
02-03 21:56:06.169  1630  6140 W CAE     : registerCallback(ContextAwareService.java:188) - [regi 01] Mutex is locked for TEST_FLAT_MOTION
02-03 21:56:06.169  1630  6140 W CAE     : registerCallback(ContextAwareService.java:195) - [regi 04]  com.samsung.android.contextaware.ContextAwareManager$CaListenerDelegate@309c42d
02-03 21:56:06.169  1630  6140 W CAE     : getListener(ListenerListManager.java:127) - [getListener1]  com.samsung.android.contextaware.ContextAwareManager$CaListenerDelegate@309c42d
02-03 21:56:06.170  1630  6140 W CAE     : getListener(ListenerListManager.java:128) - [getListener2]  com.samsung.android.contextaware.manager.ContextAwareService$Listener@ec5b44
02-03 21:56:06.170  1630  6140 V CAE     : start(ContextProvider.java:128)
02-03 21:56:06.170  1630  6140 V CAE     : clear(TestFlatMotionRunner.java:126)
02-03 21:56:06.171  1630  6140 V CAE     : enable(TestFlatMotionRunner.java:102)
02-03 21:56:06.172  1630  2715 D SensorService: setSContextDataLocked ints length 2 , byte length 4
02-03 21:56:06.172  1630  2715 D SensorService: setSContextDataLocked 17b1
02-03 21:56:06.172  1231  1231 I sensors-hal: inject_sensor_data:562, handle 1501 send inject
02-03 21:56:06.172  1231  1231 I sensors-hal: sendContextData:286, sensor hal 4, (0xb1, 0x17, 0x0, 0x0)
02-03 21:56:06.172  1231  1231 I sensors-hal: sendContextData:344, enable:177, handle:8, algo:25231360
02-03 21:56:06.173  1231  1231 E sensors-hal: is_restrict_mode:138, fread fail
02-03 21:56:06.173  1231  1231 I sensors-hal: sendContextData:107, device_position 4
02-03 21:56:06.174  1187  1309 E minksocket: MinkIPC_QRTR_Service: client with node 1 port 4bd9 went down
02-03 21:56:06.175  1187  1309 E minksocket: MinkIPC_QRTR_Service: client with node 1 port 4bda went down
02-03 21:56:06.175  1187  1309 E minksocket: MinkIPC_QRTR_Service: client with node 1 port 4bdb went down
02-03 21:56:06.176  1187  1309 E minksocket: MinkIPC_QRTR_Service: client with node 1 port 4bdc went down
02-03 21:56:06.177  1231  1231 I sensors-hal: create_sensor_config_request:47, device_position create_sensor_config_request
02-03 21:56:06.178  1630  6140 D CAE     : getFaultDetectionResult(TestFlatMotionRunner.java:139) - true
02-03 21:56:06.178  1630  6140 I CAE     : notifyCmdProcessResultObserver(ContextProvider.java:627) - CheckResult = 0, Cause = Success
02-03 21:56:06.181  1630  6140 D CAE     : doCommendProcess(ContextAwareService.java:396) - complete notify the operation result.
02-03 21:56:06.182  1630  6140 I CAE     : displayUsedCountForService(ContextAwareService.java:460) - totalCnt = 1, serviceCount = 1, subCollectionCount = 0
02-03 21:56:06.182  1630  6140 D CAE     : showListenerList(ContextAwareService.java:325) - ===== Context Aware Service List =====
02-03 21:56:06.182  1630  6140 I CAE     : showListenerList(ContextAwareService.java:334) - Listener : com.samsung.android.contextaware.manager.ContextAwareService$Listener@ec5b44, Service : ACTIVITY_TRACKER_INTERRUPT(1)
02-03 21:56:06.182  1630  6140 I CAE     : showListenerList(ContextAwareService.java:334) - Listener : com.samsung.android.contextaware.manager.ContextAwareService$Listener@ec5b44, Service : ACTIVITY_TRACKER_CURRENT_INFO(1)
02-03 21:56:06.182  1630  6140 I CAE     : showListenerList(ContextAwareService.java:334) - Listener : com.samsung.android.contextaware.manager.ContextAwareService$Listener@ec5b44, Service : ACTIVITY_TRACKER_BATCH(1)
02-03 21:56:06.182  1630  6140 I CAE     : showListenerList(ContextAwareService.java:334) - Listener : com.samsung.android.contextaware.manager.ContextAwareService$Listener@ec5b44, Service : PEDOMETER(1)
02-03 21:56:06.182  1630  6140 I CAE     : showListenerList(ContextAwareService.java:334) - Listener : com.samsung.android.contextaware.manager.ContextAwareService$Listener@ec5b44, Service : SLOCATION_RUNNER(1)
02-03 21:56:06.182  1630  6140 I CAE     : showListenerList(ContextAwareService.java:334) - Listener : com.samsung.android.contextaware.manager.ContextAwareService$Listener@ec5b44, Service : CH_LOC_TRIGGER(1)
02-03 21:56:06.183  1630  6140 I CAE     : showListenerList(ContextAwareService.java:334) - Listener : com.samsung.android.contextaware.manager.ContextAwareService$Listener@ec5b44, Service : FREE_FALL_DETECTION(1)
02-03 21:56:06.183  1630  6140 I CAE     : showListenerList(ContextAwareService.java:334) - Listener : com.samsung.android.contextaware.manager.ContextAwareService$Listener@ec5b44, Service : TEST_FLAT_MOTION(1)
02-03 21:56:06.183  1630  6140 I CAE     : showListenerList(ContextAwareService.java:334) - Listener : com.samsung.android.contextaware.manager.ContextAwareService$Listener@ec5b44, Service : PEDOMETER_CURRENT_INFO(1)
02-03 21:56:06.183  1630  6140 W CAE     : registerCallback(ContextAwareService.java:209) - [regi 02] Mutex is unlocked for TEST_FLAT_MOTION
02-03 21:56:06.183  1630  6140 E SemContext.CaeProvider: setAttribute() : attribute is null!
02-03 21:56:06.183  1630  6140 D SemContextService: 	.registerCallback : 6, client= com.sec.android.sdhms
02-03 21:56:06.183  1630  6140 D SemContextService: unlock : registerCallback
02-03 21:56:06.185  1630  6140 E SensorService: BigData:Pakage) 5 already enabled. 
02-03 21:56:06.188  6137  6400 I SDHMS:N0: p2p-if:: false, , 
02-03 21:56:06.206 20149 20149 I wpa_supplicant: Heartbeat 8856
02-03 21:56:06.297  1231  1231 D SensorsFlicker: Als_common::setDelay, handle : 1 time : 10000000ns
02-03 21:56:06.299  1231  1231 D SensorsFlicker: Als_common::enable, handle : 1, mode : 1, en : 0
02-03 21:56:06.299  1231  1231 D SensorsFlicker: Als_common::sendCommand, send disable command
02-03 21:56:06.358  1630  2890 D NetdEventListenerService: DNS Requested by 491, 10418(com.pricehunt), SUCCESS, 44ms
02-03 21:56:06.364  1429 21775 W ComposerExtn: DisplayExtnImpl::SetActiveConfig: HWC Display 3 is not registered!
02-03 21:56:06.369  1429  1429 W Layer   : gatherBufferInfo: Received unknown dataspace from gralloc
02-03 21:56:06.396  1630  2848 V SemStrongRssiRoaming: EVENT_GET_WIFI_INFO_POLL (-47)
02-03 21:56:06.397 20149 20149 I wpa_sslib: cmd: GETNCHOMODE
02-03 21:56:06.398 20149 20149 I wpa_sslib: Response: GETNCHOMODE 0
02-03 21:56:06.400  1630  2731 V SemStrongRssiRoaming: Partial scan success
02-03 21:56:06.404  1744  1744 W wificond: Failed to get NL80211_ATTR_MAX_NUM_AKM_SUITES
02-03 21:56:06.408  1744  1744 W wificond: Failed to get NL80211_ATTR_MAX_NUM_AKM_SUITES
02-03 21:56:06.411  1744  1744 W wificond: Failed to get NL80211_ATTR_MAX_NUM_AKM_SUITES
02-03 21:56:06.414  1744  1744 W wificond: Failed to get NL80211_ATTR_MAX_NUM_AKM_SUITES
02-03 21:56:06.425  1231 19946 I sensors-hal: handle_sns_client_event:77, device_position_event: msgid:1025
02-03 21:56:06.425  1231 19946 I sensors-hal: handle_sns_client_event:96, device_position_event: 1
02-03 21:56:06.428  1630  2707 D CAE     : onGetSensorHubData(SensorHubParserProvider.java:92) - onGetSensorHubData Event [event buffer len :4], AP_WAKEUP
02-03 21:56:06.428  1630  2707 I CAE     : parse(SensorHubParserProvider.java:188) - buffer size = 4
02-03 21:56:06.428  1630  2707 I CAE     : parse(SensorHubParserProvider.java:199) - 1, 1, 23, 1,
02-03 21:56:06.428  1630  2707 D CAE     : display(ContextProvider.java:375) - ================= TEST_FLAT_MOTION =================
02-03 21:56:06.429  1630  2707 I CAE     : display(ContextProvider.java:391) - Action=[1]
02-03 21:56:06.429  1630  2704 D SemContextService: Service.updateContext() : service = Device Position
02-03 21:56:06.431  1630  3700 D SemContextService: lock : unregisterCallback
02-03 21:56:06.431  1630  3700 D SemContextService: Service.removeListenerLocked() : listener = com.samsung.android.hardware.context.SemContextService$Listener@2a7a37c, service = Device Position, used = 0
02-03 21:56:06.431  1630  3700 W CAE     : unregisterCallback(ContextAwareService.java:230) - [unregi 01] Mutex is locked for TEST_FLAT_MOTION
02-03 21:56:06.431  1630  3700 W CAE     : getListener(ListenerListManager.java:127) - [getListener1]  com.samsung.android.contextaware.ContextAwareManager$CaListenerDelegate@309c42d
02-03 21:56:06.432  1630  3700 W CAE     : getListener(ListenerListManager.java:128) - [getListener2]  com.samsung.android.contextaware.manager.ContextAwareService$Listener@ec5b44
02-03 21:56:06.432  1630  3700 V CAE     : stop(ContextProvider.java:155)
02-03 21:56:06.433  1630  3700 V CAE     : clear(TestFlatMotionRunner.java:126)
02-03 21:56:06.433  1630  3700 V CAE     : disable(TestFlatMotionRunner.java:115)
02-03 21:56:06.433  1630  2715 D SensorService: setSContextDataLocked ints length 2 , byte length 4
02-03 21:56:06.433  1630  2715 D SensorService: setSContextDataLocked 17b2
02-03 21:56:06.434  1231  1231 I sensors-hal: inject_sensor_data:562, handle 1501 send inject
02-03 21:56:06.434  1231  1231 I sensors-hal: sendContextData:286, sensor hal 4, (0xb2, 0x17, 0x0, 0x0)
02-03 21:56:06.434  1231  1231 I sensors-hal: sendContextData:344, enable:178, handle:8, algo:25231616
02-03 21:56:06.434  1231  1231 I sensors-hal: sendContextData:107, device_position 4
02-03 21:56:06.435  1187  1309 E minksocket: MinkIPC_QRTR_Service: client with node 1 port 4bdd went down
02-03 21:56:06.435  1231  1231 I sensors-hal: deactivate:384, disconnect qmi to disable sensor
02-03 21:56:06.436  1630  3700 D CAE     : getFaultDetectionResult(TestFlatMotionRunner.java:139) - true
02-03 21:56:06.436  1630  3700 I CAE     : notifyCmdProcessResultObserver(ContextProvider.java:627) - CheckResult = 0, Cause = Success
02-03 21:56:06.442  1630  3700 D CAE     : doCommendProcess(ContextAwareService.java:396) - complete notify the operation result.
02-03 21:56:06.442  1630  3700 I CAE     : displayUsedCountForService(ContextAwareService.java:460) - totalCnt = 0, serviceCount = 0, subCollectionCount = 0
02-03 21:56:06.442  1630  3700 D CAE     : showListenerList(ContextAwareService.java:325) - ===== Context Aware Service List =====
02-03 21:56:06.443  1630  3700 I CAE     : showListenerList(ContextAwareService.java:334) - Listener : com.samsung.android.contextaware.manager.ContextAwareService$Listener@ec5b44, Service : ACTIVITY_TRACKER_INTERRUPT(1)
02-03 21:56:06.443  1630  3700 I CAE     : showListenerList(ContextAwareService.java:334) - Listener : com.samsung.android.contextaware.manager.ContextAwareService$Listener@ec5b44, Service : ACTIVITY_TRACKER_CURRENT_INFO(1)
02-03 21:56:06.443  1630  3700 I CAE     : showListenerList(ContextAwareService.java:334) - Listener : com.samsung.android.contextaware.manager.ContextAwareService$Listener@ec5b44, Service : ACTIVITY_TRACKER_BATCH(1)
02-03 21:56:06.443  1630  3700 I CAE     : showListenerList(ContextAwareService.java:334) - Listener : com.samsung.android.contextaware.manager.ContextAwareService$Listener@ec5b44, Service : PEDOMETER(1)
02-03 21:56:06.443  1630  3700 I CAE     : showListenerList(ContextAwareService.java:334) - Listener : com.samsung.android.contextaware.manager.ContextAwareService$Listener@ec5b44, Service : SLOCATION_RUNNER(1)
02-03 21:56:06.443  1630  3700 I CAE     : showListenerList(ContextAwareService.java:334) - Listener : com.samsung.android.contextaware.manager.ContextAwareService$Listener@ec5b44, Service : CH_LOC_TRIGGER(1)
02-03 21:56:06.443  1630  3700 I CAE     : showListenerList(ContextAwareService.java:334) - Listener : com.samsung.android.contextaware.manager.ContextAwareService$Listener@ec5b44, Service : FREE_FALL_DETECTION(1)
02-03 21:56:06.443  1630  3700 I CAE     : showListenerList(ContextAwareService.java:334) - Listener : com.samsung.android.contextaware.manager.ContextAwareService$Listener@ec5b44, Service : PEDOMETER_CURRENT_INFO(1)
02-03 21:56:06.444  1630  3700 W CAE     : unregisterCallback(ContextAwareService.java:251) - [unregi 02] Mutex is unlocked for TEST_FLAT_MOTION
02-03 21:56:06.444  1630  3700 D SemContextService: 	.unregisterCallback : 6, client= com.sec.android.sdhms
02-03 21:56:06.445  1630  3700 D SemContextService: unlock : unregisterCallback
02-03 21:56:06.541  1630  3700 D WifiNl80211Manager: Scan result ready event
02-03 21:56:06.541  1630  3700 D WifiNative: Scan result ready event
02-03 21:56:06.543  1880 29953 I LOWI-9.0.0.89.z: [LOWI-Scan] lowi_close_record:Scan done in 341101358ms, 7 APs in scan results
02-03 21:56:06.546  1630  2731 D WificondScannerImpl: Filtering out 1 scan results.
02-03 21:56:06.547  1630  2731 V SemStrongRssiRoaming: Partial scan onResults
02-03 21:56:06.547  1630  2731 D SemStrongRssiRoaming: Received 6 partial scan results
02-03 21:56:06.548  1630  2814 V SemWifiScanPool: updateScanResult, partial scan:6 configKeys: 11 pool_bssid:74 pool_configKeys:26
02-03 21:56:06.548  1630  3226 D SLocation: ReceiverPair - handleWifiScan - wifi scanned enter
02-03 21:56:06.548  1630  3226 D SLocation: ReceiverPair - ignore direction of location due to wifi, id = 1, reason = 500
02-03 21:56:06.548  1630  3226 I SLocation: ReceiverPairWithWifi - handle Wifi Scans ID = 16
02-03 21:56:06.548  1630  3226 I SLocation: ReceiverPairWithWifi - force set enter id=16 by wifi scan
02-03 21:56:06.548  1630  3226 D SLocation: ReceiverPair - ignore direction of location due to wifi, id = 16, reason = 500
02-03 21:56:06.548  1630  3226 D SLocation: ReceiverPair - handleWifiScan - wifi scanned enter
02-03 21:56:06.548  1630  3226 D SLocation: ReceiverPair - ignore direction of location due to wifi, id = 19, reason = 500
02-03 21:56:06.549  1630  3226 I SLocation: ReceiverPairWithWifi - handle Wifi Scans ID = 179
02-03 21:56:06.549  1630  3226 I SLocation: ReceiverPairWithWifi - handle Wifi Scans ID = 191
02-03 21:56:06.549  1630  3226 I SLocation: ReceiverPairWithWifi - force set enter id=191 by wifi scan
02-03 21:56:06.549  1630  3226 D SLocation: ReceiverPair - ignore direction of location due to wifi, id = 191, reason = 500
02-03 21:56:06.549  1630  3226 I SLocation: ReceiverPairWithWifi - handle Wifi Scans ID = 193
02-03 21:56:06.549  1630  3226 I SLocation: ReceiverPairWithWifi - force set enter id=193 by wifi scan
02-03 21:56:06.549  1630  3226 D SLocation: ReceiverPair - ignore direction of location due to wifi, id = 193, reason = 500
02-03 21:56:06.554  1630  2890 D NetdEventListenerService: DNS Requested by 491, 10418(com.pricehunt), SUCCESS, 47ms
02-03 21:56:06.560 19178 19178 I System.out: WebView: Selector ready (img[alt]), extracting
02-03 21:56:06.561  1630  2727 I HalDevMgr: bestIfaceCreationProposal is null, requestIface=STA, existingIface=[name=wlan0 type=STA]
02-03 21:56:06.607 19178 19178 I System.out: WebView Console: Unrecognized feature: 'browsing-topics'. (https://connect.facebook.net/signals/config/1395135667375657?v=2.9.256&r=stable&domain=www.bigbasket.com&hme=18f1088ef3e8892a74f943ddaee05e3bbd28c980d3b65c4c57d9fe86969d4bce&ex_m=95%2C158%2C135%2C20%2C67%2C68%2C128%2C63%2C42%2C129%2C72%2C62%2C10%2C142%2C81%2C15%2C94%2C123%2C116%2C70%2C73%2C122%2C139%2C103%2C144%2C7%2C3%2C4%2C6%2C5%2C2%2C82%2C92%2C145%2C226%2C170%2C56%2C228%2C229%2C49%2C185%2C27%2C69%2C234%2C233%2C173%2C29%2C55%2C9%2C58%2C88%2C89%2C90%2C96%2C119%2C28%2C26%2C121%2C118%2C117%2C136%2C71%2C138%2C137%2C44%2C54%2C112%2C14%2C141%2C39%2C215%2C217%2C180%2C23%2C24%2C25%2C17%2C18%2C38%2C34%2C36%2C35%2C77%2C83%2C87%2C101%2C127%2C130%2C40%2C102%2C21%2C19%2C108%2C64%2C32%2C132%2C131%2C133%2C124%2C22%2C31%2C53%2C100%2C140%2C65%2C16%2C134%2C105%2C76%2C61%2C30%2C195%2C165%2C285%2C213%2C156%2C198%2C191%2C166%2C98%2C120%2C75%2C110%2C48%2C41%2C43%2C104%2C109%2C115%2C52%2C59%2C114%2C47%2C50%2C46%2C91%2C143%2C0%2C113%2C13%2C111%2C11%2C1%2C51%2C84%2C57%2C60%2C107%2C80%2C79%2C146%2C147%2C85%2C86%2C8%2C93%2C45%2C125%2C78%2C74%2C66%2C106%2C97%2C37%2C126%2C33%2C99%2C12%2C148:115)
02-03 21:56:06.611 19178 19510 I System.out: Blinkit: Got 127654 chars
02-03 21:56:06.615  1429 21775 W ComposerExtn: DisplayExtnImpl::SetActiveConfig: HWC Display 3 is not registered!
02-03 21:56:06.626  6716 12947 I ObjectPool@9791306: Ph_[checker Pool remains: , 9, ] [pool-94-thread-1] 
02-03 21:56:06.642 19178 19510 I System.out: Blinkit: HTML Structure Monitor:
02-03 21:56:06.642 19178 19510 I System.out:   - Images with alt: 1
02-03 21:56:06.642 19178 19510 I System.out:   - data-product elements: 0
02-03 21:56:06.642 19178 19510 I System.out:   - Product links: 0
02-03 21:56:06.642 19178 19510 I System.out:   - Price occurrences: 27
02-03 21:56:06.660 19178 19510 I System.out: Blinkit: Starting Blinkit-specific extraction...
02-03 21:56:06.661 19178 19510 I System.out: Blinkit: Found 1 product images
02-03 21:56:06.679 19178 19510 I System.out: Blinkit: Found 0 data-* elements
02-03 21:56:06.679 19178 19510 I System.out: Blinkit: Found 0 product links
02-03 21:56:06.680 19178 19510 I System.out: Blinkit: Blinkit extraction found 0 products
02-03 21:56:06.680 19178 19510 I System.out: Blinkit: Blinkit-specific extraction failed, trying generic...
02-03 21:56:06.697 19178 19510 D ResilientExtractor: [Blinkit] Starting extraction from 127654 chars
02-03 21:56:06.697 19178 19510 D ResilientExtractor: [Blinkit] Page title: Buy milk full cream Online | blinkit
02-03 21:56:06.697 19178 19510 D ResilientExtractor: [Blinkit] Trying: Blinkit-Specific
02-03 21:56:06.697 19178 19510 D ResilientExtractor: [Blinkit] Trying Blinkit-specific extraction
02-03 21:56:06.698 19178 19510 D ResilientExtractor: [Blinkit] Pattern 'a[href*='/prn/']' found 0 links
02-03 21:56:06.698 19178 19510 D ResilientExtractor: [Blinkit] Pattern 'a[href*='/prid/']' found 0 links
02-03 21:56:06.698 19178 19510 D ResilientExtractor: [Blinkit] Pattern 'a[href*='/product/']' found 0 links
02-03 21:56:06.699 19178 19510 D ResilientExtractor: [Blinkit] Pattern 'a[href*='blinkit.com/p']' found 0 links
02-03 21:56:06.700 19178 19510 D ResilientExtractor: [Blinkit] Found 0 Blinkit containers with data attributes
02-03 21:56:06.700 19178 19510 D ResilientExtractor: [Blinkit] Blinkit-specific found 0 products
02-03 21:56:06.700 19178 19510 D ResilientExtractor: [Blinkit] Trying: JSON-LD Schema
02-03 21:56:06.701 19178 19510 D ResilientExtractor: [Blinkit] Found 1 JSON-LD scripts
02-03 21:56:06.701 19178 19510 D ResilientExtractor: [Blinkit] Trying: Microdata/itemprop
02-03 21:56:06.702 19178 19510 D ResilientExtractor: [Blinkit] Found 0 microdata product containers
02-03 21:56:06.704 19178 19510 D ResilientExtractor: [Blinkit] Trying: Open Graph
02-03 21:56:06.706 19178 19510 D ResilientExtractor: [Blinkit] Trying: Next.js Data
02-03 21:56:06.707 19178 19510 D ResilientExtractor: [Blinkit] Trying: Data Attributes
02-03 21:56:06.713 19178 19510 D ResilientExtractor: [Blinkit] Trying: ARIA/Semantic
02-03 21:56:06.717 19178 19510 D ResilientExtractor: [Blinkit] Trying: Image Alt Text
02-03 21:56:06.717 19178 19510 D ResilientExtractor: [Blinkit] Found 0 images with valid alt text
02-03 21:56:06.717 19178 19510 D ResilientExtractor: [Blinkit] Trying: Link Patterns
02-03 21:56:06.718  1630  2890 D NetdEventListenerService: DNS Requested by 491, 10418(com.pricehunt), SUCCESS, 16ms
02-03 21:56:06.721 19178 19510 D ResilientExtractor: [Blinkit] Trying: Price Proximity
02-03 21:56:06.729 19178 19510 D ResilientExtractor: [Blinkit] Price proximity found 0 candidates
02-03 21:56:06.729 19178 19510 D ResilientExtractor: [Blinkit] Trying: DOM Structure
02-03 21:56:06.733 19178 19510 D ResilientExtractor: [Blinkit] DOM structure found 0 grids
02-03 21:56:06.733 19178 19510 D ResilientExtractor: [Blinkit] Trying: Sibling Analysis
02-03 21:56:06.741 19178 19510 D ResilientExtractor: [Blinkit] Sibling analysis found 27 price elements
02-03 21:56:06.744 19178 19510 D ResilientExtractor: [Blinkit] Trying: Grid Detection
02-03 21:56:06.751 19178 19510 D ResilientExtractor: [Blinkit] Trying: Text Pattern
02-03 21:56:06.751 19178 19510 D ResilientExtractor: [Blinkit] Trying text pattern extraction
02-03 21:56:06.757 19178 19510 D ResilientExtractor: [Blinkit] Found 27 elements with prices
02-03 21:56:06.761 19178 19510 D ResilientExtractor: Price analysis - Valid: [33.0], Savings: [], PerUnit: []
02-03 21:56:06.761 19178 19510 D ResilientExtractor: Using valid price: 33.0 (from 1 candidates)
02-03 21:56:06.761 19178 19510 W ResilientExtractor: [Blinkit]  No product URL for: Amul Gold Full Cream Milk - using baseUrl
02-03 21:56:06.764 19178 19510 D ResilientExtractor: Price analysis - Valid: [29.0], Savings: [], PerUnit: []
02-03 21:56:06.764 19178 19510 D ResilientExtractor: Using valid price: 29.0 (from 1 candidates)
02-03 21:56:06.764 19178 19510 W ResilientExtractor: [Blinkit]  No product URL for: Amul Moti Toned Milk (90 Days Shelf Life - using baseUrl
02-03 21:56:06.768 19178 19510 D ResilientExtractor: Price analysis - Valid: [32.0, 33.0], Savings: [], PerUnit: []
02-03 21:56:06.768 19178 19510 D ResilientExtractor: Using valid price: 32.0 (from 2 candidates)
02-03 21:56:06.768 19178 19510 W ResilientExtractor: [Blinkit]  No product URL for: Amul Taaza Toned Milk - Pack of 2 - using baseUrl
02-03 21:56:06.772 19178 19510 D ResilientExtractor: Price analysis - Valid: [32.0, 33.0], Savings: [], PerUnit: []
02-03 21:56:06.772 19178 19510 D ResilientExtractor: Using valid price: 32.0 (from 2 candidates)
02-03 21:56:06.772 19178 19510 W ResilientExtractor: [Blinkit]  No product URL for: Amul Taaza Toned Milk - Pack of 2 - using baseUrl
02-03 21:56:06.776 19178 19510 D ResilientExtractor: Price analysis - Valid: [27.0], Savings: [], PerUnit: []
02-03 21:56:06.776 19178 19510 D ResilientExtractor: Using valid price: 27.0 (from 1 candidates)
02-03 21:56:06.776 19178 19510 W ResilientExtractor: [Blinkit]  No product URL for: Nandini Shubham Pasteurised Standardized - using baseUrl
02-03 21:56:06.779 19178 19510 D ResilientExtractor: Price analysis - Valid: [26.0], Savings: [], PerUnit: []
02-03 21:56:06.779 19178 19510 D ResilientExtractor: Using valid price: 26.0 (from 1 candidates)
02-03 21:56:06.779 19178 19510 W ResilientExtractor: [Blinkit]  No product URL for: Arokya Toned Milk - using baseUrl
02-03 21:56:06.782 19178 19510 D ResilientExtractor: Price analysis - Valid: [75.0], Savings: [], PerUnit: []
02-03 21:56:06.782 19178 19510 D ResilientExtractor: Using valid price: 75.0 (from 1 candidates)
02-03 21:56:06.782 19178 19510 W ResilientExtractor: [Blinkit]  No product URL for: Amul Taaza Homogenised Toned Milk - using baseUrl
02-03 21:56:06.786 19178 19510 D ResilientExtractor: Price analysis - Valid: [80.0], Savings: [], PerUnit: []
02-03 21:56:06.786 19178 19510 D ResilientExtractor: Using valid price: 80.0 (from 1 candidates)
02-03 21:56:06.786 19178 19510 W ResilientExtractor: [Blinkit]  No product URL for: Amul Gold Milk - using baseUrl
02-03 21:56:06.790 19178 19510 D ResilientExtractor: Price analysis - Valid: [33.0], Savings: [], PerUnit: []
02-03 21:56:06.790 19178 19510 D ResilientExtractor: Using valid price: 33.0 (from 1 candidates)
02-03 21:56:06.790 19178 19510 W ResilientExtractor: [Blinkit]  No product URL for: Heritage Special Long Life Milk (90 Days - using baseUrl
02-03 21:56:06.793 19178 19510 D ResilientExtractor: Price analysis - Valid: [76.0], Savings: [], PerUnit: []
02-03 21:56:06.793 19178 19510 D ResilientExtractor: Using valid price: 76.0 (from 1 candidates)
02-03 21:56:06.793 19178 19510 W ResilientExtractor: [Blinkit]  No product URL for: Amul Cow Milk - using baseUrl
02-03 21:56:06.793 19178 19510 D ResilientExtractor: [Blinkit] Text pattern found 10 products
02-03 21:56:06.862  1429 21775 W ComposerExtn: DisplayExtnImpl::SetActiveConfig: HWC Display 3 is not registered!
02-03 21:56:06.870  1429  1429 W Layer   : gatherBufferInfo: Received unknown dataspace from gralloc
02-03 21:56:06.871  1429  1429 W ComposerExtn: DisplayExtnImpl::SetActiveConfig: HWC Display 3 is not registered!
02-03 21:56:06.879 19178 19178 I System.out: WebView: Error loading https://www.facebook.com/privacy_sandbox/pixel/register/trigger/?id=1395135667375657&ev=Search&dl=https%3A%2F%2Fwww.bigbasket.com%2Fps%2F%3Fq%3Dmilk%2Bfull%2Bcream&rl=&if=false&ts=1770135966638&cd[content_type]=product&sw=320&sh=872&v=2.9.256&r=stable&ec=1&o=4126&fbp=fb.1.1770135966609.27356634960361218&ler=empty&cdl=API_unavailable&plt=274.09999999403954&it=1770135966033&coo=false&chmd=&chpv=&chfv=undefined&expv2[0]=pl0&expv2[1]=el3&expv2[2]=bc1&expv2[3]=mr2&expv2[4]=ct2&expv2[5]=hf2&rqm=FGET: net::ERR_BLOCKED_BY_ORB
02-03 21:56:06.883 19178 19178 I System.out: WebView: Error loading https://www.facebook.com/privacy_sandbox/pixel/register/trigger/?id=1395135667375657&ev=PageView&dl=https%3A%2F%2Fwww.bigbasket.com%2Fps%2F%3Fq%3Dmilk%2Bfull%2Bcream&rl=&if=false&ts=1770135966630&sw=320&sh=872&v=2.9.256&r=stable&ec=0&o=4126&fbp=fb.1.1770135966609.27356634960361218&ler=empty&cdl=API_unavailable&pmd[title]=&plt=274.09999999403954&it=1770135966033&coo=false&chmd=&chpv=&chfv=undefined&expv2[0]=pl0&expv2[1]=el3&expv2[2]=bc1&expv2[3]=mr2&expv2[4]=ct2&expv2[5]=hf2&rqm=FGET: net::ERR_BLOCKED_BY_ORB
02-03 21:56:06.884 19178 19178 I System.out: WebView: Error loading https://www.facebook.com/privacy_sandbox/pixel/register/trigger/?id=1395135667375657&ev=Search&dl=https%3A%2F%2Fwww.bigbasket.com%2Fps%2F%3Fq%3Dmilk%2Bfull%2Bcream&rl=&if=false&ts=1770135966645&cd[content_type]=product%20&sw=320&sh=872&v=2.9.256&r=stable&ec=2&o=4126&fbp=fb.1.1770135966609.27356634960361218&ler=empty&cdl=API_unavailable&plt=274.09999999403954&it=1770135966033&coo=false&chmd=&chpv=&chfv=undefined&expv2[0]=pl0&expv2[1]=el3&expv2[2]=bc1&expv2[3]=mr2&expv2[4]=ct2&expv2[5]=hf2&rqm=FGET: net::ERR_BLOCKED_BY_ORB
02-03 21:56:06.920  1630  4668 D SemWifiUsabilityStatsMonitor: onWifiUsabilityStats - seqNum 18151, isSameBssidAndFreq true
02-03 21:56:06.921  1630  2828 I SemWifiLinkQualityMonitor: Link stat: 2941 / 158 / 1.06 (1579) / 130 / -47.0 || 100.0 : 130.00 / 0.5 : 0.94 / 0.55 : 0.05 / G (G) || 1b525e352457: 0.138 / 58.128 /  / N || N N / 0 / N 2.0 / N 0 / 153069024 0
02-03 21:56:06.922  1630  2740 D ConnectivityService: notifyType CALLBACK_CAP_CHANGED for [491 WIFI]
02-03 21:56:06.923  1209  3586 I vendor.qti.bluetooth@1.0-ibs_handler: ProcessIbsCmd: Received IBS_WAKE_IND: 0xFD
02-03 21:56:06.923  1209  3586 D vendor.qti.bluetooth@1.0-ibs_handler: SerialClockVote: vote for UART CLK ON
02-03 21:56:06.923  1209  3586 D vendor.qti.bluetooth@1.0-wake_lock: Acquire wakelock is acquired 
02-03 21:56:06.924  1209  3586 I vendor.qti.bluetooth@1.0-ibs_handler: ProcessIbsCmd: Writing IBS_WAKE_ACK
02-03 21:56:06.926  1630  2778 D SemWifiApNsd:Client: lpInterface:wlan0
02-03 21:56:06.926  1630  2778 I WifiConnectivityMonitor.NCC: sNetworkCallback(oCC) FULL : 491(valid: true/captive: false)
02-03 21:56:06.927  1630  2778 I WifiConnectivityMonitor.NCC: [ Transports: WIFI Capabilities: NOT_METERED&INTERNET&NOT_RESTRICTED&TRUSTED&NOT_VPN&VALIDATED&NOT_ROAMING&FOREGROUND&NOT_CONGESTED&NOT_SUSPENDED&NOT_VCN_MANAGED&NOT_BANDWIDTH_CONSTRAINED LinkUpBandwidth>=21013Kbps LinkDnBandwidth>=31860Kbps TransportInfo: <SSID: <unknown ssid>, BSSID: 02:00:00:**:**:00, MAC: 02:00:00:**:**:00, IP: /192.***.*.102, Security type: 2, Supplicant state: COMPLETED, Wi-Fi standard: 11n, RSSI: -47, Link speed: 130Mbps, Tx Link speed: 130Mbps, Max Supported Tx Link speed: 144Mbps, Rx Link speed: 144Mbps, Max Supported Rx Link speed: 144Mbps, Frequency: 2457MHz, Net ID: -1, Metered hint: false, score: 60, isUsable: true, CarrierMerged: false, SubscriptionId: -1, IsPrimary: 1, Trusted: true, Restricted: false, Ephemeral: false, OEM paid: false, OEM private: false, OSU AP: false, FQDN: <none>, Provider friendly name: <none>, Requesting package name: <none><none>MLO Information: , Is TID-To-Link negotiation supported by the AP: false, AP MLD Address: <none>, AP MLO Link Id: <none>, AP MLO Affiliated links: <none>, Vendor Data: <none>> SignalStrength: -47 AdminUids: [1000] SSID: "Kiwi2" UnderlyingNetworks: Null]
02-03 21:56:06.928  1630  2853 D WifiConnectivityMonitor: HANDLE_ON_CAPABILITIES_CHANGED
02-03 21:56:06.928  1630  2853 I WifiConnectivityMonitor: determineMode : MODE_AGG_BY_SWITCH_TO_MOBILE_DATA_OPTION
02-03 21:56:06.928  1630  2853 D OpenNetworkQos[4.00]: updateBssidNoInternet: mBssidNoInternet = false
02-03 21:56:06.929  1630  2853 D OpenNetworkQos[4.00]: getOpenNetworkQosNoInternetStatus: false
02-03 21:56:06.929  1630  2853 D OpenNetworkQos[4.00]: getOpenNetworkQosScores: 26 26 23 
02-03 21:56:06.929  1630  2853 D KNOX_MDM_SettingsProvider: isChangeAllowed() : name = wifi_wcm_qos_sharing_score_summary
02-03 21:56:06.929  1630  2853 I WifiProfileShare: network QoS data was changed (internet), updateQoSData networkType: true, qosData: false
02-03 21:56:06.929  1630  4255 V WifiProfileShare.Caster: update wips network, size: 0
02-03 21:56:06.929  2991  3297 D WifiPickerTracker: updateWifiEntries capabilities
02-03 21:56:06.929  1630  2853 D WifiConnectivityMonitor: VALIDATED_DETECTED
02-03 21:56:06.929  1630  4255 D WifiProfileShare: nearby scanning settings run
02-03 21:56:06.929  1630  4255 D WifiProfileShare: network score provider settings enabled
02-03 21:56:06.929  1630  4255 D OpenNetworkQos[4.00]: getOpenNetworkQosScores: 26 26 23 
02-03 21:56:06.929  1630  4255 D OpenNetworkQos[4.00]: getOpenNetworkQosNoInternetStatus: false
02-03 21:56:06.929  1630  4255 I WifiProfileShare.Caster: current network type: 0, score: [26, 26, 23]
02-03 21:56:06.929  1630  4255 V WifiProfileShare.Cache: update network score 78:32:1b:**:**:35
02-03 21:56:06.929  1630  4255 D WifiProfileShare.ScanMatcher: getMcfDataList size:1
02-03 21:56:06.929  1630  4255 I WifiProfileShare.Caster: qos data was updated , before:type:QOS, pBssid:60:45:4d, qosData:7b after:type:QOS, pBssid:60:45:4d, qosData:7b
02-03 21:56:06.930  1630  4255 I [MCFSDK_android_1.2.27006]_4_McfCasterImpl: isNetworkEnabled - type : 1 ret : true
02-03 21:56:06.930  1630  4255 D WifiProfileShare.McfCast: -ME--- mIsNetworkEnabled :true
02-03 21:56:06.930  1630  4255 D WifiProfileShare.McfCast: updateQoSData ignored, same contents
02-03 21:56:06.930  1630  4255 D WifiProfileShare.MCF: success update QosData !
02-03 21:56:06.930  1630  4255 I [MCFSDK_android_1.2.27006]_4_McfCasterImpl: isNetworkEnabled - type : 1 ret : true
02-03 21:56:06.930  1630  4255 D WifiProfileShare.McfCast: -ME--- mIsNetworkEnabled :true
02-03 21:56:06.930  1630  4255 D WifiProfileShare.McfCast: -ME--- updatePasswordDate pwdData size:1
02-03 21:56:06.930  1630  2778 D SemWifiApTrafficPriority: onCapabilitiesChanged Wifi:wlan0,mGapiValue:31.86Uplink: 21.013
02-03 21:56:06.931  2991  3297 D WifiPickerTracker: update AutoHotspot Entries() : bleAccessPoints -> 0
02-03 21:56:06.931  2991  3297 D WifiPickerTracker: handleNetworkCapabilitiesChanged
02-03 21:56:06.933 32101  2465 I NullBinder: NullBinder for android.net.action.RECOMMEND_NETWORKS triggering remote TransactionTooLargeException due to Service without Chimera impl, calling uid: 1000, calling pid: 0
02-03 21:56:06.933 32101  2465 W .gms.persistent: Large reply transaction of 1056768 bytes, interface descriptor , code 1
02-03 21:56:06.933  3245  3607 I BtGatt.ScanHelper: onScanResult to scannerId: 4- eventType=0x1a, addressType=1, address=XX:XX:XX:XX:E0:48, primaryPhy=1, secondaryPhy=0, advertisingSid=0xff, txPower=127, rssi=-88, periodicAdvInt=0x0
02-03 21:56:06.942  5872  7208 I HBD     : i onCapabilitiesChanged network : 491 current network state : wifi 
02-03 21:56:06.972  1209  3586 I vendor.qti.bluetooth@1.0-ibs_handler: ProcessIbsCmd: Received IBS_SLEEP_IND: 0xFE
02-03 21:56:06.972  1209  3586 D vendor.qti.bluetooth@1.0-ibs_handler: SerialClockVote: vote for UART CLK OFF
02-03 21:56:06.977 19178 19510 I ResilientExtractor: [Blinkit]  Text Pattern SUCCESS - 9 products
02-03 21:56:06.977 19178 19510 D ResilientExtractor: [Blinkit]   1. Amul Gold Full Cream Milk, 400 ml - 33.0
02-03 21:56:06.977 19178 19510 D ResilientExtractor: [Blinkit]   2. Amul Moti Toned Milk (90 Days Shelf Life), 400 ml - 29.0
02-03 21:56:06.977 19178 19510 D ResilientExtractor: [Blinkit]   3. Amul Taaza Toned Milk - Pack of 2 - 32.0
02-03 21:56:06.978 19178 19510 I System.out: Blinkit:  Found 9 products on attempt 1
02-03 21:56:06.978 19178 19510 I System.out: Blinkit: [RAW] Got 9 products
02-03 21:56:07.007 19178 19510 I System.out: Blinkit:  9 products (raw, unfiltered)
02-03 21:56:07.007 19178 19510 I System.out: Blinkit: Completed (4/10)
02-03 21:56:07.008 19178 19178 I System.out: [STREAM] Blinkit: 9 products at 8554ms
02-03 21:56:07.008 19178 19519 I System.out: Instamart: Starting (WebView)
02-03 21:56:07.008 19178 19178 I System.out:  Per-platform AI: Blinkit - queued (9 products, timeout=4000ms, reason=fresh)
02-03 21:56:07.008 19178 19178 I System.out:  Per-platform AI: Blinkit - started
02-03 21:56:07.009 19178 19178 I System.out:  Best Deal Search: 'milk full cream'  Primary keyword: 'milk'
02-03 21:56:07.009 19178 19519 I System.out: Instamart: Searching for 'milk full cream'...
02-03 21:56:07.010 19178 19519 I System.out: DirectApiScraper: Instamart: Starting API scrape for 'milk full cream'
02-03 21:56:07.015 19178 19560 I okhttp.OkHttpClient: --> POST https://pricehunt-hklm.onrender.com/api/smart-search (4478-byte body)
02-03 21:56:07.019  1209  3586 I vendor.qti.bluetooth@1.0-ibs_handler: ProcessIbsCmd: Received IBS_WAKE_IND: 0xFD
02-03 21:56:07.019  1209  3586 D vendor.qti.bluetooth@1.0-ibs_handler: SerialClockVote: vote for UART CLK ON
02-03 21:56:07.019  1209  3586 I vendor.qti.bluetooth@1.0-ibs_handler: ProcessIbsCmd: Writing IBS_WAKE_ACK
02-03 21:56:07.021 19178 19178 I System.out:  Relevance: HIGH=25, MEDIUM=1, LOW=1
02-03 21:56:07.022 19178 19178 I System.out:    HIGH [40]: Amul Lactose Free Milk (Tetra Pack), 250 = 25.0
02-03 21:56:07.022 19178 19178 I System.out:    HIGH [50]: Arokya Toned Milk, 400 ml = 26.0
02-03 21:56:07.022 19178 19178 I System.out:    HIGH [50]: Nandini Shubham Pasteurised Standardized = 27.0
02-03 21:56:07.022 19178 19178 I System.out:    HIGH [70]: Nandini Shubham Pasteurized Fresh Milk,  = 27.0
02-03 21:56:07.022 19178 19178 I System.out:    HIGH [40]: Amul Moti Toned Milk (90 Days Shelf Life = 29.0
02-03 21:56:07.022 19178 19178 I System.out:    MED [10]: Rainbow Condensed Milk Original | Rich & = 999.0
02-03 21:56:07.022 19178 19178 I System.out:    LOW [-10]: Ahuja Mart Milk Powder, EveryDay Dairy W = 849.0
02-03 21:56:07.022 19178 19178 I System.out: SearchIntelligence:  Amul Gold Full Cream Fresh Mil  6.0/100ml
02-03 21:56:07.023 19178 19178 I System.out: SearchIntelligence:  Sid's Farm Skim Fresh Milk | P  6.4/100ml
02-03 21:56:07.023 19178 19178 I System.out: SearchIntelligence:  Godrej Jersey Full Cream Fresh  6.6/100ml
02-03 21:56:07.023 19178 19178 I System.out: SearchIntelligence:  Amul Lactose Free Milk (Tetra   10.0/100ml
02-03 21:56:07.023  3245  3607 I BtGatt.ScanHelper: onScanResult to scannerId: 4- eventType=0x1a, addressType=1, address=XX:XX:XX:XX:E0:48, primaryPhy=1, secondaryPhy=0, advertisingSid=0xff, txPower=127, rssi=-82, periodicAdvInt=0x0
02-03 21:56:07.023 19178 19178 I System.out: SearchIntelligence:  Nandini Goodlife Toned UHT Mil  6.2/100ml
02-03 21:56:07.024 19178 19178 I System.out: SearchIntelligence:  Amul Calci+ High Calcium Milk,  85.0/ltr
02-03 21:56:07.024 19178 19178 I System.out: SearchIntelligence:  Sid's Farm A2 Buffalo Milk Tet  140.0/ltr
02-03 21:56:07.024 17606 17878 I BCMGR[11.2.04.4]: BeaconMainController] onReceive - [1 : bad rssi][2 : bad rssi][3 : bad rssi][4 : bad rssi][5 : bad rssi][6 : bad rssi][7 : bad rssi][8 : bad rssi][9 : bad rssi][10 : bad rssi]
02-03 21:56:07.024 19178 19178 I System.out: SearchIntelligence:  Amul Gold Full Cream Milk, 400  8.3/100ml
02-03 21:56:07.025 19178 19178 I System.out: SearchIntelligence:  Amul Moti Toned Milk (90 Days   7.2/100ml
02-03 21:56:07.025 19178 19178 I System.out: SearchIntelligence:  Amul Taaza Toned Milk - Pack o  16.0/pack
02-03 21:56:07.025 19178 19178 I System.out: SearchIntelligence:  Nandini Shubham Pasteurised St  6.8/100ml
02-03 21:56:07.026 19178 19178 I System.out: SearchIntelligence:  Arokya Toned Milk, 400 ml  6.5/100ml
02-03 21:56:07.026 19178 19178 I System.out: SearchIntelligence:  Amul Taaza Homogenised Toned M  18.8/100ml
02-03 21:56:07.026 19178 19178 I System.out: SearchIntelligence:  Amul Gold Milk, 400 ml  20.0/100ml
02-03 21:56:07.027 19178 19178 I System.out: SearchIntelligence:  Heritage Special Long Life Mil  8.3/100ml
02-03 21:56:07.027 19178 19178 I System.out: SearchIntelligence:  Amul Cow Milk, 400 ml  19.0/100ml
02-03 21:56:07.027 19178 19178 I System.out: SearchIntelligence:  Nandini Shubham Pasteurized Fr  5.4/100ml
02-03 21:56:07.028 19178 19178 I System.out: SearchIntelligence:  Heritage standardized Fresh Mi  6.2/100ml
02-03 21:56:07.028 19178 19178 I System.out: SearchIntelligence:  Amul Full Fat Milk-Gold, 500ml  6.6/100ml
02-03 21:56:07.028 19178 19178 I System.out: SearchIntelligence:  Heritage Full Cream Milk, 500m  7.0/100ml
02-03 21:56:07.029 19178 19178 I System.out: SearchIntelligence:  Arokya Full cream milk 500 ml  8.0/100ml
02-03 21:56:07.029 19178 19178 I System.out: SearchIntelligence:  Rainbow Milk Original, Pack of  470.0/100gm
02-03 21:56:07.029 19178 19178 I System.out: SearchIntelligence:  Rainbow's Quality Milk Origina  470.0/100gm
02-03 21:56:07.030 19178 19178 I System.out: SearchIntelligence:  Couldn't parse quantity from 'Rainbow's Quality Milk Original  12s Convenience Pack  Long Shelf Life Evaporated Milk  Ideal for Tea, Coffee & Dess'
02-03 21:56:07.030 19178 19178 I System.out: SearchIntelligence:  Green Milk Pannir Rose Face Ge  1200.0/100ml
02-03 21:56:07.030 19178 19178 I System.out:    Per-unit comparison: 24 products have calculable unit price
02-03 21:56:07.030 19178 19178 I System.out:      Nandini Shubham Pasteurized Fresh M = 27.0 (5.4/100ml)
02-03 21:56:07.030 19178 19178 I System.out:      Amul Gold Full Cream Fresh Milk | P = 30.0 (6.0/100ml)
02-03 21:56:07.030 19178 19178 I System.out:      Nandini Goodlife Toned UHT Milk (Fi = 31.0 (6.2/100ml)
02-03 21:56:07.030 19178 19178 I System.out:      Heritage standardized Fresh Milk, 5 = 31.0 (6.2/100ml)
02-03 21:56:07.030 19178 19178 I System.out:      Sid's Farm Skim Fresh Milk | Pouch, = 32.0 (6.4/100ml)
02-03 21:56:07.031 19178 19178 I System.out:    Per-unit best: Nandini Shubham Pasteurized Fresh Milk,  (5.4/100ml)
02-03 21:56:07.031 19178 19178 I System.out:  Best Deal: Nandini Shubham Pasteurized Fresh Milk, 500ml = 27.0
02-03 21:56:07.031 19178 19178 I System.out:  Scraping: 5/10 platforms, Total: 28
02-03 21:56:07.043  5872  5872 I HBD     : i onCapabilityChanged  setNetworkState currentNetworkState : wifi 
02-03 21:56:07.061  1209  3586 I vendor.qti.bluetooth@1.0-ibs_handler: ProcessIbsCmd: Received IBS_SLEEP_IND: 0xFE
02-03 21:56:07.062  1209  3586 D vendor.qti.bluetooth@1.0-ibs_handler: SerialClockVote: vote for UART CLK OFF
