02-03 22:20:27.642  1630  4608 W UserManagerService: Requested status bar icon for non-badged user 0
02-03 22:20:27.642  1429  1429 I SurfaceFlinger: id=52629 Removed Transition Root: Task=4527#52629 (361)
02-03 22:20:27.643  1429  1429 W ComposerExtn: DisplayExtnImpl::SetActiveConfig: HWC Display 3 is not registered!
02-03 22:20:27.645 21273 21402 D HWUI    : CacheManager::trimMemory(20)
02-03 22:20:27.645  1630  4608 V WindowManager: Relayout Window{48def57 u0 com.sec.android.app.launcher/com.sec.android.app.launcher.activities.LauncherActivity}: viewVisibility=8 req=840x2289 ty=4 d0
02-03 22:20:27.646  1630  4608 V WindowManager: Relayout hash=48def57, pid=21273, syncId=-1: mAttrs={(0,0)(fillxfill) gr=LEFT CENTER_HORIZONTAL sim={adjust=resize} layoutInDisplayCutoutMode=always ty=DRAWN_APPLICATION fmt=TRANSPARENT wanim=0x1030301 alpha=0.0
02-03 22:20:27.646  1630  4608 V WindowManager:   fl=81850118
02-03 22:20:27.646  1630  4608 V WindowManager:   pfl=10008840
02-03 22:20:27.646  1630  4608 V WindowManager:   bhv=1
02-03 22:20:27.646  1630  4608 V WindowManager:   fitSides=0
02-03 22:20:27.646  1630  4608 V WindowManager:   frameRateBoostOnTouch=true
02-03 22:20:27.646  1630  4608 V WindowManager:   dvrrWindowFrameRateHint=true
02-03 22:20:27.646  1630  4608 V WindowManager:  dimAmount=0.0 screenDimDuration=40000 naviIconColor=0}
02-03 22:20:27.647  1429  1429 D SurfaceFlinger: Display 4630947232161729155 HWC layers:
02-03 22:20:27.647  1429  1429 D SurfaceFlinger:        DEVICE |   0xb400007b3d076730 | 0001 | RGBA_8888    |    0.0    0.0  840.0 2289.0 |    0    0  832 2267 | Splash Screen com.pricehunt$_2991#52628 (1)
02-03 22:20:27.647  1429  1429 D SurfaceFlinger:        DEVICE |   0xb400007b3d0b34e0 | 0001 | RGBA_8888    |    0.0    0.0  840.0   82.0 |    0    0  832   81 | StatusBar$_2991#135 (95194)
02-03 22:20:27.647  1429  1429 D SurfaceFlinger:        DEVICE |   0xb400007b3d06c260 | 0001 | RGBA_8888    |    0.0    0.0   67.0  210.0 |  766 1196  832 1404 | com.sec.android.app.launcher/com.sam[...]l.app.CocktailBarService$_3474#52539 (5)
02-03 22:20:27.647  1429  1429 D SurfaceFlinger:        DEVICE |   0xb400007b3d097a30 | 0001 | RGBA_8888    |    0.0    0.0  840.0  126.0 |    0 2142  832 2267 | NavigationBar0$_2991#128 (55616)
02-03 22:20:27.647  1429  1429 D SurfaceFlinger: 
02-03 22:20:27.647  1429  1429 I SurfaceFlinger: destroyed Transition Root: Task=4527#52629
02-03 22:20:27.648  1429  1429 W Layer   : gatherBufferInfo: Received unknown dataspace from gralloc
02-03 22:20:27.648  1429  1429 I Layer   : id=52629 Destroyed Transition Root: Task=4527#52629
02-03 22:20:27.649  1630  5993 W ParceledListSlice: Element #16 is 21876 bytes.
02-03 22:20:27.649 21273 21273 I VRI[LauncherActivity]@66e68da: Relayout returned: old=(0,0,840,2289) new=(0,0,840,2289) relayoutAsync=false req=(840,2289)8 dur=2 res=0x2 s={false 0x0} ch=true seqId=0
02-03 22:20:27.650 21273 21273 D VRI[LauncherActivity]@66e68da: Not drawing due to not visible. Reason=!mAppVisible && !mForceDecorViewVisibility
02-03 22:20:27.650  1630  5996 W ParceledListSlice: Element #22 is 23412 bytes.
02-03 22:20:27.652  1630  5996 W ParceledListSlice: Element #34 is 24684 bytes.
02-03 22:20:27.656  2991 32397 W ndroid.systemui: Large reply transaction of 405148 bytes, interface descriptor com.android.wm.shell.recents.IRecentTasks, code 4
02-03 22:20:27.659  3474 18795 I HoneySpace.HistoryViewModel@64637423@OneUI: Illegal access. Unknown type. skip load history items
02-03 22:20:27.660  3474  7344 I HoneySpace.HistoryViewModel@129678705@OneUI: task bar is not showing. skip load history items
02-03 22:20:27.660  3474  7344 I HoneySpace.HistoryViewModel@129678705@OneUI: launcherShowing : false, recentShowing : false, isInteractive : true, state : 0minusOne : false
02-03 22:20:27.661  9475  9475 I ViewRootImpl: dVRR is disabled
02-03 22:20:27.662  9475  9475 D HardwareRenderer: onDisplayChanged. displayId=0 current wxh=840x2289 mLargest wxh=0x0
02-03 22:20:27.662  9475  9475 D HardwareRenderer: Set largestWidth and largestHeight as logical resolution. (840x2289)
02-03 22:20:27.662  9475  9496 D HWUI    : setMaxSurfaceArea requested wxh=(840,2289) requestedSurfaceArea(1922760) is smaller than defaultSurfaceArea(2073600). Use default.
02-03 22:20:27.662  9475  9496 D NativeCustomFrequencyManager: [NativeCFMS] BpCustomFrequencyManager::BpCustomFrequencyManager()
02-03 22:20:27.665  1630  3144 D InputTransport: Input channel constructed: '761462c', fd=1110
02-03 22:20:27.665  1630  3144 D InputTransport: Input channel constructed: '761462c', fd=1141
02-03 22:20:27.665  1630  3144 D InputTransport: Input channel constructed: '761462c', fd=1148
02-03 22:20:27.665  1429  4731 I SurfaceFlinger: id=52634 createSurf, flag=84004, 761462c com.pricehunt/com.pricehunt.presentation.MainActivity#52634
02-03 22:20:27.666  1630  3144 D RestrictionPolicy: isScreenCaptureEnabled : ret=true userId=0
02-03 22:20:27.666  1630  3144 D RestrictionPolicy: isScreenCaptureEnabled : ret=true userId=0
02-03 22:20:27.666  1630  3144 D InputTransport: Input channel destroyed: '761462c', fd=1148
02-03 22:20:27.666  9475  9475 D InputTransport: Input channel constructed: '761462c', fd=128
02-03 22:20:27.667  9475  9475 I InsetsController: onStateChanged: host=com.pricehunt/com.pricehunt.presentation.MainActivity, from=android.view.ViewRootImpl.setView:1999, state=InsetsState: {mDisplayFrame=Rect(0, 0 - 840, 2289), mDisplayCutout=DisplayCutout{insets=Rect(0, 82 - 0, 0) waterfall=Insets{left=0, top=0, right=0, bottom=0} boundingRect={Bounds=[Rect(0, 0 - 0, 0), Rect(389, 0 - 451, 82), Rect(0, 0 - 0, 0), Rect(0, 0 - 0, 0)]} cutoutPathParserInfo={CutoutPathParserInfo{displayWidth=840 displayHeight=2289 physicalDisplayWidth=840 physicalDisplayHeight=2289 density={2.65} cutoutSpec={M 0,0 H -11.80952380952381 V 30.85714285714286 H 11.80952380952381 V 0 H 0 Z @dp} rotation={0} scale={1.0} physicalPixelDisplaySizeRatio={1.0}}} sideOverrides={}}, mRoundedCorners=RoundedCorners{[RoundedCorner{position=TopLeft, radius=58, center=Point(58, 58)}, RoundedCorner{position=TopRight, radius=58, center=Point(782, 58)}, RoundedCorner{position=BottomRight, radius=58, center=Point(782, 2231)}, RoundedCorner{position=BottomLeft, radius=58, center=Point(58, 2231)}]}  mRoundedCornerFrame=Rect(0, 0 - 840, 2289), mPrivacyIndicatorBounds=PrivacyIndicatorBounds {static bounds=Rect(724, 0 - 840, 82) rotation=0}, mDisplayShape=DisplayShape{ spec=-311912193 displayWidth=832 displayHeight=2268 physicalPixelDisplaySizeRatio=1.0 rotation=0 offsetX=0 offsetY=0 scale=1.0}, mSources= { InsetsSource: {9d0a0001 mType=navigationBars mFrame=[0,2250][840,2289] mVisible=true mFlags=SUPPRESS_SCRIM mSideHint=BOTTOM mBoundingRects=null}, InsetsSource: {9d0a0004 mType=systemGestures mFrame=[0,0][78,2289] mVisible=true mFlags= mSideHint=LEFT mBoundingRects=null}, InsetsSource: {9d0a0005 mType=mandatorySystemGestures mFrame=[0,2205][840,2289] mVisible=true mFlags= mSideHint=BOTTOM mBoundingRects=null}, InsetsSource: {9d0a0006 mType=tappableElement mFrame=[0,0][0,0] mVisible=true mFlags= mSideHint=NONE mBoundingRects=null}, InsetsSource: {9d0a0024 mType=systemGestures mFrame=[762,0][840,2289] mVisible=true mFlags= mSideHint=RIGHT mBoundingRects=null}, InsetsSource: {27 mType=displayCutout mFrame=[0,0][840,82] mVisible=true mFlags= mSideHint=TOP mBoundingRects=null}, InsetsSource: {4df90004 mType=systemGestures mFrame=[0,0][0,0] mVisible=false mFlags= mSideHint=NONE mBoundingRects=null}, InsetsSource: {4df90005 mType=mandatorySystemGestures mFrame=[0,0][0,0] mVisible=false mFlags= mSideHint=NONE mBoundingRects=null}, InsetsSource: {4df90006 mType=tappableElement mFrame=[0,0][0,0] mVisible=false mFlags= mSideHint=NONE mBoundingRects=null}, InsetsSource: {4df90024 mType=systemGestures mFrame=[0,0][0,0] mVisible=false mFlags= mSideHint=NONE mBoundingRects=null}, InsetsSource: {68930000 mType=statusBars mFrame=[0,0][840,82] mVisible=true mFlags= mSideHint=TOP mBoundingRects=null}, InsetsSource: {68930005 mType=mandatorySystemGestures mFrame=[0,0][840,114] mVisible=true mFlags= mSideHint=TOP mBoundingRects=null}, InsetsSource: {68930006 mType=tappableElement mFrame=[0,0][840,82] mVisible=true mFlags= mSideHint=TOP mBoundingRects=null} }
02-03 22:20:27.668  9475  9475 I VRI[MainActivity]@5832a1f: synced displayState. AttachInfo displayState=2
02-03 22:20:27.668  9475  9475 I VRI[MainActivity]@5832a1f: setView = com.android.internal.policy.DecorView@4ba493b IsHRR=false TM=true
02-03 22:20:27.668  9475  9475 I IDS_TAG : Clearing training data of com.pricehunt.PriceHuntApp@d421999
02-03 22:20:27.669  9475  9475 I IDS_TAG : Starting IDS observe window
02-03 22:20:27.669  9475  9475 I IDS_TAG : Getting Shared Preference for com.pricehunt.PriceHuntApp@d421999 uid = 10418
02-03 22:20:27.670  9475  9475 I IDS_TAG : App com.pricehunt.PriceHuntApp@d421999 has not finished training
02-03 22:20:27.670  1630  2279 D AnalyticsContainerHandler: handleMessage : { when=0 what=1 target=com.android.server.knox.KnoxAnalyticsContainer$AnalyticsHandler }
02-03 22:20:27.670  9475  9496 D HWUI    : HWUI - treat SMPTE_170M as sRGB
02-03 22:20:27.670  9475  9475 I IDS_TAG : Closing IDS observe window
02-03 22:20:27.670  9475  9475 I IDS_TAG : Getting Shared Preference for com.pricehunt.PriceHuntApp@d421999 uid = 10418
02-03 22:20:27.671  1630  2279 D AnalyticsContainerHandler: handleMessage : { when=0 what=2 target=com.android.server.knox.KnoxAnalyticsContainer$AnalyticsHandler }
02-03 22:20:27.671  9475  9475 I IDS_TAG : IDS count updated to 1 for com.pricehunt.PriceHuntApp@d421999
02-03 22:20:27.677  1429  1429 I SurfaceFlinger: Layer [761462c com.pricehunt/com.pricehunt.presentation.MainActivity#52634] hidden!! flag(4096)
02-03 22:20:27.677  1429  1429 I SurfaceFlinger: [761462c com.pricehunt/com.pricehunt.presentation.MainActivity#52634] attach to parent LayerHierarchy{RequestedLayerState{ActivityRecord{21c8731 u0 com.pricehunt/.presentation.MainActivity t4527}#52626 parentId=52625} 3 children}
02-03 22:20:27.696 32101  7661 I NearbySharing: Network state changed: NetworkState(isRestricted=false, isOnline=true, isCongested=false, isMetered=false, isWifiConnected=true)
02-03 22:20:27.782  1231  8673 I sensors-hal: handle_sns_client_event:540, [0][28761] accel_sample [-0.120,  1.368,  9.719] 342584215783971
02-03 22:20:27.784  9475  9475 I com.pricehunt: hiddenapi: Accessing hidden method Ljava/lang/invoke/MethodHandles$Lookup;-><init>(Ljava/lang/Class;I)V (runtime_flags=0, domain=core-platform, api=unsupported) from Lretrofit2/Platform; (domain=app, TargetSdkVersion=34) using reflection: allowed
02-03 22:20:27.801  9475  9475 I System.out: PlatformHealth: Loaded health data for 0 platforms
02-03 22:20:27.801  9475  9475 D PlatformHealth: Loaded health data for 0 platforms
02-03 22:20:27.834  1630  3144 D CoreBackPreview: Window{761462c u0 com.pricehunt/com.pricehunt.presentation.MainActivity}: Setting back callback OnBackInvokedCallbackInfo{mCallback=android.window.IOnBackInvokedCallback$Stub$Proxy@655156, mPriority=0, mIsAnimationCallback=false}
02-03 22:20:27.909  1237  9468 I HYPER-HAL: [ResourceManager.cpp]removeResource(): [CPULittleMinFreq] RemoveResource Request ID : 1590589
02-03 22:20:27.910  1237  9468 I HYPER-HAL: [ResourceManager.cpp]removeResource(): [CPUMinFreq] RemoveResource Request ID : 1590589
02-03 22:20:27.911  1237  9468 I HYPER-HAL: [RequestManager.cpp]releaseLocked(): Released ID : 1590589
02-03 22:20:27.920  1429 21775 W ComposerExtn: DisplayExtnImpl::SetActiveConfig: HWC Display 3 is not registered!
02-03 22:20:27.927  9475  9475 D CompatChangeReporter: Compat change id reported: 289878283; UID 10418; state: ENABLED
02-03 22:20:27.927  1429  1459 I VSyncReactor: Current= 120, Period= 60, hwcPeriod= 120
02-03 22:20:27.928  1429  1429 I LayerHistory: StatusBar$_2991#135 Max (can't resolve refresh rate)
02-03 22:20:27.928  1429  1429 I LayerHistory: Splash Screen com.pricehunt$_2991#52628 Max (can't resolve refresh rate)
02-03 22:20:27.928  1429  1429 I SurfaceFlinger: Idle - choose 60.00 Hz
02-03 22:20:27.929  1429  1429 I HWComposer: [4630947232161729155] ActiveConfigToHWC, ID : 2
02-03 22:20:27.929  1304  1534 I SDM     : HWCDisplay::SubmitDisplayConfig: [DispConfigs] config 0 => 2, hs_mode 3 => 3
02-03 22:20:27.929  1304  1534 I SDM     : DisplayBase::SetActiveConfig: [DispConfigs] 0 => 2 or hs mode is changed if same config
02-03 22:20:27.929  1304  1534 I SDM     : HWDeviceDRM::SetDisplaySwitchMode: POMS Switching to Mode	2
02-03 22:20:27.929  1304  1534 I SDM     : HWDeviceDRM::SetDisplaySwitchMode: [DispConfigs] check hs_mode 3
02-03 22:20:27.929  1304  1534 I SDM     : HWDeviceDRM::SetDisplaySwitchMode: [DispConfigs] Set mode index:3 832x2268x60x127680cmdPHS, hs_mode(3), found_mode(1)
02-03 22:20:27.930  1304  1534 I SDM     : HWDeviceDRM::UpdateMixerAttributes: Mixer WxH 832x2268-1 for Peripheral
02-03 22:20:27.930  1304  1534 I SDM     : HWCDisplay::SubmitDisplayConfig: Active configuration changed to: 2
02-03 22:20:27.930  3474  3474 I HoneySpace.EdgePanel.EdgeVisibilityRepository: getComputedTrayVisible : keyguardState = 1
02-03 22:20:27.931  3474  3474 I HoneySpace.EdgePanel.EdgeVisibilityRepository: updateTrayVisible: State = 0x1 , visible = true , current containerState = 0 , specificMode = 0
02-03 22:20:27.931  1630  3144 D WifiDisplayAdapter: getWifiDisplayStatusLocked: result=WifiDisplayStatus{featureState=2, scanState=0, activeDisplayState=0, activeDisplay=null, displays=[], sessionInfo=WifiDisplaySessionInfo:
02-03 22:20:27.931  1630  3144 D WifiDisplayAdapter:     Client/Owner: Client
02-03 22:20:27.931  1630  3144 D WifiDisplayAdapter:     GroupId: 
02-03 22:20:27.931  1630  3144 D WifiDisplayAdapter:     Passphrase: 
02-03 22:20:27.931  1630  3144 D WifiDisplayAdapter:     SessionId: 0
02-03 22:20:27.931  1630  3144 D WifiDisplayAdapter:     IP Address: }
02-03 22:20:27.931  3474  3474 I HoneySpace.EdgePanel.EdgeVisibilityRepository: Same container state 0
02-03 22:20:27.935  1429  1459 I VSyncReactor: Current= 120, Period= 60, hwcPeriod= 120
02-03 22:20:27.952  1429  1459 I VSyncReactor: Current= 120, Period= 60, hwcPeriod= 60
02-03 22:20:27.983  9475  9481 I com.pricehunt: Compiler allocated 7408KB to compile void android.view.ViewRootImpl.performTraversals()
02-03 22:20:28.005  1630  3144 V WindowManager: Relayout Window{761462c u0 com.pricehunt/com.pricehunt.presentation.MainActivity}: viewVisibility=0 req=840x2289 ty=1 d0
02-03 22:20:28.005  1429  4731 I SurfaceFlinger: id=52635 createSurf, flag=44004, com.pricehunt/com.pricehunt.presentation.MainActivity$_9475#52635
02-03 22:20:28.005  1429 21775 W ComposerExtn: DisplayExtnImpl::SetActiveConfig: HWC Display 3 is not registered!
02-03 22:20:28.006  1630  3144 D WindowManager: makeSurface duration=2 name=com.pricehunt/com.pricehunt.presentation.MainActivity$_9475
02-03 22:20:28.008  1630  3144 D WindowManager: Changing focus from null to Window{761462c u0 com.pricehunt/com.pricehunt.presentation.MainActivity} displayId=0 Callers=com.android.server.wm.WindowManagerService.relayoutWindowInner:142 com.android.server.wm.WindowManagerService.relayoutWindow:6 com.android.server.wm.Session.relayout:27 android.view.IWindowSession$Stub.onTransact:861 
02-03 22:20:28.008  1630  3144 I WindowManager: Cancelling animation restarting=true, leash=Surface(name=Surface(name=65b5200 StatusBar)/@0xb203e6f - animation-leash of insets_animation)/@0x25dddc
02-03 22:20:28.008  1630  3144 I WindowManager: Reparenting to original parent: Surface(name=WindowToken{182faa6 type=2000 android.os.BinderProxy@622ade8})/@0x89a977c, destroy=false, syncState=0, syncCommitDepth=0, surface=Surface(name=65b5200 StatusBar)/@0xb203e6f
02-03 22:20:28.008  1630  3144 I WindowManager: Reparenting to leash, surface=Surface(name=65b5200 StatusBar)/@0xb203e6f, syncState=0, syncCommitDepth=0, leashParent=Surface(name=WindowToken{182faa6 type=2000 android.os.BinderProxy@622ade8})/@0x89a977c
02-03 22:20:28.008  1429  4731 I SurfaceFlinger: id=52636 createSurf, flag=24000, Surface(name=65b5200 StatusBar)/@0xb203e6f - animation-leash of insets_animation#52636
02-03 22:20:28.009  1630  3144 D WindowManager: makeSurface duration=0 leash=Surface(name=Surface(name=65b5200 StatusBar)/@0xb203e6f - animation-leash of insets_animation)/@0xc7d2ce2
02-03 22:20:28.009  1630  3144 D InsetsSourceProvider: updateControlForTarget: control=InsetsSourceControl: {68930000 mType=statusBars initiallyVisible mSurfacePosition=Point(0, 0) mInsetsHint=Insets{left=0, top=82, right=0, bottom=0}}, target=Window{761462c u0 com.pricehunt/com.pricehunt.presentation.MainActivity}, from=com.android.server.wm.InsetsStateController.onControlTargetChanged:81 com.android.server.wm.InsetsPolicy.updateBarControlTarget:175 com.android.server.wm.DisplayPolicy.updateSystemBarAttributes:281 com.android.server.wm.WindowManagerService.updateFocusedWindowLocked:375 com.android.server.wm.WindowManagerService.relayoutWindowInner:142 
02-03 22:20:28.009  1630  3144 I WindowManager: Cancelling animation restarting=true, leash=Surface(name=Surface(name=431914a TaskbarWindow)/@0x1d7e725 - animation-leash of insets_animation)/@0x8e50c47
02-03 22:20:28.009  1630  3144 I WindowManager: Reparenting to original parent: Surface(name=WindowToken{87f7816 type=2024 android.os.BinderProxy@f931e00})/@0xcf8e0fa, destroy=false, syncState=0, syncCommitDepth=0, surface=Surface(name=431914a TaskbarWindow)/@0x1d7e725
02-03 22:20:28.009  1630  3144 I WindowManager: Reparenting to leash, surface=Surface(name=431914a TaskbarWindow)/@0x1d7e725, syncState=0, syncCommitDepth=0, leashParent=Surface(name=WindowToken{87f7816 type=2024 android.os.BinderProxy@f931e00})/@0xcf8e0fa
02-03 22:20:28.009  1429  4731 I SurfaceFlinger: id=52637 createSurf, flag=24000, Surface(name=431914a TaskbarWindow)/@0x1d7e725 - animation-leash of insets_animation#52637
02-03 22:20:28.009  1630  3144 D WindowManager: makeSurface duration=0 leash=Surface(name=Surface(name=431914a TaskbarWindow)/@0x1d7e725 - animation-leash of insets_animation)/@0xb377330
02-03 22:20:28.010  1630  3144 D InsetsSourceProvider: updateControlForTarget: control=InsetsSourceControl: {4df90001 mType=navigationBars initiallyVisible mSurfacePosition=Point(0, 2040) mInsetsHint=Insets{left=0, top=0, right=0, bottom=168}}, target=Window{761462c u0 com.pricehunt/com.pricehunt.presentation.MainActivity}, from=com.android.server.wm.InsetsStateController.onControlTargetChanged:81 com.android.server.wm.InsetsPolicy.updateBarControlTarget:188 com.android.server.wm.DisplayPolicy.updateSystemBarAttributes:281 com.android.server.wm.WindowManagerService.updateFocusedWindowLocked:375 com.android.server.wm.WindowManagerService.relayoutWindowInner:142 
02-03 22:20:28.010  1630  3144 I WindowManager: Cancelling animation restarting=true, leash=Surface(name=Surface(name=8f7d129 NavigationBar0)/@0xedcd05a - animation-leash of insets_animation)/@0xd597be0
02-03 22:20:28.010  1630  3144 I WindowManager: Reparenting to original parent: Surface(name=WindowToken{c4ac1f3 type=2019 android.os.BinderProxy@f66f2d})/@0xb1c528b, destroy=false, syncState=0, syncCommitDepth=0, surface=Surface(name=8f7d129 NavigationBar0)/@0xedcd05a
02-03 22:20:28.010  1630  3144 I WindowManager: Reparenting to leash, surface=Surface(name=8f7d129 NavigationBar0)/@0xedcd05a, syncState=0, syncCommitDepth=0, leashParent=Surface(name=WindowToken{c4ac1f3 type=2019 android.os.BinderProxy@f66f2d})/@0xb1c528b
02-03 22:20:28.010  1429  4731 I SurfaceFlinger: id=52638 createSurf, flag=24000, Surface(name=8f7d129 NavigationBar0)/@0xedcd05a - animation-leash of insets_animation#52638
02-03 22:20:28.010  1630  3144 D WindowManager: makeSurface duration=1 leash=Surface(name=Surface(name=8f7d129 NavigationBar0)/@0xedcd05a - animation-leash of insets_animation)/@0xd45352e
02-03 22:20:28.010  1630  3144 D InsetsSourceProvider: updateControlForTarget: control=InsetsSourceControl: {9d0a0001 mType=navigationBars initiallyVisible mSurfacePosition=Point(0, 2163) mInsetsHint=Insets{left=0, top=0, right=0, bottom=39}}, target=Window{761462c u0 com.pricehunt/com.pricehunt.presentation.MainActivity}, from=com.android.server.wm.InsetsStateController.onControlTargetChanged:81 com.android.server.wm.InsetsPolicy.updateBarControlTarget:188 com.android.server.wm.DisplayPolicy.updateSystemBarAttributes:281 com.android.server.wm.WindowManagerService.updateFocusedWindowLocked:375 com.android.server.wm.WindowManagerService.relayoutWindowInner:142 
02-03 22:20:28.010  1630  3144 V SystemKeyManager: updateFocusedWindow() is called, com.pricehunt/com.pricehunt.presentation.MainActivity
02-03 22:20:28.011  1630  3144 V WindowManager: Relayout hash=761462c, pid=9475, syncId=-1: mAttrs={(0,0)(fillxfill) sim={adjust=pan forwardNavigation} ty=BASE_APPLICATION wanim=0x1030312
02-03 22:20:28.011  1630  3144 V WindowManager:   fl=81810100
02-03 22:20:28.011  1630  3144 V WindowManager:   pfl=100080c0
02-03 22:20:28.011  1630  3144 V WindowManager:   bhv=1
02-03 22:20:28.011  1630  3144 V WindowManager:   fitSides=0
02-03 22:20:28.011  1630  3144 V WindowManager:   frameRateBoostOnTouch=true
02-03 22:20:28.011  1630  3144 V WindowManager:   dvrrWindowFrameRateHint=true naviIconColor=0}
02-03 22:20:28.012  9475  9475 E com.pricehunt: Unable to open libpenguin.so: dlopen failed: library "libpenguin.so" not found.
02-03 22:20:28.012  9475  9475 I BufferQueueProducer: [](id:250300000000,api:0,p:0,c:9475) setDequeueTimeout:2077252342
02-03 22:20:28.012  1429  1429 I LayerHistory: StatusBar$_2991#135 Max (can't resolve refresh rate)
02-03 22:20:28.012  1429  1429 I LayerHistory: Splash Screen com.pricehunt$_2991#52628 Max (can't resolve refresh rate)
02-03 22:20:28.012  1429  1429 I SurfaceFlinger: Weight ignores StatusBar$_2991#135 (type=Max, weight=0.04, seamlessness=Default) 0.00 Hz's 120.00 Hz
02-03 22:20:28.012  1429  1429 I SurfaceFlinger: scored - choose 120.00 Hz
02-03 22:20:28.013  1429  1429 I HWComposer: [4630947232161729155] ActiveConfigToHWC, ID : 0
02-03 22:20:28.014  9475  9475 I BLASTBufferQueue_Java: new BLASTBufferQueue, mName= VRI[MainActivity]@5832a1f mNativeObject= 0xb400007c708af970 sc.mNativeObject= 0xb400007e108a0010 caller= android.view.ViewRootImpl.updateBlastSurfaceIfNeeded:3397 android.view.ViewRootImpl.relayoutWindow:11361 android.view.ViewRootImpl.performTraversals:4544 android.view.ViewRootImpl.doTraversal:3708 android.view.ViewRootImpl$TraversalRunnable.run:12542 android.view.Choreographer$CallbackRecord.run:1751 android.view.Choreographer$CallbackRecord.run:1760 android.view.Choreographer.doCallbacks:1216 android.view.Choreographer.doFrame:1142 android.view.Choreographer$FrameDisplayEventReceiver.run:1707 
02-03 22:20:28.014  9475  9475 I BLASTBufferQueue_Java: update, w= 840 h= 2289 mName = VRI[MainActivity]@5832a1f mNativeObject= 0xb400007c708af970 sc.mNativeObject= 0xb400007e108a0010 format= -1 caller= android.graphics.BLASTBufferQueue.<init>:88 android.view.ViewRootImpl.updateBlastSurfaceIfNeeded:3397 android.view.ViewRootImpl.relayoutWindow:11361 android.view.ViewRootImpl.performTraversals:4544 android.view.ViewRootImpl.doTraversal:3708 android.view.ViewRootImpl$TraversalRunnable.run:12542 
02-03 22:20:28.014  1304  1534 I SDM     : HWCDisplay::SubmitDisplayConfig: [DispConfigs] config 2 => 0, hs_mode 3 => 3
02-03 22:20:28.014  1304  1534 I SDM     : DisplayBase::SetActiveConfig: [DispConfigs] 3 => 0 or hs mode is changed if same config
02-03 22:20:28.014  1304  1534 I SDM     : HWDeviceDRM::SetDisplaySwitchMode: POMS Switching to Mode	0
02-03 22:20:28.014  1304  1534 I SDM     : HWDeviceDRM::SetDisplaySwitchMode: [DispConfigs] check hs_mode 3
02-03 22:20:28.014  1304  1534 I SDM     : HWDeviceDRM::SetDisplaySwitchMode: [DispConfigs] Set mode index:0 832x2268x120x127680cmdHS, hs_mode(3), found_mode(0)
02-03 22:20:28.014  1304  1534 I SDM     : HWDeviceDRM::UpdateMixerAttributes: Mixer WxH 832x2268-1 for Peripheral
02-03 22:20:28.014  9475  9475 W libc    : Access denied finding property "vendor.display.enable_optimal_refresh_rate"
02-03 22:20:28.014  1304  1534 I SDM     : HWCDisplay::SubmitDisplayConfig: Active configuration changed to: 0
02-03 22:20:28.014  9475  9475 W libc    : Access denied finding property "vendor.gpp.create_frc_extension"
02-03 22:20:28.014  9475  9475 I VRI[MainActivity]@5832a1f: Relayout returned: old=(0,0,840,2289) new=(0,0,840,2289) relayoutAsync=false req=(840,2289)0 dur=8 res=0x3 s={true 0xb400007cb08b5320} ch=true seqId=0
02-03 22:20:28.015  9475  9475 I VRI[MainActivity]@5832a1f: performConfigurationChange setNightDimText nightDimLevel=0
02-03 22:20:28.015  9475  9475 D VRI[MainActivity]@5832a1f: mThreadedRenderer.initialize() mSurface={isValid=true 0xb400007cb08b5320} hwInitialized=true
02-03 22:20:28.019  1429  1459 I VSyncReactor: Current= 60, Period= 120, hwcPeriod= 60
02-03 22:20:28.021  2991  3104 I InsetsController: onStateChanged: host=Splash Screen com.pricehunt, from=android.view.ViewRootImpl.handleInsetsControlChanged:2888, state=InsetsState: {mDisplayFrame=Rect(0, 0 - 840, 2289), mDisplayCutout=DisplayCutout{insets=Rect(0, 82 - 0, 0) waterfall=Insets{left=0, top=0, right=0, bottom=0} boundingRect={Bounds=[Rect(0, 0 - 0, 0), Rect(389, 0 - 451, 82), Rect(0, 0 - 0, 0), Rect(0, 0 - 0, 0)]} cutoutPathParserInfo={CutoutPathParserInfo{displayWidth=840 displayHeight=2289 physicalDisplayWidth=840 physicalDisplayHeight=2289 density={2.65} cutoutSpec={M 0,0 H -11.80952380952381 V 30.85714285714286 H 11.80952380952381 V 0 H 0 Z @dp} rotation={0} scale={1.0} physicalPixelDisplaySizeRatio={1.0}}} sideOverrides={}}, mRoundedCorners=RoundedCorners{[RoundedCorner{position=TopLeft, radius=58, center=Point(58, 58)}, RoundedCorner{position=TopRight, radius=58, center=Point(782, 58)}, RoundedCorner{position=BottomRight, radius=58, center=Point(782, 2231)}, RoundedCorner{position=BottomLeft, radius=58, center=Point(58, 2231)}]}  mRoundedCornerFrame=Rect(0, 0 - 840, 2289), mPrivacyIndicatorBounds=PrivacyIndicatorBounds {static bounds=Rect(724, 0 - 840, 82) rotation=0}, mDisplayShape=DisplayShape{ spec=-311912193 displayWidth=832 displayHeight=2268 physicalPixelDisplaySizeRatio=1.0 rotation=0 offsetX=0 offsetY=0 scale=1.0}, mSources= { InsetsSource: {9d0a0001 mType=navigationBars mFrame=[0,2250][840,2289] mVisible=true mFlags=SUPPRESS_SCRIM mSideHint=BOTTOM mBoundingRects=null}, InsetsSource: {9d0a0004 mType=systemGestures mFrame=[0,0][78,2289] mVisible=true mFlags= mSideHint=LEFT mBoundingRects=null}, InsetsSource: {9d0a0005 mType=mandatorySystemGestures mFrame=[0,2205][840,2289] mVisible=true mFlags= mSideHint=BOTTOM mBoundingRects=null}, InsetsSource: {9d0a0006 mType=tappableElement mFrame=[0,0][0,0] mVisible=true mFlags= mSideHint=NONE mBoundingRects=null}, InsetsSource: {9d0a0024 mType=systemGestures mFrame=[762,0][840,2289] mVisible=true mFlags= mSideHint=RIGHT mBoundingRects=null}, InsetsSource: {27 mType=displayCutout mFrame=[0,0][840,82] mVisible=true mFlags= mSideHint=TOP mBoundingRects=null}, InsetsSource: {4df90004 mType=systemGestures mFrame=[0,0][0,0] mVisible=false mFlags= mSideHint=NONE mBoundingRects=null}, InsetsSource: {4df90005 mType=mandatorySystemGestures mFrame=[0,0][0,0] mVisible=false mFlags= mSideHint=NONE mBoundingRects=null}, InsetsSource: {4df90006 mType=tappableElement mFrame=[0,0][0,0] mVisible=false mFlags= mSideHint=NONE mBoundingRects=null}, InsetsSource: {4df90024 mType=systemGestures mFrame=[0,0][0,0] mVisible=false mFlags= mSideHint=NONE mBoundingRects=null}, InsetsSource: {68930000 mType=statusBars mFrame=[0,0][840,82] mVisible=true mFlags= mSideHint=TOP mBoundingRects=null}, InsetsSource: {68930005 mType=mandatorySystemGestures mFrame=[0,0][840,114] mVisible=true mFlags= mSideHint=TOP mBoundingRects=null}, InsetsSource: {68930006 mType=tappableElement mFrame=[0,0][840,82] mVisible=true mFlags= mSideHint=TOP mBoundingRects=null} }
02-03 22:20:28.026  9475  9475 D VRI[MainActivity]@5832a1f: reportNextDraw android.view.ViewRootImpl.performTraversals:5193 android.view.ViewRootImpl.doTraversal:3708 android.view.ViewRootImpl$TraversalRunnable.run:12542 android.view.Choreographer$CallbackRecord.run:1751 android.view.Choreographer$CallbackRecord.run:1760 
02-03 22:20:28.026  9475  9475 D VRI[MainActivity]@5832a1f: Setup new sync=wmsSync-VRI[MainActivity]@5832a1f#0
02-03 22:20:28.026  9475  9475 I VRI[MainActivity]@5832a1f: Creating new active sync group VRI[MainActivity]@5832a1f#1
02-03 22:20:28.027  1429  1459 I VSyncReactor: Current= 60, Period= 120, hwcPeriod= 60
02-03 22:20:28.027  9475  9475 D VRI[MainActivity]@5832a1f: registerCallbacksForSync syncBuffer=false
02-03 22:20:28.028  1429  1429 I SurfaceFlinger: [LayerHierarchy{RequestedLayerState{431914a TaskbarWindow#275 parentId=52637} 1 children}] reparent to LayerHierarchy{RequestedLayerState{Surface(name=431914a TaskbarWindow)/@0x1d7e725 - animation-leash of insets_animation#52637 parentId=274} 1 children}
02-03 22:20:28.028  1429  1429 I SurfaceFlinger: [LayerHierarchy{RequestedLayerState{8f7d129 NavigationBar0#110 parentId=52638} 1 children}] reparent to LayerHierarchy{RequestedLayerState{Surface(name=8f7d129 NavigationBar0)/@0xedcd05a - animation-leash of insets_animation#52638 parentId=109} 1 children}
02-03 22:20:28.028  1429  1429 I SurfaceFlinger: [LayerHierarchy{RequestedLayerState{65b5200 StatusBar#117 parentId=52636} 1 children}] reparent to LayerHierarchy{RequestedLayerState{Surface(name=65b5200 StatusBar)/@0xb203e6f - animation-leash of insets_animation#52636 parentId=116} 1 children}
02-03 22:20:28.028  1429  1429 I SurfaceFlinger: [LayerHierarchy{RequestedLayerState{Surface(name=8f7d129 NavigationBar0)/@0xedcd05a - animation-leash of insets_animation#52632} no children}] reparent to OffscreenRoot
02-03 22:20:28.028  1429  1429 I SurfaceFlinger: [LayerHierarchy{RequestedLayerState{Surface(name=8f7d129 NavigationBar0)/@0xedcd05a - animation-leash of insets_animation#52632} no children}] RelativeParent to null
02-03 22:20:28.028  1429  1429 I SurfaceFlinger: [LayerHierarchy{RequestedLayerState{Surface(name=431914a TaskbarWindow)/@0x1d7e725 - animation-leash of insets_animation#52631} no children}] reparent to OffscreenRoot
02-03 22:20:28.028  1429  1429 I SurfaceFlinger: [LayerHierarchy{RequestedLayerState{Surface(name=431914a TaskbarWindow)/@0x1d7e725 - animation-leash of insets_animation#52631} no children}] RelativeParent to null
02-03 22:20:28.028  1429  1429 I SurfaceFlinger: [LayerHierarchy{RequestedLayerState{Surface(name=65b5200 StatusBar)/@0xb203e6f - animation-leash of insets_animation#52630} no children}] reparent to OffscreenRoot
02-03 22:20:28.028  1429  1429 I SurfaceFlinger: [LayerHierarchy{RequestedLayerState{Surface(name=65b5200 StatusBar)/@0xb203e6f - animation-leash of insets_animation#52630} no children}] RelativeParent to null
02-03 22:20:28.028  1429  1429 I SurfaceFlinger: [com.pricehunt/com.pricehunt.presentation.MainActivity$_9475#52635] attach to parent LayerHierarchy{RequestedLayerState{761462c com.pricehunt/com.pricehunt.presentation.MainActivity#52634 parentId=52626} 1 children}
02-03 22:20:28.028  1429  1429 I SurfaceFlinger: [Surface(name=65b5200 StatusBar)/@0xb203e6f - animation-leash of insets_animation#52636] attach to parent LayerHierarchy{RequestedLayerState{WindowToken{182faa6 type=2000 android.os.BinderProxy@622ade8}#116 parentId=20} 1 children}
02-03 22:20:28.028  1429  1429 I SurfaceFlinger: [Surface(name=431914a TaskbarWindow)/@0x1d7e725 - animation-leash of insets_animation#52637] attach to parent LayerHierarchy{RequestedLayerState{WindowToken{87f7816 type=2024 android.os.BinderProxy@f931e00}#274 parentId=32 z=3} 1 children}
02-03 22:20:28.028  1429  1429 I SurfaceFlinger: [Surface(name=8f7d129 NavigationBar0)/@0xedcd05a - animation-leash of insets_animation#52638] attach to parent LayerHierarchy{RequestedLayerState{WindowToken{c4ac1f3 type=2019 android.os.BinderProxy@f66f2d}#109 parentId=32} 1 children}
02-03 22:20:28.031  1429  1429 I SurfaceFlinger: id=52632 Removed Surface(name=8f7d129 NavigationBar0)/@0xedcd05a - animation-leash of insets_animation#52632 (365)
02-03 22:20:28.032  1429  1429 I SurfaceFlinger: id=52631 Removed Surface(name=431914a TaskbarWindow)/@0x1d7e725 - animation-leash of insets_animation#52631 (365)
02-03 22:20:28.032  1429  1429 I SurfaceFlinger: id=52630 Removed Surface(name=65b5200 StatusBar)/@0xb203e6f - animation-leash of insets_animation#52630 (365)
02-03 22:20:28.032  1429  1429 W ComposerExtn: DisplayExtnImpl::SetActiveConfig: HWC Display 3 is not registered!
02-03 22:20:28.035  9475  9503 D VRI[MainActivity]@5832a1f: Received frameDrawingCallback syncResult=0 frameNum=1.
02-03 22:20:28.035  9475  9503 I VRI[MainActivity]@5832a1f: mWNT: t=0xb400007c408be350 mBlastBufferQueue=0xb400007c708af970 fn= 1 HdrRenderState mRenderHdrSdrRatio=1.0 caller= android.view.ViewRootImpl$11.onFrameDraw:15016 android.view.ThreadedRenderer$1.onFrameDraw:761 <bottom of call stack> 
02-03 22:20:28.035  9475  9503 I VRI[MainActivity]@5832a1f: Setting up sync and frameCommitCallback
02-03 22:20:28.035  1429  1459 I VSyncReactor: Current= 60, Period= 120, hwcPeriod= 120
02-03 22:20:28.035  1429  1574 D SurfaceFlinger: [input] setFocusedWindow: 761462c com.pricehunt/com.pricehunt.presentation.MainActivity
02-03 22:20:28.040  1630  5996 D InputDispatcher: Once focus requested (0): 761462c com.pricehunt/com.pricehunt.presentation.MainActivity
02-03 22:20:28.040  1630  5996 D InputDispatcher: Focus request (0): 761462c com.pricehunt/com.pricehunt.presentation.MainActivity but waiting because NOT_VISIBLE
02-03 22:20:28.044  9475  9496 I BLASTBufferQueue: [VRI[MainActivity]@5832a1f#0](f:0,a:0,s:0) onFrameAvailable the first frame is available
02-03 22:20:28.044  9475  9496 I SurfaceComposerClient: apply transaction with the first frame. layerId: 52635, bufferData(ID: 40694815129603, frameNumber: 1)
02-03 22:20:28.044  1429  1429 I SurfaceFlinger: destroyed Surface(name=8f7d129 NavigationBar0)/@0xedcd05a - animation-leash of insets_animation#52632
02-03 22:20:28.044  1429  1429 I SurfaceFlinger: destroyed Surface(name=431914a TaskbarWindow)/@0x1d7e725 - animation-leash of insets_animation#52631
02-03 22:20:28.044  1429  1429 I SurfaceFlinger: destroyed Surface(name=65b5200 StatusBar)/@0xb203e6f - animation-leash of insets_animation#52630
02-03 22:20:28.044  9475  9496 I VRI[MainActivity]@5832a1f: Received frameCommittedCallback lastAttemptedDrawFrameNum=1 didProduceBuffer=true
02-03 22:20:28.045  1429  1586 I SurfaceFlinger: [com.pricehunt/com.pricehunt.presentation.MainActivity$_9475#52635] setTransactionState with the first frame. bufferData(ID: 40694815129603, frameNumber: 1)
02-03 22:20:28.046  9475  9496 D HWUI    : CFMS:: SetUp Pid : 9475    Tid : 9496
02-03 22:20:28.046  9475  9475 D VRI[MainActivity]@5832a1f: reportDrawFinished seqId=0
02-03 22:20:28.046  9475  9475 I Choreographer: Skipped 41 frames!  The application may be doing too much work on its main thread.
02-03 22:20:28.046  1630  5996 D WindowManager: finishDrawingWindow: Window{761462c u0 com.pricehunt/com.pricehunt.presentation.MainActivity} mDrawState=DRAW_PENDING seqId=0
02-03 22:20:28.047  1630  1956 V WindowManager: Finish starting ActivityRecord{21c8731 u0 com.pricehunt/.presentation.MainActivity t4527}: first real window is shown, no animation
02-03 22:20:28.047  1630  1956 V WindowManager: Schedule remove starting ActivityRecord{21c8731 u0 com.pricehunt/.presentation.MainActivity t4527} startingWindow=Window{c5036fa u0 Splash Screen com.pricehunt} animate=true Callers=com.android.server.wm.ActivityRecord.removeStartingWindow:150 com.android.server.wm.WindowState.performShowLocked:147 com.android.server.wm.WindowStateAnimator.commitFinishDrawingLocked:59 com.android.server.wm.DisplayContent$$ExternalSyntheticLambda1.accept$com$android$server$wm$DisplayContent$$ExternalSyntheticLambda40:22 com.android.server.wm.DisplayContent$$ExternalSyntheticLambda1.accept:214 
02-03 22:20:28.047  1630  1956 D TaskOrganizerController: applyStartingWindowAnimation, window=Window{761462c u0 com.pricehunt/com.pricehunt.presentation.MainActivity}, caller=com.android.server.wm.TaskOrganizerController.removeStartingWindow:131 com.android.server.wm.StartingSurfaceController$StartingSurface.remove:23 com.android.server.wm.ActivityRecord.removeStartingWindowAnimation:181 
02-03 22:20:28.047  1630  1956 I WindowManager: Reparenting to leash, surface=Surface(name=761462c com.pricehunt/com.pricehunt.presentation.MainActivity)/@0xc3fd8cf, syncState=0, syncCommitDepth=0, leashParent=Surface(name=ActivityRecord{21c8731 u0 com.pricehunt/.presentation.MainActivity t4527})/@0xa58925c
02-03 22:20:28.048  1429  1586 I SurfaceFlinger: id=52639 createSurf, flag=24000, Surface(name=761462c com.pricehunt/com.pricehunt.presentation.MainActivity)/@0xc3fd8cf - animation-leash of starting_reveal#52639
02-03 22:20:28.048  1429  1429 I Layer   : id=52630 Destroyed Surface(name=65b5200 StatusBar)/@0xb203e6f - animation-leash of insets_animation#52630
02-03 22:20:28.048  1429  1429 I Layer   : id=52631 Destroyed Surface(name=431914a TaskbarWindow)/@0x1d7e725 - animation-leash of insets_animation#52631
02-03 22:20:28.048  1429  1429 I Layer   : id=52632 Destroyed Surface(name=8f7d129 NavigationBar0)/@0xedcd05a - animation-leash of insets_animation#52632
02-03 22:20:28.048  1630  1956 D WindowManager: makeSurface duration=1 leash=Surface(name=Surface(name=761462c com.pricehunt/com.pricehunt.presentation.MainActivity)/@0xc3fd8cf - animation-leash of starting_reveal)/@0x3768965
02-03 22:20:28.049  1630  1956 V WindowManager: performShowLocked: mDrawState=HAS_DRAWN in Window{761462c u0 com.pricehunt/com.pricehunt.presentation.MainActivity}
02-03 22:20:28.049  2991  3068 D ShellTaskOrganizer: removeStartingWindow, removalInfo=StartingWindowRemovalInfo{taskId=4527 frame=Rect(0, 0 - 840, 2289) playRevealAnimation=true roundedCornerRadius=0.0 deferRemoveMode=0 windowlessSurface=false removeImmediately=false}
02-03 22:20:28.050  1630  1950 D [secipm]: mSecIpmManager report to nap
02-03 22:20:28.050  1630  1950 I PkgPredictorService-SecIpmManagerServiceImpl: reportToNAP uid:10418 com.pricehunt/com.pricehunt.presentation.MainActivity thisTime:859
02-03 22:20:28.050  1630  1950 D PkgPredictorService-SecIpmManagerServiceImpl: reportToNAP: mHeavyLaunchCounter is false
02-03 22:20:28.050  1630  1950 I ActivityTaskManager: Displayed com.pricehunt/.presentation.MainActivity for user 0: +859ms
02-03 22:20:28.050  1630  1950 I Pageboost: Launch time gathered : pid 9475 com.pricehunt 859
02-03 22:20:28.051  4249  4249 E pageboostd: Received HALT command code 2
02-03 22:20:28.053  1429  1429 I SurfaceFlinger: [Surface(name=761462c com.pricehunt/com.pricehunt.presentation.MainActivity)/@0xc3fd8cf - animation-leash of starting_reveal#52639] attach to parent LayerHierarchy{RequestedLayerState{ActivityRecord{21c8731 u0 com.pricehunt/.presentation.MainActivity t4527}#52626 parentId=52625} 4 children}
02-03 22:20:28.053  2991  3756 I VRI[pricehunt]@3377a89: mWNT: t=0xb400007c40f9b350 mBlastBufferQueue=0xb400007c7093aa70 fn= 2 HdrRenderState mRenderHdrSdrRatio=1.0 caller= android.view.SyncRtSurfaceTransactionApplier.applyTransaction:96 android.view.SyncRtSurfaceTransactionApplier.lambda$scheduleApply$0:69 android.view.SyncRtSurfaceTransactionApplier.$r8$lambda$afI4fXg3U3-nBZQEDQMiNy-B06s:0 
02-03 22:20:28.053  2991  3756 I VRI[pricehunt]@3377a89: mWNT: t=0xb400007c41087050 mBlastBufferQueue=0xb400007c7093aa70 fn= 2 HdrRenderState mRenderHdrSdrRatio=1.0 caller= android.view.SyncRtSurfaceTransactionApplier.applyTransaction:96 android.view.SyncRtSurfaceTransactionApplier.lambda$scheduleApply$0:69 android.view.SyncRtSurfaceTransactionApplier.$r8$lambda$afI4fXg3U3-nBZQEDQMiNy-B06s:0 
02-03 22:20:28.054  1630  1956 I SurfaceControl: apply, lowDebugName=CreateStartingRevealAnim, caller=android.view.SurfaceControl$Transaction.apply:3122 android.view.SurfaceControl$Transaction.apply:3078 com.android.server.wm.WindowAnimator.animate:380 com.android.server.wm.WindowAnimator$$ExternalSyntheticLambda1.doFrame:14 android.view.Choreographer$CallbackRecord.run:1749 android.view.Choreographer$CallbackRecord.run:1760 
02-03 22:20:28.056  1429  1429 W Layer   : gatherBufferInfo: Received unknown dataspace from gralloc
02-03 22:20:28.061  1429  1429 I SurfaceFlinger: Layer [com.pricehunt/com.pricehunt.presentation.MainActivity$_9475#52635] hidden!! flag(0)
02-03 22:20:28.061  1429  1429 I SurfaceFlinger: [LayerHierarchy{RequestedLayerState{761462c com.pricehunt/com.pricehunt.presentation.MainActivity#52634 parentId=52639} 1 children}] reparent to LayerHierarchy{RequestedLayerState{Surface(name=761462c com.pricehunt/com.pricehunt.presentation.MainActivity)/@0xc3fd8cf - animation-leash of starting_reveal#52639 parentId=52626} 1 children}
02-03 22:20:28.061  2991  3755 I VRI[pricehunt]@3377a89: mWNT: t=0xb400007c410cb7d0 mBlastBufferQueue=0xb400007c7093aa70 fn= 3 HdrRenderState mRenderHdrSdrRatio=1.0 caller= android.view.SyncRtSurfaceTransactionApplier.applyTransaction:96 android.view.SyncRtSurfaceTransactionApplier.lambda$scheduleApply$0:69 android.view.SyncRtSurfaceTransactionApplier.$r8$lambda$afI4fXg3U3-nBZQEDQMiNy-B06s:0 
02-03 22:20:28.063  1429  1429 W Layer   : gatherBufferInfo: Received unknown dataspace from gralloc
02-03 22:20:28.064  1429  1429 W ComposerExtn: DisplayExtnImpl::SetActiveConfig: HWC Display 3 is not registered!
02-03 22:20:28.069  2991  3756 I VRI[pricehunt]@3377a89: mWNT: t=0xb400007c410491d0 mBlastBufferQueue=0xb400007c7093aa70 fn= 4 HdrRenderState mRenderHdrSdrRatio=1.0 caller= android.view.SyncRtSurfaceTransactionApplier.applyTransaction:96 android.view.SyncRtSurfaceTransactionApplier.lambda$scheduleApply$0:69 android.view.SyncRtSurfaceTransactionApplier.$r8$lambda$afI4fXg3U3-nBZQEDQMiNy-B06s:0 
02-03 22:20:28.070  1429  1429 D SurfaceFlinger: Display 4630947232161729155 HWC layers:
02-03 22:20:28.070  1429  1429 D SurfaceFlinger:        DEVICE |   0xb400007b3d03eb10 | 0001 | RGBA_8888    |    0.0    0.0  840.0 2236.0 |    0   52  832 2267 | com.pricehunt/com.pricehunt.presentation.MainActivity$_9475#52635 (1)
02-03 22:20:28.070  1429  1429 D SurfaceFlinger:        DEVICE |   0xb400007b3d0679d0 | 0001 | RGBA_8888    |    0.0    0.0  840.0 2289.0 |    0    0  832 2267 | Splash Screen com.pricehunt$_2991#52628 (2)
02-03 22:20:28.070  1429  1429 D SurfaceFlinger:        DEVICE |   0xb400007b3d0b34e0 | 0001 | RGBA_8888    |    0.0    0.0  840.0   82.0 |    0    0  832   81 | StatusBar$_2991#135 (95194)
02-03 22:20:28.070  1429  1429 D SurfaceFlinger:        DEVICE |   0xb400007b3d06c260 | 0001 | RGBA_8888    |    0.0    0.0   67.0  210.0 |  766 1196  832 1404 | com.sec.android.app.launcher/com.sam[...]l.app.CocktailBarService$_3474#52539 (5)
02-03 22:20:28.070  1429  1429 D SurfaceFlinger:        CLIENT |   0xb400007b3d097a30 | 0001 | RGBA_8888    |    0.0    0.0  840.0  126.0 |    0 2142  832 2267 | NavigationBar0$_2991#128 (55616)
02-03 22:20:28.070  1429  1429 D SurfaceFlinger: 
02-03 22:20:28.072  1630  5996 D InputDispatcher: Focus entered window (0): 761462c com.pricehunt/com.pricehunt.presentation.MainActivity
02-03 22:20:28.074  1429  1429 W Layer   : gatherBufferInfo: Received unknown dataspace from gralloc
02-03 22:20:28.074  9475  9475 I InsetsSourceConsumer: applyRequestedVisibilityToControl: visible=true, type=statusBars, host=com.pricehunt/com.pricehunt.presentation.MainActivity
02-03 22:20:28.074  9475  9475 I InsetsSourceConsumer: applyRequestedVisibilityToControl: visible=true, type=navigationBars, host=com.pricehunt/com.pricehunt.presentation.MainActivity
02-03 22:20:28.075  1429  1429 W ComposerExtn: DisplayExtnImpl::SetActiveConfig: HWC Display 3 is not registered!
02-03 22:20:28.075  1429  1429 D SurfaceFlinger: GPIS:: requestGPISForClientComposition
02-03 22:20:28.075  9475  9475 D VRI[MainActivity]@5832a1f: mThreadedRenderer.initializeIfNeeded()#2 mSurface={isValid=true 0xb400007cb08b5320}
02-03 22:20:28.076  9475  9475 D InputMethodManagerUtils: startInputInner - Id : 0
02-03 22:20:28.076  9475  9475 I InputMethodManager: startInputInner - IInputMethodManagerGlobalInvoker.startInputOrWindowGainedFocus
02-03 22:20:28.078  1630  2675 D InputMethodManagerService: setWindowStateInner, windowToken=android.os.BinderProxy@f0eb9df, state=ImeTargetWindowState{ imeToken null imeFocusChanged true hasEditorFocused false requestedImeVisible false imeDisplayId 0 softInputModeState STATE_UNSPECIFIED|ADJUST_PAN|IS_FORWARD_NAVIGATION isStartInputByGainFocus true}
02-03 22:20:28.078  1630  2675 V InputMethodManagerService: Unspecified window will hide input
02-03 22:20:28.078  2991  3755 I VRI[pricehunt]@3377a89: mWNT: t=0xb400007c41024410 mBlastBufferQueue=0xb400007c7093aa70 fn= 5 HdrRenderState mRenderHdrSdrRatio=1.0 caller= android.view.SyncRtSurfaceTransactionApplier.applyTransaction:96 android.view.SyncRtSurfaceTransactionApplier.lambda$scheduleApply$0:69 android.view.SyncRtSurfaceTransactionApplier.$r8$lambda$afI4fXg3U3-nBZQEDQMiNy-B06s:0 
02-03 22:20:28.078  1630  2675 I ImeTracker: com.pricehunt:15b3df56: onRequestHide at ORIGIN_SERVER reason HIDE_UNSPECIFIED_WINDOW fromUser false
02-03 22:20:28.078  1630  2675 V InputMethodManagerService: applyImeVisibility state=6
02-03 22:20:28.078  1630  2675 D InputMethodManagerService: setWindowStateInner, windowToken=android.os.BinderProxy@f0eb9df, state=ImeTargetWindowState{ imeToken android.os.Binder@712bc06 imeFocusChanged true hasEditorFocused false requestedImeVisible false imeDisplayId 0 softInputModeState STATE_UNSPECIFIED|ADJUST_PAN|IS_FORWARD_NAVIGATION isStartInputByGainFocus true}
02-03 22:20:28.078  1630  2675 I ImeTracker: com.pricehunt:15b3df56: onCancelled at PHASE_SERVER_SHOULD_HIDE
02-03 22:20:28.078  1630  2675 V InputMethodManagerService: hideCurrentInputLocked : canceled, shouldHideSoftInput=false, mInputShown=false, mImeWindowVis=0
02-03 22:20:28.078  1630  2675 D InputMethodManagerService: DESKTOP MODE! : 2
02-03 22:20:28.078  1630  2675 D InputMethodManagerService: NOT IN KNOX DESKTOP MODE!
02-03 22:20:28.078  1630  2675 V InputMethodManagerService: semComputeImeDisplayIdForTarget: displayId=0
02-03 22:20:28.078  1630  3144 I SemDvfsHyPerManager: acquire hyper - AMS_RESUME_TAIL/1630@18, type = -999
02-03 22:20:28.079  1630  3144 I SemDvfsHyPerManager: acquire hyper - AMS_ACT_LAZY/1630@19, type = -999
02-03 22:20:28.079  1630  3144 D ActivityManagerPerformance: AMP_acquire() TAIL
02-03 22:20:28.079  1630  3144 D ActivityManagerPerformance: AMP_release() APP_SWITCH
02-03 22:20:28.079  1630  4226 W FreecessController: getAllRunningPackagePids: Failed to read pid from /sys/fs/cgroup/uid_10059/pid_19104/cgroup.procs
02-03 22:20:28.079  1237  1371 I HYPER-HAL: [RequestManager.cpp]acquire(): Acquired ID : 1358794  [1630 / 18]    HINT : AMS_RESUME_TAIL    list : 
02-03 22:20:28.079  1630  2675 V InputMethodManagerService: Creating new session for client ClientState{845801d mUid=10418 mPid=9475 mSelfReportedDisplayId=0}
02-03 22:20:28.080  1630  2675 D InputTransport: Input channel constructed: 'ClientS', fd=1153
02-03 22:20:28.080  1630  2675 D InputTransport: Input channel constructed: 'ClientS', fd=1181
02-03 22:20:28.081  1630  2675 D InputTransport: Input channel destroyed: 'ClientS', fd=1181
02-03 22:20:28.082  1630  1955 I ActivityManager: Changes in 10143 2 to 5, 127 to 56
02-03 22:20:28.082  1630  1955 W ProcessStats: Tracking association SourceState{39e3748 com.android.bluetooth/1002 ImpFg #963337} whose proc state 5 is better than process ProcessState{3ab4955 com.samsung.android.mcfserver/10119 pkg=com.samsung.android.mcfserver} proc state 6 (29 skipped)
02-03 22:20:28.082  3474  6906 I HoneySpace.HoneyAppWidgetHost: stopListening, host: @aadc9b0
02-03 22:20:28.083  1700  2555 I CameraService: onUidStateChanged: uid=10267, procState is changed. (3 -> 4)
02-03 22:20:28.083  1630  5993 I AppWidgetServiceImpl: stopListening callbacks : null
02-03 22:20:28.083  3474  3474 I SearchHoneyPot: onViewCreated: onStop
02-03 22:20:28.084  3474  3474 I HoneySpace.ContentsAnimator: end call
02-03 22:20:28.084  3474  3474 I VRI[LauncherActivity]@ea4152a: stopped(true) old = false
02-03 22:20:28.084  1700  2555 I CameraService: onUidStateChanged: uid=10266, procState is changed. (3 -> 5)
02-03 22:20:28.085  3474  3474 I HoneySpace.Launcher: !@Boot_EBS_D: Launcher.onStop()
02-03 22:20:28.085  1429  1429 W Layer   : gatherBufferInfo: Received unknown dataspace from gralloc
02-03 22:20:28.085  1429  1429 W Layer   : gatherBufferInfo: Received unknown dataspace from gralloc
02-03 22:20:28.085  3474  6774 I HoneySpace.Memory-Monitor: scheduleTrim
02-03 22:20:28.085  1237  1371 I HYPER-HAL: [ResourceManager.cpp]updateResource(): [CPUMinFreq] UpdateResource Request ID : 1358794    Value : 1785600
02-03 22:20:28.086  1237  1371 I HYPER-HAL: [RequestManager.cpp]acquire(): Acquired ID : 1360444  [1630 / 19]    HINT : AMS_ACT_LAZY    list : 
02-03 22:20:28.086  3474  3474 I HoneySpace.OneUiSpace: onSaveInstanceState honeyScreen=s3.Z@d92b029
02-03 22:20:28.086  2991  3756 I VRI[pricehunt]@3377a89: mWNT: t=0xb400007c40fdd0d0 mBlastBufferQueue=0xb400007c7093aa70 fn= 6 HdrRenderState mRenderHdrSdrRatio=1.0 caller= android.view.SyncRtSurfaceTransactionApplier.applyTransaction:96 android.view.SyncRtSurfaceTransactionApplier.lambda$scheduleApply$0:69 android.view.SyncRtSurfaceTransactionApplier.$r8$lambda$afI4fXg3U3-nBZQEDQMiNy-B06s:0 
02-03 22:20:28.086  1630  4226 W FreecessController: getAllRunningPackagePids: Failed to read pid from /sys/fs/cgroup/uid_10069/pid_32335/cgroup.procs
02-03 22:20:28.089  1630  3144 I ActivityManager: Changes in 99374 5 to 17, 56 to 0
02-03 22:20:28.089  1237  1371 I HYPER-HAL: [ResourceManager.cpp]removeResource(): [CPULittleMinFreq] RemoveResource Request ID : 1362095
