02-03 22:19:10.731  2991  3068 V WindowManagerShell:  Checking filter Pair{{types=[] flags=0x0] notFlags=0x100 checks=[{atype=home independent=true modes=[OPEN,TO_FRONT] flags=NONE mustBeTask=false order=TOP topActivity=ComponentInfo{com.sec.android.app.launcher/com.sec.android.app.launcher.Launcher} launchCookie=null},{atype=standard independent=true modes=[CLOSE,TO_BACK] flags=NONE mustBeTask=false order=ANY topActivity=null launchCookie=null}]} RemoteTransition { remoteTransition = android.window.IRemoteTransition$Stub$Proxy@f408f81, appThread = android.app.IApplicationThread$Stub$Proxy@8fc9826, debugName = QuickstepLaunchHomeflags =NONE }}
02-03 22:19:10.731  2991  3068 V WindowManagerShell:  Delegate animation for (#3037) to null
02-03 22:19:10.731  2991  3068 V WindowManagerShell:  try handler com.android.wm.shell.transition.DefaultTransitionHandler@d4c8c67
02-03 22:19:10.731  1630  1956 I WindowManager: Cancelling animation restarting=true, leash=Surface(name=Surface(name=65b5200 StatusBar)/@0xb203e6f - animation-leash of insets_animation)/@0x48a0c3f
02-03 22:19:10.731  2991  3068 V WindowManagerShell: start default transition animation, info = {id=3037 t=OPEN f=0x0 trk=0 r=[0@Point(0, 0)] c=[{WCT{android.window.IWindowContainerToken$Stub$Proxy@251003e} m=OPEN f=NONE leash=Surface(name=Task=4526)/@0xeb766f2 sb=Rect(0, 0 - 840, 2289) eb=Rect(0, 0 - 840, 2289) d=0 taskParent=-1 inset=Rect(0, 82 - 0, 39) dim=true},{WCT{android.window.IWindowContainerToken$Stub$Proxy@8842e9f} m=TO_BACK f=SHOW_WALLPAPER|EDGE_EXTENSION_RESTRICTION leash=Surface(name=Task=1)/@0x6a0c143 sb=Rect(0, 0 - 840, 2289) eb=Rect(0, 0 - 840, 2289) d=0 taskParent=-1 inset=Rect(0, 82 - 0, 39)},{null m=TO_BACK f=IS_WALLPAPER p=WCT{android.window.IWindowContainerToken$Stub$Proxy@4767bec} leash=Surface(name=WallpaperWindowToken{e9c47b2 token=android.os.Binder@b7cf914})/@0xa26e3c0 sb=Rect(0, 0 - 840, 2289) eb=Rect(0, 0 - 840, 2289) d=0 inset=Rect(0, 0 - 0, 0)}]}
02-03 22:19:10.731  1630  1956 I WindowManager: Reparenting to original parent: Surface(name=WindowToken{182faa6 type=2000 android.os.BinderProxy@622ade8})/@0x89a977c, destroy=false, syncState=0, syncCommitDepth=0, surface=Surface(name=65b5200 StatusBar)/@0xb203e6f
02-03 22:19:10.732  1630  1956 I WindowManager: Reparenting to leash, surface=Surface(name=65b5200 StatusBar)/@0xb203e6f, syncState=0, syncCommitDepth=0, leashParent=Surface(name=WindowToken{182faa6 type=2000 android.os.BinderProxy@622ade8})/@0x89a977c
02-03 22:19:10.732  2991  3068 V WindowManagerShell: loadAnimation: anim=android.view.animation.AnimationSet@258e24a animAttr=0x13 type=OPEN isEntrance=false
02-03 22:19:10.732  2991  3068 V WindowManagerShell:    wallpaperTransit=WALLPAPER_CLOSE translucent=false
02-03 22:19:10.732  2991  3068 V WindowManagerShell:    change={WCT{android.window.IWindowContainerToken$Stub$Proxy@8842e9f} m=TO_BACK f=SHOW_WALLPAPER|EDGE_EXTENSION_RESTRICTION leash=Surface(name=Task=1)/@0x6a0c143 sb=Rect(0, 0 - 840, 2289) eb=Rect(0, 0 - 840, 2289) d=0 taskParent=-1 inset=Rect(0, 82 - 0, 39)}
02-03 22:19:10.732  1429  1473 I SurfaceFlinger: id=52598 createSurf, flag=24000, Surface(name=65b5200 StatusBar)/@0xb203e6f - animation-leash of insets_animation#52598
02-03 22:19:10.732  2991  3068 V WindowManagerShell: loadAnimation: anim=android.view.animation.AnimationSet@4ad916 animAttr=0x12 type=OPEN isEntrance=true
02-03 22:19:10.732  2991  3068 V WindowManagerShell:    wallpaperTransit=WALLPAPER_CLOSE translucent=false
02-03 22:19:10.732  2991  3068 V WindowManagerShell:    change={WCT{android.window.IWindowContainerToken$Stub$Proxy@251003e} m=OPEN f=NONE leash=Surface(name=Task=4526)/@0xeb766f2 sb=Rect(0, 0 - 840, 2289) eb=Rect(0, 0 - 840, 2289) d=0 taskParent=-1 inset=Rect(0, 82 - 0, 39) dim=true}
02-03 22:19:10.732  1630  1950 V WindowManager: Sent Transition (#3037) createdAt=02-03 22:19:10.686 via request=TransitionRequestInfo { type = OPEN, triggerTask = TaskInfo{userId=0 taskId=4526 displayId=0 isRunning=true baseIntent=Intent { flg=0x10000000 cmp=com.pricehunt/.presentation.MainActivity } baseActivity=ComponentInfo{com.pricehunt/com.pricehunt.presentation.MainActivity} topActivity=ComponentInfo{com.pricehunt/com.pricehunt.presentation.MainActivity} origActivity=null realActivity=ComponentInfo{com.pricehunt/com.pricehunt.presentation.MainActivity} numActivities=1 lastActiveTime=342507236 supportsMultiWindow=true resizeMode=1 isResizeable=true minWidth=-1 minHeight=-1 maxWidth=-1 maxHeight=-1 defaultMinSize=220 token=WCT{RemoteToken{b64925b Task{db28320 #4526 type=standard A=10418:com.pricehunt}}} topActivityType=1 pictureInPictureParams=null shouldDockBigOverlays=false launchIntoPipHostTaskId=-1 lastParentTaskIdBeforePip=-1 displayCutoutSafeInsets=Rect(0, 82 - 0, 0) topActivityInfo=ActivityInfo{e20f1d3 com.pricehunt.presentation.MainActivity} launchCookies=[] positionInParent=Point(0, 0) parentTaskId=-1 isFocused=false isVisible=false isVisibleRequested=false isSleeping=false topActivityInSizeCompat=false locusId=null displayAreaFeatureId=1 isTopActivityTransparent=false isTopActivityStyleFloating=false appCompatTaskInfo=AppCompatTaskInfo { topActivityInSizeCompat=false eligibleForLetterboxEducation= false isLetterboxEducationEnabled= false isLetterboxDoubleTapEnabled= false eligibleForUserAspectRatioButton= false topActivityBoundsLetterboxed= false isFromLetterboxDoubleTap= false topActivityLetterboxVerticalPosition= -1 topActivityLetterboxHorizontalPosition= -1 topActivityLetterboxWidth=840 topActivityLetterboxHeight=2289 topActivityLetterboxAppWidth=840 topActivityLetterboxAppHeight=2168 isUserFullscreenOverrideEnabled=false isSystemFullscreenOverrideEnabled=false hasMinAspectRatioOverride=false cameraCompatTaskInfo=CameraCompatTaskInfo { freeformCameraCompatMode=inactive} topActivityBounds=null topActivityInDisplayCompat=false} originallySupportedMultiWindow=true hasWallpaper=false rootAffinity=10418:com.pricehunt isTopTaskInStage=false topActivityUiMode=33 CoverLauncherWidgetTask=false isAllowedSeamlessRotation=false isTopTransparentActivity=false snappingGuideBounds=Rect(71, 731 - 769, 1602) isAliasManaged=false hasConfigChanged=false isAiKeyRemoveAppTask=false}, pipTask = null, remoteTransition = null, displayChange = null, flags = 0, debugId = 3037 }
02-03 22:19:10.732  1630  1950 V WindowManager:     startWCT=WindowContainerTransaction { changes = {} hops = [] errorCallbackToken=null taskFragmentOrganizer=null }
02-03 22:19:10.732  1429  1429 W Layer   : gatherBufferInfo: Received unknown dataspace from gralloc
02-03 22:19:10.733  1630  1956 D WindowManager: makeSurface duration=1 leash=Surface(name=Surface(name=65b5200 StatusBar)/@0xb203e6f - animation-leash of insets_animation)/@0xe5e3409
02-03 22:19:10.733  1630  1950 V WindowManager:     info={id=3037 t=OPEN f=0x0 trk=0 r=[0@Point(0, 0)] c=[
02-03 22:19:10.733  1630  1950 V WindowManager:         {WCT{RemoteToken{b64925b Task{db28320 #4526 type=standard A=10418:com.pricehunt}}} m=OPEN f=NONE leash=Surface(name=Task=4526)/@0x49f55 sb=Rect(0, 0 - 840, 2289) eb=Rect(0, 0 - 840, 2289) d=0 taskParent=-1 inset=Rect(0, 82 - 0, 39) dim=true},
02-03 22:19:10.733  1630  1950 V WindowManager:         {WCT{RemoteToken{87efa05 Task{63283a6 #1 type=home}}} m=TO_BACK f=SHOW_WALLPAPER|EDGE_EXTENSION_RESTRICTION leash=Surface(name=Task=1)/@0x1902b8f sb=Rect(0, 0 - 840, 2289) eb=Rect(0, 0 - 840, 2289) d=0 taskParent=-1 inset=Rect(0, 82 - 0, 39)},
02-03 22:19:10.733  1630  1950 V WindowManager:         {null m=TO_BACK f=IS_WALLPAPER p=WCT{RemoteToken{92e4ab2 RemoteWallpaperAnim:1:1@44988793}} leash=Surface(name=WallpaperWindowToken{e9c47b2 token=android.os.Binder@b7cf914})/@0xb6f6f95 sb=Rect(0, 0 - 840, 2289) eb=Rect(0, 0 - 840, 2289) d=0 inset=Rect(0, 0 - 0, 0)}
02-03 22:19:10.733  1630  1950 V WindowManager:     ]}
02-03 22:19:10.733  1630  1956 D InsetsSourceProvider: updateControlForTarget: control=InsetsSourceControl: {68930000 mType=statusBars initiallyVisible mSurfacePosition=Point(0, 0) mInsetsHint=Insets{left=0, top=82, right=0, bottom=0}}, target=Window{9086376 u0 Splash Screen com.pricehunt}, from=com.android.server.wm.InsetsStateController.onControlTargetChanged:81 com.android.server.wm.InsetsPolicy.updateBarControlTarget:175 com.android.server.wm.DisplayPolicy.updateSystemBarAttributes:281 com.android.server.wm.DisplayPolicy.finishPostLayoutPolicyLw:17 com.android.server.wm.RootWindowContainer.applySurfaceChangesTransaction$1:194 
02-03 22:19:10.733  1630  1956 I WindowManager: Cancelling animation restarting=true, leash=Surface(name=Surface(name=431914a TaskbarWindow)/@0x1d7e725 - animation-leash of insets_animation)/@0x53e2ac5
02-03 22:19:10.733  1630  1956 I WindowManager: Reparenting to original parent: Surface(name=WindowToken{87f7816 type=2024 android.os.BinderProxy@f931e00})/@0xcf8e0fa, destroy=false, syncState=0, syncCommitDepth=0, surface=Surface(name=431914a TaskbarWindow)/@0x1d7e725
02-03 22:19:10.733  1429  1429 W Layer   : gatherBufferInfo: Received unknown dataspace from gralloc
02-03 22:19:10.733  1630  1956 I WindowManager: Reparenting to leash, surface=Surface(name=431914a TaskbarWindow)/@0x1d7e725, syncState=0, syncCommitDepth=0, leashParent=Surface(name=WindowToken{87f7816 type=2024 android.os.BinderProxy@f931e00})/@0xcf8e0fa
02-03 22:19:10.733  1429  1468 I SurfaceFlinger: id=52599 createSurf, flag=24000, Surface(name=431914a TaskbarWindow)/@0x1d7e725 - animation-leash of insets_animation#52599
02-03 22:19:10.733  2991  3068 I SurfaceControlRegistry: apply, t=StartTransaction_SyncId<3037>, caller=android.view.SurfaceControl$Transaction.apply:3135 android.view.SurfaceControl$Transaction.apply:3122 android.view.SurfaceControl$Transaction.apply:3078 com.android.wm.shell.transition.DefaultTransitionHandler.startAnimation:2823 com.android.wm.shell.transition.Transitions.dispatchTransition:93 com.android.wm.shell.transition.Transitions.playTransition:700 
02-03 22:19:10.733  2991  3068 V WindowManagerShell:  animated by com.android.wm.shell.transition.DefaultTransitionHandler@d4c8c67
02-03 22:19:10.733  1429  1561 W ComposerExtn: DisplayExtnImpl::SetActiveConfig: HWC Display 3 is not registered!
02-03 22:19:10.734  1630  1956 D WindowManager: makeSurface duration=0 leash=Surface(name=Surface(name=431914a TaskbarWindow)/@0x1d7e725 - animation-leash of insets_animation)/@0x63a8e3c
02-03 22:19:10.734  1429  1429 I LayerHistory: Wallpaper BBQ wrapper 17_system#189 voted ExplicitExactOrMultiple (60.00 Hz)
02-03 22:19:10.734  1429  1429 I SurfaceFlinger: Touch Control - choose 120.00 Hz
02-03 22:19:10.734  3474 30629 I HoneySpace.HistoryViewModel@64637423@OneUI: Illegal access. Unknown type. skip load history items
02-03 22:19:10.734  1630  1956 D InsetsSourceProvider: updateControlForTarget: control=InsetsSourceControl: {4df90001 mType=navigationBars initiallyVisible mSurfacePosition=Point(0, 2040) mInsetsHint=Insets{left=0, top=0, right=0, bottom=168}}, target=Window{9086376 u0 Splash Screen com.pricehunt}, from=com.android.server.wm.InsetsStateController.onControlTargetChanged:81 com.android.server.wm.InsetsPolicy.updateBarControlTarget:188 com.android.server.wm.DisplayPolicy.updateSystemBarAttributes:281 com.android.server.wm.DisplayPolicy.finishPostLayoutPolicyLw:17 com.android.server.wm.RootWindowContainer.applySurfaceChangesTransaction$1:194 
02-03 22:19:10.735  1630  1956 I WindowManager: Cancelling animation restarting=true, leash=Surface(name=Surface(name=8f7d129 NavigationBar0)/@0xedcd05a - animation-leash of insets_animation)/@0x5921128
02-03 22:19:10.735  1630  1956 I WindowManager: Reparenting to original parent: Surface(name=WindowToken{c4ac1f3 type=2019 android.os.BinderProxy@f66f2d})/@0xb1c528b, destroy=false, syncState=0, syncCommitDepth=0, surface=Surface(name=8f7d129 NavigationBar0)/@0xedcd05a
02-03 22:19:10.735  1429  1429 I HWComposer: [4630947232161729155] ActiveConfigToHWC, ID : 0
02-03 22:19:10.735  3474  7346 I HoneySpace.HistoryViewModel@129678705@OneUI: task bar is not showing. skip load history items
02-03 22:19:10.735  1630  1956 I WindowManager: Reparenting to leash, surface=Surface(name=8f7d129 NavigationBar0)/@0xedcd05a, syncState=0, syncCommitDepth=0, leashParent=Surface(name=WindowToken{c4ac1f3 type=2019 android.os.BinderProxy@f66f2d})/@0xb1c528b
02-03 22:19:10.735  3474  7346 I HoneySpace.HistoryViewModel@129678705@OneUI: launcherShowing : false, recentShowing : false, isInteractive : true, state : 0minusOne : false
02-03 22:19:10.735  1429  1468 I SurfaceFlinger: id=52600 createSurf, flag=24000, Surface(name=8f7d129 NavigationBar0)/@0xedcd05a - animation-leash of insets_animation#52600
02-03 22:19:10.736  1630  1955 D LocalDisplayAdapter: updateActiveModeLocked for d=4630947232161729155, mActiveModeId=5, mActiveSfDisplayMode=DisplayMode{id=0, width=832, height=2268, xDpi=391.348, yDpi=389.237, peakRefreshRate=120.00001, vsyncRate=120.00001, appVsyncOffsetNanos=100000, presentationDeadlineNanos=9233333, supportedHdrTypes=[2, 3, 4], group=832}
02-03 22:19:10.736  1630  1956 D WindowManager: makeSurface duration=0 leash=Surface(name=Surface(name=8f7d129 NavigationBar0)/@0xedcd05a - animation-leash of insets_animation)/@0x6d9f5c3
02-03 22:19:10.736  8113  8113 I com.pricehunt: Late-enabling -Xcheck:jni
02-03 22:19:10.736  1630  1956 D InsetsSourceProvider: updateControlForTarget: control=InsetsSourceControl: {9d0a0001 mType=navigationBars initiallyVisible mSurfacePosition=Point(0, 2163) mInsetsHint=Insets{left=0, top=0, right=0, bottom=39}}, target=Window{9086376 u0 Splash Screen com.pricehunt}, from=com.android.server.wm.InsetsStateController.onControlTargetChanged:81 com.android.server.wm.InsetsPolicy.updateBarControlTarget:188 com.android.server.wm.DisplayPolicy.updateSystemBarAttributes:281 com.android.server.wm.DisplayPolicy.finishPostLayoutPolicyLw:17 com.android.server.wm.RootWindowContainer.applySurfaceChangesTransaction$1:194 
02-03 22:19:10.736  1630  1955 I DisplayDeviceRepository: Display device changed render timings: "Built-in Screen", renderFrameRate=120.00001, presentationDeadlineNanos=9233333, appVsyncOffsetNanos=100000
02-03 22:19:10.736  1304  1534 I SDM     : HWCDisplay::SubmitDisplayConfig: [DispConfigs] config 2 => 0, hs_mode 3 => 3
02-03 22:19:10.736  1304  1534 I SDM     : DisplayBase::SetActiveConfig: [DispConfigs] 3 => 0 or hs mode is changed if same config
02-03 22:19:10.736  1304  1534 I SDM     : HWDeviceDRM::SetDisplaySwitchMode: POMS Switching to Mode	0
02-03 22:19:10.736  1304  1534 I SDM     : HWDeviceDRM::SetDisplaySwitchMode: [DispConfigs] check hs_mode 3
02-03 22:19:10.736  1304  1534 I SDM     : HWDeviceDRM::SetDisplaySwitchMode: [DispConfigs] Set mode index:0 832x2268x120x127680cmdHS, hs_mode(3), found_mode(0)
02-03 22:19:10.736  1630  1956 D WindowManager: updateSystemBarAttributes: displayId=0, focusedCanBeNavColorWin=false, win=Window{9086376 u0 Splash Screen com.pricehunt}, navColorWin=Window{9086376 u0 Splash Screen com.pricehunt}, caller=com.android.server.wm.DisplayPolicy.finishPostLayoutPolicyLw:17 com.android.server.wm.RootWindowContainer.applySurfaceChangesTransaction$1:194 com.android.server.wm.RootWindowContainer.performSurfacePlacementNoTrace:88 
02-03 22:19:10.736  1630  1956 D WindowManager: updateSystemBarAttributes, bhv=1, apr=0, statusBarAprRegions=[AppearanceRegion{ bounds=[0,0][840,2289]}], requestedVisibilities=-9
02-03 22:19:10.737  1304  1534 I SDM     : HWDeviceDRM::UpdateMixerAttributes: Mixer WxH 832x2268-1 for Peripheral
02-03 22:19:10.737  1304  1534 I SDM     : HWCDisplay::SubmitDisplayConfig: Active configuration changed to: 0
02-03 22:19:10.738  2991  2991 D SamsungLightBarControlHelper: updateStatusBar (WHITE icon) numStacks:1, StatusBarMode:MODE_TRANSPARENT, lightBarBounds:[], StatusBarState:SHADE, packageName:, isWhiteKeyguardStatusBar:false
02-03 22:19:10.738  2991  2991 D SamsungLightBarControlHelper: onStatusBarAppearanceChanged() -  sbModeChanged:false, statusBarMode:0, barState:MODE_TRANSPARENT, isKeyguardShowing:false, navbarColorManagedByIme:false, (AppearanceRegion{ bounds=[0,0][840,2289]}, )
02-03 22:19:10.738  2991  2991 D NavigationBar: onSystemBarAttributesChanged() -  displayId:0, appearance:0, packageName: com.pricehunt, navbarColorManagedByIme:false
02-03 22:19:10.738  2991  2991 D SysUiState: SysUiState changed: old=0x10000000 new=0x10020000
02-03 22:19:10.738  1630  2114 D BrightnessThermalClamper: Thermal status observer already started
02-03 22:19:10.738  1630  1956 W LocalDisplayAdapter: Ignoring request for invalid base mode id 5
02-03 22:19:10.738  3474 27174 I HoneySpace.SystemUiRepository: systemUiFlags: allow_gesture|awake
02-03 22:19:10.739  3474  3647 I HoneySpace.TaskbarEventTracker: invokeEvent() called with: event = SystemUiStateChanged(stateFlags=268566528)
02-03 22:19:10.739  1630  4873 D LiftUpHandler: [LTW] Stopped already.
02-03 22:19:10.739  1405  2523 D AudioFlinger: setParameters: filtered dev setParameters keyvalue screen_state=on
02-03 22:19:10.739  1206  1206 D audio_hw_primary: adev_set_parameters: enter: screen_state=on
02-03 22:19:10.739  1206  1206 V audio_hw_sec: sec_set_parameters: enter
02-03 22:19:10.739  1206  1206 D sound_trigger_hw: handle_screen_status_change: screen on
02-03 22:19:10.739  1206  1206 D audio_hw_primary: adev_set_parameters: exit with code(0)
02-03 22:19:10.739  1206  2517 I Audio_a2dpsink_hw: adev_set_parameters: kevpairs=[screen_state=on]
02-03 22:19:10.740  3474  7346 I HoneySpace.RefreshRateSource: singleFrameMs 8
02-03 22:19:10.740  2991  3104 I VRI[pricehunt]@d89978e: onDisplayChanged oldDisplayState=2 newDisplayState=2
02-03 22:19:10.740  2991  3126 D StackScroller: onDisplayChanged for predraw skip to 2
02-03 22:19:10.740  1630  1630 D SGM:GameManager: onDisplayChanged. displyId: 0, state: 2
02-03 22:19:10.740  5872  5872 I SPenContext: virtual void SPen::Context::SetDisplayRefreshRate(float) framerate=120
02-03 22:19:10.741  5872  5872 I LatencyConfiguration: void SPen::LatencyConfiguration::UpdateRefreshRate(float) RefreshRate=120.000008
02-03 22:19:10.741  5872  5872 I LatencyConfiguration: void SPen::LatencyConfiguration::UpdateRefreshRate(float) RefreshRateCallback 0xb400007c408e4ed0
02-03 22:19:10.741  1630  1630 D AODManagerService: requestReCalToTSP IsSingleTouchMode = falserequestedReCalToTSP = false / previousDisplayState = ON
02-03 22:19:10.741  5872  5872 I PredictorBase: virtual void SPen::PredictorBase::SetRefreshRate(float) Refresh rate: 120.000
02-03 22:19:10.741  5872  5872 I spe_log : virtual void SPen::FbrDrawPad::SetRefreshRate(float) = 120.000
02-03 22:19:10.741  5872  5872 I spe_log : virtual void SPen::FbrDrawPad::SetRefreshRate(float) mFrameDurationNano=8333333, mDisplayRefreshDurationNano: 8333333
02-03 22:19:10.741  5872  5872 I spe_log : virtual void SPen::LowLatencyStrokeView::SetRefreshRate(float) refresh rate=120.000
02-03 22:19:10.741  5872  5872 I VRI[InputMethod]@307b30c: onDisplayChanged oldDisplayState=2 newDisplayState=2
02-03 22:19:10.742  1630  8491 D InputDispatcher: Focus left window (0): f5d329f com.sec.android.app.launcher/com.sec.android.app.launcher.activities.LauncherActivity
02-03 22:19:10.742  1630  2685 D SGM:FgCheckThread: onLooperPrepared(), msg: MSG_LCD_ON
02-03 22:19:10.742  6909  6909 I VRI[MainActivity]@30c10b3: onDisplayChanged oldDisplayState=2 newDisplayState=2
02-03 22:19:10.743  1630  6020 D WifiDisplayAdapter: isFitToActiveDisplayLocked : false
02-03 22:19:10.743  6139  6139 I SPenContext: virtual void SPen::Context::SetDisplayRefreshRate(float) framerate=120
02-03 22:19:10.743  6139  6139 I LatencyConfiguration: void SPen::LatencyConfiguration::UpdateRefreshRate(float) RefreshRate=120.000008
02-03 22:19:10.743  6139  6139 I LatencyConfiguration: void SPen::LatencyConfiguration::UpdateRefreshRate(float) RefreshRateCallback 0xb400007c408ced50
02-03 22:19:10.743  6139  6139 I PredictorBase: virtual void SPen::PredictorBase::SetRefreshRate(float) Refresh rate: 120.000
02-03 22:19:10.743  6139  6139 I spe_log : virtual void SPen::FbrDrawPad::SetRefreshRate(float) = 120.000
02-03 22:19:10.743  6139  6139 I spe_log : virtual void SPen::FbrDrawPad::SetRefreshRate(float) mFrameDurationNano=8333333, mDisplayRefreshDurationNano: 8333333
02-03 22:19:10.743  6139  6139 I spe_log : virtual void SPen::LowLatencyStrokeView::SetRefreshRate(float) refresh rate=120.000
02-03 22:19:10.745  1429  1459 I VSyncReactor: Current= 60, Period= 120, hwcPeriod= 60
02-03 22:19:10.747 22801 22801 I VRI[Settings]@c9346: onDisplayChanged oldDisplayState=2 newDisplayState=2
02-03 22:19:10.748  1630  1955 D RefreshRateModeManager: updateDefaultDisplayToken: android.os.BinderProxy@99b4f37, isChanged: false
02-03 22:19:10.748  1630  3155 W ParceledListSlice: Element #16 is 21876 bytes.
02-03 22:19:10.749 22801 22801 I VRI[SubSettings]@dd1c099: onDisplayChanged oldDisplayState=2 newDisplayState=2
02-03 22:19:10.749 22801 22801 I VRI[SubSettings]@11d5252: onDisplayChanged oldDisplayState=2 newDisplayState=2
02-03 22:19:10.749 21273 21273 I VRI[InternalGoogleAppActivityEntrypoint]@e63bb3e: onDisplayChanged oldDisplayState=2 newDisplayState=2
02-03 22:19:10.749 21273 21273 I VRI[LauncherActivity]@66e68da: onDisplayChanged oldDisplayState=2 newDisplayState=2
02-03 22:19:10.749  1630  2680 W ParceledListSlice: Element #22 is 23412 bytes.
02-03 22:19:10.750  1429  1468 I SurfaceFlinger: id=52601 createSurf, flag=84000, f8387dd ActivityRecordInputSink com.pricehunt/.presentation.MainActivity#52601
02-03 22:19:10.751  1630  2680 W ParceledListSlice: Element #34 is 24684 bytes.
02-03 22:19:10.752  2991  3068 I VRI[ShellDropTarget]@1cdbaf5: onDisplayChanged oldDisplayState=2 newDisplayState=2
02-03 22:19:10.752  2991  3068 I VRI[SplitDecorManager]@ca2ee62: onDisplayChanged oldDisplayState=2 newDisplayState=2
02-03 22:19:10.752  2991  3068 I VRI[SplitDecorManager]@2d19661: onDisplayChanged oldDisplayState=2 newDisplayState=2
02-03 22:19:10.753  1429  1459 I VSyncReactor: Current= 60, Period= 120, hwcPeriod= 120
02-03 22:19:10.753  2991 27014 W ndroid.systemui: Large reply transaction of 405148 bytes, interface descriptor com.android.wm.shell.recents.IRecentTasks, code 4
02-03 22:19:10.754  8113  8113 I com.pricehunt: Using CollectorTypeCC GC.
02-03 22:19:10.754  1429  1429 I SurfaceFlinger: Layer [Task=4526#52593] hidden!! flag(0)
02-03 22:19:10.754  1429  1429 E SurfaceFlinger: alpha changed 1.000 -> 0.000 - Task=4526#52593
02-03 22:19:10.754  1429  1429 I SurfaceFlinger: Layer [Splash Screen com.pricehunt$_2991#52596] hidden!! flag(0)
02-03 22:19:10.754  1429  1429 I SurfaceFlinger: Layer [Transition Root: Task=4526#52597] hidden!! flag(0)
02-03 22:19:10.754  1429  1429 I SurfaceFlinger: Layer [9086376 Splash Screen com.pricehunt#52595] hidden!! flag(0)
02-03 22:19:10.754  1429  1429 I SurfaceFlinger: Layer [ActivityRecord{463c223 u0 com.priceh[...]esentation.MainActivity t4526}#52594] hidden!! flag(0)
02-03 22:19:10.754  1429  1429 E SurfaceFlinger: alpha changed 0.000 -> 0.000 - Task=4526#52593
02-03 22:19:10.754  1429  1429 I SurfaceFlinger: [LayerHierarchy{RequestedLayerState{Task=1#78 parentId=52597 z=3} 2 children}] reparent to LayerHierarchy{RequestedLayerState{Transition Root: Task=4526#52597 parentId=12 z=42} 1 children}
02-03 22:19:10.754  1429  1429 I SurfaceFlinger: [LayerHierarchy{RequestedLayerState{431914a TaskbarWindow#275 parentId=52599} 1 children}] reparent to LayerHierarchy{RequestedLayerState{Surface(name=431914a TaskbarWindow)/@0x1d7e725 - animation-leash of insets_animation#52599 parentId=274} 1 children}
02-03 22:19:10.754  1429  1429 I SurfaceFlinger: [LayerHierarchy{RequestedLayerState{8f7d129 NavigationBar0#110 parentId=52600} 1 children}] reparent to LayerHierarchy{RequestedLayerState{Surface(name=8f7d129 NavigationBar0)/@0xedcd05a - animation-leash of insets_animation#52600 parentId=109} 1 children}
02-03 22:19:10.755  1429  1429 I SurfaceFlinger: [LayerHierarchy{RequestedLayerState{65b5200 StatusBar#117 parentId=52598} 1 children}] reparent to LayerHierarchy{RequestedLayerState{Surface(name=65b5200 StatusBar)/@0xb203e6f - animation-leash of insets_animation#52598 parentId=116} 1 children}
02-03 22:19:10.755  1429  1429 I SurfaceFlinger: [LayerHierarchy{RequestedLayerState{WallpaperWindowToken{e9c47b2 token=android.os.Binder@b7cf914}#173 parentId=52597 z=3} 1 children}] reparent to LayerHierarchy{RequestedLayerState{Transition Root: Task=4526#52597 parentId=12 z=42} 2 children}
02-03 22:19:10.755  1429  1429 I SurfaceFlinger: [LayerHierarchy{RequestedLayerState{Surface(name=65b5200 StatusBar)/@0xb203e6f - animation-leash of insets_animation#52583} no children}] reparent to OffscreenRoot
02-03 22:19:10.755  1429  1429 I SurfaceFlinger: [LayerHierarchy{RequestedLayerState{Surface(name=65b5200 StatusBar)/@0xb203e6f - animation-leash of insets_animation#52583} no children}] RelativeParent to null
02-03 22:19:10.755  1429  1429 I SurfaceFlinger: [LayerHierarchy{RequestedLayerState{Surface(name=431914a TaskbarWindow)/@0x1d7e725 - animation-leash of insets_animation#52584} no children}] reparent to OffscreenRoot
02-03 22:19:10.755  1429  1429 I SurfaceFlinger: [LayerHierarchy{RequestedLayerState{Surface(name=431914a TaskbarWindow)/@0x1d7e725 - animation-leash of insets_animation#52584} no children}] RelativeParent to null
02-03 22:19:10.755  1429  1429 I SurfaceFlinger: [LayerHierarchy{RequestedLayerState{Surface(name=8f7d129 NavigationBar0)/@0xedcd05a - animation-leash of insets_animation#52585} no children}] reparent to OffscreenRoot
02-03 22:19:10.755  1429  1429 I SurfaceFlinger: [LayerHierarchy{RequestedLayerState{Surface(name=8f7d129 NavigationBar0)/@0xedcd05a - animation-leash of insets_animation#52585} no children}] RelativeParent to null
02-03 22:19:10.755  1429  1429 I SurfaceFlinger: [LayerHierarchy{RequestedLayerState{Task=4526#52593 parentId=52597 z=7} 1 children}] reparent to LayerHierarchy{RequestedLayerState{Transition Root: Task=4526#52597 parentId=12 z=42} 3 children}
02-03 22:19:10.755  1429  1429 I SurfaceFlinger: [Surface(name=65b5200 StatusBar)/@0xb203e6f - animation-leash of insets_animation#52598] attach to parent LayerHierarchy{RequestedLayerState{WindowToken{182faa6 type=2000 android.os.BinderProxy@622ade8}#116 parentId=20} 1 children}
02-03 22:19:10.755  1429  1429 I SurfaceFlinger: [Surface(name=431914a TaskbarWindow)/@0x1d7e725 - animation-leash of insets_animation#52599] attach to parent LayerHierarchy{RequestedLayerState{WindowToken{87f7816 type=2024 android.os.BinderProxy@f931e00}#274 parentId=32 z=3} 1 children}
02-03 22:19:10.755  1429  1429 I SurfaceFlinger: [Surface(name=8f7d129 NavigationBar0)/@0xedcd05a - animation-leash of insets_animation#52600] attach to parent LayerHierarchy{RequestedLayerState{WindowToken{c4ac1f3 type=2019 android.os.BinderProxy@f66f2d}#109 parentId=32} 1 children}
02-03 22:19:10.755  1429  1429 I SurfaceFlinger: [f8387dd ActivityRecordInputSink com.pricehunt/.presentation.MainActivity#52601] attach to parent LayerHierarchy{RequestedLayerState{ActivityRecord{463c223 u0 com.pricehunt/.presentation.MainActivity t4526}#52594 parentId=52593} 2 children}
02-03 22:19:10.756  3474 31802 I HoneySpace.HistoryViewModel@64637423@OneUI: Illegal access. Unknown type. skip load history items
02-03 22:19:10.756  3474  3989 I HoneySpace.HistoryViewModel@129678705@OneUI: task bar is not showing. skip load history items
02-03 22:19:10.756  3474  3989 I HoneySpace.HistoryViewModel@129678705@OneUI: launcherShowing : false, recentShowing : false, isInteractive : true, state : 0minusOne : false
02-03 22:19:10.756 29938 29946 I adbd    : jdwp connection from 8113
02-03 22:19:10.758  1429  1429 W Layer   : gatherBufferInfo: Received unknown dataspace from gralloc
02-03 22:19:10.759  8113  8113 D nativeloader: Load libframework-connectivity-tiramisu-jni.so using APEX ns com_android_tethering for caller /apex/com.android.tethering/javalib/framework-connectivity-t.jar: ok
02-03 22:19:10.759  1429  1429 I SurfaceFlinger: id=52584 Removed Surface(name=431914a TaskbarWindow)/@0x1d7e725 - animation-leash of insets_animation#52584 (362)
02-03 22:19:10.759  1429  1429 I BpBinder: onLastStrongRef automatically unlinking death recipients: 
02-03 22:19:10.760  1429  1429 W ComposerExtn: DisplayExtnImpl::SetActiveConfig: HWC Display 3 is not registered!
02-03 22:19:10.761  8113  8113 D ActivityThread: setConscryptValidator
02-03 22:19:10.761  8113  8113 D ActivityThread: setConscryptValidator - put
02-03 22:19:10.763  3474  3474 I ImeFocusController: onPreWindowFocus: skipped hasWindowFocus=false mHasImeFocus=true
02-03 22:19:10.764  1429  1429 D SurfaceFlinger: Display 4630947232161729155 HWC layers:
02-03 22:19:10.764  1429  1429 D SurfaceFlinger:        DEVICE |   0xb400007b3d0c9ce0 | 0001 | RGBA_8888    |    0.0    0.0  840.0 2289.0 |    0    0  832 2267 | com.sec.android.app.launcher/com.sec[...]ivities.LauncherActivity$_3474#52582 (88)
02-03 22:19:10.764  1429  1429 D SurfaceFlinger:        DEVICE |   0xb400007b3d083090 | 0000 | RGBA_8888    |    0.0    0.0  840.0 2289.0 |    0    0  832 2267 | Wallpaper BBQ wrapper 17_system#189 (596966)
02-03 22:19:10.764  1429  1429 D SurfaceFlinger:        DEVICE |   0xb400007b3d0b34e0 | 0001 | RGBA_8888    |    0.0    0.0  840.0   82.0 |    0    0  832   81 | StatusBar$_2991#135 (95094)
02-03 22:19:10.764  1429  1429 D SurfaceFlinger:        DEVICE |   0xb400007b3d0654b0 | 0001 | RGBA_8888    |    0.0    0.0   67.0  210.0 |  766 1196  832 1404 | com.sec.android.app.launcher/com.sam[...]l.app.CocktailBarService$_3474#52539 (3)
02-03 22:19:10.764  1429  1429 D SurfaceFlinger:        CLIENT |   0xb400007b3d0c45b0 | 0001 | RGBA_8888    |    0.0    0.0  840.0  126.0 |    0 2142  832 2267 | NavigationBar0$_2991#128 (55612)
02-03 22:19:10.764  1429  1429 D SurfaceFlinger: 
02-03 22:19:10.764  3474  3474 I ImeFocusController: onPostWindowFocus: skipped hasWindowFocus=false mHasImeFocus=true
02-03 22:19:10.764  3474  3474 I VRI[RecentsTransitionOverlay]@ea10469: onDisplayChanged oldDisplayState=2 newDisplayState=2
02-03 22:19:10.764  3474  3474 I VRI[LauncherActivity]@ea4152a: onDisplayChanged oldDisplayState=2 newDisplayState=2
02-03 22:19:10.764  3474  3989 I HoneySpace.Memory-Monitor: current state = 2, didTrim = false
02-03 22:19:10.764  3474  3474 I VRI[CocktailBarService]@fe8030d: onDisplayChanged oldDisplayState=2 newDisplayState=2
02-03 22:19:10.764  3474  3474 I VRI[TaskbarWindow]@498413e: onDisplayChanged oldDisplayState=2 newDisplayState=2
02-03 22:19:10.764  3474  3474 I VRI[RecentsActivity]@6199a4a: onDisplayChanged oldDisplayState=2 newDisplayState=2
02-03 22:19:10.764  1429  1468 I SurfaceFlinger: id=52583 Removed Surface(name=65b5200 StatusBar)/@0xb203e6f - animation-leash of insets_animation#52583 (362)
02-03 22:19:10.764  1429  1468 I SurfaceFlinger: id=52585 Removed Surface(name=8f7d129 NavigationBar0)/@0xedcd05a - animation-leash of insets_animation#52585 (362)
02-03 22:19:10.765  1429  1429 I SurfaceFlinger: destroyed Surface(name=65b5200 StatusBar)/@0xb203e6f - animation-leash of insets_animation#52583
02-03 22:19:10.765  1429  1429 I SurfaceFlinger: destroyed Surface(name=431914a TaskbarWindow)/@0x1d7e725 - animation-leash of insets_animation#52584
02-03 22:19:10.765  1429  1429 I SurfaceFlinger: destroyed Surface(name=8f7d129 NavigationBar0)/@0xedcd05a - animation-leash of insets_animation#52585
02-03 22:19:10.766  1630  2680 I ActivityManager: Changes in 10418 19 to 2, 0 to 127
02-03 22:19:10.768  2991  2991 D DisplayLifecycle: updateDisplay id = 0
02-03 22:19:10.768  2991  2991 I VRI[LockscreenShortcutBlur]@6238849: onDisplayChanged oldDisplayState=2 newDisplayState=2
02-03 22:19:10.768  2991  2991 I VRI[NavigationBar0]@c1db22d: onDisplayChanged oldDisplayState=2 newDisplayState=2
02-03 22:19:10.768  2991  2991 I VRI[EdgeBackGestureHandler0]@5a548e3: onDisplayChanged oldDisplayState=2 newDisplayState=2
02-03 22:19:10.768  2991  2991 I VRI[NotificationShade]@aaab015: onDisplayChanged oldDisplayState=2 newDisplayState=2
02-03 22:19:10.768  2991  2991 I VRI[StatusBar]@8e980d0: onDisplayChanged oldDisplayState=2 newDisplayState=2
02-03 22:19:10.768  2991  2991 I VRI[Bouncer]@a1623f9: onDisplayChanged oldDisplayState=2 newDisplayState=2
02-03 22:19:10.768  2991  2991 I VRI[SecondaryHomeHandle0]@df10a88: onDisplayChanged oldDisplayState=2 newDisplayState=2
02-03 22:19:10.768  2991  2991 I VRI[KeyguardBiometricToastView]@a7c12bb: onDisplayChanged oldDisplayState=2 newDisplayState=2
02-03 22:19:10.769  2991  3104 I InsetsSourceConsumer: applyRequestedVisibilityToControl: visible=true, type=statusBars, host=Splash Screen com.pricehunt
02-03 22:19:10.769  1429  1429 W Layer   : gatherBufferInfo: Received unknown dataspace from gralloc
02-03 22:19:10.769  2991  3104 I InsetsSourceConsumer: applyRequestedVisibilityToControl: visible=true, type=navigationBars, host=Splash Screen com.pricehunt
02-03 22:19:10.770  1429  1429 I Layer   : id=52585 Destroyed Surface(name=8f7d129 NavigationBar0)/@0xedcd05a - animation-leash of insets_animation#52585
02-03 22:19:10.770  1429  1429 I Layer   : id=52583 Destroyed Surface(name=65b5200 StatusBar)/@0xb203e6f - animation-leash of insets_animation#52583
02-03 22:19:10.770  1429  1429 I Layer   : id=52584 Destroyed Surface(name=431914a TaskbarWindow)/@0x1d7e725 - animation-leash of insets_animation#52584
02-03 22:19:10.773  1630  1951 D PkgPredictorService-SecIpmManagerServiceImpl: onForegroundActivitiesChanged pid:8113 uid:10418
02-03 22:19:10.774  1429  1429 W Layer   : gatherBufferInfo: Received unknown dataspace from gralloc
02-03 22:19:10.774  1429  1429 W Layer   : gatherBufferInfo: Received unknown dataspace from gralloc
02-03 22:19:10.774  1429  1429 W Layer   : gatherBufferInfo: Received unknown dataspace from gralloc
02-03 22:19:10.774  1429  1429 W ComposerExtn: DisplayExtnImpl::SetActiveConfig: HWC Display 3 is not registered!
02-03 22:19:10.775  1630  3158 W UserManagerService: Requested status bar icon for non-badged user 0
02-03 22:19:10.776  1630  2724 V NetworkPolicy: getFirewallRuleWifi UID:10418 policy:0
02-03 22:19:10.778  8113  8113 D CompatChangeReporter: Compat change id reported: 242716250; UID 10418; state: ENABLED
02-03 22:19:10.780  1429  1429 E SurfaceFlinger: alpha changed 0.000 -> 0.080 - Task=4526#52593
02-03 22:19:10.783  1429  1429 W Layer   : gatherBufferInfo: Received unknown dataspace from gralloc
02-03 22:19:10.783  1429  1429 W Layer   : gatherBufferInfo: Received unknown dataspace from gralloc
02-03 22:19:10.784  1429  1429 W ComposerExtn: DisplayExtnImpl::SetActiveConfig: HWC Display 3 is not registered!
02-03 22:19:10.790  1429  1429 D SurfaceFlinger: Display 4630947232161729155 HWC layers:
02-03 22:19:10.790  1429  1429 D SurfaceFlinger:        DEVICE |   0xb400007b3d0c9ce0 | 0001 | RGBA_8888    |    0.0    0.0  840.0 2289.0 |    0    0  832 2267 | com.sec.android.app.launcher/com.sec[...]ivities.LauncherActivity$_3474#52582 (88)
02-03 22:19:10.790  1429  1429 D SurfaceFlinger:        DEVICE |   0xb400007b3d09ae80 | 0000 | RGBA_8888    |    0.0    0.0  840.0 2289.0 |    0    0  832 2267 | Wallpaper BBQ wrapper 17_system#189 (596969)
02-03 22:19:10.790  1429  1429 D SurfaceFlinger:        CLIENT |   0xb400007b3d0c02c0 | 0001 | RGBA_8888    |    0.0    0.0  840.0 2289.0 |   60  165  772 2102 | Splash Screen com.pricehunt$_2991#52596 (1)
02-03 22:19:10.790  1429  1429 D SurfaceFlinger:        CLIENT |   0xb400007b3d0c8a50 | 0001 | RGBA_8888    |    0.0    0.0  840.0   82.0 |    0    0  832   81 | StatusBar$_2991#135 (95096)
02-03 22:19:10.790  1429  1429 D SurfaceFlinger:        DEVICE |   0xb400007b3d0654b0 | 0001 | RGBA_8888    |    0.0    0.0   67.0  210.0 |  766 1196  832 1404 | com.sec.android.app.launcher/com.sam[...]l.app.CocktailBarService$_3474#52539 (3)
02-03 22:19:10.790  1429  1429 D SurfaceFlinger:        DEVICE |   0xb400007b3d0c45b0 | 0001 | RGBA_8888    |    0.0    0.0  840.0  126.0 |    0 2142  832 2267 | NavigationBar0$_2991#12
02-03 22:19:10.790  1429  1429 D SurfaceFlinger: 8 (55612)
02-03 22:19:10.790  1429  1429 D SurfaceFlinger: 
02-03 22:19:10.791  1429  4096 D NativeSemDvfsManager: acquire:: timeout = 2000 mIsAcquired = 1  mTagName : SurfaceFlinger 
02-03 22:19:10.791  1429  4096 E NativeCustomFrequencyManager: [NativeCFMS] BpCustomFrequencyManager::acquire()
02-03 22:19:10.791  1237  1371 I HYPER-HAL: [RequestManager.cpp]acquire(): Acquired ID : 2952235  [1429 / 1000]    HINT : SF_GPU_MINLOCK    list : [TIMEOUT / 2000] 
02-03 22:19:10.794  1429  1429 W Layer   : gatherBufferInfo: Received unknown dataspace from gralloc
02-03 22:19:10.795  1429  1429 W Layer   : gatherBufferInfo: Received unknown dataspace from gralloc
02-03 22:19:10.796  1429  1429 W ComposerExtn: DisplayExtnImpl::SetActiveConfig: HWC Display 3 is not registered!
02-03 22:19:10.796  1429  1429 D SurfaceFlinger: GPIS:: requestGPISForClientComposition
02-03 22:19:10.799 21273 21273 I bpnz    : onPause
02-03 22:19:10.802  6137 18314 I SDHMS:l : onTaskStackChanged
02-03 22:19:10.802  1429  1429 W Layer   : gatherBufferInfo: Received unknown dataspace from gralloc
02-03 22:19:10.802  1429  1429 W Layer   : gatherBufferInfo: Received unknown dataspace from gralloc
02-03 22:19:10.802  6137  6767 I SDHMS:l : no app is Resumed!!! mResumedPackages.size = 0
02-03 22:19:10.802  1429  1429 W ComposerExtn: DisplayExtnImpl::SetActiveConfig: HWC Display 3 is not registered!
02-03 22:19:10.803  3474  3989 I HoneySpace.RecentTasks: onRecentTasksChanged
02-03 22:19:10.804  3474 27174 I HoneySpace.HistoryViewModel@129678705@OneUI: task bar is not showing. skip load history items
02-03 22:19:10.805  3474 27174 I HoneySpace.HistoryViewModel@129678705@OneUI: launcherShowing : false, recentShowing : false, isInteractive : true, state : 0minusOne : false
02-03 22:19:10.808  1630  5992 W ParceledListSlice: Element #16 is 21876 bytes.
02-03 22:19:10.809  1630  5997 W ParceledListSlice: Element #22 is 23412 bytes.
02-03 22:19:10.810  1429  1429 W Layer   : gatherBufferInfo: Received unknown dataspace from gralloc
02-03 22:19:10.810  1429  1429 W Layer   : gatherBufferInfo: Received unknown dataspace from gralloc
02-03 22:19:10.811  1630  3155 W ParceledListSlice: Element #34 is 24684 bytes.
02-03 22:19:10.811  1429  1429 W ComposerExtn: DisplayExtnImpl::SetActiveConfig: HWC Display 3 is not registered!
02-03 22:19:10.814  2991  3123 W ndroid.systemui: Large reply transaction of 405148 bytes, interface descriptor com.android.wm.shell.recents.IRecentTasks, code 4
02-03 22:19:10.816  1429  1429 W Layer   : gatherBufferInfo: Received unknown dataspace from gralloc
02-03 22:19:10.816  1429  1429 W Layer   : gatherBufferInfo: Received unknown dataspace from gralloc
02-03 22:19:10.816  1429  1429 W ComposerExtn: DisplayExtnImpl::SetActiveConfig: HWC Display 3 is not registered!
02-03 22:19:10.819  3474  3989 I HoneySpace.HistoryViewModel@64637423@OneUI: Illegal access. Unknown type. skip load history items
02-03 22:19:10.819  3474 31802 I HoneySpace.HistoryViewModel@129678705@OneUI: task bar is not showing. skip load history items
02-03 22:19:10.819  3474 31802 I HoneySpace.HistoryViewModel@129678705@OneUI: launcherShowing : false, recentShowing : false, isInteractive : true, state : 0minusOne : false
02-03 22:19:10.821  1429  1429 W Layer   : gatherBufferInfo: Received unknown dataspace from gralloc
02-03 22:19:10.821  1429  1429 W Layer   : gatherBufferInfo: Received unknown dataspace from gralloc
02-03 22:19:10.822  1429  1429 W ComposerExtn: DisplayExtnImpl::SetActiveConfig: HWC Display 3 is not registered!
02-03 22:19:10.834  1429  1429 W Layer   : gatherBufferInfo: Received unknown dataspace from gralloc
02-03 22:19:10.835  1429  1429 W ComposerExtn: DisplayExtnImpl::SetActiveConfig: HWC Display 3 is not registered!
02-03 22:19:10.842  1429  1429 W Layer   : gatherBufferInfo: Received unknown dataspace from gralloc
02-03 22:19:10.842  1429  1429 W Layer   : gatherBufferInfo: Received unknown dataspace from gralloc
02-03 22:19:10.843  1429  1429 W ComposerExtn: DisplayExtnImpl::SetActiveConfig: HWC Display 3 is not registered!
02-03 22:19:10.851  1429  1429 W Layer   : gatherBufferInfo: Received unknown dataspace from gralloc
02-03 22:19:10.852  1429  1429 W Layer   : gatherBufferInfo: Received unknown dataspace from gralloc
02-03 22:19:10.852  1429  1429 W ComposerExtn: DisplayExtnImpl::SetActiveConfig: HWC Display 3 is not registered!
02-03 22:19:10.860  1429  1429 W Layer   : gatherBufferInfo: Received unknown dataspace from gralloc
02-03 22:19:10.861  1429  1429 W ComposerExtn: DisplayExtnImpl::SetActiveConfig: HWC Display 3 is not registered!
02-03 22:19:10.868  1429  1429 W Layer   : gatherBufferInfo: Received unknown dataspace from gralloc
02-03 22:19:10.869  1429  1429 W Layer   : gatherBufferInfo: Received unknown dataspace from gralloc
02-03 22:19:10.869  1429  1429 W ComposerExtn: DisplayExtnImpl::SetActiveConfig: HWC Display 3 is not registered!
02-03 22:19:10.878  1429  1429 W Layer   : gatherBufferInfo: Received unknown dataspace from gralloc
02-03 22:19:10.880  1429  1429 W ComposerExtn: DisplayExtnImpl::SetActiveConfig: HWC Display 3 is not registered!
02-03 22:19:10.889  1429  1429 W Layer   : gatherBufferInfo: Received unknown dataspace from gralloc
02-03 22:19:10.890  1429  1429 W Layer   : gatherBufferInfo: Received unknown dataspace from gralloc
02-03 22:19:10.890  1429  1429 W ComposerExtn: DisplayExtnImpl::SetActiveConfig: HWC Display 3 is not registered!
02-03 22:19:10.898  1429  1429 W Layer   : gatherBufferInfo: Received unknown dataspace from gralloc
02-03 22:19:10.899  1429  1429 W Layer   : gatherBufferInfo: Received unknown dataspace from gralloc
02-03 22:19:10.899  1429  1429 W ComposerExtn: DisplayExtnImpl::SetActiveConfig: HWC Display 3 is not registered!
02-03 22:19:10.903  1630  2753 D MdnieScenarioControlService:  packageName : com.pricehunt    className : com.pricehunt.presentation.MainActivity
02-03 22:19:10.903  1630  2753 V MdnieScenarioControlService: setUIMode from UI function(3)
02-03 22:19:10.907  1429  1429 W Layer   : gatherBufferInfo: Received unknown dataspace from gralloc
02-03 22:19:10.908  1429  1429 W ComposerExtn: DisplayExtnImpl::SetActiveConfig: HWC Display 3 is not registered!
02-03 22:19:10.915  1429  1429 W Layer   : gatherBufferInfo: Received unknown dataspace from gralloc
02-03 22:19:10.916  1429  1429 W ComposerExtn: DisplayExtnImpl::SetActiveConfig: HWC Display 3 is not registered!
02-03 22:19:10.925  1429  1429 W ComposerExtn: DisplayExtnImpl::SetActiveConfig: HWC Display 3 is not registered!
02-03 22:19:10.931  1429  1429 W Layer   : gatherBufferInfo: Received unknown dataspace from gralloc
02-03 22:19:10.932  1429  1429 W ComposerExtn: DisplayExtnImpl::SetActiveConfig: HWC Display 3 is not registered!
02-03 22:19:10.942  1429  1429 W ComposerExtn: DisplayExtnImpl::SetActiveConfig: HWC Display 3 is not registered!
02-03 22:19:10.949  1429  1429 W Layer   : gatherBufferInfo: Received unknown dataspace from gralloc
02-03 22:19:10.950  1429  1429 W ComposerExtn: DisplayExtnImpl::SetActiveConfig: HWC Display 3 is not registered!
02-03 22:19:10.958  1429  1429 W Layer   : gatherBufferInfo: Received unknown dataspace from gralloc
02-03 22:19:10.959  1429  1429 W ComposerExtn: DisplayExtnImpl::SetActiveConfig: HWC Display 3 is not registered!
02-03 22:19:10.966  1429  1429 W ComposerExtn: DisplayExtnImpl::SetActiveConfig: HWC Display 3 is not registered!
02-03 22:19:10.974  1429  1429 W Layer   : gatherBufferInfo: Received unknown dataspace from gralloc
02-03 22:19:10.974  1429  1429 W ComposerExtn: DisplayExtnImpl::SetActiveConfig: HWC Display 3 is not registered!
02-03 22:19:10.982  1429  1429 W ComposerExtn: DisplayExtnImpl::SetActiveConfig: HWC Display 3 is not registered!
02-03 22:19:10.984  1630  2680 D SGM:GameManager: identifyGamePackage. com.pricehunt, mCurrentUserId: 0, callerUserId: 0, callingMethodInfo: com.samsung.android.game.IGameManagerService$Stub.onTransact(IGameManagerService.java:228)
02-03 22:19:10.990  1429  1429 W Layer   : gatherBufferInfo: Received unknown dataspace from gralloc
02-03 22:19:10.991  1429  1429 W ComposerExtn: DisplayExtnImpl::SetActiveConfig: HWC Display 3 is not registered!
02-03 22:19:10.996  1429  1429 W ComposerExtn: DisplayExtnImpl::SetActiveConfig: HWC Display 3 is not registered!
02-03 22:19:10.999  1209  3586 I vendor.qti.bluetooth@1.0-ibs_handler: ProcessIbsCmd: Received IBS_SLEEP_IND: 0xFE
02-03 22:19:11.004  1630  2753 V MdnieScenarioControlService: mAclOffEnabled : false
02-03 22:19:11.006  1209  3586 I vendor.qti.bluetooth@1.0-ibs_handler: ProcessIbsCmd: Received IBS_WAKE_IND: 0xFD
02-03 22:19:11.006  1209  3586 I vendor.qti.bluetooth@1.0-ibs_handler: ProcessIbsCmd: Writing IBS_WAKE_ACK
02-03 22:19:11.007  1429  1429 W Layer   : gatherBufferInfo: Received unknown dataspace from gralloc
02-03 22:19:11.008  1429  1429 W ComposerExtn: DisplayExtnImpl::SetActiveConfig: HWC Display 3 is not registered!
02-03 22:19:11.016  1429  1429 W ComposerExtn: DisplayExtnImpl::SetActiveConfig: HWC Display 3 is not registered!
02-03 22:19:11.024  1429  1429 W Layer   : gatherBufferInfo: Received unknown dataspace from gralloc
02-03 22:19:11.024  1429  1429 W ComposerExtn: DisplayExtnImpl::SetActiveConfig: HWC Display 3 is not registered!
02-03 22:19:11.033  1231 31796 I sensors-hal: handle_sns_std_sensor_event:141, [SSC_LIGHT] P: 31(31),ch0:3264,ch1:0,c:0,w:0,l:19,m:2,br:57,c1:85,c2:123,i:1
02-03 22:19:11.033  1429  1429 W Layer   : gatherBufferInfo: Received unknown dataspace from gralloc
02-03 22:19:11.033  1429  1429 W ComposerExtn: DisplayExtnImpl::SetActiveConfig: HWC Display 3 is not registered!
02-03 22:19:11.034  1429  1561 W ComposerExtn: DisplayExtnImpl::SetActiveConfig: HWC Display 3 is not registered!
02-03 22:19:11.042  1429  1429 W ComposerExtn: DisplayExtnImpl::SetActiveConfig: HWC Display 3 is not registered!
02-03 22:19:11.049  1429  1429 W Layer   : gatherBufferInfo: Received unknown dataspace from gralloc
02-03 22:19:11.050  1429  1429 W ComposerExtn: DisplayExtnImpl::SetActiveConfig: HWC Display 3 is not registered!
02-03 22:19:11.051  8113  8113 D nativeloader: Configuring clns-7 for other apk /data/app/~~wSNwFmmOBJlctM3ghs2zYw==/com.pricehunt-9xsRZcgHSxw00eOIFIBR4g==/base.apk. target_sdk_version=34, uses_libraries=, library_path=/data/app/~~wSNwFmmOBJlctM3ghs2zYw==/com.pricehunt-9xsRZcgHSxw00eOIFIBR4g==/lib/arm64, permitted_path=/data:/mnt/expand:/data/user/0/com.pricehunt
02-03 22:19:11.057  8113  8113 V GraphicsEnvironment: Currently set values for:
02-03 22:19:11.057  8113  8113 V GraphicsEnvironment:   angle_gl_driver_selection_pkgs=[]
02-03 22:19:11.057  8113  8113 V GraphicsEnvironment:   angle_gl_driver_selection_values=[]
02-03 22:19:11.057  8113  8113 V GraphicsEnvironment: Global.Settings values are invalid: number of packages: 0, number of values: 0
02-03 22:19:11.057  8113  8113 V GraphicsEnvironment: App is not on the allowlist for updatable production driver.
02-03 22:19:11.065  1429  1429 W Layer   : gatherBufferInfo: Received unknown dataspace from gralloc
02-03 22:19:11.066  1429  1429 W ComposerExtn: DisplayExtnImpl::SetActiveConfig: HWC Display 3 is not registered!
02-03 22:19:11.072  1429  1429 W ComposerExtn: DisplayExtnImpl::SetActiveConfig: HWC Display 3 is not registered!
02-03 22:19:11.080  1429  1429 W Layer   : gatherBufferInfo: Received unknown dataspace from gralloc
02-03 22:19:11.085  1630  3155 V WindowManager: Computed rotation=ROTATION_0 (0) for display id=0 based on lastOrientation=SCREEN_ORIENTATION_UNSPECIFIED (-1) and oldRotation=ROTATION_0 (0), caller=com.android.server.wm.DisplayRotation.updateOrientation:25 com.android.server.wm.DisplayContent.updateOrientation:64 com.android.server.wm.DisplayContent.updateOrientation:10 com.android.server.wm.RootWindowContainer.ensureVisibilityAndConfig:7 com.android.server.wm.ActivityTaskSupervisor.realStartActivityLocked:231 com.android.server.wm.RootWindowContainer.attachApplication:90 
02-03 22:19:11.086  1630  3155 D SGM:FgCheckThread: notifyAppCreated(), packageName: com.pricehunt, userId: 0, sendRet: true
02-03 22:19:11.087  1630  2685 D SGM:FgCheckThread: onLooperPrepared(), msg: MSG_APP_CREATE, pkgName: com.pricehunt, userId: 0
02-03 22:19:11.087  1630  3155 D SGM:FgCheckThread: TaskStackListener.onTaskFocusChanged(), taskId=4013, focused=false
02-03 22:19:11.087  1630  3155 D SGM:FgCheckThread: TaskStackListener.onTaskFocusChanged(), taskId=4526, focused=true
02-03 22:19:11.088  1630  3155 D SGM:FgCheckThread:   sendRunningComponentFocus(), pkgName: com.pricehunt, userId: 0
02-03 22:19:11.088  1630  3155 D InputDispatcher: Focused application(0): ActivityRecord{463c223 u0 com.pricehunt/.presentation.MainActivity t4526}
02-03 22:19:11.088  3474  3474 I HoneySpace.HistoryViewModel@129678705@OneUI: Block stack change
02-03 22:19:11.088  1630  3155 D ActivityTaskManager: scheduleTopResumedActivityChanged, onTop=true, r=ActivityRecord{463c223 u0 com.pricehunt/.presentation.MainActivity t4526}, caller=com.android.server.wm.ActivityTaskSupervisor.updateTopResumedActivityIfNeeded:62 com.android.server.wm.TaskFragment.setResumedActivity:74 com.android.server.wm.ActivityRecord.setState:120 com.android.server.wm.ActivityTaskSupervisor.realStartActivityLocked:980 com.android.server.wm.RootWindowContainer.attachApplication:90 com.android.server.wm.ActivityTaskManagerService$LocalService.attachApplication:40 
02-03 22:19:11.088  2991  2991 D FlexPanelStartController: not support state, mMwEnabled=true, mIsTableMode=false, mDesktopMode=false, mFlexModePanelEnabled=true, mIsImeShowing=false, mIsQuickPanelShowing=false, mIsTaskBarAppsEnabled=false, mIsGlobalActionVisible=false, mOnRecentsAnimation=false, isSupportRotation=false, mIsKeyguardVisible=false
02-03 22:19:11.088  2991  2991 D FlexPanelStartController: startFloatingIcon: extra=display_floating_icon_clear
