02-03 21:56:07.078  1630  2851 D SemWifiSwitchForIndividualAppsService: isSkipTcpMonitorInfo - result:1
02-03 21:56:07.093  1630  2890 D NetdEventListenerService: DNS Requested by 491, 10418(com.pricehunt), SUCCESS, 76ms
02-03 21:56:07.104  1429  1429 W Layer   : gatherBufferInfo: Received unknown dataspace from gralloc
02-03 21:56:07.120  1429  1429 W Layer   : gatherBufferInfo: Received unknown dataspace from gralloc
02-03 21:56:07.137  1429  1429 W Layer   : gatherBufferInfo: Received unknown dataspace from gralloc
02-03 21:56:07.154  1429  1429 W Layer   : gatherBufferInfo: Received unknown dataspace from gralloc
02-03 21:56:07.170  1429  1429 W Layer   : gatherBufferInfo: Received unknown dataspace from gralloc
02-03 21:56:07.177 19178 19571 W okhttp.OkHttpClient: A connection to https://www.bigbasket.com/ was leaked. Did you forget to close a response body? To see where this was allocated, set the OkHttpClient logger level to FINE: Logger.getLogger(OkHttpClient.class.getName()).setLevel(Level.FINE);
02-03 21:56:07.187  1429  1429 W Layer   : gatherBufferInfo: Received unknown dataspace from gralloc
02-03 21:56:07.204  1429  1429 W Layer   : gatherBufferInfo: Received unknown dataspace from gralloc
02-03 21:56:07.212  1209  3325 D vendor.qti.bluetooth@1.0-wake_lock: Release wakelock is released 
02-03 21:56:07.220  1429  1429 W Layer   : gatherBufferInfo: Received unknown dataspace from gralloc
02-03 21:56:07.237  1429  1429 W Layer   : gatherBufferInfo: Received unknown dataspace from gralloc
02-03 21:56:07.254  1429  1429 W Layer   : gatherBufferInfo: Received unknown dataspace from gralloc
02-03 21:56:07.270  1429  1429 W Layer   : gatherBufferInfo: Received unknown dataspace from gralloc
02-03 21:56:07.284  1429  1429 I SurfaceFlinger: SFWD update time=153069388586658
02-03 21:56:07.287  1429  1429 W Layer   : gatherBufferInfo: Received unknown dataspace from gralloc
02-03 21:56:07.303 19178 19519 I System.out: DirectApiScraper: Instamart: storeId fetch HTTP 404
02-03 21:56:07.304  1429  1429 W Layer   : gatherBufferInfo: Received unknown dataspace from gralloc
02-03 21:56:07.320  1429  1429 W Layer   : gatherBufferInfo: Received unknown dataspace from gralloc
02-03 21:56:07.337  1429  1429 W Layer   : gatherBufferInfo: Received unknown dataspace from gralloc
02-03 21:56:07.354  1429  1429 W Layer   : gatherBufferInfo: Received unknown dataspace from gralloc
02-03 21:56:07.370  1429  1429 W Layer   : gatherBufferInfo: Received unknown dataspace from gralloc
02-03 21:56:07.387  1429  1429 W Layer   : gatherBufferInfo: Received unknown dataspace from gralloc
02-03 21:56:07.404  1429  1429 W Layer   : gatherBufferInfo: Received unknown dataspace from gralloc
02-03 21:56:07.420  1429  1429 W Layer   : gatherBufferInfo: Received unknown dataspace from gralloc
02-03 21:56:07.437  1429  1429 W Layer   : gatherBufferInfo: Received unknown dataspace from gralloc
02-03 21:56:07.441 32101 19147 I NearbySharing: Network state changed: NetworkState(isRestricted=false, isOnline=true, isCongested=false, isMetered=false, isWifiConnected=true)
02-03 21:56:07.454  1429  1429 W Layer   : gatherBufferInfo: Received unknown dataspace from gralloc
02-03 21:56:07.470  1429  1429 W Layer   : gatherBufferInfo: Received unknown dataspace from gralloc
02-03 21:56:07.487  1429  1429 W Layer   : gatherBufferInfo: Received unknown dataspace from gralloc
02-03 21:56:07.504  1429  1429 W Layer   : gatherBufferInfo: Received unknown dataspace from gralloc
02-03 21:56:07.505 19178 19519 I System.out: DirectApiScraper: Instamart: HTTP 404
02-03 21:56:07.505 19178 19519 I System.out: Instamart: Direct API failed (HTTP 404)
02-03 21:56:07.508 19178 19519 I System.out: WebView: Location set to pincode=560001, lat=12.9716, lon=77.5946
02-03 21:56:07.519   830   830 D io_stats: !@   8,0 r 30960442 940726264 w 9352579 149994012 d 3415216 362322828 f 0 0 iot 16472632 0 th 0 0 0 pt 0 inp 0 0 153069.623
02-03 21:56:07.521  1429  1429 W Layer   : gatherBufferInfo: Received unknown dataspace from gralloc
02-03 21:56:07.537  1429  1429 W Layer   : gatherBufferInfo: Received unknown dataspace from gralloc
02-03 21:56:07.554  1429  1429 W Layer   : gatherBufferInfo: Received unknown dataspace from gralloc
02-03 21:56:07.571  1429  1429 W Layer   : gatherBufferInfo: Received unknown dataspace from gralloc
02-03 21:56:07.587  1429  1429 W Layer   : gatherBufferInfo: Received unknown dataspace from gralloc
02-03 21:56:07.589  1630  2890 D NetdEventListenerService: DNS Requested by 491, 10418(com.pricehunt), SUCCESS, 43ms
02-03 21:56:07.605  1429  1429 W Layer   : gatherBufferInfo: Received unknown dataspace from gralloc
02-03 21:56:07.621  1429  1429 W Layer   : gatherBufferInfo: Received unknown dataspace from gralloc
02-03 21:56:07.637  1231  8673 I sensors-hal: handle_sns_client_event:540, [0][17225] accel_sample [-0.098,  1.391,  9.783] 341124074505462
02-03 21:56:07.638  1429  1429 W Layer   : gatherBufferInfo: Received unknown dataspace from gralloc
02-03 21:56:07.655  1429  1429 W Layer   : gatherBufferInfo: Received unknown dataspace from gralloc
02-03 21:56:07.671  1429  1429 W Layer   : gatherBufferInfo: Received unknown dataspace from gralloc
02-03 21:56:07.671 19178 19560 I okhttp.OkHttpClient: <-- 200 https://pricehunt-hklm.onrender.com/api/smart-search (656ms, unknown-length body)
02-03 21:56:07.680 19178 19178 I System.out:  Per-platform AI: Blinkit - success in 672ms (aiPowered=false, 9/9 kept, 0 filtered)
02-03 21:56:07.681 19178 19178 I System.out:  Best Deal Search: 'milk full cream'  Primary keyword: 'milk'
02-03 21:56:07.688  1429  1429 W Layer   : gatherBufferInfo: Received unknown dataspace from gralloc
02-03 21:56:07.693 19178 19178 I System.out:  Relevance: HIGH=25, MEDIUM=1, LOW=1
02-03 21:56:07.693 19178 19178 I System.out:    HIGH [40]: Amul Lactose Free Milk (Tetra Pack), 250 = 25.0
02-03 21:56:07.693 19178 19178 I System.out:    HIGH [50]: Arokya Toned Milk, 400 ml = 26.0
02-03 21:56:07.693 19178 19178 I System.out:    HIGH [50]: Nandini Shubham Pasteurised Standardized = 27.0
02-03 21:56:07.693 19178 19178 I System.out:    HIGH [70]: Nandini Shubham Pasteurized Fresh Milk,  = 27.0
02-03 21:56:07.694 19178 19178 I System.out:    HIGH [40]: Amul Moti Toned Milk (90 Days Shelf Life = 29.0
02-03 21:56:07.694 19178 19178 I System.out:    MED [10]: Rainbow Condensed Milk Original | Rich & = 999.0
02-03 21:56:07.694 19178 19178 I System.out:    LOW [-10]: Ahuja Mart Milk Powder, EveryDay Dairy W = 849.0
02-03 21:56:07.694 19178 19178 I System.out: SearchIntelligence:  Amul Gold Full Cream Fresh Mil  6.0/100ml
02-03 21:56:07.695 19178 19178 I System.out: SearchIntelligence:  Sid's Farm Skim Fresh Milk | P  6.4/100ml
02-03 21:56:07.695 19178 19178 I System.out: SearchIntelligence:  Godrej Jersey Full Cream Fresh  6.6/100ml
02-03 21:56:07.696 19178 19178 I System.out: SearchIntelligence:  Amul Lactose Free Milk (Tetra   10.0/100ml
02-03 21:56:07.697 19178 19178 I System.out: SearchIntelligence:  Nandini Goodlife Toned UHT Mil  6.2/100ml
02-03 21:56:07.697 19178 19178 I System.out: SearchIntelligence:  Amul Calci+ High Calcium Milk,  85.0/ltr
02-03 21:56:07.698 19178 19178 I System.out: SearchIntelligence:  Sid's Farm A2 Buffalo Milk Tet  140.0/ltr
02-03 21:56:07.698 19178 19178 I System.out: SearchIntelligence:  Arokya Toned Milk, 400 ml  6.5/100ml
02-03 21:56:07.698 19178 19178 I System.out: SearchIntelligence:  Nandini Shubham Pasteurised St  6.8/100ml
02-03 21:56:07.699 19178 19178 I System.out: SearchIntelligence:  Amul Cow Milk, 400 ml  19.0/100ml
02-03 21:56:07.699 19178 19178 I System.out: SearchIntelligence:  Amul Gold Milk, 400 ml  20.0/100ml
02-03 21:56:07.700 19178 19178 I System.out: SearchIntelligence:  Amul Moti Toned Milk (90 Days   7.2/100ml
02-03 21:56:07.700 19178 19178 I System.out: SearchIntelligence:  Amul Gold Full Cream Milk, 400  8.3/100ml
02-03 21:56:07.700 19178 19178 I System.out: SearchIntelligence:  Heritage Special Long Life Mil  8.3/100ml
02-03 21:56:07.701 19178 19178 I System.out: SearchIntelligence:  Amul Taaza Homogenised Toned M  18.8/100ml
02-03 21:56:07.701 19178 19178 I System.out: SearchIntelligence:  Amul Taaza Toned Milk - Pack o  16.0/pack
02-03 21:56:07.702 19178 19178 I System.out: SearchIntelligence:  Nandini Shubham Pasteurized Fr  5.4/100ml
02-03 21:56:07.702 19178 19178 I System.out: SearchIntelligence:  Heritage standardized Fresh Mi  6.2/100ml
02-03 21:56:07.702 19178 19178 I System.out: SearchIntelligence:  Amul Full Fat Milk-Gold, 500ml  6.6/100ml
02-03 21:56:07.703 19178 19178 I System.out: SearchIntelligence:  Heritage Full Cream Milk, 500m  7.0/100ml
02-03 21:56:07.703 19178 19178 I System.out: SearchIntelligence:  Arokya Full cream milk 500 ml  8.0/100ml
02-03 21:56:07.703  1429  1429 W Layer   : gatherBufferInfo: Received unknown dataspace from gralloc
02-03 21:56:07.704 19178 19178 I System.out: SearchIntelligence:  Rainbow Milk Original, Pack of  470.0/100gm
02-03 21:56:07.704 19178 19178 I System.out: SearchIntelligence:  Rainbow's Quality Milk Origina  470.0/100gm
02-03 21:56:07.705 19178 19178 I System.out: SearchIntelligence:  Couldn't parse quantity from 'Rainbow's Quality Milk Original  12s Convenience Pack  Long Shelf Life Evaporated Milk  Ideal for Tea, Coffee & Dess'
02-03 21:56:07.705 19178 19178 I System.out: SearchIntelligence:  Green Milk Pannir Rose Face Ge  1200.0/100ml
02-03 21:56:07.705 19178 19178 I System.out:    Per-unit comparison: 24 products have calculable unit price
02-03 21:56:07.706 19178 19178 I System.out:      Nandini Shubham Pasteurized Fresh M = 27.0 (5.4/100ml)
02-03 21:56:07.706 19178 19178 I System.out:      Amul Gold Full Cream Fresh Milk | P = 30.0 (6.0/100ml)
02-03 21:56:07.706 19178 19178 I System.out:      Nandini Goodlife Toned UHT Milk (Fi = 31.0 (6.2/100ml)
02-03 21:56:07.706 19178 19178 I System.out:      Heritage standardized Fresh Milk, 5 = 31.0 (6.2/100ml)
02-03 21:56:07.706 19178 19178 I System.out:      Sid's Farm Skim Fresh Milk | Pouch, = 32.0 (6.4/100ml)
02-03 21:56:07.706 19178 19178 I System.out:    Per-unit best: Nandini Shubham Pasteurized Fresh Milk,  (5.4/100ml)
02-03 21:56:07.706 19178 19178 I System.out:  Best Deal: Nandini Shubham Pasteurized Fresh Milk, 500ml = 27.0
02-03 21:56:07.730  6716 12947 I ObjectPool@9791306: Ph_[checker Pool remains: , 9, ] [pool-94-thread-1] 
02-03 21:56:07.747 19178 19186 I com.pricehunt: Compiler allocated 4892KB to compile void com.pricehunt.presentation.components.BestDealCardKt.BestDealContent(com.pricehunt.data.model.Product, kotlin.jvm.functions.Function1, boolean, boolean, int, int, androidx.compose.runtime.Composer, int)
02-03 21:56:07.771  1429  1429 W Layer   : gatherBufferInfo: Received unknown dataspace from gralloc
02-03 21:56:07.787  1429  1429 W Layer   : gatherBufferInfo: Received unknown dataspace from gralloc
02-03 21:56:07.872  1429  1429 W Layer   : gatherBufferInfo: Received unknown dataspace from gralloc
02-03 21:56:07.934  1630  2853 I SemWifiEleStateTracker: Ele Parameters BD : 13 13 13 13 13 13 MD : -99 -99 -99 -99 -99 -99 WD : -43 -45 -48 -46 -47 -47 GC : false false false false false false SC : false false false false false false SH : false false false false false false TB : false false false false false true
02-03 21:56:08.098  1630  2851 D SemWifiSwitchForIndividualAppsService: isSkipTcpMonitorInfo - result:1
02-03 21:56:08.113  1231  1231 I sensors-hal: set_config:71, sample_period_ns is adjusted to 0 based on min/max delay_ns
02-03 21:56:08.113  1231  1231 I sensors-hal: batch:518, android.sensor.light/51, period=200000000, max_latency=0 request completed
02-03 21:56:08.114  1630  5997 E SensorService: BigData:Pakage) 5 already disabled. 
02-03 21:56:08.115  1429 21775 W ComposerExtn: DisplayExtnImpl::SetActiveConfig: HWC Display 3 is not registered!
02-03 21:56:08.115  1231  1231 I sensors-hal: activate:434, android.sensor.light/51 en=0
02-03 21:56:08.116  1231  1231 I sensors-hal: deactivate:384, disconnect qmi to disable sensor
02-03 21:56:08.116  1187  1309 E minksocket: MinkIPC_QRTR_Service: client with node 1 port 4bd8 went down
02-03 21:56:08.117  1231  1231 I sensors-hal: activate:452, android.sensor.light/51 en=0 completed
02-03 21:56:08.319  1231 17638 I sensors-hal: handle_sns_client_event:267, auto_rotation_debug_2 mode,255, type,3,0 main,-0.103,1.378,9.758 sub,0.347,1.658,-9.629, ar,0, ver,12
02-03 21:56:08.372  1429 21775 W ComposerExtn: DisplayExtnImpl::SetActiveConfig: HWC Display 3 is not registered!
02-03 21:56:08.390  1429  1429 W Layer   : gatherBufferInfo: Received unknown dataspace from gralloc
02-03 21:56:08.462 19178 19510 I System.out: Flipkart Minutes: URL 1 error: Timed out waiting for 10000 ms
02-03 21:56:08.463 19178 19510 I System.out: Flipkart Minutes: Timeout reached, stopping URL attempts
02-03 21:56:08.463 19178 19510 I System.out: Flipkart Minutes:  All URLs failed
02-03 21:56:08.463 19178 19510 I System.out: Flipkart Minutes: [TIMEOUT]
02-03 21:56:08.463 19178 19510 I System.out: Flipkart Minutes:  No products
02-03 21:56:08.464 19178 19510 I System.out: Flipkart Minutes: Completed (5/10)
02-03 21:56:08.465 19178 19178 I System.out: [STREAM] Flipkart Minutes: 0 products at 10010ms
02-03 21:56:08.465 19178 19514 I System.out: Flipkart: Starting (WebView)
02-03 21:56:08.466 19178 19178 I System.out:  Per-platform AI: Flipkart Minutes - skipped (0 products)
02-03 21:56:08.467 19178 19178 I System.out:  Best Deal Search: 'milk full cream'  Primary keyword: 'milk'
02-03 21:56:08.471 19178 19514 I System.out: Flipkart: Searching for 'milk full cream'...
02-03 21:56:08.472 19178 19514 I System.out: Flipkart: Using WebView (SPA site)...
02-03 21:56:08.472 19178 19514 I System.out: WebView: Location set to pincode=560001, lat=12.9352, lon=77.6245
02-03 21:56:08.472 19178 19514 I System.out: Flipkart: Trying URL 1/3: https://m.flipkart.com/search?q=milk+full+cream
02-03 21:56:08.483 19178 19178 I System.out:  Relevance: HIGH=25, MEDIUM=1, LOW=1
02-03 21:56:08.483 19178 19178 I System.out:    HIGH [40]: Amul Lactose Free Milk (Tetra Pack), 250 = 25.0
02-03 21:56:08.483 19178 19178 I System.out:    HIGH [50]: Arokya Toned Milk, 400 ml = 26.0
02-03 21:56:08.483 19178 19178 I System.out:    HIGH [50]: Nandini Shubham Pasteurised Standardized = 27.0
02-03 21:56:08.484 19178 19178 I System.out:    HIGH [70]: Nandini Shubham Pasteurized Fresh Milk,  = 27.0
02-03 21:56:08.484 19178 19178 I System.out:    HIGH [40]: Amul Moti Toned Milk (90 Days Shelf Life = 29.0
02-03 21:56:08.484 19178 19178 I System.out:    MED [10]: Rainbow Condensed Milk Original | Rich & = 999.0
02-03 21:56:08.484 19178 19178 I System.out:    LOW [-10]: Ahuja Mart Milk Powder, EveryDay Dairy W = 849.0
02-03 21:56:08.485 19178 19178 I System.out: SearchIntelligence:  Amul Gold Full Cream Fresh Mil  6.0/100ml
02-03 21:56:08.485 19178 19178 I System.out: SearchIntelligence:  Sid's Farm Skim Fresh Milk | P  6.4/100ml
02-03 21:56:08.486 19178 19178 I System.out: SearchIntelligence:  Godrej Jersey Full Cream Fresh  6.6/100ml
02-03 21:56:08.486 19178 19178 I System.out: SearchIntelligence:  Amul Lactose Free Milk (Tetra   10.0/100ml
02-03 21:56:08.487 19178 19178 I System.out: SearchIntelligence:  Nandini Goodlife Toned UHT Mil  6.2/100ml
02-03 21:56:08.487 19178 19178 I System.out: SearchIntelligence:  Amul Calci+ High Calcium Milk,  85.0/ltr
02-03 21:56:08.488 19178 19178 I System.out: SearchIntelligence:  Sid's Farm A2 Buffalo Milk Tet  140.0/ltr
02-03 21:56:08.488 19178 19178 I System.out: SearchIntelligence:  Arokya Toned Milk, 400 ml  6.5/100ml
02-03 21:56:08.489 19178 19178 I System.out: SearchIntelligence:  Nandini Shubham Pasteurised St  6.8/100ml
02-03 21:56:08.490 19178 19178 I System.out: SearchIntelligence:  Amul Cow Milk, 400 ml  19.0/100ml
02-03 21:56:08.490 19178 19178 I System.out: SearchIntelligence:  Amul Gold Milk, 400 ml  20.0/100ml
02-03 21:56:08.490 19178 19178 I System.out: SearchIntelligence:  Amul Moti Toned Milk (90 Days   7.2/100ml
02-03 21:56:08.491 19178 19178 I System.out: SearchIntelligence:  Amul Gold Full Cream Milk, 400  8.3/100ml
02-03 21:56:08.491 19178 19178 I System.out: SearchIntelligence:  Heritage Special Long Life Mil  8.3/100ml
02-03 21:56:08.492 19178 19178 I System.out: SearchIntelligence:  Amul Taaza Homogenised Toned M  18.8/100ml
02-03 21:56:08.492 19178 19178 I System.out: SearchIntelligence:  Amul Taaza Toned Milk - Pack o  16.0/pack
02-03 21:56:08.493 19178 19178 I System.out: SearchIntelligence:  Nandini Shubham Pasteurized Fr  5.4/100ml
02-03 21:56:08.493 19178 19178 I System.out: SearchIntelligence:  Heritage standardized Fresh Mi  6.2/100ml
02-03 21:56:08.493 19178 19178 I System.out: SearchIntelligence:  Amul Full Fat Milk-Gold, 500ml  6.6/100ml
02-03 21:56:08.494 19178 19178 I System.out: SearchIntelligence:  Heritage Full Cream Milk, 500m  7.0/100ml
02-03 21:56:08.494 19178 19178 I System.out: SearchIntelligence:  Arokya Full cream milk 500 ml  8.0/100ml
02-03 21:56:08.495 19178 19178 I System.out: SearchIntelligence:  Rainbow Milk Original, Pack of  470.0/100gm
02-03 21:56:08.495 19178 19178 I System.out: SearchIntelligence:  Rainbow's Quality Milk Origina  470.0/100gm
02-03 21:56:08.496 19178 19178 I System.out: SearchIntelligence:  Couldn't parse quantity from 'Rainbow's Quality Milk Original  12s Convenience Pack  Long Shelf Life Evaporated Milk  Ideal for Tea, Coffee & Dess'
02-03 21:56:08.496 19178 19178 I System.out: SearchIntelligence:  Green Milk Pannir Rose Face Ge  1200.0/100ml
02-03 21:56:08.496 19178 19178 I System.out:    Per-unit comparison: 24 products have calculable unit price
02-03 21:56:08.497 19178 19178 I System.out:      Nandini Shubham Pasteurized Fresh M = 27.0 (5.4/100ml)
02-03 21:56:08.497 19178 19178 I System.out:      Amul Gold Full Cream Fresh Milk | P = 30.0 (6.0/100ml)
02-03 21:56:08.497 19178 19178 I System.out:      Nandini Goodlife Toned UHT Milk (Fi = 31.0 (6.2/100ml)
02-03 21:56:08.497 19178 19178 I System.out:      Heritage standardized Fresh Milk, 5 = 31.0 (6.2/100ml)
02-03 21:56:08.497 19178 19178 I System.out:      Sid's Farm Skim Fresh Milk | Pouch, = 32.0 (6.4/100ml)
02-03 21:56:08.497 19178 19178 I System.out:    Per-unit best: Nandini Shubham Pasteurized Fresh Milk,  (5.4/100ml)
02-03 21:56:08.497 19178 19178 I System.out:  Best Deal: Nandini Shubham Pasteurized Fresh Milk, 500ml = 27.0
02-03 21:56:08.498 19178 19178 I System.out:  Best Deal Search: 'milk full cream'  Primary keyword: 'milk'
02-03 21:56:08.508 19178 19178 I System.out:  Relevance: HIGH=25, MEDIUM=1, LOW=1
02-03 21:56:08.508 19178 19178 I System.out:    HIGH [40]: Amul Lactose Free Milk (Tetra Pack), 250 = 25.0
02-03 21:56:08.508 19178 19178 I System.out:    HIGH [50]: Arokya Toned Milk, 400 ml = 26.0
02-03 21:56:08.508 19178 19178 I System.out:    HIGH [50]: Nandini Shubham Pasteurised Standardized = 27.0
02-03 21:56:08.508 19178 19178 I System.out:    HIGH [70]: Nandini Shubham Pasteurized Fresh Milk,  = 27.0
02-03 21:56:08.508 19178 19178 I System.out:    HIGH [40]: Amul Moti Toned Milk (90 Days Shelf Life = 29.0
02-03 21:56:08.508 19178 19178 I System.out:    MED [10]: Rainbow Condensed Milk Original | Rich & = 999.0
02-03 21:56:08.508 19178 19178 I System.out:    LOW [-10]: Ahuja Mart Milk Powder, EveryDay Dairy W = 849.0
02-03 21:56:08.508 19178 19178 I System.out: SearchIntelligence:  Amul Gold Full Cream Fresh Mil  6.0/100ml
02-03 21:56:08.509 19178 19178 I System.out: SearchIntelligence:  Sid's Farm Skim Fresh Milk | P  6.4/100ml
02-03 21:56:08.509 19178 19178 I System.out: SearchIntelligence:  Godrej Jersey Full Cream Fresh  6.6/100ml
02-03 21:56:08.510 19178 19178 I System.out: SearchIntelligence:  Amul Lactose Free Milk (Tetra   10.0/100ml
02-03 21:56:08.510 19178 19178 I System.out: SearchIntelligence:  Nandini Goodlife Toned UHT Mil  6.2/100ml
02-03 21:56:08.510 19178 19178 I System.out: SearchIntelligence:  Amul Calci+ High Calcium Milk,  85.0/ltr
02-03 21:56:08.511 19178 19178 I System.out: SearchIntelligence:  Sid's Farm A2 Buffalo Milk Tet  140.0/ltr
02-03 21:56:08.511 19178 19178 I System.out: SearchIntelligence:  Arokya Toned Milk, 400 ml  6.5/100ml
02-03 21:56:08.511 19178 19178 I System.out: SearchIntelligence:  Nandini Shubham Pasteurised St  6.8/100ml
02-03 21:56:08.512 19178 19178 I System.out: SearchIntelligence:  Amul Cow Milk, 400 ml  19.0/100ml
02-03 21:56:08.512 19178 19178 I System.out: SearchIntelligence:  Amul Gold Milk, 400 ml  20.0/100ml
02-03 21:56:08.513 19178 19178 I System.out: SearchIntelligence:  Amul Moti Toned Milk (90 Days   7.2/100ml
02-03 21:56:08.513 19178 19178 I System.out: SearchIntelligence:  Amul Gold Full Cream Milk, 400  8.3/100ml
02-03 21:56:08.514 19178 19178 I System.out: SearchIntelligence:  Heritage Special Long Life Mil  8.3/100ml
02-03 21:56:08.514 19178 19178 I System.out: SearchIntelligence:  Amul Taaza Homogenised Toned M  18.8/100ml
02-03 21:56:08.514 19178 19178 I System.out: SearchIntelligence:  Amul Taaza Toned Milk - Pack o  16.0/pack
02-03 21:56:08.515 19178 19178 I System.out: SearchIntelligence:  Nandini Shubham Pasteurized Fr  5.4/100ml
02-03 21:56:08.515 19178 19178 I System.out: SearchIntelligence:  Heritage standardized Fresh Mi  6.2/100ml
02-03 21:56:08.516 19178 19178 I System.out: SearchIntelligence:  Amul Full Fat Milk-Gold, 500ml  6.6/100ml
02-03 21:56:08.516 19178 19178 I System.out: SearchIntelligence:  Heritage Full Cream Milk, 500m  7.0/100ml
02-03 21:56:08.517 19178 19178 I System.out: SearchIntelligence:  Arokya Full cream milk 500 ml  8.0/100ml
02-03 21:56:08.517 19178 19178 I System.out: SearchIntelligence:  Rainbow Milk Original, Pack of  470.0/100gm
02-03 21:56:08.517 19178 19178 I System.out: SearchIntelligence:  Rainbow's Quality Milk Origina  470.0/100gm
02-03 21:56:08.518 19178 19178 I System.out: SearchIntelligence:  Couldn't parse quantity from 'Rainbow's Quality Milk Original  12s Convenience Pack  Long Shelf Life Evaporated Milk  Ideal for Tea, Coffee & Dess'
02-03 21:56:08.518 19178 19178 I System.out: SearchIntelligence:  Green Milk Pannir Rose Face Ge  1200.0/100ml
02-03 21:56:08.519 19178 19178 I System.out:    Per-unit comparison: 24 products have calculable unit price
02-03 21:56:08.519 19178 19178 I System.out:      Nandini Shubham Pasteurized Fresh M = 27.0 (5.4/100ml)
02-03 21:56:08.519 19178 19178 I System.out:      Amul Gold Full Cream Fresh Milk | P = 30.0 (6.0/100ml)
02-03 21:56:08.519 19178 19178 I System.out:      Nandini Goodlife Toned UHT Milk (Fi = 31.0 (6.2/100ml)
02-03 21:56:08.519 19178 19178 I System.out:      Heritage standardized Fresh Milk, 5 = 31.0 (6.2/100ml)
02-03 21:56:08.519 19178 19178 I System.out:      Sid's Farm Skim Fresh Milk | Pouch, = 32.0 (6.4/100ml)
02-03 21:56:08.519 19178 19178 I System.out:    Per-unit best: Nandini Shubham Pasteurized Fresh Milk,  (5.4/100ml)
02-03 21:56:08.519 19178 19178 I System.out:  Best Deal: Nandini Shubham Pasteurized Fresh Milk, 500ml = 27.0
02-03 21:56:08.519 19178 19178 I System.out:  Scraping: 5/10 platforms, Total: 28
02-03 21:56:08.574  1630  3700 I AppsFilter: interaction: PackageSetting{7272e39 com.pricehunt/10418} -> PackageSetting{24451a5 com.touchtype.swiftkey/10294} BLOCKED
02-03 21:56:08.579 19178 19178 I System.out: WebView: Created with User-Agent: Mozilla/5.0 (Linux; Android 14; SM-G998B) AppleWebKit/537.36 (KHTML, like Gecko) Chrome/121.0.6167.101 Mobile Safari/537.36
02-03 21:56:08.589  1429  1429 W Layer   : gatherBufferInfo: Received unknown dataspace from gralloc
02-03 21:56:08.603 19178 19178 I System.out: WebView: Set location cookies for m.flipkart.com with pincode=560001
02-03 21:56:08.823  1429 21775 W ComposerExtn: DisplayExtnImpl::SetActiveConfig: HWC Display 3 is not registered!
02-03 21:56:08.835  6716 12947 I ObjectPool@9791306: Ph_[checker Pool remains: , 9, ] [pool-94-thread-1] 
02-03 21:56:08.872  1429 21775 W ComposerExtn: DisplayExtnImpl::SetActiveConfig: HWC Display 3 is not registered!
02-03 21:56:08.891  1429  1429 W Layer   : gatherBufferInfo: Received unknown dataspace from gralloc
02-03 21:56:08.950 19178 19519 I System.out: Instamart: Trying __NEXT_DATA__ extraction...
02-03 21:56:08.951 19178 19519 I System.out: Instamart: Trying Cloudinary image extraction...
02-03 21:56:08.957 19178 19519 I System.out: Instamart: Found 0 Cloudinary/Swiggy images
02-03 21:56:08.957 19178 19519 I System.out: Instamart: Trying general image extraction...
02-03 21:56:08.961 19178 19519 I System.out: Instamart: Found 1 images with alt
02-03 21:56:08.961 19178 19519 I System.out: Instamart: Trying data-* extraction...
02-03 21:56:08.965 19178 19519 I System.out: Instamart: Found 4 data-* elements
02-03 21:56:08.966 19178 19519 I System.out: Instamart: Trying generic resilient extraction...
02-03 21:56:08.970 19178 19519 D ResilientExtractor: [Instamart] Starting extraction from 46628 chars
02-03 21:56:08.970 19178 19519 D ResilientExtractor: [Instamart] Page title: Instamart
02-03 21:56:08.970 19178 19519 D ResilientExtractor: [Instamart] Trying: Instamart-Specific
02-03 21:56:08.971 19178 19519 D ResilientExtractor: [Instamart] Trying Instamart-specific extraction
02-03 21:56:08.971 19178 19519 D ResilientExtractor: [Instamart] Found 0 Instamart product links
02-03 21:56:08.971 19178 19519 D ResilientExtractor: [Instamart] Found 4 data-testid elements
02-03 21:56:08.972 19178 19519 D ResilientExtractor: [Instamart] Instamart-specific found 0 products
02-03 21:56:08.972 19178 19519 D ResilientExtractor: [Instamart] Trying: JSON-LD Schema
02-03 21:56:08.972 19178 19519 D ResilientExtractor: [Instamart] Found 0 JSON-LD scripts
02-03 21:56:08.972 19178 19519 D ResilientExtractor: [Instamart] Trying: Microdata/itemprop
02-03 21:56:08.973 19178 19519 D ResilientExtractor: [Instamart] Found 0 microdata product containers
02-03 21:56:08.973 19178 19519 D ResilientExtractor: [Instamart] Trying: Open Graph
02-03 21:56:08.974 19178 19519 D ResilientExtractor: [Instamart] Trying: Next.js Data
02-03 21:56:08.975 19178 19519 D ResilientExtractor: [Instamart] Trying: Data Attributes
02-03 21:56:08.976 19178 19519 D ResilientExtractor: [Instamart] Trying: ARIA/Semantic
02-03 21:56:08.977 19178 19519 D ResilientExtractor: [Instamart] Trying: Image Alt Text
02-03 21:56:08.978 19178 19519 D ResilientExtractor: [Instamart] Found 0 images with valid alt text
02-03 21:56:08.978 19178 19519 D ResilientExtractor: [Instamart] Trying: Link Patterns
02-03 21:56:08.979 19178 19519 D ResilientExtractor: [Instamart] Trying: Price Proximity
02-03 21:56:08.980 19178 19519 D ResilientExtractor: [Instamart] Price proximity found 0 candidates
02-03 21:56:08.980 19178 19519 D ResilientExtractor: [Instamart] Trying: DOM Structure
02-03 21:56:08.981 19178 19519 D ResilientExtractor: [Instamart] DOM structure found 0 grids
02-03 21:56:08.981 19178 19519 D ResilientExtractor: [Instamart] Trying: Sibling Analysis
02-03 21:56:08.981 19178 19519 D ResilientExtractor: [Instamart] Sibling analysis found 0 price elements
02-03 21:56:08.981 19178 19519 D ResilientExtractor: [Instamart] Trying: Grid Detection
02-03 21:56:08.983 19178 19519 D ResilientExtractor: [Instamart] Trying: Text Pattern
02-03 21:56:08.983 19178 19519 D ResilientExtractor: [Instamart] Trying text pattern extraction
02-03 21:56:08.984 19178 19519 D ResilientExtractor: [Instamart] Found 0 elements with prices
02-03 21:56:08.984 19178 19519 D ResilientExtractor: [Instamart] Text pattern found 0 products
02-03 21:56:08.984 19178 19519 W ResilientExtractor: [Instamart]  All 14 strategies failed
02-03 21:56:08.984 19178 19519 D ResilientExtractor: [Instamart] === Debug Info ===
02-03 21:56:08.984 19178 19519 D ResilientExtractor: [Instamart] JSON-LD scripts: 0
02-03 21:56:08.984 19178 19519 D ResilientExtractor: [Instamart] __NEXT_DATA__: false
02-03 21:56:08.984 19178 19519 D ResilientExtractor: [Instamart] Microdata items: 0
02-03 21:56:08.985 19178 19519 D ResilientExtractor: [Instamart] Data-testid elements: 4
02-03 21:56:08.985 19178 19519 D ResilientExtractor: [Instamart] Images: 1
02-03 21:56:08.985 19178 19519 D ResilientExtractor: [Instamart] Links: 0
02-03 21:56:08.985 19178 19519 D ResilientExtractor: [Instamart] Has price pattern: false
02-03 21:56:08.985 19178 19519 D ResilientExtractor: [Instamart] Sample img alt: 
02-03 21:56:08.985 19178 19519 I System.out: Instamart: Total extraction found 0 products
02-03 21:56:09.053  1209  3586 I vendor.qti.bluetooth@1.0-ibs_handler: ProcessIbsCmd: Received IBS_WAKE_IND: 0xFD
02-03 21:56:09.053  1209  3586 D vendor.qti.bluetooth@1.0-ibs_handler: SerialClockVote: vote for UART CLK ON
02-03 21:56:09.054  1209  3586 D vendor.qti.bluetooth@1.0-wake_lock: Acquire wakelock is acquired 
02-03 21:56:09.054  1209  3586 I vendor.qti.bluetooth@1.0-ibs_handler: ProcessIbsCmd: Writing IBS_WAKE_ACK
02-03 21:56:09.064  3245  3607 I BtGatt.ScanHelper: onScanResult to scannerId: 4- eventType=0x1a, addressType=1, address=XX:XX:XX:XX:E0:48, primaryPhy=1, secondaryPhy=0, advertisingSid=0xff, txPower=127, rssi=-93, periodicAdvInt=0x0
02-03 21:56:09.103  1209  3586 I vendor.qti.bluetooth@1.0-ibs_handler: ProcessIbsCmd: Received IBS_SLEEP_IND: 0xFE
02-03 21:56:09.103  1209  3586 D vendor.qti.bluetooth@1.0-ibs_handler: SerialClockVote: vote for UART CLK OFF
02-03 21:56:09.111  1630  2022 E Watchdog: !@Sync: 5098 heap(MB): 194 / 206 FD: 1674 [2026-02-03 21:56:09.111]
02-03 21:56:09.123  1429 21775 W ComposerExtn: DisplayExtnImpl::SetActiveConfig: HWC Display 3 is not registered!
02-03 21:56:09.153  1630  2851 D SemWifiSwitchForIndividualAppsService: isSkipTcpMonitorInfo - result:1
02-03 21:56:09.194  1630  2890 D NetdEventListenerService: DNS Requested by 491, 10418(com.pricehunt), SUCCESS, 18ms
02-03 21:56:09.246  1231 17641 I sensors-hal: handle_sns_std_sensor_event:141, [SSC_LIGHT] P: 32(32),ch0:3152,ch1:0,c:0,w:0,l:16,m:2,br:62,c1:85,c2:123,i:1
02-03 21:56:09.253  1209  3325 D vendor.qti.bluetooth@1.0-wake_lock: Release wakelock is released 
02-03 21:56:09.259 19178 19178 I System.out: WebView: Anti-detection script injected on page start
02-03 21:56:09.287 19178 19178 I System.out: WebView Console: Anti-detection script injected successfully (:175)
02-03 21:56:09.287 19178 19519 I System.out: Instamart: Trying __NEXT_DATA__ extraction...
02-03 21:56:09.288 19178 19178 I System.out: WebView: Max wait reached, extracting (indicators: {"ready":false,"prices":0,"products":0,"images":0,"links":0,"jsonLd":1})
02-03 21:56:09.288 19178 19519 I System.out: Instamart: Trying Cloudinary image extraction...
02-03 21:56:09.290 19178 19178 I System.out: WebView: Backup extraction triggered
02-03 21:56:09.294 19178 19519 I System.out: Instamart: Found 0 Cloudinary/Swiggy images
02-03 21:56:09.294 19178 19519 I System.out: Instamart: Trying general image extraction...
02-03 21:56:09.299 19178 19519 I System.out: Instamart: Found 1 images with alt
02-03 21:56:09.299 19178 19519 I System.out: Instamart: Trying data-* extraction...
02-03 21:56:09.304 19178 19519 I System.out: Instamart: Found 4 data-* elements
02-03 21:56:09.305 19178 19519 I System.out: Instamart: Trying generic resilient extraction...
02-03 21:56:09.309 19178 19519 D ResilientExtractor: [Instamart] Starting extraction from 46628 chars
02-03 21:56:09.309 19178 19519 D ResilientExtractor: [Instamart] Page title: Instamart
02-03 21:56:09.309 19178 19519 D ResilientExtractor: [Instamart] Trying: Instamart-Specific
02-03 21:56:09.309 19178 19519 D ResilientExtractor: [Instamart] Trying Instamart-specific extraction
02-03 21:56:09.309 19178 19519 D ResilientExtractor: [Instamart] Found 0 Instamart product links
02-03 21:56:09.309 19178 19519 D ResilientExtractor: [Instamart] Found 4 data-testid elements
02-03 21:56:09.310 19178 19519 D ResilientExtractor: [Instamart] Instamart-specific found 0 products
02-03 21:56:09.310 19178 19519 D ResilientExtractor: [Instamart] Trying: JSON-LD Schema
02-03 21:56:09.310 19178 19519 D ResilientExtractor: [Instamart] Found 0 JSON-LD scripts
02-03 21:56:09.310 19178 19519 D ResilientExtractor: [Instamart] Trying: Microdata/itemprop
02-03 21:56:09.311 19178 19519 D ResilientExtractor: [Instamart] Found 0 microdata product containers
02-03 21:56:09.311 19178 19519 D ResilientExtractor: [Instamart] Trying: Open Graph
02-03 21:56:09.312 19178 19519 D ResilientExtractor: [Instamart] Trying: Next.js Data
02-03 21:56:09.312 19178 19519 D ResilientExtractor: [Instamart] Trying: Data Attributes
02-03 21:56:09.313 19178 19519 D ResilientExtractor: [Instamart] Trying: ARIA/Semantic
02-03 21:56:09.314 19178 19519 D ResilientExtractor: [Instamart] Trying: Image Alt Text
02-03 21:56:09.314 19178 19519 D ResilientExtractor: [Instamart] Found 0 images with valid alt text
02-03 21:56:09.314 19178 19519 D ResilientExtractor: [Instamart] Trying: Link Patterns
02-03 21:56:09.315 19178 19519 D ResilientExtractor: [Instamart] Trying: Price Proximity
02-03 21:56:09.316 19178 19519 D ResilientExtractor: [Instamart] Price proximity found 0 candidates
02-03 21:56:09.316 19178 19519 D ResilientExtractor: [Instamart] Trying: DOM Structure
02-03 21:56:09.317 19178 19519 D ResilientExtractor: [Instamart] DOM structure found 0 grids
02-03 21:56:09.317 19178 19519 D ResilientExtractor: [Instamart] Trying: Sibling Analysis
02-03 21:56:09.317 19178 19519 D ResilientExtractor: [Instamart] Sibling analysis found 0 price elements
02-03 21:56:09.317 19178 19519 D ResilientExtractor: [Instamart] Trying: Grid Detection
02-03 21:56:09.318 19178 19519 D ResilientExtractor: [Instamart] Trying: Text Pattern
02-03 21:56:09.318 19178 19519 D ResilientExtractor: [Instamart] Trying text pattern extraction
02-03 21:56:09.319 19178 19519 D ResilientExtractor: [Instamart] Found 0 elements with prices
02-03 21:56:09.319 19178 19519 D ResilientExtractor: [Instamart] Text pattern found 0 products
02-03 21:56:09.319 19178 19519 W ResilientExtractor: [Instamart]  All 14 strategies failed
02-03 21:56:09.319 19178 19519 D ResilientExtractor: [Instamart] === Debug Info ===
02-03 21:56:09.319 19178 19519 D ResilientExtractor: [Instamart] JSON-LD scripts: 0
02-03 21:56:09.319 19178 19519 D ResilientExtractor: [Instamart] __NEXT_DATA__: false
02-03 21:56:09.319 19178 19519 D ResilientExtractor: [Instamart] Microdata items: 0
02-03 21:56:09.320 19178 19519 D ResilientExtractor: [Instamart] Data-testid elements: 4
02-03 21:56:09.320 19178 19519 D ResilientExtractor: [Instamart] Images: 1
02-03 21:56:09.320 19178 19519 D ResilientExtractor: [Instamart] Links: 0
02-03 21:56:09.320 19178 19519 D ResilientExtractor: [Instamart] Has price pattern: false
02-03 21:56:09.320 19178 19519 D ResilientExtractor: [Instamart] Sample img alt: 
02-03 21:56:09.320 19178 19519 I System.out: Instamart: Total extraction found 0 products
02-03 21:56:09.320 19178 19519 I System.out: Instamart: Attempt 1/3 with 9s timeout
02-03 21:56:09.390  1429 21775 W ComposerExtn: DisplayExtnImpl::SetActiveConfig: HWC Display 3 is not registered!
02-03 21:56:09.394  1630  5997 I AppsFilter: interaction: PackageSetting{7272e39 com.pricehunt/10418} -> PackageSetting{24451a5 com.touchtype.swiftkey/10294} BLOCKED
02-03 21:56:09.398 19178 19178 I System.out: WebView: Created with User-Agent: Mozilla/5.0 (Linux; Android 14; SM-G998B) AppleWebKit/537.36 (KHTML, like Gecko) Chrome/121.0.6167.101 Mobile Safari/537.36
02-03 21:56:09.403  1630  2848 V SemStrongRssiRoaming: EVENT_GET_WIFI_INFO_POLL (-47)
02-03 21:56:09.404 20149 20149 I wpa_sslib: cmd: GETNCHOMODE
02-03 21:56:09.405 20149 20149 I wpa_sslib: Response: GETNCHOMODE 0
02-03 21:56:09.406  1429  1429 W Layer   : gatherBufferInfo: Received unknown dataspace from gralloc
02-03 21:56:09.408  1630  2731 V SemStrongRssiRoaming: Partial scan success
02-03 21:56:09.410  1744  1744 W wificond: Failed to get NL80211_ATTR_MAX_NUM_AKM_SUITES
02-03 21:56:09.412 19178 19630 E chromium: [ERROR:android_webview/browser/cookie_manager.cc:139] Strict Secure Cookie policy does not allow setting a secure cookie for http://www.swiggy.com/ for apps targeting >= R. Please either use the 'https:' scheme for this URL or omit the 'Secure' directive in the cookie value.
02-03 21:56:09.413 19178 19630 E chromium: [ERROR:android_webview/browser/cookie_manager.cc:139] Strict Secure Cookie policy does not allow setting a secure cookie for http://www.swiggy.com/ for apps targeting >= R. Please either use the 'https:' scheme for this URL or omit the 'Secure' directive in the cookie value.
02-03 21:56:09.413 19178 19630 E chromium: [ERROR:android_webview/browser/cookie_manager.cc:139] Strict Secure Cookie policy does not allow setting a secure cookie for http://www.swiggy.com/ for apps targeting >= R. Please either use the 'https:' scheme for this URL or omit the 'Secure' directive in the cookie value.
02-03 21:56:09.414 19178 19630 E chromium: [ERROR:android_webview/browser/cookie_manager.cc:139] Strict Secure Cookie policy does not allow setting a secure cookie for http://www.swiggy.com/ for apps targeting >= R. Please either use the 'https:' scheme for this URL or omit the 'Secure' directive in the cookie value.
02-03 21:56:09.414 19178 19630 E chromium: [ERROR:android_webview/browser/cookie_manager.cc:139] Strict Secure Cookie policy does not allow setting a secure cookie for http://www.swiggy.com/ for apps targeting >= R. Please either use the 'https:' scheme for this URL or omit the 'Secure' directive in the cookie value.
02-03 21:56:09.414 19178 19630 E chromium: [ERROR:android_webview/browser/cookie_manager.cc:139] Strict Secure Cookie policy does not allow setting a secure cookie for http://www.swiggy.com/ for apps targeting >= R. Please either use the 'https:' scheme for this URL or omit the 'Secure' directive in the cookie value.
02-03 21:56:09.414 19178 19630 E chromium: [ERROR:android_webview/browser/cookie_manager.cc:139] Strict Secure Cookie policy does not allow setting a secure cookie for http://www.swiggy.com/ for apps targeting >= R. Please either use the 'https:' scheme for this URL or omit the 'Secure' directive in the cookie value.
02-03 21:56:09.415  1744  1744 W wificond: Failed to get NL80211_ATTR_MAX_NUM_AKM_SUITES
02-03 21:56:09.415 19178 19630 E chromium: [ERROR:android_webview/browser/cookie_manager.cc:139] Strict Secure Cookie policy does not allow setting a secure cookie for http://www.swiggy.com/ for apps targeting >= R. Please either use the 'https:' scheme for this URL or omit the 'Secure' directive in the cookie value.
02-03 21:56:09.415 19178 19630 E chromium: [ERROR:android_webview/browser/cookie_manager.cc:139] Strict Secure Cookie policy does not allow setting a secure cookie for http://www.swiggy.com/ for apps targeting >= R. Please either use the 'https:' scheme for this URL or omit the 'Secure' directive in the cookie value.
02-03 21:56:09.415 19178 19630 E chromium: [ERROR:android_webview/browser/cookie_manager.cc:139] Strict Secure Cookie policy does not allow setting a secure cookie for http://www.swiggy.com/ for apps targeting >= R. Please either use the 'https:' scheme for this URL or omit the 'Secure' directive in the cookie value.
02-03 21:56:09.416 19178 19630 E chromium: [ERROR:android_webview/browser/cookie_manager.cc:139] Strict Secure Cookie policy does not allow setting a secure cookie for http://www.swiggy.com/ for apps targeting >= R. Please either use the 'https:' scheme for this URL or omit the 'Secure' directive in the cookie value.
02-03 21:56:09.416 19178 19630 E chromium: [ERROR:android_webview/browser/cookie_manager.cc:139] Strict Secure Cookie policy does not allow setting a secure cookie for http://www.swiggy.com/ for apps targeting >= R. Please either use the 'https:' scheme for this URL or omit the 'Secure' directive in the cookie value.
02-03 21:56:09.416 19178 19630 E chromium: [ERROR:android_webview/browser/cookie_manager.cc:139] Strict Secure Cookie policy does not allow setting a secure cookie for http://www.swiggy.com/ for apps targeting >= R. Please either use the 'https:' scheme for this URL or omit the 'Secure' directive in the cookie value.
02-03 21:56:09.417 19178 19630 E chromium: [ERROR:android_webview/browser/cookie_manager.cc:139] Strict Secure Cookie policy does not allow setting a secure cookie for http://www.swiggy.com/ for apps targeting >= R. Please either use the 'https:' scheme for this URL or omit the 'Secure' directive in the cookie value.
02-03 21:56:09.417 19178 19630 E chromium: [ERROR:android_webview/browser/cookie_manager.cc:139] Strict Secure Cookie policy does not allow setting a secure cookie for http://www.swiggy.com/ for apps targeting >= R. Please either use the 'https:' scheme for this URL or omit the 'Secure' directive in the cookie value.
02-03 21:56:09.417  1744  1744 W wificond: Failed to get NL80211_ATTR_MAX_NUM_AKM_SUITES
02-03 21:56:09.417 19178 19630 E chromium: [ERROR:android_webview/browser/cookie_manager.cc:139] Strict Secure Cookie policy does not allow setting a secure cookie for http://www.swiggy.com/ for apps targeting >= R. Please either use the 'https:' scheme for this URL or omit the 'Secure' directive in the cookie value.
02-03 21:56:09.418 19178 19630 E chromium: [ERROR:android_webview/browser/cookie_manager.cc:139] Strict Secure Cookie policy does not allow setting a secure cookie for http://www.swiggy.com/ for apps targeting >= R. Please either use the 'https:' scheme for this URL or omit the 'Secure' directive in the cookie value.
02-03 21:56:09.418 19178 19630 E chromium: [ERROR:android_webview/browser/cookie_manager.cc:139] Strict Secure Cookie policy does not allow setting a secure cookie for http://www.swiggy.com/ for apps targeting >= R. Please either use the 'https:' scheme for this URL or omit the 'Secure' directive in the cookie value.
02-03 21:56:09.418 19178 19630 E chromium: [ERROR:android_webview/browser/cookie_manager.cc:139] Strict Secure Cookie policy does not allow setting a secure cookie for http://www.swiggy.com/ for apps targeting >= R. Please either use the 'https:' scheme for this URL or omit the 'Secure' directive in the cookie value.
02-03 21:56:09.419 19178 19630 E chromium: [ERROR:android_webview/browser/cookie_manager.cc:139] Strict Secure Cookie policy does not allow setting a secure cookie for http://www.swiggy.com/ for apps targeting >= R. Please either use the 'https:' scheme for this URL or omit the 'Secure' directive in the cookie value.
02-03 21:56:09.419 19178 19630 E chromium: [ERROR:android_webview/browser/cookie_manager.cc:139] Strict Secure Cookie policy does not allow setting a secure cookie for http://www.swiggy.com/ for apps targeting >= R. Please either use the 'https:' scheme for this URL or omit the 'Secure' directive in the cookie value.
02-03 21:56:09.420 19178 19630 E chromium: [ERROR:android_webview/browser/cookie_manager.cc:139] Strict Secure Cookie policy does not allow setting a secure cookie for http://www.swiggy.com/ for apps targeting >= R. Please either use the 'https:' scheme for this URL or omit the 'Secure' directive in the cookie value.
02-03 21:56:09.420 19178 19630 E chromium: [ERROR:android_webview/browser/cookie_manager.cc:139] Strict Secure Cookie policy does not allow setting a secure cookie for http://www.swiggy.com/ for apps targeting >= R. Please either use the 'https:' scheme for this URL or omit the 'Secure' directive in the cookie value.
02-03 21:56:09.420  1744  1744 W wificond: Failed to get NL80211_ATTR_MAX_NUM_AKM_SUITES
02-03 21:56:09.420 19178 19630 E chromium: [ERROR:android_webview/browser/cookie_manager.cc:139] Strict Secure Cookie policy does not allow setting a secure cookie for http://www.swiggy.com/ for apps targeting >= R. Please either use the 'https:' scheme for this URL or omit the 'Secure' directive in the cookie value.
02-03 21:56:09.421 19178 19630 E chromium: [ERROR:android_webview/browser/cookie_manager.cc:139] Strict Secure Cookie policy does not allow setting a secure cookie for http://www.swiggy.com/ for apps targeting >= R. Please either use the 'https:' scheme for this URL or omit the 'Secure' directive in the cookie value.
02-03 21:56:09.421 19178 19630 E chromium: [ERROR:android_webview/browser/cookie_manager.cc:139] Strict Secure Cookie policy does not allow setting a secure cookie for http://www.swiggy.com/ for apps targeting >= R. Please either use the 'https:' scheme for this URL or omit the 'Secure' directive in the cookie value.
02-03 21:56:09.422 19178 19630 E chromium: [ERROR:android_webview/browser/cookie_manager.cc:139] Strict Secure Cookie policy does not allow setting a secure cookie for http://www.swiggy.com/ for apps targeting >= R. Please either use the 'https:' scheme for this URL or omit the 'Secure' directive in the cookie value.
02-03 21:56:09.422 19178 19630 E chromium: [ERROR:android_webview/browser/cookie_manager.cc:139] Strict Secure Cookie policy does not allow setting a secure cookie for http://www.swiggy.com/ for apps targeting >= R. Please either use the 'https:' scheme for this URL or omit the 'Secure' directive in the cookie value.
02-03 21:56:09.423 19178 19630 E chromium: [ERROR:android_webview/browser/cookie_manager.cc:139] Strict Secure Cookie policy does not allow setting a secure cookie for http://www.swiggy.com/ for apps targeting >= R. Please either use the 'https:' scheme for this URL or omit the 'Secure' directive in the cookie value.
02-03 21:56:09.423 19178 19630 E chromium: [ERROR:android_webview/browser/cookie_manager.cc:139] Strict Secure Cookie policy does not allow setting a secure cookie for http://www.swiggy.com/ for apps targeting >= R. Please either use the 'https:' scheme for this URL or omit the 'Secure' directive in the cookie value.
02-03 21:56:09.423 19178 19630 E chromium: [ERROR:android_webview/browser/cookie_manager.cc:139] Strict Secure Cookie policy does not allow setting a secure cookie for http://www.swiggy.com/ for apps targeting >= R. Please either use the 'https:' scheme for this URL or omit the 'Secure' directive in the cookie value.
02-03 21:56:09.424 19178 19630 E chromium: [ERROR:android_webview/browser/cookie_manager.cc:139] Strict Secure Cookie policy does not allow setting a secure cookie for http://www.swiggy.com/ for apps targeting >= R. Please either use the 'https:' scheme for this URL or omit the 'Secure' directive in the cookie value.
02-03 21:56:09.425 19178 19178 I System.out: WebView: Set comprehensive Swiggy cookies for pincode=560001
02-03 21:56:09.427 19178 19178 I System.out: WebView: Set location cookies for www.swiggy.com with pincode=560001
02-03 21:56:09.440  1630  2890 D NetdEventListenerService: DNS Requested by 491, 10418(com.pricehunt), SUCCESS, 2ms
02-03 21:56:09.495 19178 19519 I System.out: JioMart Quick:  WebView returned empty
02-03 21:56:09.496 19178 19519 I System.out: JioMart Quick: [RAW] Got 0 products
02-03 21:56:09.496 19178 19519 I System.out: JioMart Quick:  No products
02-03 21:56:09.496 19178 19519 I System.out: JioMart Quick: Completed (6/10)
02-03 21:56:09.496 19178 19178 I System.out: [STREAM] JioMart Quick: 0 products at 11042ms
02-03 21:56:09.496 19178 19178 I System.out:  Per-platform AI: JioMart Quick - skipped (0 products)
02-03 21:56:09.496 19178 19519 I System.out: JioMart: Starting (WebView)
02-03 21:56:09.497 19178 19178 I System.out:  Best Deal Search: 'milk full cream'  Primary keyword: 'milk'
02-03 21:56:09.498 19178 19519 I System.out: JioMart: Searching for 'milk full cream'...
02-03 21:56:09.498 19178 19519 I System.out: DirectApiScraper: JioMart: Starting API scrape for 'milk full cream'
02-03 21:56:09.504  1630  2890 D NetdEventListenerService: DNS Requested by 491, 10418(com.pricehunt), SUCCESS, 1ms
02-03 21:56:09.505 19178 19178 I System.out:  Relevance: HIGH=25, MEDIUM=1, LOW=1
02-03 21:56:09.505 19178 19178 I System.out:    HIGH [40]: Amul Lactose Free Milk (Tetra Pack), 250 = 25.0
02-03 21:56:09.505 19178 19178 I System.out:    HIGH [50]: Arokya Toned Milk, 400 ml = 26.0
02-03 21:56:09.505 19178 19178 I System.out:    HIGH [50]: Nandini Shubham Pasteurised Standardized = 27.0
02-03 21:56:09.505 19178 19178 I System.out:    HIGH [70]: Nandini Shubham Pasteurized Fresh Milk,  = 27.0
02-03 21:56:09.505 19178 19178 I System.out:    HIGH [40]: Amul Moti Toned Milk (90 Days Shelf Life = 29.0
02-03 21:56:09.505 19178 19178 I System.out:    MED [10]: Rainbow Condensed Milk Original | Rich & = 999.0
02-03 21:56:09.505 19178 19178 I System.out:    LOW [-10]: Ahuja Mart Milk Powder, EveryDay Dairy W = 849.0
02-03 21:56:09.506 19178 19178 I System.out: SearchIntelligence:  Amul Gold Full Cream Fresh Mil  6.0/100ml
02-03 21:56:09.506 19178 19178 I System.out: SearchIntelligence:  Sid's Farm Skim Fresh Milk | P  6.4/100ml
02-03 21:56:09.507 19178 19178 I System.out: SearchIntelligence:  Godrej Jersey Full Cream Fresh  6.6/100ml
02-03 21:56:09.507 19178 19178 I System.out: SearchIntelligence:  Amul Lactose Free Milk (Tetra   10.0/100ml
02-03 21:56:09.507 19178 19178 I System.out: SearchIntelligence:  Nandini Goodlife Toned UHT Mil  6.2/100ml
02-03 21:56:09.507 19178 19178 I System.out: SearchIntelligence:  Amul Calci+ High Calcium Milk,  85.0/ltr
02-03 21:56:09.508 19178 19178 I System.out: SearchIntelligence:  Sid's Farm A2 Buffalo Milk Tet  140.0/ltr
02-03 21:56:09.508 19178 19178 I System.out: SearchIntelligence:  Arokya Toned Milk, 400 ml  6.5/100ml
02-03 21:56:09.508 19178 19178 I System.out: SearchIntelligence:  Nandini Shubham Pasteurised St  6.8/100ml
02-03 21:56:09.509 19178 19178 I System.out: SearchIntelligence:  Amul Cow Milk, 400 ml  19.0/100ml
02-03 21:56:09.509 19178 19178 I System.out: SearchIntelligence:  Amul Gold Milk, 400 ml  20.0/100ml
02-03 21:56:09.509 19178 19178 I System.out: SearchIntelligence:  Amul Moti Toned Milk (90 Days   7.2/100ml
02-03 21:56:09.510 19178 19178 I System.out: SearchIntelligence:  Amul Gold Full Cream Milk, 400  8.3/100ml
02-03 21:56:09.510 19178 19178 I System.out: SearchIntelligence:  Heritage Special Long Life Mil  8.3/100ml
