--------- beginning of system
02-03 21:47:51.400  1630  2777 D UsbStatsMonitor: 0 0 0 0 0 0 0 0 0 0 0 5 2 0 0 0 0 0 0 0 0 0 0 0 0 0 0 0 0 0 0 0 0 0 0 0 0 0 0 0 0 0 0 0 3 0 0 0 0 0 0 0 0 26822070763546
--------- beginning of main
02-03 21:47:51.554  1630  3158 D InputDispatcher: Inject motion (12378/2000): action=0x0, time=152573657000000, f=0x0, d=0 dsdx=1.000000 dtdx=0.000000
02-03 21:47:51.555  1630  2660 I InputDispatcher: Delivering touch to (3474): action: 0x4, f=0x0, d=0, '431914a', t=1 
02-03 21:47:51.556  1630  2660 I InputDispatcher: Delivering touch to (2991): action: 0x4, f=0x0, d=0, '8f7d129', t=1 
02-03 21:47:51.556  1630  2660 I InputDispatcher: Delivering touch to (11425): action: 0x0, f=0x0, d=0, 'f21fa30', t=1 *(1.01)
02-03 21:47:51.557 11425 11425 I VRI[MainActivity]@5832a1f: ViewPostIme pointer 0
02-03 21:47:51.557  3474  3474 I HoneySpace.GestureInputHandler: inputConsumers = [com.honeyspace.gesture.inputconsumer.InputConsumer$Companion$NO_OP$1@49e45c5]
02-03 21:47:51.557  3474  3474 I HoneySpace.InputSession: inputConsumers = NO_OP
02-03 21:47:51.558  1630  2660 D PowerManagerService: [api] userActivityFromNative : touch displayId=0 eventTime=152573657
02-03 21:47:51.558  3474  3474 I HoneySpace.InputSession: open
02-03 21:47:51.559  1630  2660 D PowerManagerService: UserActivityStateListenerState: 1
02-03 21:47:51.559  1429  1561 W ComposerExtn: DisplayExtnImpl::SetActiveConfig: HWC Display 3 is not registered!
02-03 21:47:51.560  1630  1951 I GestureDetector: obtain mCurrentDownEvent. id: -450704453 caller: com.android.server.wm.SystemGesturesPointerEventListener.onPointerEvent:17 com.android.server.wm.PointerEventDispatcher.onInputEvent:51 android.view.InputEventReceiver.dispatchInputEvent:385 
02-03 21:47:51.560  1630  1951 I GestureDetector: obtain mCurrentDownEvent. id: -450704453 caller: com.android.server.wm.SystemPerformancePointerEventListener.onPointerEvent:13 com.android.server.wm.PointerEventDispatcher.onInputEvent:51 android.view.InputEventReceiver.dispatchInputEvent:385 
02-03 21:47:51.562  6137  6137 I SemDvfsHyPerManager: acquire hyper - TABoost/6137@20, type = -999
02-03 21:47:51.562  1237  1371 I HYPER-HAL: [RequestManager.cpp]acquire(): Acquired ID : 18957423  [6137 / 20]    HINT :      list : [TABoost / 1] [TIMEOUT / 1500] 
02-03 21:47:51.563  1429  1429 W ComposerExtn: DisplayExtnImpl::SetActiveConfig: HWC Display 3 is not registered!
02-03 21:47:51.563  1429  1429 I SurfaceFlinger: Touch Boost - choose 120.00 Hz
02-03 21:47:51.563  1429  1429 I HWComposer: [4630947232161729155] ActiveConfigToHWC, ID : 0
02-03 21:47:51.564  1429  1459 I VSyncReactor: Current= 60, Period= 120, hwcPeriod= 60
02-03 21:47:51.564  1304  1534 I SDM     : HWCDisplay::SubmitDisplayConfig: [DispConfigs] config 2 => 0, hs_mode 3 => 3
02-03 21:47:51.564  1304  1534 I SDM     : DisplayBase::SetActiveConfig: [DispConfigs] 3 => 0 or hs mode is changed if same config
02-03 21:47:51.564  1304  1534 I SDM     : HWDeviceDRM::SetDisplaySwitchMode: POMS Switching to Mode	0
02-03 21:47:51.564  1304  1534 I SDM     : HWDeviceDRM::SetDisplaySwitchMode: [DispConfigs] check hs_mode 3
02-03 21:47:51.565  1304  1534 I SDM     : HWDeviceDRM::SetDisplaySwitchMode: [DispConfigs] Set mode index:0 832x2268x120x127680cmdHS, hs_mode(3), found_mode(0)
02-03 21:47:51.565  1304  1534 I SDM     : HWDeviceDRM::UpdateMixerAttributes: Mixer WxH 832x2268-1 for Peripheral
02-03 21:47:51.566  1304  1534 I SDM     : HWCDisplay::SubmitDisplayConfig: Active configuration changed to: 0
02-03 21:47:51.573 11425 11425 I VRI[MainActivity]@5832a1f: call setFrameRateCategory for touch hint category=high hint, reason=touch, vri=VRI[MainActivity]@5832a1f
02-03 21:47:51.573  1429 21775 W ComposerExtn: DisplayExtnImpl::SetActiveConfig: HWC Display 3 is not registered!
02-03 21:47:51.574  1630  3158 D InputDispatcher: Inject motion (12378/2000): action=0x1, time=152573657000000, f=0x0, d=0 dsdx=1.000000 dtdx=0.000000
02-03 21:47:51.574  1630  2660 I InputDispatcher: Delivering touch to (11425): action: 0x1, f=0x0, d=0, 'f21fa30', t=1 *(1.01)
02-03 21:47:51.575  3474  3474 I HoneySpace.GestureInputHandler: reset
02-03 21:47:51.575  3474  3474 I HoneySpace.InputSession: close
02-03 21:47:51.575  1630  1951 I GestureDetector: obtain mCurrentMotionEventRaw. action: 1 id: -1048503118
02-03 21:47:51.575  1630  1951 I GestureDetector: obtain mCurrentMotionEventRaw. action: 1 id: -1048503118
02-03 21:47:51.577 11425 11425 I VRI[MainActivity]@5832a1f: ViewPostIme pointer 1
02-03 21:47:51.579  1429  1459 I VSyncReactor: Current= 60, Period= 120, hwcPeriod= 60
02-03 21:47:51.581  1429  1429 I SurfaceFlinger: [com.pricehunt/com.pricehunt.presentation.MainActivity$_11425#52290] setFrameRateCategory: HighHint
02-03 21:47:51.583  1429  1429 W ComposerExtn: DisplayExtnImpl::SetActiveConfig: HWC Display 3 is not registered!
02-03 21:47:51.584 11425 11425 D Compose Focus: Owner FocusChanged(true)
02-03 21:47:51.588  1429  1459 I VSyncReactor: Current= 60, Period= 120, hwcPeriod= 120
02-03 21:47:51.625 11425 11425 D InputMethodManagerUtils: startInputInner - Id : 0
02-03 21:47:51.625 11425 11425 I InputMethodManager: startInputInner - IInputMethodManagerGlobalInvoker.startInputOrWindowGainedFocus
02-03 21:47:51.625 11425 11425 D InputMethodManagerUtils: startInputInner - Id : 0
02-03 21:47:51.625 11425 11425 I InputMethodManager: startInputInner - IInputMethodManagerGlobalInvoker.startInputOrWindowGainedFocus
02-03 21:47:51.626 11425 11425 D InsetsController: show(ime(), fromIme=false)
02-03 21:47:51.626  1630  2675 V InputMethodManagerService: startInputOrWindowGainedFocusInternalLocked: reason=CHECK_FOCUS clientState=769d297 editorInfo=android.view.inputmethod.EditorInfo@19de6a2 startInputFlags=VIEW_HAS_FOCUS|IS_TEXT_EDITOR|INITIAL_CONNECTION softInputMode=STATE_UNSPECIFIED|ADJUST_PAN windowFlags=#81810100 sameWindowFocused=true
02-03 21:47:51.626  1630  2675 D InputMethodManagerService: setWindowStateInner, windowToken=android.os.BinderProxy@2396b73, state=ImeTargetWindowState{ imeToken null imeFocusChanged false hasEditorFocused true requestedImeVisible false imeDisplayId 0 softInputModeState STATE_UNSPECIFIED|ADJUST_PAN isStartInputByGainFocus false}
02-03 21:47:51.626  1630  2675 D InputMethodManagerService: DESKTOP MODE! : 2
02-03 21:47:51.626  1630  2675 D InputMethodManagerService: NOT IN KNOX DESKTOP MODE!
02-03 21:47:51.627  1630  2675 V InputMethodManagerService: semComputeImeDisplayIdForTarget: displayId=0
02-03 21:47:51.627  1630  2675 D InputMethodManagerService: isImeSwitcherDisabledPackage : false
02-03 21:47:51.627 11425 11425 I ImeTracker: com.pricehunt:97bc7b1c: onRequestShow at ORIGIN_CLIENT reason SHOW_SOFT_INPUT_BY_INSETS_API fromUser false
02-03 21:47:51.627  1630  2675 D InputMethodManagerService: checkDisplayOfStartInputAndUpdateKeyboard: displayId=0, mFocusedDisplayId=0
02-03 21:47:51.627 11425 11425 I InsetsController: setRequestedVisibleTypes: visible=true, mask=ime, host=com.pricehunt/com.pricehunt.presentation.MainActivity, from=android.view.InsetsController.controlAnimationUnchecked:1498 android.view.InsetsController.applyAnimation:2228 android.view.InsetsController.applyAnimation:2159 android.view.InsetsController.show:1340 android.view.InsetsController.show:1255 androidx.compose.ui.platform.coreshims.SoftwareKeyboardControllerCompat$Impl30.show:193 androidx.compose.ui.platform.coreshims.SoftwareKeyboardControllerCompat.show:71 androidx.compose.ui.text.input.InputMethodManagerImpl.showSoftInput:68 androidx.compose.ui.text.input.TextInputServiceAndroid.setKeyboardVisibleImmediately:403 androidx.compose.ui.text.input.TextInputServiceAndroid.processInputCommands:310 
02-03 21:47:51.627  1630  2675 D InputTransport: Input channel constructed: 'ClientS', fd=994
02-03 21:47:51.628 11425 11425 I InputMethodManager_LC: ris()
02-03 21:47:51.628  5872  5872 I HBD     : HoneyBoardService onFinishInput 
02-03 21:47:51.628  5872  5872 I HBD     : a IC have been unbinding,  RemoteInputConnection{idHash=#b55308c}
02-03 21:47:51.628  5872  5872 I HBD     : HoneyBoardService [PF_CL][onFinishInput]  0 ms 
02-03 21:47:51.628  5872  5872 I HBD     : HoneyBoardService [IMI] onStartInput - caller pid : 11425 , caller uid : 10418 
02-03 21:47:51.628 11425 11425 I InputMethodManager_LC: ssi(): flags=0 view=com.pricehunt reason=SHOW_SOFT_INPUT_BY_INSETS_API
02-03 21:47:51.628  5872  5872 I HBD     : t updateConfigs 
02-03 21:47:51.628 11425 11425 I InputMethodManager_LC: ssi() view is not EditText
02-03 21:47:51.628  5872  5872 I HBD     : t isEnabledNightMode : true 
02-03 21:47:51.628  5872  5872 I HBD     : a IC have been binding, RemoteInputConnection{idHash=#5883d5} 
02-03 21:47:51.628  5872  5872 I HBD     : g [EditorInputType]setPrivateImeOptionsToTable privateImeOptions ( null )
02-03 21:47:51.628  5872  5872 I HBD     : b incognitoMode : false 
02-03 21:47:51.628 11425 11425 D InputMethodManager: showSoftInput() view=androidx.compose.ui.platform.AndroidComposeView{3f6225d VFED..... .F....ID 0,0-840,2289 aid=1073741824} flags=0 reason=SHOW_SOFT_INPUT_BY_INSETS_API
02-03 21:47:51.628  5872  5872 I HBD     : b [CPS]isPredictionOnByLanguage :false, isForceOff : false, isPredictionOn : true , isOnPref : true 
02-03 21:47:51.628  5872  5872 I HBD     : g getDefaultInputRange : UNKNOWN 
02-03 21:47:51.628  5872  5872 I HBD     : g getDefaultInputRange : UNKNOWN 
02-03 21:47:51.628  5872  5872 I HBD     : g getDefaultInputRange : UNKNOWN 
02-03 21:47:51.628  1630  2675 D InputTransport: Input channel destroyed: 'ClientS', fd=994
02-03 21:47:51.628 11425 11443 D InputTransport: Input channel constructed: 'ClientS', fd=151
02-03 21:47:51.629  5872  5872 I HBD     : b update cached prediction status : true 
02-03 21:47:51.629  5872  5872 I HBD     : g getDefaultInputRange : UNKNOWN 
02-03 21:47:51.629  5872  5872 I HBD     : a currentState : 4 
02-03 21:47:51.629  5872  5872 I HBD     : g isCoverDisplay : true, cached selected json info : SelectedLanguageInfo(languageVersion=4.1, currentLanguageOrder=0, selectedLanguageList=[SelectedLanguage(id=65555, isUsed=true, engName=English(India), inputType=qwerty, activeOptionList=[auto_spacing], bilingualId=-1, isUsedBilingual=false)]) 
02-03 21:47:51.629  1630  2675 V InputMethodManagerService: startInputOrWindowGainedFocusInternalLocked: reason=APP_CALLED_RESTART_INPUT_API clientState=769d297 editorInfo=android.view.inputmethod.EditorInfo@e213069 startInputFlags=VIEW_HAS_FOCUS|IS_TEXT_EDITOR softInputMode=STATE_UNSPECIFIED|ADJUST_PAN windowFlags=#81810100 sameWindowFocused=true
02-03 21:47:51.629  5872  5872 I HBD     : a [UpdatePolicy] [post] a: 0 cl: 65555 kit: [0/0] vt: 0 ir: 1 
02-03 21:47:51.629  1630  2675 D InputMethodManagerService: setWindowStateInner, windowToken=android.os.BinderProxy@2396b73, state=ImeTargetWindowState{ imeToken null imeFocusChanged false hasEditorFocused true requestedImeVisible false imeDisplayId 0 softInputModeState STATE_UNSPECIFIED|ADJUST_PAN isStartInputByGainFocus false}
02-03 21:47:51.629  1630  2675 D InputMethodManagerService: DESKTOP MODE! : 2
02-03 21:47:51.629  1630  2675 D InputMethodManagerService: NOT IN KNOX DESKTOP MODE!
02-03 21:47:51.629  1630  2675 V InputMethodManagerService: semComputeImeDisplayIdForTarget: displayId=0
02-03 21:47:51.629  1630  2675 D InputMethodManagerService: isImeSwitcherDisabledPackage : false
02-03 21:47:51.630  1630  2675 D InputMethodManagerService: checkDisplayOfStartInputAndUpdateKeyboard: displayId=0, mFocusedDisplayId=0
02-03 21:47:51.630  1630  2675 D InputTransport: Input channel constructed: 'ClientS', fd=994
02-03 21:47:51.630  1630  2675 D InputTransport: Input channel destroyed: 'ClientS', fd=994
02-03 21:47:51.630 11425 11443 D InputTransport: Input channel constructed: 'ClientS', fd=157
02-03 21:47:51.631  1630  2675 V InputMethodManagerService: Client requesting input be shown, flags : 0
02-03 21:47:51.631  1630  2675 D InputMethodManagerService: ACCESS_CONTROL_ENABLED = false, ACCESS_CONTROL_KEYBOARD_BLOCK = true
02-03 21:47:51.631  1630  2675 D InputMethodManagerService: setWindowStateInner, windowToken=android.os.BinderProxy@2396b73, state=ImeTargetWindowState{ imeToken android.os.Binder@b0a1b8f imeFocusChanged false hasEditorFocused true requestedImeVisible true imeDisplayId 0 softInputModeState STATE_UNSPECIFIED|ADJUST_PAN isStartInputByGainFocus false}
02-03 21:47:51.631  1630  2675 D InputMethodBindingController: bindCurrentInputMethodService: caller=com.android.server.inputmethod.InputMethodBindingController.bindCurrentInputMethodService:20 com.android.server.inputmethod.InputMethodManagerService.showCurrentInputLocked:130 com.android.server.inputmethod.InputMethodManagerService.showSoftInput:150 com.android.server.inputmethod.ZeroJankProxy$$ExternalSyntheticLambda11.get:24 java.util.concurrent.CompletableFuture$AsyncSupply.run:1744 com.android.server.inputmethod.ZeroJankProxy$$ExternalSyntheticLambda13.run:12 android.os.Handler.handleCallback:959 android.os.Handler.dispatchMessage:100 android.os.Looper.loopOnce:257 android.os.Looper.loop:342 
02-03 21:47:51.633  1630  9892 I PerProcessNandswap$NandswapMsgHandler: madvise_prefetch for com.samsung.android.intellivoiceservice:asr
02-03 21:47:51.633  1630  2675 I ActivityManager: Changes in 10205 7 to 5, 0 to 127
02-03 21:47:51.633  1630  2675 I ActivityManager: Changes in 10116 7 to 5, 0 to 56
02-03 21:47:51.633  1700 10968 I CameraService: onUidStateChanged: uid=10205, procState is changed. (7 -> 5)
02-03 21:47:51.638  1630  2675 V InputMethodManagerService: Calling com.android.server.inputmethod.IInputMethodInvoker@cb8dc71.showSoftInput(android.os.BinderProxy@2396b73, 1, null) for reason: SHOW_SOFT_INPUT_BY_INSETS_API
02-03 21:47:51.638 25715 26112 I dyom    : (REDACTED) appOpsListener %s %s
02-03 21:47:51.638 25715 26112 I dyom    : (REDACTED) Ignoring irrelevant audio permission changes for package %s
02-03 21:47:51.638 25715 26112 I dyom    : (REDACTED) appOpsListener %s %s
02-03 21:47:51.639 25715 26112 I dyom    : (REDACTED) Ignoring irrelevant audio permission changes for package %s
02-03 21:47:51.639 11425 11425 I InsetsController: setRequestedVisibleTypes: visible=false, mask=ime, host=com.pricehunt/com.pricehunt.presentation.MainActivity, from=android.view.InsetsController.controlAnimationUncheckedInner:1633 android.view.InsetsController.controlAnimationUnchecked:1502 android.view.InsetsController.applyAnimation:2228 android.view.InsetsController.applyAnimation:2159 android.view.InsetsController.show:1340 android.view.InsetsController.show:1255 androidx.compose.ui.platform.coreshims.SoftwareKeyboardControllerCompat$Impl30.show:193 androidx.compose.ui.platform.coreshims.SoftwareKeyboardControllerCompat.show:71 androidx.compose.ui.text.input.InputMethodManagerImpl.showSoftInput:68 androidx.compose.ui.text.input.TextInputServiceAndroid.setKeyboardVisibleImmediately:403 
02-03 21:47:51.641  6716 12947 I ObjectPool@9791306: Ph_[checker Pool remains: , 9, ] [pool-94-thread-1] 
02-03 21:47:51.656  1429  1429 W Layer   : gatherBufferInfo: Received unknown dataspace from gralloc
02-03 21:47:51.657  1429  1429 W ComposerExtn: DisplayExtnImpl::SetActiveConfig: HWC Display 3 is not registered!
02-03 21:47:51.660 11425 11425 W RemoteInputConnectionImpl: getExtractedText on inactive InputConnection
02-03 21:47:51.660  5872  5872 I HBD     : a [NRIC] resetNoResponseState 
02-03 21:47:51.660  5872  5872 I HBD     : b update cached prediction status : true 
02-03 21:47:51.660  5872  5872 I HBD     : c [AiWriter] setContact : com.pricehunt
02-03 21:47:51.661  5872  5872 I HBD     : HoneyBoardService [PF_OP][onStartInput]  33 ms 
02-03 21:47:51.661  1630  3158 D InputDispatcher: Inject key (12385/2000): action=0, f=0x0, d=-1, time=152573764000000
02-03 21:47:51.661  1630  3158 D SingleKeyGesture: interceptKeyDown, info : KeyCode=KEYCODE_UNKNOWN, size=0
02-03 21:47:51.661  1630  3158 D WindowManager: interceptKeyTq interceptKeyResult=1
02-03 21:47:51.661  5872  5872 I HBD     : HoneyBoardService [IMI] onStartInput - caller pid : 11425 , caller uid : 10418 
02-03 21:47:51.661  5872  5872 I HBD     : t updateConfigs 
02-03 21:47:51.661  5872  5872 I HBD     : t isEnabledNightMode : true 
02-03 21:47:51.661  5872  5872 I HBD     : a IC have been binding, RemoteInputConnection{idHash=#99937ea} 
02-03 21:47:51.661  5872  5872 I HBD     : g [EditorInputType]setPrivateImeOptionsToTable privateImeOptions ( null )
02-03 21:47:51.661  5872  5872 I HBD     : b incognitoMode : false 
02-03 21:47:51.661  5872  5872 I HBD     : g getDefaultInputRange : UNKNOWN 
02-03 21:47:51.661  5872  5872 I HBD     : g getDefaultInputRange : UNKNOWN 
02-03 21:47:51.661  5872  5872 I HBD     : g getDefaultInputRange : UNKNOWN 
02-03 21:47:51.662  5872  5872 I HBD     : b update cached prediction status : true 
02-03 21:47:51.662  5872  5872 I HBD     : g getDefaultInputRange : UNKNOWN 
02-03 21:47:51.662  5872  5872 I HBD     : a currentState : 4 
02-03 21:47:51.662  5872  5872 I HBD     : g isCoverDisplay : true, cached selected json info : SelectedLanguageInfo(languageVersion=4.1, currentLanguageOrder=0, selectedLanguageList=[SelectedLanguage(id=65555, isUsed=true, engName=English(India), inputType=qwerty, activeOptionList=[auto_spacing], bilingualId=-1, isUsedBilingual=false)]) 
02-03 21:47:51.662  5872  5872 I HBD     : a [UpdatePolicy] [post] a: 0 cl: 65555 kit: [0/0] vt: 0 ir: 1 
02-03 21:47:51.662  6137  6137 I SemDvfsHyPerManager: acquire hyper - TABoost/6137@20, type = -999
02-03 21:47:51.662  5872  5872 I HBD     : a [NRIC] resetNoResponseState 
02-03 21:47:51.662  5872  5872 I HBD     : b update cached prediction status : true 
02-03 21:47:51.663  5872  5872 I HBD     : HoneyBoardService [PF_OP][onStartInput]  2 ms 
02-03 21:47:51.663  5872  5872 I HBD     : c showInputView requested current = true, applyNow = true 
02-03 21:47:51.663  5872  5872 I InputMethod: showSoftInput(): flags=1
02-03 21:47:51.663  1630  5992 I InputMethodManagerService: isAccessoryKeyboard 0
02-03 21:47:51.663  1237  1371 I HYPER-HAL: [RequestManager.cpp]releaseLocked(): Released ID : 18957423
02-03 21:47:51.663  1237  1371 I HYPER-HAL: [RequestManager.cpp]acquire(): Acquired ID : 18957423  [6137 / 20]    HINT :      list : [TABoost / 1] [TIMEOUT / 1500] 
02-03 21:47:51.663  5872  5872 I HBD     : HoneyBoardService onEvaluateInputViewShown: true 
02-03 21:47:51.664  1630  3476 I InputMethodManagerService: isAccessoryKeyboard 0
02-03 21:47:51.664  5872  5872 I HBD     : HoneyBoardService onEvaluateInputViewShown: true 
02-03 21:47:51.664  5872  5872 I HBD     : HoneyBoardService onStartInputView : restarting=false, client=com.pricehunt, pid=11425 
02-03 21:47:51.664  5872  5872 I HBD     : g [EditorInputType]setPrivateImeOptionsToTable privateImeOptions ( null )
02-03 21:47:51.664  5872  7125 I SemDvfsHyPerManager: acquire hyper - SKBD_RE_ENTER_SHOW/5872@1, type = -999
02-03 21:47:51.664  5872  5872 I HBD     : b incognitoMode : false 
02-03 21:47:51.664  5872  5872 I HBD     : g getDefaultInputRange : UNKNOWN 
02-03 21:47:51.664  5872  5872 I HBD     : g getDefaultInputRange : UNKNOWN 
02-03 21:47:51.664  5872  5872 I HBD     : g getDefaultInputRange : UNKNOWN 
02-03 21:47:51.665  5872  5872 I HBD     : HoneyBoardService onStartInputViewInternal: inputType=0x8001, imeOptions=0x2000003, initialSelStart=0, initialSelEnd=0 
02-03 21:47:51.665  5872  5872 I HBD     : e applyThemesPolicy 
02-03 21:47:51.665  5872  5872 I HBD     : d mIsGalaxyTheme = false mIsDexDesktopDisplay : false IsRequiredDarkTypeTheme = true night mode : true mIsEnabledHighContrast = false mIsOpenThemeForHoneyBoardInstalled = false mIsWallpaperThemeInstalled = false mIsThemeParkTheme = false
02-03 21:47:51.665  5872  5872 I HBD     : a theme : Dark mode and no theme park 
02-03 21:47:51.665  5872  5872 I HBD     : e required dark type theme, isCoverDisplayTheme :  false
02-03 21:47:51.665  1630  2660 I InputDispatcher: Delivering key to (11425): action: 0x0 (0), f=0x0, m=0x0, d=0, 'f21fa30'
02-03 21:47:51.665  5872  5872 I HBD     : e update KeyboardTheme themeIndex : 0x 12000000  theme :  Dark
02-03 21:47:51.665  5872  5872 I HBD     : a set Theme convertedIndex : 4 
02-03 21:47:51.665  5872  5872 I HBD     : a onThemeChanged: currTheme = 4, nextTheme = 4 
02-03 21:47:51.665  5872  5872 I HBD     : e onUpdate: mThemeStyle = 4 
02-03 21:47:51.665  5872  5872 I HBD     : b updatePredictionStatus : 1, editorOpt 
02-03 21:47:51.665  5872  5872 I HBD     : b updateForEditorClass isPredictionOn = true 
02-03 21:47:51.665  5872  7178 I HBD     : E EBD tb start :1 
02-03 21:47:51.665  5872  7178 I HBD     : h [SKE_LM] enable notTaggedWith:emoji
02-03 21:47:51.665  1237  1371 I HYPER-HAL: [RequestManager.cpp]acquire(): Acquired ID : 17249002  [5872 / 1]    HINT : KBD_APP_RE_ENTER_VIEW    list : [TIMEOUT / 400] 
02-03 21:47:51.665  1237  1371 I HYPER-HAL: [ResourceManager.cpp]updateResource(): [CPUMinFreq] UpdateResource Request ID : 17249002    Value : 2265600
02-03 21:47:51.667  5872  7178 I HBD     : h [SKE_LM] enable notTaggedWith:emoji, zh, yue_HK, nan_TW
02-03 21:47:51.667  5872  7178 I HBD     : E EBD tb end :1 
02-03 21:47:51.669  5872  5872 I HBD     : C [EmojiCandidate] getEmoji from EmojiCore-[0]
02-03 21:47:51.669  5872  5872 I HBD     : Z [SCV] (9) 4 3 10 5 5 7 3 7 1 
02-03 21:47:51.669  5872  5872 I HBD     : E EBD ssu f 1 
02-03 21:47:51.669  5872  5872 I HBD     : a [UpdatePolicy] [post] a: 1 cl: 65555 kit: [0/0] vt: 0 ir: 1 
02-03 21:47:51.670  5872  5872 I HBD     : b update cached prediction status : true 
02-03 21:47:51.670  5872  5872 I HBD     : e [SKE_TAM] Changed false
02-03 21:47:51.670  1630  3700 D KNOX_MDM_SettingsProvider: isChangeAllowed() : name = enabled_input_methods
02-03 21:47:51.670  1630  3700 D KNOX_MDM_SettingsProvider: edmUri: content://com.sec.knox.provider/RestrictionPolicy3
02-03 21:47:51.670  1630  3700 D KNOX_MDM_SettingsProvider: projectionArgs: isSettingsChangesAllowed
02-03 21:47:51.670  1630  3700 D KNOX_MDM_SettingsProvider: selectionArgs: false
02-03 21:47:51.670  1630  3700 D KNOX_MDM_SettingsProvider: selectionArgs: 10205
02-03 21:47:51.670  1630  3700 D SecContentProvider: query(), uri = 17 selection = isSettingsChangesAllowed
02-03 21:47:51.670  1630  3700 D SecContentProvider: called from android.uid.honeyboard:10205
02-03 21:47:51.670  1630  3700 D RestrictionPolicy: isSettingsChangesAllowedAsUser, userId 0 : true
02-03 21:47:51.670  1630  3700 D KNOX_MDM_SettingsProvider: ret = 1
02-03 21:47:51.670  5872  5872 I HBD     : b update cached prediction status : true 
02-03 21:47:51.671  1630  3700 D KNOX_MDM_SettingsProvider: isChangeAllowed() : name = default_input_method
02-03 21:47:51.671  1630  3700 D KNOX_MDM_SettingsProvider: edmUri: content://com.sec.knox.provider/RestrictionPolicy3
02-03 21:47:51.671  5872  5872 I HBD     : a updateMultiTapTimeValue 
02-03 21:47:51.671  1630  3700 D KNOX_MDM_SettingsProvider: projectionArgs: isSettingsChangesAllowed
02-03 21:47:51.671  5872  5872 I HBD     : a getMultiTapTimeoutValue 
02-03 21:47:51.671  1630  3700 D KNOX_MDM_SettingsProvider: selectionArgs: false
02-03 21:47:51.671  1630  3700 D KNOX_MDM_SettingsProvider: selectionArgs: 10205
02-03 21:47:51.671  1630  3700 D SecContentProvider: query(), uri = 17 selection = isSettingsChangesAllowed
02-03 21:47:51.671  1630  3700 D SecContentProvider: called from android.uid.honeyboard:10205
02-03 21:47:51.671  1630  3700 D RestrictionPolicy: isSettingsChangesAllowedAsUser, userId 0 : true
02-03 21:47:51.671  5872 12395 I HBD     : a [HBIC] requestCursorUpdates 2 
02-03 21:47:51.671  1630  3700 D KNOX_MDM_SettingsProvider: ret = 1
02-03 21:47:51.671  5872  5872 I HBD     : a getSingleVowelMultiTapTimeoutValue 
02-03 21:47:51.671  5872 20688 I HBD     : p updated Sub Types. English(India) 
02-03 21:47:51.671  5872 12393 I HBD     : a refresh(), mParameterMode,  0
02-03 21:47:51.671  5872 12393 I HBD     : a [AiWriter] setContact : com.pricehunt
02-03 21:47:51.672  5872 12396 I HBD     : a InputMethodSubtype is set as local:en_IN 
02-03 21:47:51.672  5872  5872 I HBD     : a onBind 
02-03 21:47:51.672  5872  5872 I HBD     : b updateConfig: [LanguageItem] English(India) / [KeyboardViewTypeItem] 0 / [KeyboardInputTypeItem] mainType(0), subType(0) / [CurrentLanguageInputTypeItem] mainType(0), subType(0) / [KeyboardInputRangeItem] 1 / [SelectedLanguageItem] 1 / [TextOrNullInputClassItem] true / [NumberKeyFirstLineItem] true / [SpaceRowStyleCmItem] true / [SpaceRowStylePeriodItem] true / [SpaceRowStyleEmailURLPeriodItem] true /  
02-03 21:47:51.672  5872  5872 I HBD     : b updateConfig: [SpaceRowStyleEmailURLDotComItem] true / [SpaceRowStyleEmailURLPeriodItem] true / [SpaceRowStyleJapaneseArrowItem] true / [SpaceRowStyleJapanesePeriodItem] true / [TouchAndHoldSpaceBarTypeItem] cursor_control / [UseContinuousInputItem] true / [UseToolBarItem] true / [VoiceInputTypeItem] 1 / [DensityItem] 2.625 / [DisplayWidthItem] 840 / [DisplayHeightItem] 2289 /  
02-03 21:47:51.672  1630  1630 I InputMethodManagerService: subtype state: oldSubtype = android.view.inputmethod.InputMethodSubtype@10013 newSubtype = android.view.inputmethod.InputMethodSubtype@10013 force = false, intent received : false
02-03 21:47:51.672  5872  5872 I HBD     : b updateConfig: [MainTextLabelItem] 1 / [LanguageSwitchingUsingKeyItem] true / [CoverDisplayModeItem] true / [VoiceEnabledItem] true / [PredictionStatusItem] true / [EditorEnterActionItem] -1 /  
02-03 21:47:51.672  5872  5872 I HBD     : f updateKeyboardViewHolder: INVALIDATE 
02-03 21:47:51.674  5872  5872 I HBD     : e [BoardScrapManager] sendBoardScrap 
02-03 21:47:51.674  5872  5872 I HBD     : r0 updateChangedBoard - [LC:false][TC:false][RC:false][RB:false] 
02-03 21:47:51.674  5872  5872 I HBD     : b update cached prediction status : true 
02-03 21:47:51.674  5872  5872 I HBD     : e updateCurrentEngine,  65555 ,  SWIFTKEY
02-03 21:47:51.674  5872  5872 I HBD     : e [SKE_TAM] Changed false
02-03 21:47:51.674  5872  5872 I HBD     : e [SKE_TAM] custom = false , useEngine = true
02-03 21:47:51.674  5872  5872 I HBD     : e [SKE_TAM] Changed false
02-03 21:47:51.675  5872  5872 I HBD     : h [SKE_LM] enable notTaggedWith:emoji, zh, yue_HK, nan_TW
02-03 21:47:51.675  5872  5872 I HBD     : a refresh(), mParameterMode,  0
02-03 21:47:51.675  5872  5872 I HBD     : c [PF_EN] updateChangedBoard() 1 
02-03 21:47:51.676  5872  5872 I HBD     : k load enIN_0_0_1_0_true_true_true_normal_false_false 0 
02-03 21:47:51.677  5872  5872 I HBD     : a isValid - true. 
02-03 21:47:51.677  5872  5872 I HBD     : c TMST - update statistics 
02-03 21:47:51.677  5872  5872 I HBD     : k load enIN_0_0_1_0_true_true_true_normal_false_false 0 
02-03 21:47:51.677  5872  5872 I HBD     : d [PF_OP][updateKeyboardViewHolder]  5 ms 
02-03 21:47:51.677 11425 11425 W RecordingIC: requestCursorUpdates is not supported
02-03 21:47:51.678  5872 12395 I HBD     : b requestCursorUpdates returned  false ,  7
02-03 21:47:51.678  5872  5872 I HBD     : h [PF_OP][onStartInputViewActivate]  0 ms 
02-03 21:47:51.678  5872  5872 I HBD     : MultiModalSwitcher onStartInputView 
02-03 21:47:51.679  5872  5872 I HBD     : a color = [r : 1], [g : 1], [b : 2], [alpha : 255], rgb = -16711422, isDark = true 
02-03 21:47:51.679  2991  2991 D NavigationBarControllerImpl: setNavigationBarShortcut requestClass : com.samsung.android.honeyboard, remoteViews : null, position : 0, priority : 12
02-03 21:47:51.679  2991  2991 D RemoteViewPack: OnSetRemoteView RemoteViewShortcut(requestClass=com.samsung.android.honeyboard, remoteViews=null, position=0, priority=12)
02-03 21:47:51.679  2991  2991 D NavBarStateManager: NavBarStates(0) isGameMode: false
02-03 21:47:51.679  2991  2991 D TaskBarPack: OnSetRemoteView Bundle[{remoteViews=null, priority=12, position=0, requestClass=com.samsung.android.honeyboard}]
02-03 21:47:51.679  2991  2991 D TaskBarDelegate: handleNavigationBarEvent() TaskbarDelegate is not initialized.
02-03 21:47:51.679  2991  2991 D Navbar.Store: ----handleEvent(0) OnUpdateRemoteViewContainer(rotation=0, leftContainer=android.widget.LinearLayout{c5b3f03 I.E...... ......ID 64,0-181,126 #7f0a0625 app:id/left_remoteview}, rightContainer=android.widget.LinearLayout{f16bcb9 I.E...... ......I. 659,0-776,126 #7f0a09e0 app:id/right_remoteview}, contextualButtonVisible=false, darkIntensity=0.0, displayId=0) [Module] SamsungNavigationBarView
02-03 21:47:51.679  2991  2991 D Navbar.Store: ------[Band]REMOTE_VIEW_PACK_SET_REMOTEVIEW_CONTAINER
02-03 21:47:51.679  2991  2991 D Navbar.Store: --------apply(0) NavBarStoreAction$UpdateRemoteViewContainer
02-03 21:47:51.679  5872  5872 I HBD     : a color = [r : 1], [g : 1], [b : 2], [alpha : 255], rgb = -16711422, isDark = true 
02-03 21:47:51.679  2991  2991 D Navbar.Store: --------apply(0) NavBarStoreAction$UpdateRemoteViewDarkIntensity
02-03 21:47:51.679  5872  5872 I HBD     : a color = [r : 1], [g : 1], [b : 2], [alpha : 255], rgb = -16711422, isDark = true 
02-03 21:47:51.680  2991  2991 D NavigationBarControllerImpl: setNavigationBarShortcut requestClass : com.samsung.android.honeyboard, remoteViews : null, position : 0, priority : 12
02-03 21:47:51.680  2991  2991 D RemoteViewPack: OnSetRemoteView RemoteViewShortcut(requestClass=com.samsung.android.honeyboard, remoteViews=null, position=0, priority=12)
02-03 21:47:51.680  2991  2991 D NavBarStateManager: NavBarStates(0) isGameMode: false
02-03 21:47:51.680  2991  2991 D TaskBarPack: OnSetRemoteView Bundle[{remoteViews=null, priority=12, position=0, requestClass=com.samsung.android.honeyboard}]
02-03 21:47:51.680  2991  2991 D TaskBarDelegate: handleNavigationBarEvent() TaskbarDelegate is not initialized.
02-03 21:47:51.680  2991  2991 D Navbar.Store: ----handleEvent(0) OnUpdateRemoteViewContainer(rotation=0, leftContainer=android.widget.LinearLayout{c5b3f03 I.E...... ......ID 64,0-181,126 #7f0a0625 app:id/left_remoteview}, rightContainer=android.widget.LinearLayout{f16bcb9 I.E...... ......I. 659,0-776,126 #7f0a09e0 app:id/right_remoteview}, contextualButtonVisible=false, darkIntensity=0.0, displayId=0) [Module] SamsungNavigationBarView
02-03 21:47:51.680  2991  2991 D Navbar.Store: ------[Band]REMOTE_VIEW_PACK_SET_REMOTEVIEW_CONTAINER
02-03 21:47:51.680  2991  2991 D Navbar.Store: --------apply(0) NavBarStoreAction$UpdateRemoteViewContainer
02-03 21:47:51.680  2991  2991 D Navbar.Store: --------apply(0) NavBarStoreAction$UpdateRemoteViewDarkIntensity
02-03 21:47:51.681  1429  1429 W Layer   : gatherBufferInfo: Received unknown dataspace from gralloc
02-03 21:47:51.682  5872  5872 I HBD     : HoneyBoardService [PF_OP][onStartInputView]  18 ms 
02-03 21:47:51.682  1630  3155 D InputMethodManagerService: isImeSwitcherDisabledPackage : false
02-03 21:47:51.682  1630  3155 I InputMethodManagerService: setImeWindowStatus: vis=3, backDisposition=0
02-03 21:47:51.683  1630 12398 I SemInputMotionHelper: setMotionControl: ALL: 11, client=com.samsung.android.hardware.secinputdev.SemInputDeviceManager, ret=-1
02-03 21:47:51.683  1630 12398 D SemInputDeviceManager: setProperty: (100) CMD,SIP,1
02-03 21:47:51.683  1630 12399 D SemInputDeviceManager: setProperty: (0) CMD,GRIP_DATA,1,14,18,6,1543,18,1943
02-03 21:47:51.683  5872  5872 I HBD     : HoneyBoardService onWindowShown 
02-03 21:47:51.683  5872  5872 I HBD     : HoneyBoardService [PF_OP][onWindowShown]  0 ms 
02-03 21:47:51.683  1630  2671 D SemInputDevice:TSP_SUB: SetPropertyTask: CMD,set_grip_data,1,14,18,6,1543,18,1943 [02-03 21:47:51.683]
02-03 21:47:51.683  1630 12398 I SemInputCommandService: setPropertyAllTouch: SIP,1 retDefault=1 retExtra=1
02-03 21:47:51.683  1630 12398 D TspStateManager: wrote command: cmd=1, type=5
02-03 21:47:51.684  5872  5872 I HBD     : e resetMotionDetector: reason=onKeyDown 
02-03 21:47:51.684  5872  5872 I HBD     : c skip onKeyDown as physical keyboard not connected 
02-03 21:47:51.684  5872  5872 I HBD     : HoneyBoardService onKeyDown r:82942770 consumed:false 1 
02-03 21:47:51.684  1630  3155 D InputMethodManagerService: notifyUserActivity: canceled, displayId=0
02-03 21:47:51.684  5872  5872 I HBD     : c IIFO[r:7014f049c7][type:finish] 
02-03 21:47:51.684  1630  3155 V InputMethodManagerService: applyImeVisibility state=1
02-03 21:47:51.684  5872  5872 I HBD     : h [SKE_LM] enable notTaggedWith:emoji
02-03 21:47:51.685  1369  1369 I sysinput:Touch: writeInformation:249, OK
02-03 21:47:51.686  1630  3700 D InputMethodManagerService: isImeSwitcherDisabledPackage : false
02-03 21:47:51.686  1630  2671 D SysinputHAL_V1_3(V1_2): runTspCmdNoRead(TSP_SUB(2)): set_grip_data,1,14,18,6,1543,18,1943 ret=0
02-03 21:47:51.686  1630  2671 D SemInputDevice:TSP_SUB: SetPropertyTask: CMD,set_sip_mode,1 [02-03 21:47:51.683]
02-03 21:47:51.686  5872  5872 I HBD     : h [SKE_LM] enable notTaggedWith:emoji, zh, yue_HK, nan_TW
02-03 21:47:51.686  1630  3700 I InputMethodManagerService: setImeWindowStatus: vis=3, backDisposition=0
02-03 21:47:51.686  5872  5872 W HBD     : d1 Engine Sync Finished by onStartInputView, check InputKey timing 
02-03 21:47:51.686  1630 12399 D TspStateManager: wrote command: cmd=1,14,18,6,1543,18,1943, type=1
02-03 21:47:51.686  5872  5872 I HBD     : E EBD si t 0 
02-03 21:47:51.686  5872  5872 I HBD     : [DirectWriting] DirectWriting emitInputConnection : RemoteInputConnection{idHash=#5883d5} 
02-03 21:47:51.686  3245  3245 E SecMetadataEntity: getCache : SUPPORTED_FEATURES key can not get with other key. return only SUPPORTED_FEATURES
02-03 21:47:51.687  1369  1369 I sysinput:Touch: writeInformation:249, OK
02-03 21:47:51.687  6137  6137 I SemDvfsHyPerManager: acquire hyper - BaseTABoost/6137@19, type = -999
02-03 21:47:51.687  6137 12401 I N0      : limitGPUFreq:: freq = -1
02-03 21:47:51.687  6137 12401 I N0      : limitCPUFreq:: freq = -1
02-03 21:47:51.687  1630  2671 D SysinputHAL_V1_3(V1_2): runTspCmdNoRead(TSP_SUB(2)): set_sip_mode,1 ret=0
02-03 21:47:51.687  1630  2671 D SemInputDevice:TSP: SetPropertyTask: CMD,set_sip_mode,1 [02-03 21:47:51.683]
02-03 21:47:51.687  1369  1369 I sysinput:Touch: writeInformation:249, OK
02-03 21:47:51.687  1630  2671 D SysinputHAL_V1_3(V1_2): runTspCmdNoRead(TSP(1)): set_sip_mode,1 ret=0
02-03 21:47:51.688 11425 11425 I VRI[MainActivity]@5832a1f: setInTouchMode(false), android.view.ViewRootImpl.checkForLeavingTouchModeAndConsume:10678 android.view.ViewRootImpl.-$$Nest$mcheckForLeavingTouchModeAndConsume:0 android.view.ViewRootImpl$EarlyPostImeInputStage.processKeyEvent:9134 android.view.ViewRootImpl$EarlyPostImeInputStage.onProcess:9118 android.view.ViewRootImpl$InputStage.deliver:8590 android.view.ViewRootImpl$InputStage.onDeliverToNext:8647 android.view.ViewRootImpl$InputStage.forward:8613 android.view.ViewRootImpl$AsyncInputStage.forward:8846 android.view.ViewRootImpl$ImeInputStage.onFinishedInputEvent:9103 android.view.inputmethod.InputMethodManager$PendingEvent.run:5181 
02-03 21:47:51.688  1237  1371 I HYPER-HAL: [RequestManager.cpp]acquire(): Acquired ID : 18951265  [6137 / 19]    HINT :      list : [TABoost / 1] 
02-03 21:47:51.689  2991  2991 D NavigationBarControllerImpl: setNavigationBarShortcut requestClass : com.samsung.android.honeyboard, remoteViews : android.widget.RemoteViews@dce2915, position : 0, priority : 12
02-03 21:47:51.689  1237  1371 I HYPER-HAL: [RequestManager.cpp]releaseLocked(): Released ID : 18859015
02-03 21:47:51.689  2991  2991 D RemoteViewPack: OnSetRemoteView RemoteViewShortcut(requestClass=com.samsung.android.honeyboard, remoteViews=android.widget.RemoteViews@dce2915, position=0, priority=12)
02-03 21:47:51.689  1237  1371 I HYPER-HAL: [ResourceManager.cpp]removeResource(): [CPUMaxFreq] RemoveResource Request ID : 18846732
02-03 21:47:51.689  1237  1371 I HYPER-HAL: [RequestManager.cpp]releaseLocked(): Released ID : 18846732
02-03 21:47:51.691 11425 11425 I VRI[MainActivity]@5832a1f: ViewPostIme key 0
02-03 21:47:51.693  2991  2991 D NavBarStateManager: NavBarStates(0) isGameMode: false
02-03 21:47:51.693  2991  2991 D TaskBarPack: OnSetRemoteView Bundle[{remoteViews=android.widget.RemoteViews@dce2915, priority=12, position=0, requestClass=com.samsung.android.honeyboard}]
02-03 21:47:51.693  2991  2991 D TaskBarDelegate: handleNavigationBarEvent() TaskbarDelegate is not initialized.
02-03 21:47:51.693  2991  2991 D Navbar.Store: ----handleEvent(0) OnUpdateRemoteViewContainer(rotation=0, leftContainer=android.widget.LinearLayout{c5b3f03 V.E...... ......ID 64,0-181,126 #7f0a0625 app:id/left_remoteview}, rightContainer=android.widget.LinearLayout{f16bcb9 I.E...... ......I. 659,0-776,126 #7f0a09e0 app:id/right_remoteview}, contextualButtonVisible=false, darkIntensity=0.0, displayId=0) [Module] SamsungNavigationBarView
02-03 21:47:51.693  2991  2991 D Navbar.Store: ------[Band]REMOTE_VIEW_PACK_SET_REMOTEVIEW_CONTAINER
02-03 21:47:51.693  2991  2991 D Navbar.Store: --------apply(0) NavBarStoreAction$UpdateRemoteViewContainer
02-03 21:47:51.693  2991  2991 D Navbar.Store: --------apply(0) NavBarStoreAction$UpdateRemoteViewDarkIntensity
02-03 21:47:51.693  2991  2991 D FlexPanelStartController: startFloatingIcon: extra=display_floating_icon_clear
02-03 21:47:51.694  2991  2991 D NavigationBar: setImeWindowStatus displayId=0 vis=3 backDisposition=0 showImeSwitcher=false imeShown=true
02-03 21:47:51.694  2991  2991 D Navbar.Store: handleEvent(0) OnNavBarIconHintChanged(iconHint=3) [Module] NavigationBar
02-03 21:47:51.694  2991  2991 D Navbar.Store: --[Band]SETUPWIZARD_PACK_SET_NAVBAR_ICON_HINT
02-03 21:47:51.694  2991  2991 D Navbar.Store: --[Band]VIS_PACK_REEVAULATE_NAVBAR
02-03 21:47:51.694  2991  2991 D Navbar.Store: ----apply(0) NavBarStoreAction$ReevaluateNavBar
02-03 21:47:51.694  1630  3158 D InputDispatcher: Inject key (12385/2000): action=1, f=0x0, d=-1, time=152573764000000
02-03 21:47:51.694  1630  3158 D WindowManager: interceptKeyTq interceptKeyResult=1
02-03 21:47:51.695  2991  2991 D Navbar.Store: ----handleEvent(0) OnUpdateRemoteViewContainer(rotation=0, leftContainer=android.widget.LinearLayout{c5b3f03 V.E...... ......ID 64,0-181,126 #7f0a0625 app:id/left_remoteview}, rightContainer=android.widget.LinearLayout{f16bcb9 I.E...... ......I. 659,0-776,126 #7f0a09e0 app:id/right_remoteview}, contextualButtonVisible=false, darkIntensity=0.0, displayId=0) [Module] SamsungNavigationBarView
02-03 21:47:51.695  2991  2991 D Navbar.Store: ------[Band]REMOTE_VIEW_PACK_SET_REMOTEVIEW_CONTAINER
02-03 21:47:51.695  2991  2991 D Navbar.Store: --------apply(0) NavBarStoreAction$UpdateRemoteViewContainer
02-03 21:47:51.695  1630  2660 I InputDispatcher: Delivering key to (11425): action: 0x1 (0), f=0x0, m=0x0, d=0, 'f21fa30'
02-03 21:47:51.695  2991  2991 D Navbar.Store: --------apply(0) NavBarStoreAction$UpdateRemoteViewDarkIntensity
02-03 21:47:51.695  2991  2991 D NavBarView: disableBack=false (useAltBack=true, handlingGestures=true, disabledFlagBack=false, isBottomGesture=false, isImeRenderingNavButtons=false)
02-03 21:47:51.695  2991  2991 D Navbar.Store: handleEvent(0) OnSetGestureHintVisibility(recentVisible=true, homeVisible=true, backVisible=true) [Module] SamsungNavigationBarView
02-03 21:47:51.695  2991  2991 D Navbar.Store: --[Band]GESTURE_PACK_SET_HINT_VISIBILITY
02-03 21:47:51.695  2991  2991 D Navbar.Store: --[Band] (afterAction) GESTURE_PACK_SET_HINT_VISIBILITY
02-03 21:47:51.695  2991  2991 D Navbar.Store: ----apply(0) NavBarStoreAction$UpdateGestureHintVisibility
02-03 21:47:51.696  2991  2991 D NavBarStateManager: NavBarStates(0) canShowGestureHint: true
02-03 21:47:51.696  2991  2991 D NavBarStateManager: NavBarStates(0) supportLargeCoverScreenNavBar: false
02-03 21:47:51.696  2991  2991 D NavBarStateManager: NavBarStates(0) canShowKeyboardButtonForRotation(0): true
02-03 21:47:51.696  2991  2991 D Navbar.Store: handleEvent(0) OnUpdateSysUiStateFlag(noArguments=true) [Module] SamsungNavigationBarView
02-03 21:47:51.696  2991  2991 D Navbar.Store: --[Band]GESTURE_PACK_UPDATE_SYSTEMUI_STATE_FLAG
02-03 21:47:51.696  2991  2991 D Navbar.Store: --[Band] (afterAction) GESTURE_PACK_UPDATE_SYSTEMUI_STATE_FLAG
02-03 21:47:51.696  2991  2991 D NavBarStateManager: NavBarStates(0) isGameMode: false
02-03 21:47:51.696  2991  2991 D Navbar.Store: ----apply(0) NavBarStoreAction$UpdateSysUiFlags
02-03 21:47:51.696  2991  2991 D Navbar.Store: ----set 274877906944 : false
02-03 21:47:51.696  2991  2991 D Navbar.Store: ----set 17179869184 : false
02-03 21:47:51.696  2991  2991 D SysUiState: SysUiState changed: old=0x10020000 new=0x10060000
02-03 21:47:51.696  3474 11406 I HoneySpace.SystemUiRepository: systemUiFlags: allow_gesture|ime_visible|awake
02-03 21:47:51.697  3474  3647 I HoneySpace.TaskbarEventTracker: invokeEvent() called with: event = SystemUiStateChanged(stateFlags=268828672)
02-03 21:47:51.697  2991  2991 D NavBarStateManager: NavBarStates(0) canUseNavBarBackgroundFrame: true
02-03 21:47:51.698  2991  2991 I ControlPanelService: startId : 8770
02-03 21:47:51.698  3474  3474 I HoneySpace.TaskbarVisibilityController: updateTaskbarEvent needToHide:true stateFlags:268828672,keyguardShowing:false, quickPanelVisibilityChanged:false
02-03 21:47:51.698  2991  2991 D NavigationBarControllerImpl: setNavigationBarShortcut requestClass : com.android.wm.shell.controlpanel.activity.FlexPanelActivity, remoteViews : null, position : 0, priority : 11
02-03 21:47:51.698  2991  2991 D RemoteViewPack: OnSetRemoteView RemoteViewShortcut(requestClass=com.android.wm.shell.controlpanel.activity.FlexPanelActivity, remoteViews=null, position=0, priority=11)
02-03 21:47:51.698  2991  2991 D NavBarStateManager: NavBarStates(0) isGameMode: false
02-03 21:47:51.698  2991  2991 D TaskBarPack: OnSetRemoteView Bundle[{remoteViews=null, priority=11, position=0, requestClass=com.android.wm.shell.controlpanel.activity.FlexPanelActivity}]
02-03 21:47:51.698  2991  2991 D TaskBarDelegate: handleNavigationBarEvent() TaskbarDelegate is not initialized.
02-03 21:47:51.698  1429  1429 W Layer   : gatherBufferInfo: Received unknown dataspace from gralloc
02-03 21:47:51.699  2991  2991 D Navbar.Store: ----handleEvent(0) OnUpdateRemoteViewContainer(rotation=0, leftContainer=android.widget.LinearLayout{c5b3f03 V.E...... ........ 64,0-181,126 #7f0a0625 app:id/left_remoteview}, rightContainer=android.widget.LinearLayout{f16bcb9 I.E...... ......I. 659,0-776,126 #7f0a09e0 app:id/right_remoteview}, contextualButtonVisible=false, darkIntensity=0.0, displayId=0) [Module] SamsungNavigationBarView
02-03 21:47:51.699  2991  2991 D Navbar.Store: ------[Band]REMOTE_VIEW_PACK_SET_REMOTEVIEW_CONTAINER
02-03 21:47:51.699  2991  2991 D Navbar.Store: --------apply(0) NavBarStoreAction$UpdateRemoteViewContainer
02-03 21:47:51.699  2991  2991 D Navbar.Store: --------apply(0) NavBarStoreAction$UpdateRemoteViewDarkIntensity
02-03 21:47:51.699  3474  6650 I HoneySpace.TaskbarVisibilityController: updateVisibility(0) isDock:false occlude:true needToHide:true hideFlag:true forceMinusOnePage:false launcher:false recent:false minus:false homePackage:false AppPicker:false :: state 0 -> 0
02-03 21:47:51.700  1630  3155 D KNOX_MDM_SettingsProvider: isChangeAllowed() : name = task_bar_current_size
02-03 21:47:51.700  1630  3155 D KNOX_MDM_SettingsProvider: edmUri: content://com.sec.knox.provider/RestrictionPolicy3
02-03 21:47:51.700  1630  3155 D KNOX_MDM_SettingsProvider: projectionArgs: isSettingsChangesAllowed
02-03 21:47:51.700  1630  3155 D KNOX_MDM_SettingsProvider: selectionArgs: false
02-03 21:47:51.700  1630  3155 D KNOX_MDM_SettingsProvider: selectionArgs: 10143
02-03 21:47:51.700  1630  3155 D SecContentProvider: query(), uri = 17 selection = isSettingsChangesAllowed
02-03 21:47:51.700  1630  3155 D SecContentProvider: called from com.sec.android.app.launcher
02-03 21:47:51.700  1630  3155 D RestrictionPolicy: isSettingsChangesAllowedAsUser, userId 0 : true
02-03 21:47:51.700  1630  3155 D KNOX_MDM_SettingsProvider: ret = 1
02-03 21:47:51.705  2991  2991 D NavBarStateManager: NavBarStates(0) canUseNavBarBackgroundFrame: true
02-03 21:47:51.706  1630  3700 V WindowManager: Relayout Window{431914a u0 TaskbarWindow}: viewVisibility=0 req=1768x168 ty=2024 d0
02-03 21:47:51.707  1429  1429 W Layer   : gatherBufferInfo: Received unknown dataspace from gralloc
02-03 21:47:51.708  1231 11058 I sensors-hal: handle_sns_std_sensor_event:141, [SSC_LIGHT] P: 30(30),ch0:2976,ch1:0,c:0,w:0,l:16,m:2,br:57,c1:85,c2:123,i:1
02-03 21:47:51.708  1231 12325 I sensors-hal: handle_sns_std_sensor_event:124, [SSC_LIGHT] A: 30(30),ch0:2976,ch1:0,c:0,w:0,l:16,m:2,br:57,c1:85,c2:123,i:1
02-03 21:47:51.708  1429  1429 W ComposerExtn: DisplayExtnImpl::SetActiveConfig: HWC Display 3 is not registered!
02-03 21:47:51.708 11425 11425 W RemoteInputConnectionImpl: requestCursorUpdates on inactive InputConnection
02-03 21:47:51.709  5872  5872 I HBD     : HoneyBoardService onKeyUp r:7bb9d1d8 consumed:false 1 
02-03 21:47:51.709  1630  3700 V WindowManager: Relayout hash=431914a, pid=3474, syncId=-1: mAttrs={(0,0)(fillx168) gr=BOTTOM CENTER_VERTICAL sim={adjust=nothing} layoutInDisplayCutoutMode=always ty=NAVIGATION_BAR_PANEL fmt=TRANSLUCENT
02-03 21:47:51.709  1630  3700 V WindowManager:   fl=21840008
02-03 21:47:51.709  1630  3700 V WindowManager:   pfl=90001040
02-03 21:47:51.709  1630  3700 V WindowManager:   bhv=1
02-03 21:47:51.709  1630  3700 V WindowManager:   providedInsets:
02-03 21:47:51.709  1630  3700 V WindowManager:     InsetsFrameProvider: {id=#4df90001, index=0, type=navigationBars, source=FRAME, flags=[], insetsSize=Insets{left=0, top=0, right=0, bottom=168}, insetsSizeOverrides=[TypedInsetsSize: {windowType=INPUT_METHOD, insetsSize=Insets{left=0, top=0, right=0, bottom=168}}]}
02-03 21:47:51.709  1630  3700 V WindowManager:     InsetsFrameProvider: {id=#4df90006, index=0, type=tappableElement, source=FRAME, flags=[], insetsSize=Insets{left=0, top=0, right=0, bottom=168}, insetsSizeOverrides=[TypedInsetsSize: {windowType=INPUT_METHOD, insetsSize=Insets{left=0, top=0, right=0, bottom=168}}]}
02-03 21:47:51.709  1630  3700 V WindowManager:     InsetsFrameProvider: {id=#4df90005, index=0, type=mandatorySystemGestures, source=FRAME, flags=[], insetsSize=Insets{left=0, top=0, right=0, bottom=168}}
02-03 21:47:51.709  1630  3700 V WindowManager:     InsetsFrameProvider: {id=#4df90004, index=0, type=systemGestures, source=DISPLAY, flags=[], insetsSize=Insets{left=78, top=0, right=0, bottom=0}, mMinimalInsetsSizeInDisplayCutoutSafe=Insets{left=78, top=0, right=0, bottom=0}}
02-03 21:47:51.709  1630  3700 V WindowManager:     InsetsFrameProvider: {id=#4df90024, index=1, type=systemGestures, source=DISPLAY, flags=[], insetsSize=Insets{left=0, top=0, right=78, bottom=0}, mMinimalInsetsSizeInDisplayCutoutSafe=Insets{left=0, top=0, right=78, bottom=0}}
02-03 21:47:51.709  1630  3700 V WindowManager:   frameRateBoostOnTouch=true
02-03 21:47:51.709  1630  3700 V WindowManager:   dvrrWindowFrameRateHint=true naviIconColor=0}
02-03 21:47:51.709  5872  5872 I HBD     : [DirectWriting] DirectWriting emitInputConnection : RemoteInputConnection{idHash=#99937ea} 
02-03 21:47:51.710 11425 11425 I VRI[MainActivity]@5832a1f: ViewPostIme key 1
02-03 21:47:51.710  3474  3474 I BLASTBufferQueue_Java: update, w= 1768 h= 168 mName = VRI[TaskbarWindow]@498413e mNativeObject= 0xb400007c708c47d0 sc.mNativeObject= 0xb400007e1091f8d0 format= -3 caller= android.view.ViewRootImpl.updateBlastSurfaceIfNeeded:3386 android.view.ViewRootImpl.relayoutWindow:11361 android.view.ViewRootImpl.performTraversals:4544 android.view.ViewRootImpl.doTraversal:3708 android.view.ViewRootImpl$TraversalRunnable.run:12542 android.view.Choreographer$CallbackRecord.run:1751 
02-03 21:47:51.710  3474  3474 I VRI[TaskbarWindow]@498413e: Relayout returned: old=(0,2040,1768,2208) new=(0,2040,1768,2208) relayoutAsync=false req=(1768,168)0 dur=4 res=0x1 s={true 0xb400007cb09591f0} ch=false seqId=19
02-03 21:47:51.710  3474  3474 I VRI[TaskbarWindow]@498413e: Creating new active sync group VRI[TaskbarWindow]@498413e#33
02-03 21:47:51.711  3474  6734 I VRI[TaskbarWindow]@498413e: mWNT: t=0xb400007c408ca910 mBlastBufferQueue=0xb400007c708c47d0 fn= 88217 HdrRenderState mRenderHdrSdrRatio=1.0 caller= android.view.ViewRootImpl$11.onFrameDraw:15016 android.view.ThreadedRenderer$1.onFrameDraw:761 <bottom of call stack> 
02-03 21:47:51.711  3474  6734 I VRI[TaskbarWindow]@498413e: Setting up sync and frameCommitCallback
02-03 21:47:51.712  3474  6631 I VRI[TaskbarWindow]@498413e: Received frameCommittedCallback lastAttemptedDrawFrameNum=88217 didProduceBuffer=true
02-03 21:47:51.712  1630  3158 D WindowManager: finishDrawingWindow: Window{431914a u0 TaskbarWindow} mDrawState=HAS_DRAWN seqId=19
02-03 21:47:51.717  1429  1429 W Layer   : gatherBufferInfo: Received unknown dataspace from gralloc
02-03 21:47:51.717  1429  1429 W Layer   : gatherBufferInfo: Received unknown dataspace from gralloc
02-03 21:47:51.717  1429  1429 W Layer   : gatherBufferInfo: Received unknown dataspace from gralloc
02-03 21:47:51.717  1429  1429 W Layer   : gatherBufferInfo: Received unknown dataspace from gralloc
02-03 21:47:51.718  1429  1429 W ComposerExtn: DisplayExtnImpl::SetActiveConfig: HWC Display 3 is not registered!
02-03 21:47:51.723  1429  1429 W Layer   : gatherBufferInfo: Received unknown dataspace from gralloc
02-03 21:47:51.723  1429  1429 W Layer   : gatherBufferInfo: Received unknown dataspace from gralloc
02-03 21:47:51.726 11425 11425 W RecordingIC: requestCursorUpdates is not supported
02-03 21:47:51.728  1630  3155 V WindowManager: Relayout Window{c86fe25 u0 InputMethod}: viewVisibility=0 req=840x2207 ty=2011 d0
02-03 21:47:51.728  1630  3700 I ActivityManager: Changes in 10111 19 to 5, 0 to 16
02-03 21:47:51.728  1429  4731 I SurfaceFlinger: id=52303 createSurf, flag=44004, InputMethod$_5872#52303
02-03 21:47:51.729  1630  3155 D WindowManager: makeSurface duration=1 name=InputMethod$_5872
