--------- beginning of main
02-03 22:19:10.430  1429  1429 W Layer   : gatherBufferInfo: Received unknown dataspace from gralloc
02-03 22:19:10.446  1429  1429 W Layer   : gatherBufferInfo: Received unknown dataspace from gralloc
02-03 22:19:10.462  1429  1429 W Layer   : gatherBufferInfo: Received unknown dataspace from gralloc
--------- beginning of system
02-03 22:19:10.479   830   830 D io_stats: !@   8,0 r 31072448 943673536 w 9396204 150861784 d 3431280 363276776 f 0 0 iot 16557576 0 th 0 0 0 pt 0 inp 0 0 154452.582
02-03 22:19:10.479  1429  1429 W Layer   : gatherBufferInfo: Received unknown dataspace from gralloc
02-03 22:19:10.480   830   830 D io_stats: !@ Read_top(KB): com.truecaller(19051) 18224 .office.outlook(21716) 2696 loop46(4285) 256
02-03 22:19:10.480   830   830 D io_stats: !@ Write_top(KB): kworker/u16:4(31310) 9448 .office.outlook(21716) 732 .thebrowser.arc(7603) 8
02-03 22:19:10.496  1429  1429 W Layer   : gatherBufferInfo: Received unknown dataspace from gralloc
02-03 22:19:10.512  1429  1429 W Layer   : gatherBufferInfo: Received unknown dataspace from gralloc
02-03 22:19:10.529  1429  1429 W Layer   : gatherBufferInfo: Received unknown dataspace from gralloc
02-03 22:19:10.546  1429  1429 W Layer   : gatherBufferInfo: Received unknown dataspace from gralloc
02-03 22:19:10.562  1429  1429 W Layer   : gatherBufferInfo: Received unknown dataspace from gralloc
02-03 22:19:10.579  1429  1429 W Layer   : gatherBufferInfo: Received unknown dataspace from gralloc
02-03 22:19:10.592  1630  1685 D ActivityManager: force stop from com.android.server.am.ActivityManagerService.forceStopPackage:4 com.android.server.am.ActivityManagerShellCommand.runForceStop:106 com.android.server.am.ActivityManagerShellCommand.onCommand:1709 
02-03 22:19:10.595  1630  1685 I ActivityManager: Force stopping com.pricehunt appid=10418 user=0: from pid 8099
02-03 22:19:10.596  1429  1429 W Layer   : gatherBufferInfo: Received unknown dataspace from gralloc
02-03 22:19:10.603  1630  1685 W ProcessStats: Tracking association SourceState{39e3748 com.android.bluetooth/1002 ImpFg #962960} whose proc state 5 is better than process ProcessState{3ab4955 com.samsung.android.mcfserver/10119 pkg=com.samsung.android.mcfserver} proc state 6 (17 skipped)
02-03 22:19:10.606  1630  1685 D ActivityManager: force stop from com.android.server.am.ActivityManagerService.forceStopPackage:4 com.android.server.am.ActivityManagerShellCommand.runForceStop:106 com.android.server.am.ActivityManagerShellCommand.onCommand:1709 
02-03 22:19:10.606  1630  1685 I ActivityManager: Force stopping com.pricehunt appid=10418 user=10: from pid 8099
02-03 22:19:10.611  1630  1685 W ActivityManager: Invalid packageName: com.pricehunt
02-03 22:19:10.613  1630  2308 I ActivityManager: broadcastAllowList remove BroadcastFilter{54a6b0 10333/u0 ReceiverList{810f9f3 6909 com.spotify.music/10333/u0 remote:b375462}}
02-03 22:19:10.613  1429  1429 W Layer   : gatherBufferInfo: Received unknown dataspace from gralloc
02-03 22:19:10.618  2973  2973 D CarrierSvcBindHelper: onHandleForceStop: [com.pricehunt]
02-03 22:19:10.619  2973  3108 D EuiccConnector: handleMessage: E msg.what=1
02-03 22:19:10.619  2973  3108 D EuiccConnector: processMsg: AvailableState
02-03 22:19:10.619  2973  3108 D EuiccConnector: processMsg: UnavailableState
02-03 22:19:10.622  1630  2751 D LocationManagerService: package com.pricehunt reset
02-03 22:19:10.622  2991  2991 D Navbar.Store: handleEvent(0) OnPackageRemoved(packageName=com.pricehunt) [Module] NavBarStoreImpl
02-03 22:19:10.622  2991  2991 D Navbar.Store: --[Band]TASKBAR_PACK_PACKAGE_REMOVED
02-03 22:19:10.622  2991  2991 D Navbar.Store: --[Band]REMOTE_VIEW_PACK_PACKAGE_REMOVED
02-03 22:19:10.623  2973  3108 D EuiccConnector: transitionTo: destState=AvailableState
02-03 22:19:10.623  2991  3126 D SecSTQuickControlRequestReceiver: onReceive intent = Intent { act=android.intent.action.PACKAGE_RESTARTED dat=package: flg=0x4000010 (has extras) }
02-03 22:19:10.623  2991  2991 D SecSTQuickControlRequestReceiver: onReceiveForPackage action = android.intent.action.PACKAGE_RESTARTED, pkgName = com.pricehunt
02-03 22:19:10.623  2973  2973 D CarrierSvcBindHelper: No carrier app for: 0
02-03 22:19:10.624  2973  2973 D CarrierSvcBindHelper: No carrier app for: 1
02-03 22:19:10.624  2973  3108 D EuiccConnector: handleMessage: new destination call exit/enter
02-03 22:19:10.624  2973  3108 D EuiccConnector: setupTempStateStackWithStatesToEnter: X mTempStateStackCount=1,curStateInfo: state=UnavailableState,active=true,parent=null
02-03 22:19:10.624  2973  3108 D EuiccConnector: invokeExitMethods: AvailableState
02-03 22:19:10.624  2973  3108 D EuiccConnector: moveTempStackToStateStack: i=0,j=1
02-03 22:19:10.624  2973  3108 D EuiccConnector: moveTempStackToStateStack: X mStateStackTop=1,startingIndex=1,Top=AvailableState
02-03 22:19:10.624  2973  3108 D EuiccConnector: invokeEnterMethods: AvailableState
02-03 22:19:10.624  2973  3108 D EuiccConnector: handleMessage: X
02-03 22:19:10.625  2973  2973 D CarrierSvcBindHelper: onHandleForceStop: [com.pricehunt]
02-03 22:19:10.626  2973  2973 D CarrierSvcBindHelper: No carrier app for: 0
02-03 22:19:10.626  2973  2973 D CarrierSvcBindHelper: No carrier app for: 1
02-03 22:19:10.627  1805  7598 I WS1_AfwUtils: Hub app user id: 10
02-03 22:19:10.629  1630  2676 D InputMethodManagerService: isImeSwitcherDisabledPackage : false
02-03 22:19:10.630  1429  1429 W Layer   : gatherBufferInfo: Received unknown dataspace from gralloc
02-03 22:19:10.630  1805  7598 I WS1_Receiver: Received intent: android.intent.action.PACKAGE_RESTARTED
02-03 22:19:10.631  1630  3158 W JobInfo : Job 'com.airwatch.androidagent/com.airwatch.agent.BroadcastIntentService#131' has a deadline with no functional constraints. The deadline won't improve job execution latency. Consider removing the deadline.
02-03 22:19:10.646  1429  1429 W Layer   : gatherBufferInfo: Received unknown dataspace from gralloc
02-03 22:19:10.664  1429  1429 W Layer   : gatherBufferInfo: Received unknown dataspace from gralloc
02-03 22:19:10.669  6716 12947 I ObjectPool@9791306: Ph_[checker Pool remains: , 9, ] [pool-94-thread-1] 
02-03 22:19:10.680  1429  1429 W Layer   : gatherBufferInfo: Received unknown dataspace from gralloc
02-03 22:19:10.681  1630  3158 D ActivityTaskManager: startActivityAsUser: callingPid=8104, callingUid=2000, caller=com.android.server.am.ActivityManagerService.startActivityAsUserWithFeature:28 com.android.server.am.ActivityManagerShellCommand.runStartActivity:569 com.android.server.am.ActivityManagerShellCommand.onCommand:1866 com.android.modules.utils.BasicShellCommandHandler.exec:97 android.os.ShellCommand.exec:38 com.android.server.am.ActivityManagerService.onShellCommand:169 android.os.Binder.shellCommand:1266 
02-03 22:19:10.681  1630  2062 I SemDvfsHyPerManager: acquire hyper - APP_LAUNCH/1630@153, type = -999
02-03 22:19:10.682  1630  3158 W ActivityTaskManager: callingPackage for (uid=2000, pid=8104) has no WPC
02-03 22:19:10.681  1237  1371 I HYPER-HAL: [RequestManager.cpp]acquire(): Acquired ID : 1590589  [1630 / 153]    HINT : APP_LAUNCH    list : 
02-03 22:19:10.682  1630  3158 D ActivityTaskManager: TaskLaunchParamsModifier:task=null activity=null display-area-from-current-params=null display-area-from-default-fallback=DefaultTaskDisplayArea_d0@25965181 display-id=0 task-display-area-windowing-mode=1 suggested-display-area=DefaultTaskDisplayArea_d0@25965181
02-03 22:19:10.682  1237  1371 I HYPER-HAL: [ResourceManager.cpp]updateResource(): [CPULittleMinFreq] UpdateResource Request ID : 1590589    Value : 1804800
02-03 22:19:10.683  1630  3158 W OptProp : Cannot read opt property android.window.PROPERTY_COMPAT_ALLOW_USER_ASPECT_RATIO_OVERRIDE
02-03 22:19:10.683  1630  3158 W OptProp : Cannot read opt property android.window.PROPERTY_COMPAT_ALLOW_USER_ASPECT_RATIO_FULLSCREEN_OVERRIDE
02-03 22:19:10.683  1630  3158 W OptProp : Cannot read opt property android.window.PROPERTY_COMPAT_ALLOW_ORIENTATION_OVERRIDE
02-03 22:19:10.685  1630  3158 V GrammaticalInflectionUtils: AttributionSource: AttributionSource { uid = 10418, packageName = null, attributionTag = null, token = android.os.Binder@54d3220, deviceId = 0, next = null } does not have READ_SYSTEM_GRAMMATICAL_GENDER permission.
02-03 22:19:10.683  6137  6137 I SemDvfsHyPerManager: acquire hyper - APP_START_SHORT/6137@14, type = -999
02-03 22:19:10.685  1630  3158 W OptProp : Cannot read opt property android.window.PROPERTY_COMPAT_ALLOW_RESIZEABLE_ACTIVITY_OVERRIDES
02-03 22:19:10.685  1630  3158 W OptProp : Cannot read opt property android.window.PROPERTY_COMPAT_ALLOW_MIN_ASPECT_RATIO_OVERRIDE
02-03 22:19:10.686  1630  3158 D WindowManager: Transition is created, t=TransitionRecord{545f52 id=-1 type=OPEN flags=0x0}, caller=com.android.server.wm.Transition.<init>:170 com.android.server.wm.ActivityStarter.startActivityUnchecked:330 com.android.server.wm.ActivityStarter.executeRequest:3365 com.android.server.wm.ActivityStarter.execute:1122 com.android.server.wm.ActivityTaskManagerService.startActivityAsUser:88 
02-03 22:19:10.686  6137  6137 I N0      : limitGPUFreq:: freq = -1
02-03 22:19:10.686  1630  3158 D BLASTSyncEngine: SyncGroup is created, id=3037, name=Transition-OPEN, caller=com.android.server.wm.BLASTSyncEngine$SyncGroup.<init>:51 com.android.server.wm.TransitionController.moveToCollecting:78 com.android.server.wm.ActivityStarter.startActivityUnchecked:333 com.android.server.wm.ActivityStarter.executeRequest:3365 com.android.server.wm.ActivityStarter.execute:1122 com.android.server.wm.ActivityTaskManagerService.startActivityAsUser:88 com.android.server.am.ActivityManagerService.startActivityAsUserWithFeature:28 
02-03 22:19:10.686  6137  6137 I N0      : limitCPUFreq:: freq = -1
02-03 22:19:10.686  1630  3158 W BLASTSyncEngine: setSyncMethod, id=3037, method=0, caller=com.android.server.wm.TransitionController.moveToCollecting:90 com.android.server.wm.ActivityStarter.startActivityUnchecked:333 com.android.server.wm.ActivityStarter.executeRequest:3365 
02-03 22:19:10.686  1630  3158 V WindowManager: Start collecting in Transition: TransitionRecord{545f52 id=3037 type=OPEN flags=0x0}, caller=com.android.server.wm.ActivityStarter.startActivityUnchecked:333 com.android.server.wm.ActivityStarter.executeRequest:3365 com.android.server.wm.ActivityStarter.execute:1122 com.android.server.wm.ActivityTaskManagerService.startActivityAsUser:88 com.android.server.am.ActivityManagerService.startActivityAsUserWithFeature:28 
02-03 22:19:10.687  1630  3158 V WindowManager: Collecting in transition 3037: ActivityRecord{463c223 u0 com.pricehunt/.presentation.MainActivity, caller=com.android.server.wm.TransitionController.collect:7 com.android.server.wm.ActivityStarter.startActivityUnchecked:626 com.android.server.wm.ActivityStarter.executeRequest:3365 com.android.server.wm.ActivityStarter.execute:1122 com.android.server.wm.ActivityTaskManagerService.startActivityAsUser:88 
02-03 22:19:10.687  1630  3158 D ActivityTaskManager: TaskLaunchParamsModifier:task=null activity=ActivityRecord{463c223 u0 com.pricehunt/.presentation.MainActivity t-1} display-area-from-current-params=null display-area-from-default-fallback=DefaultTaskDisplayArea_d0@25965181 display-id=0 task-display-area-windowing-mode=1 suggested-display-area=DefaultTaskDisplayArea_d0@25965181
02-03 22:19:10.687  1630  3158 D ActivityTaskManager: TaskLaunchParamsModifier:task=null activity=ActivityRecord{463c223 u0 com.pricehunt/.presentation.MainActivity t-1} display-area-from-current-params=null display-area-from-default-fallback=DefaultTaskDisplayArea_d0@25965181 display-id=0 task-display-area-windowing-mode=1 suggested-display-area=DefaultTaskDisplayArea_d0@25965181 non-freeform-task-display-area display-area=DefaultTaskDisplayArea_d0@25965181 default-portrait freeform-size-mismatch=Rect(71, 731 - 769, 1602)
02-03 22:19:10.688  1630  3499 I SemDvfsHyPerManager: acquire hyper - AMS_APP_SWITCH/1630@20, type = -999
02-03 22:19:10.689  1429  1468 I SurfaceFlinger: id=52593 createSurf, flag=24004, Task=4526#52593
02-03 22:19:10.689  1630  3499 D ActivityManagerPerformance: AMP_acquire() APP_SWITCH
02-03 22:19:10.690  1630  4226 D FreecessController: restrictJobsByOlaf: restrict=true, uid=10418
02-03 22:19:10.690  1630  3158 D ActivityTaskManager: TaskLaunchParamsModifier:task=Task{db28320 #4526 type=standard A=10418:com.pricehunt} activity=ActivityRecord{463c223 u0 com.pricehunt/.presentation.MainActivity t-1} display-from-task=0 display-id=0 task-display-area-windowing-mode=1 suggested-display-area=DefaultTaskDisplayArea_d0@25965181 inherit-from-task=fullscreen non-freeform-task-display-area display-area=DefaultTaskDisplayArea_d0@25965181 default-portrait freeform-size-mismatch=Rect(71, 731 - 769, 1602)
02-03 22:19:10.691  1630  3158 V WindowManager: Collecting in transition 3037: Task{db28320 #4526 type=standard A=10418:com.pricehunt}, caller=com.android.server.wm.Transition.collectExistenceChange:42 com.android.server.wm.ActivityStarter.setNewTask:43 com.android.server.wm.ActivityStarter.startActivityInner:2244 com.android.server.wm.ActivityStarter.startActivityUnchecked:639 com.android.server.wm.ActivityStarter.executeRequest:3365 
02-03 22:19:10.691  6137  6137 I SDHMS:o : update midground cpus to 0-2
02-03 22:19:10.691  1237  1371 I HYPER-HAL: [ResourceManager.cpp]updateResource(): [CPUMinFreq] UpdateResource Request ID : 1590589    Value : 2841600
02-03 22:19:10.691  1237  1371 I HYPER-HAL: [RequestManager.cpp]acquire(): Acquired ID : 18920490  [6137 / 14]    HINT : APP_START    list : [TIMEOUT / 1500] 
02-03 22:19:10.691  1630  1630 D OlafRestriction:  olaf state update: state=true
02-03 22:19:10.691  1630  1630 D OlafRestriction:  trigger onRestrictionStateChanged.
02-03 22:19:10.691  1429  1468 I SurfaceFlinger: id=52594 createSurf, flag=84004, ActivityRecord{463c223 u0 com.pricehunt/.presentation.MainActivity t4526}#52594
02-03 22:19:10.692  6036  6036 W ContextImpl: Calling a method in the system process without a qualified user: android.app.ContextImpl.startService:1993 android.content.ContextWrapper.startService:844 android.content.ContextWrapper.startService:844 com.sec.android.diagmonagent.sa.receiver.CFLogReceiver.onReceive:56 android.app.ActivityThread.handleReceiver:5377 
02-03 22:19:10.692  1237  1371 I HYPER-HAL: [ResourceManager.cpp]updateResource(): [CPUMaxFreq] UpdateResource Request ID : 18920490    Value : 2841600
02-03 22:19:10.692  1630  3158 D ActivityTaskManager: scheduleTopResumedActivityChanged, onTop=false, r=ActivityRecord{1e03385 u0 com.sec.android.app.launcher/.activities.LauncherActivity t4013}, caller=com.android.server.wm.ActivityTaskSupervisor.scheduleTopResumedActivityStateLossIfNeeded:11 com.android.server.wm.ActivityTaskSupervisor.updateTopResumedActivityIfNeeded:19 com.android.server.wm.TaskDisplayArea.positionChildAt:270 com.android.server.wm.Task.moveToFront:443 com.android.server.wm.ActivityStarter.startActivityInner:2407 com.android.server.wm.ActivityStarter.startActivityUnchecked:639 
02-03 22:19:10.692  1237  1371 I HYPER-HAL: [RequestManager.cpp]releaseLocked(): Released ID : 18859015
02-03 22:19:10.692  1237  1371 I HYPER-HAL: [ResourceManager.cpp]removeResource(): [CPUMaxFreq] RemoveResource Request ID : 18846732
02-03 22:19:10.692  1630  3158 V WindowManager: Checking theme of starting window: 0x7f0c0008
02-03 22:19:10.692  1630  3158 V WindowManager: Translucent=false Floating=false ShowWallpaper=false Disable=false
02-03 22:19:10.693  1237  1371 I HYPER-HAL: [RequestManager.cpp]releaseLocked(): Released ID : 18846732
02-03 22:19:10.693  1237  1371 I HYPER-HAL: [RequestManager.cpp]acquire(): Acquired ID : 1362095  [1630 / 20]    HINT : AMS_APP_SWITCH    list : 
02-03 22:19:10.693  1630  3158 D ActivityTaskManager: addStartingWindow: type=2 typeParameter=8b
02-03 22:19:10.693  1630  3158 V WindowManager: Creating SplashScreenStartingData
02-03 22:19:10.693  1630  3158 V WindowManager: Add starting ActivityRecord{463c223 u0 com.pricehunt/.presentation.MainActivity t4526}: startingData=SplashScreenStartingData{d34d595 waitForSyncTransactionCommit=false removeAfterTransaction= 0}
02-03 22:19:10.693  1237  1371 I HYPER-HAL: [ResourceManager.cpp]updateResource(): [CPULittleMinFreq] UpdateResource Request ID : 1362095    Value : 1804800
02-03 22:19:10.694  1630  3158 V WindowManager: Added starting ActivityRecord{463c223 u0 com.pricehunt/.presentation.MainActivity t4526}: startingWindow=null startingView=com.android.server.wm.StartingSurfaceController$StartingSurface@ed086aa
02-03 22:19:10.695  1630  3158 V WindowManager: Collecting in transition 3037: ActivityRecord{463c223 u0 com.pricehunt/.presentation.MainActivity t4526}, caller=com.android.server.wm.Transition.collectExistenceChange:42 com.android.server.wm.ActivityStarter.handleStartResult:523 com.android.server.wm.ActivityStarter.startActivityUnchecked:653 com.android.server.wm.ActivityStarter.executeRequest:3365 com.android.server.wm.ActivityStarter.execute:1122 
02-03 22:19:10.695  1630  3158 V WindowManager: Requesting StartTransition: TransitionRecord{545f52 id=3037 type=OPEN flags=0x0}, caller=com.android.server.wm.ActivityStarter.handleStartResult:677 com.android.server.wm.ActivityStarter.startActivityUnchecked:653 com.android.server.wm.ActivityStarter.executeRequest:3365 com.android.server.wm.ActivityStarter.execute:1122 com.android.server.wm.ActivityTaskManagerService.startActivityAsUser:88 
02-03 22:19:10.695  1630  3158 I Pageboost: stop alp
02-03 22:19:10.695  1630  3158 I ActivityTaskManager: START u0 {flg=0x10000000 cmp=com.pricehunt/.presentation.MainActivity} with LAUNCH_MULTIPLE from uid 2000 (BAL_ALLOW_PERMISSION) result code=0
02-03 22:19:10.695  1630  3158 I SemDvfsHyPerManager: acquire hyper - AMS_APP_LAUNCH/1630@17, type = -999
02-03 22:19:10.695  1429  1429 I SurfaceFlinger: [Task=4526#52593] attach to parent LayerHierarchy{RequestedLayerState{DefaultTaskDisplayArea_d0#12 parentId=11} 56 children}
02-03 22:19:10.695  1429  1429 I SurfaceFlinger: [ActivityRecord{463c223 u0 com.pricehunt/.presentation.MainActivity t4526}#52594] attach to parent LayerHierarchy{RequestedLayerState{Task=4526#52593 parentId=12} 1 children}
02-03 22:19:10.696  1237  1371 I HYPER-HAL: [ResourceManager.cpp]updateResource(): [CPUMinFreq] UpdateResource Request ID : 1362095    Value : 2841600
02-03 22:19:10.696  4249  4249 E pageboostd: Received HALT command code 2
02-03 22:19:10.696  1237  1371 I HYPER-HAL: [RequestManager.cpp]acquire(): Acquired ID : 1357145  [1630 / 17]    HINT : AMS_APP_LAUNCH    list : 
02-03 22:19:10.696  1237  1371 I HYPER-HAL: [ResourceManager.cpp]updateResource(): [CPULittleMinFreq] UpdateResource Request ID : 1357145    Value : 1804800
02-03 22:19:10.697  3474  3989 I HoneySpace.SPayHandler: updateSpayHandler launcher activity is paused false
02-03 22:19:10.697  3474  3474 I HoneySpace.Launcher: !@Boot_EBS_D: Launcher.onPause()
02-03 22:19:10.698  1237  1371 I HYPER-HAL: [ResourceManager.cpp]updateResource(): [CPUMinFreq] UpdateResource Request ID : 1357145    Value : 2841600
02-03 22:19:10.698  3474  3474 I HoneySpace.Launcher: updateLauncherShowing true -> false
02-03 22:19:10.698  3474 27174 I HoneySpace.TaskbarVisibilityController: launcher showing: false recent showing: false 
02-03 22:19:10.698  6137  6137 I SemDvfsHyPerManager: acquire hyper - APP_START_SHORT/6137@14, type = -999
02-03 22:19:10.699  6137  6137 I SDHMS:o : update midground cpus to 0-2
02-03 22:19:10.699  1429  1429 W Layer   : gatherBufferInfo: Received unknown dataspace from gralloc
02-03 22:19:10.699  6137  6137 I SemDvfsHyPerManager: acquire hyper - APP_START/6137@16, type = -999
02-03 22:19:10.699  6137  6137 I SDHMS:o : update midground cpus to 0-2
02-03 22:19:10.699  2991  3104 I ViewRootImpl: dVRR is disabled
02-03 22:19:10.700  2991  3146 D NativeCustomFrequencyManager: [NativeCFMS] BpCustomFrequencyManager::BpCustomFrequencyManager()
02-03 22:19:10.701  1237  1371 I HYPER-HAL: [RequestManager.cpp]acquire(): Acquired ID : 18920490  [6137 / 14]    HINT : APP_START    list : [TIMEOUT / 1500] 
02-03 22:19:10.701  1237  1371 I HYPER-HAL: [ResourceManager.cpp]updateResource(): [CPUMaxFreq] UpdateResource Request ID : 18920490    Value : 2841600
02-03 22:19:10.701  1237  1371 I HYPER-HAL: [RequestManager.cpp]acquire(): Acquired ID : 18932797  [6137 / 16]    HINT : APP_START    list : 
02-03 22:19:10.701  1630  1685 V WindowManager: Collecting in transition 3037: ActivityRecord{463c223 u0 com.pricehunt/.presentation.MainActivity t4526}, caller=com.android.server.wm.TransitionController.collect:7 com.android.server.wm.ActivityRecord.setVisibility:189 com.android.server.wm.EnsureActivitiesVisibleHelper.setActivityVisibilityState:221 com.android.server.wm.EnsureActivitiesVisibleHelper.process:270 com.android.server.wm.TaskFragment.updateActivityVisibilities:12 
02-03 22:19:10.701  1630  1685 V WindowManager: Collecting in transition 3037: ActivityRecord{1e03385 u0 com.sec.android.app.launcher/.activities.LauncherActivity t4013}, caller=com.android.server.wm.TransitionController.collect:7 com.android.server.wm.ActivityRecord.setVisibility:189 com.android.server.wm.ActivityRecord.makeInvisible:39 com.android.server.wm.EnsureActivitiesVisibleHelper.setActivityVisibilityState:406 com.android.server.wm.EnsureActivitiesVisibleHelper.process:270 
02-03 22:19:10.701  1630  1685 D WindowManager: prepareSync <SYNC_STATE_WAITING_FOR_DRAW>, mPrepareSyncSeqId=0, win=Window{48def57 u0 com.sec.android.app.launcher/com.sec.android.app.launcher.activities.LauncherActivity}
02-03 22:19:10.701  1630  1685 D WindowManager: prepareSync <SYNC_STATE_WAITING_FOR_DRAW>, mPrepareSyncSeqId=0, win=Window{f5d329f u0 com.sec.android.app.launcher/com.sec.android.app.launcher.activities.LauncherActivity}
02-03 22:19:10.701  1630  1685 V WindowManager: Collecting in transition 3037: WallpaperWindowToken{755951b token=android.os.Binder@b9e432a}_<lock|non-primary>, caller=com.android.server.wm.Transition.collect:275 com.android.server.wm.TransitionController.collect:7 com.android.server.wm.ActivityRecord.setVisibility:189 com.android.server.wm.ActivityRecord.makeInvisible:39 com.android.server.wm.EnsureActivitiesVisibleHelper.setActivityVisibilityState:406 
02-03 22:19:10.701  1630  1685 V WindowManager: Collecting in transition 3037: WallpaperWindowToken{e9c47b2 token=android.os.Binder@b7cf914}_<system|non-primary>, caller=com.android.server.wm.Transition.collect:300 com.android.server.wm.TransitionController.collect:7 com.android.server.wm.ActivityRecord.setVisibility:189 com.android.server.wm.ActivityRecord.makeInvisible:39 com.android.server.wm.EnsureActivitiesVisibleHelper.setActivityVisibilityState:406 
02-03 22:19:10.701  2991  3068 V WindowManagerShell: Transition requested (#3037): android.os.BinderProxy@596fbaf TransitionRequestInfo { type = OPEN, triggerTask = TaskInfo{userId=0 taskId=4526 displayId=0 isRunning=true baseIntent=Intent { flg=0x10000000 cmp=com.pricehunt/.presentation.MainActivity } baseActivity=ComponentInfo{com.pricehunt/com.pricehunt.presentation.MainActivity} topActivity=ComponentInfo{com.pricehunt/com.pricehunt.presentation.MainActivity} origActivity=null realActivity=ComponentInfo{com.pricehunt/com.pricehunt.presentation.MainActivity} numActivities=1 lastActiveTime=342507236 supportsMultiWindow=true resizeMode=1 isResizeable=true minWidth=-1 minHeight=-1 maxWidth=-1 maxHeight=-1 defaultMinSize=220 token=WCT{android.window.IWindowContainerToken$Stub$Proxy@a52abbc} topActivityType=1 pictureInPictureParams=null shouldDockBigOverlays=false launchIntoPipHostTaskId=-1 lastParentTaskIdBeforePip=-1 displayCutoutSafeInsets=Rect(0, 82 - 0, 0) topActivityInfo=ActivityInfo{4ee9745 com.pricehunt.presentation.MainActivity} launchCookies=[] positionInParent=Point(0, 0) parentTaskId=-1 isFocused=false isVisible=false isVisibleRequested=false isSleeping=false topActivityInSizeCompat=false locusId=null displayAreaFeatureId=1 isTopActivityTransparent=false isTopActivityStyleFloating=false appCompatTaskInfo=AppCompatTaskInfo { topActivityInSizeCompat=false eligibleForLetterboxEducation= false isLetterboxEducationEnabled= false isLetterboxDoubleTapEnabled= false eligibleForUserAspectRatioButton= false topActivityBoundsLetterboxed= false isFromLetterboxDoubleTap= false topActivityLetterboxVerticalPosition= -1 topActivityLetterboxHorizontalPosition= -1 topActivityLetterboxWidth=840 topActivityLetterboxHeight=2289 topActivityLetterboxAppWidth=840 topActivityLetterboxAppHeight=2168 isUserFullscreenOverrideEnabled=false isSystemFullscreenOverrideEnabled=false hasMinAspectRatioOverride=false cameraCompatTaskInfo=CameraCompatTaskInfo { freeformCameraCompatMode=inactive} topActivityBounds=null topActivityInDisplayCompat=false} originallySupportedMultiWindow=true hasWallpaper=false rootAffinity=10418:com.pricehunt isTopTaskInStage=false topActivityUiMode=33 CoverLauncherWidgetTask=false isAllowedSeamlessRotation=false isTopTransparentActivity=false snappingGuideBounds=Rect(71, 731 - 769, 1602) isAliasManaged=false hasConfigChanged=false isAiKeyRemoveAppTask=false}, pipTask = null, remoteTransition = null, displayChange = null, flags = 0, debugId = 3037 }
02-03 22:19:10.702  1630  2680 D InputTransport: Input channel constructed: '9086376', fd=1197
02-03 22:19:10.702  1630  2680 D InputTransport: Input channel constructed: '9086376', fd=1231
02-03 22:19:10.702  1630  2680 D InputTransport: Input channel constructed: '9086376', fd=1246
02-03 22:19:10.702  1630  2680 D WindowManager: prepareSync <SYNC_STATE_WAITING_FOR_DRAW>, mPrepareSyncSeqId=0, win=Window{9086376 u0 Splash Screen com.pricehunt}
02-03 22:19:10.703  3474  3648 I HoneySpace.TopTaskSource: onTaskMovedToFront : taskId = 4526, displayId = 0
02-03 22:19:10.703  1429  1473 I SurfaceFlinger: id=52595 createSurf, flag=84004, 9086376 Splash Screen com.pricehunt#52595
02-03 22:19:10.703  1237  1371 I HYPER-HAL: [ResourceManager.cpp]updateResource(): [CPUMaxFreq] UpdateResource Request ID : 18932797    Value : 2841600
02-03 22:19:10.703  1630  2680 D RestrictionPolicy: isScreenCaptureEnabled : ret=true userId=0
02-03 22:19:10.703  1630  1955 V GrammaticalInflectionUtils: AttributionSource: AttributionSource { uid = 10418, packageName = null, attributionTag = null, token = android.os.Binder@54d3220, deviceId = 0, next = null } does not have READ_SYSTEM_GRAMMATICAL_GENDER permission.
02-03 22:19:10.703  1630  2680 V WindowManager: addWindow: ActivityRecord{463c223 u0 com.pricehunt/.presentation.MainActivity t4526} startingWindow=Window{9086376 u0 Splash Screen com.pricehunt}
02-03 22:19:10.703  3474  3650 I HoneySpace.TopTaskUseCase: topTaskId 4526, DisplayId : 0
02-03 22:19:10.704  1630  2680 V WindowManager: rotationForOrientation(orient=SCREEN_ORIENTATION_UNSPECIFIED (-1), last=ROTATION_0 (0)); user=ROTATION_0 (0) USER_ROTATION_LOCKED
02-03 22:19:10.704  1630  2680 D WindowManager: rotationForOrientation, orientationSource=ActivityRecord{463c223 u0 com.pricehunt/.presentation.MainActivity t4526}
02-03 22:19:10.704  1630  2680 D InputTransport: Input channel destroyed: '9086376', fd=1246
02-03 22:19:10.704  2991  3104 D InputTransport: Input channel constructed: '9086376', fd=1044
02-03 22:19:10.704  1630  3158 V WindowManager: Starting Transition 3037, caller=com.android.server.wm.WindowOrganizerController.startTransition:37 com.android.server.wm.WindowOrganizerController.startTransition:1 android.window.IWindowOrganizerController$Stub.onTransact:271 
02-03 22:19:10.704  2991  3104 I InsetsController: onStateChanged: host=Splash Screen com.pricehunt, from=android.view.ViewRootImpl.setView:1999, state=InsetsState: {mDisplayFrame=Rect(0, 0 - 840, 2289), mDisplayCutout=DisplayCutout{insets=Rect(0, 82 - 0, 0) waterfall=Insets{left=0, top=0, right=0, bottom=0} boundingRect={Bounds=[Rect(0, 0 - 0, 0), Rect(389, 0 - 451, 82), Rect(0, 0 - 0, 0), Rect(0, 0 - 0, 0)]} cutoutPathParserInfo={CutoutPathParserInfo{displayWidth=840 displayHeight=2289 physicalDisplayWidth=840 physicalDisplayHeight=2289 density={2.65} cutoutSpec={M 0,0 H -11.80952380952381 V 30.85714285714286 H 11.80952380952381 V 0 H 0 Z @dp} rotation={0} scale={1.0} physicalPixelDisplaySizeRatio={1.0}}} sideOverrides={}}, mRoundedCorners=RoundedCorners{[RoundedCorner{position=TopLeft, radius=58, center=Point(58, 58)}, RoundedCorner{position=TopRight, radius=58, center=Point(782, 58)}, RoundedCorner{position=BottomRight, radius=58, center=Point(782, 2231)}, RoundedCorner{position=BottomLeft, radius=58, center=Point(58, 2231)}]}  mRoundedCornerFrame=Rect(0, 0 - 840, 2289), mPrivacyIndicatorBounds=PrivacyIndicatorBounds {static bounds=Rect(724, 0 - 840, 82) rotation=0}, mDisplayShape=DisplayShape{ spec=-311912193 displayWidth=832 displayHeight=2268 physicalPixelDisplaySizeRatio=1.0 rotation=0 offsetX=0 offsetY=0 scale=1.0}, mSources= { InsetsSource: {9d0a0001 mType=navigationBars mFrame=[0,2250][840,2289] mVisible=true mFlags=SUPPRESS_SCRIM mSideHint=BOTTOM mBoundingRects=null}, InsetsSource: {9d0a0004 mType=systemGestures mFrame=[0,0][78,2289] mVisible=true mFlags= mSideHint=LEFT mBoundingRects=null}, InsetsSource: {9d0a0005 mType=mandatorySystemGestures mFrame=[0,2205][840,2289] mVisible=true mFlags= mSideHint=BOTTOM mBoundingRects=null}, InsetsSource: {9d0a0006 mType=tappableElement mFrame=[0,0][0,0] mVisible=true mFlags= mSideHint=NONE mBoundingRects=null}, InsetsSource: {9d0a0024 mType=systemGestures mFrame=[762,0][840,2289] mVisible=true mFlags= mSideHint=RIGHT mBoundingRects=null}, InsetsSource: {3 mType=ime mFrame=[0,0][0,0] mVisible=false mFlags= mSideHint=NONE mBoundingRects=null}, InsetsSource: {27 mType=displayCutout mFrame=[0,0][840,82] mVisible=true mFlags= mSideHint=TOP mBoundingRects=null}, InsetsSource: {4df90004 mType=systemGestures mFrame=[0,0][0,0] mVisible=false mFlags= mSideHint=NONE mBoundingRects=null}, InsetsSource: {4df90005 mType=mandatorySystemGestures mFrame=[0,0][0,0] mVisible=false mFlags= mSideHint=NONE mBoundingRects=null}, InsetsSource: {4df90006 mType=tappableElement mFrame=[0,0][0,0] mVisible=false mFlags= mSideHint=NONE mBoundingRects=null}, InsetsSource: {4df90024 mType=systemGestures mFrame=[0,0][0,0] mVisible=false mFlags= mSideHint=NONE mBoundingRects=null}, InsetsSource: {68930000 mType=statusBars mFrame=[0,0][840,82] mVisible=true mFlags= mSideHint=TOP mBoundingRects=null}, InsetsSource: {68930005 mType=mandatorySystemGestures mFrame=[0,0][840,114] mVisible=true mFlags= mSideHint=TOP mBoundingRects=null}, InsetsSource: {68930006 mType=tappableElement mFrame=[0,0][840,82] mVisible=true mFlags= mSideHint=TOP mBoundingRects=null} }
02-03 22:19:10.705  2991  3104 I VRI[pricehunt]@d89978e: synced displayState. AttachInfo displayState=2
02-03 22:19:10.705  2991  3104 I VRI[pricehunt]@d89978e: setView = android.widget.FrameLayout@77cc7a8 IsHRR=false TM=true
02-03 22:19:10.705  2991  3146 D HWUI    : HWUI - treat SMPTE_170M as sRGB
02-03 22:19:10.705  1630  4226 I AS.AudioService: uid: 10333 is using audio
02-03 22:19:10.706  1630  2676 D InputMethodManagerService: isImeSwitcherDisabledPackage : false
02-03 22:19:10.708  1630  1955 D SGM:FgCheckThread: notePauseComponent(), received pkgName: com.sec.android.app.launcher, userId: 0
02-03 22:19:10.708  1630  1955 D SGM:FgCheckThread: notePauseComponent(), received pkgName: com.sec.android.app.launcher, userId: 0
02-03 22:19:10.708  1630  1955 D SGM:FgCheckThread: notifyFocusInOut(). of pkg: com.sec.android.app.launcher, type: 20, isSecGameFamily: false, userId: 0
02-03 22:19:10.708  1630  1955 D SGM:GameManager: identifyGamePackage. com.sec.android.app.launcher, mCurrentUserId: 0, callerUserId: 0, callingMethodInfo: com.samsung.android.game.SemGameManager.isGamePackage(SemGameManager.java:105)
02-03 22:19:10.708  1630  1955 D SGM:SemGameManager: isGamePackage(), pkgName=com.sec.android.app.launcher, ret=false
02-03 22:19:10.708  1630  1955 D SGM:FgCheckThread:   notifyFocusInOut(). unexpected type. 20
02-03 22:19:10.709  1700  2553 I CameraService: onUidStateChanged: uid=10051, procState is changed. (0 -> 1)
02-03 22:19:10.709  1630  2849 D SemWifiTransportLayerMonitor.TcpMonitorHandler: MSG_SAVE_PACKAGE_INFO
02-03 22:19:10.709  1630  2849 D SemWifiTransportLayerFileManager: saveWifiPackageInfoToFile
02-03 22:19:10.709  1630  2849 D SemWifiTransportLayerFileManager: writeWifiPackageInfoList
02-03 22:19:10.711  3474  3989 I HoneySpace.RecentTasks: onRecentTasksChanged
02-03 22:19:10.711  3474 31802 I HoneySpace.RecentTasks: onRecentTasksChanged
02-03 22:19:10.712  1429  1429 I SurfaceFlinger: [9086376 Splash Screen com.pricehunt#52595] attach to parent LayerHierarchy{RequestedLayerState{ActivityRecord{463c223 u0 com.pricehunt/.presentation.MainActivity t4526}#52594 parentId=52593} 1 children}
02-03 22:19:10.713  1429  1429 W Layer   : gatherBufferInfo: Received unknown dataspace from gralloc
02-03 22:19:10.713  1630  2792 I CocktailBarManagerServiceContainer: handleMessage: entry what = 6
02-03 22:19:10.714  1630  2680 V WindowManager: Relayout Window{9086376 u0 Splash Screen com.pricehunt}: viewVisibility=0 req=840x2289 ty=3 d0
02-03 22:19:10.714  1429  1468 I SurfaceFlinger: id=52596 createSurf, flag=44004, Splash Screen com.pricehunt$_2991#52596
02-03 22:19:10.715  1630  2680 D WindowManager: makeSurface duration=1 name=Splash Screen com.pricehunt$_2991
02-03 22:19:10.716  1630  2680 D WindowManager: Changing focus from Window{f5d329f u0 com.sec.android.app.launcher/com.sec.android.app.launcher.activities.LauncherActivity} to null displayId=0 Callers=com.android.server.wm.WindowManagerService.relayoutWindowInner:142 com.android.server.wm.WindowManagerService.relayoutWindow:6 com.android.server.wm.Session.relayout:27 android.view.IWindowSession$Stub.onTransact:861 
02-03 22:19:10.716  1630  2680 V SystemKeyManager: updateFocusedWindow() is called, 
02-03 22:19:10.717  1630  5992 D CoreBackPreview: Window{9086376 u0 Splash Screen com.pricehunt}: Setting back callback OnBackInvokedCallbackInfo{mCallback=android.window.IOnBackInvokedCallback$Stub$Proxy@7a0064f, mPriority=0, mIsAnimationCallback=false}
02-03 22:19:10.717  1630  2680 V WindowManager: Relayout hash=9086376, pid=2991, syncId=-1: mAttrs={(0,0)(fillxfill) sim={adjust=pan} ty=APPLICATION_STARTING fmt=TRANSLUCENT wanim=0x1030312
02-03 22:19:10.717  1630  2680 V WindowManager:   fl=81030118
02-03 22:19:10.717  1630  2680 V WindowManager:   pfl=10000010
02-03 22:19:10.717  1630  2680 V WindowManager:   bhv=1
02-03 22:19:10.717  1630  2680 V WindowManager:   fitSides=0
02-03 22:19:10.717  1630  2680 V WindowManager:   frameRateBoostOnTouch=true
02-03 22:19:10.717  1630  2680 V WindowManager:   dvrrWindowFrameRateHint=true naviIconColor=0}
02-03 22:19:10.718  2991  3104 I BufferQueueProducer: [](id:baf000008f9,api:0,p:7209057,c:2991) setDequeueTimeout:2077252342
02-03 22:19:10.718  2991  3104 I BLASTBufferQueue_Java: new BLASTBufferQueue, mName= VRI[pricehunt]@d89978e mNativeObject= 0xb400007c70a5fd10 sc.mNativeObject= 0xb400007e108e9990 caller= android.view.ViewRootImpl.updateBlastSurfaceIfNeeded:3397 android.view.ViewRootImpl.relayoutWindow:11361 android.view.ViewRootImpl.performTraversals:4544 android.view.ViewRootImpl.doTraversal:3708 android.view.ViewRootImpl$TraversalRunnable.run:12542 android.view.Choreographer$CallbackRecord.run:1751 android.view.Choreographer$CallbackRecord.run:1760 android.view.Choreographer.doCallbacks:1216 android.view.Choreographer.doFrame:1142 android.view.Choreographer$FrameDisplayEventReceiver.run:1707 
02-03 22:19:10.719  2991  3104 I BLASTBufferQueue_Java: update, w= 840 h= 2289 mName = VRI[pricehunt]@d89978e mNativeObject= 0xb400007c70a5fd10 sc.mNativeObject= 0xb400007e108e9990 format= -3 caller= android.graphics.BLASTBufferQueue.<init>:88 android.view.ViewRootImpl.updateBlastSurfaceIfNeeded:3397 android.view.ViewRootImpl.relayoutWindow:11361 android.view.ViewRootImpl.performTraversals:4544 android.view.ViewRootImpl.doTraversal:3708 android.view.ViewRootImpl$TraversalRunnable.run:12542 
02-03 22:19:10.719  1110  1110 D Zygote  : Forked child process 8113
02-03 22:19:10.719  2991  3104 W libc    : Access denied finding property "vendor.display.enable_optimal_refresh_rate"
02-03 22:19:10.719  2991  3104 W libc    : Access denied finding property "vendor.gpp.create_frc_extension"
02-03 22:19:10.719  2991  3104 I VRI[pricehunt]@d89978e: Relayout returned: old=(0,0,840,2289) new=(0,0,840,2289) relayoutAsync=false req=(840,2289)0 dur=5 res=0x3 s={true 0xb400007cb0d2e8c0} ch=true seqId=0
02-03 22:19:10.720  1630  2063 I ActivityManager: Start proc 8113:com.pricehunt/u0a418 for next-top-activity {com.pricehunt/com.pricehunt.presentation.MainActivity}
02-03 22:19:10.720  1630  2063 D DynamicHiddenApp_BGProtectManager: [SecIpm] it's a ML_TYPE_EMPTYPROCESS protected process com.pricehunt
02-03 22:19:10.720  2991  3104 I VRI[pricehunt]@d89978e: performConfigurationChange setNightDimText nightDimLevel=0
02-03 22:19:10.721  2991  3104 D VRI[pricehunt]@d89978e: mThreadedRenderer.initialize() mSurface={isValid=true 0xb400007cb0d2e8c0} hwInitialized=true
02-03 22:19:10.721  2991  3104 D VRI[pricehunt]@d89978e: reportNextDraw android.view.ViewRootImpl.performTraversals:5193 android.view.ViewRootImpl.doTraversal:3708 android.view.ViewRootImpl$TraversalRunnable.run:12542 android.view.Choreographer$CallbackRecord.run:1751 android.view.Choreographer$CallbackRecord.run:1760 
02-03 22:19:10.721  2991  3104 D VRI[pricehunt]@d89978e: Setup new sync=wmsSync-VRI[pricehunt]@d89978e#27
02-03 22:19:10.721  2991  3104 I VRI[pricehunt]@d89978e: Creating new active sync group VRI[pricehunt]@d89978e#28
02-03 22:19:10.721  2991  3104 D VRI[pricehunt]@d89978e: registerCallbacksForSync syncBuffer=false
02-03 22:19:10.722  1630  5992 W ParceledListSlice: Element #16 is 21876 bytes.
02-03 22:19:10.722  2991  3756 D VRI[pricehunt]@d89978e: Received frameDrawingCallback syncResult=0 frameNum=1.
02-03 22:19:10.722  1630  1685 W ParceledListSlice: Element #22 is 23412 bytes.
02-03 22:19:10.722  2991  3756 I VRI[pricehunt]@d89978e: mWNT: t=0xb400007c410e5f50 mBlastBufferQueue=0xb400007c70a5fd10 fn= 1 HdrRenderState mRenderHdrSdrRatio=1.0 caller= android.view.ViewRootImpl$11.onFrameDraw:15016 android.view.ThreadedRenderer$1.onFrameDraw:761 <bottom of call stack> 
02-03 22:19:10.722  2991  3756 I VRI[pricehunt]@d89978e: Setting up sync and frameCommitCallback
02-03 22:19:10.724  2991  3146 I BLASTBufferQueue: [VRI[pricehunt]@d89978e#2296](f:0,a:0,s:0) onFrameAvailable the first frame is available
02-03 22:19:10.724  2991  3146 I SurfaceComposerClient: apply transaction with the first frame. layerId: 52596, bufferData(ID: 12846247216260, frameNumber: 1)
02-03 22:19:10.725  2991  3146 I VRI[pricehunt]@d89978e: Received frameCommittedCallback lastAttemptedDrawFrameNum=1 didProduceBuffer=true
02-03 22:19:10.725  1429  1468 I SurfaceFlinger: [Splash Screen com.pricehunt$_2991#52596] setTransactionState with the first frame. bufferData(ID: 12846247216260, frameNumber: 1)
02-03 22:19:10.725  2991  3146 D HWUI    : CFMS:: SetUp Pid : 2991    Tid : 3146
02-03 22:19:10.725  2991  3104 D VRI[pricehunt]@d89978e: reportDrawFinished seqId=0
02-03 22:19:10.726  1630  2680 W ParceledListSlice: Element #34 is 24684 bytes.
02-03 22:19:10.726  1630  3143 D WindowManager: finishDrawingWindow: Window{9086376 u0 Splash Screen com.pricehunt} mDrawState=DRAW_PENDING seqId=0
02-03 22:19:10.726  1630  3143 V WindowManager: Finishing drawing window Window{9086376 u0 Splash Screen com.pricehunt}: mDrawState=DRAW_PENDING
02-03 22:19:10.726  1630  3143 V WindowManager: Draw state now committed in Window{9086376 u0 Splash Screen com.pricehunt}
02-03 22:19:10.726  1630  1956 V WindowManager: SyncGroup 3037: Finished!
02-03 22:19:10.726  1630  1956 V WindowManager: performShowLocked: mDrawState=HAS_DRAWN in Window{9086376 u0 Splash Screen com.pricehunt}
02-03 22:19:10.727  1630  1956 D WindowManagerServiceExt: updateTaskbarTargetIfNeeded: cn=ComponentInfo{com.pricehunt/com.pricehunt.presentation.MainActivity} occludesParent=true isInSplitScreenMode=false styleFloating=false
02-03 22:19:10.727  1630  1956 D ChangeTransitionController: onTransactionReady: TransitionRecord{545f52 id=3037 type=OPEN flags=0x0}
02-03 22:19:10.727  1630  1956 V WindowManager: Start calculating TransitionInfo based on participants: {ActivityRecord{1e03385 u0 com.sec.android.app.launcher/.activities.LauncherActivity t4013}, ActivityRecord{463c223 u0 com.pricehunt/.presentation.MainActivity t4526}, WallpaperWindowToken{755951b token=android.os.Binder@b9e432a}_<lock|non-primary>, Task{db28320 #4526 type=standard A=10418:com.pricehunt}, WallpaperWindowToken{e9c47b2 token=android.os.Binder@b7cf914}_<system|non-primary>}
02-03 22:19:10.727  1630  1956 V WindowManager:   Final targets: [Task{db28320 #4526 type=standard A=10418:com.pricehunt}, Task{63283a6 #1 type=home}, WallpaperWindowToken{e9c47b2 token=android.os.Binder@b7cf914}_<system|non-primary>]
02-03 22:19:10.727  3474  3474 I HoneySpace.TaskbarVisibilityController: onTaskbarIconVisibleChangeRequest return by cover state
02-03 22:19:10.727  1429  1468 I SurfaceFlinger: id=52597 createSurf, flag=84004, Transition Root: Task=4526#52597
02-03 22:19:10.729  1630  1956 I SurfaceControlRegistry: show, t=StartTransaction_SyncId<3037> sc=ActivityRecord{463c223 u0 com.pricehunt/.presentation.MainActivity t4526}, caller=android.view.SurfaceControl$Transaction.show:3232 com.android.server.wm.Transition.onTransactionReady:2273 com.android.server.wm.BLASTSyncEngine$SyncGroup.finishNow:202 com.android.server.wm.BLASTSyncEngine.onSurfacePlacement:269 com.android.server.wm.RootWindowContainer.performSurfacePlacementNoTrace:494 com.android.server.wm.RootWindowContainer.performSurfacePlacement:9 
02-03 22:19:10.729  2991  3023 W ndroid.systemui: Large reply transaction of 405148 bytes, interface descriptor com.android.wm.shell.recents.IRecentTasks, code 4
02-03 22:19:10.729  1630  1956 V WindowManager: Calling onTransitionReady: {id=3037 t=OPEN f=0x0 trk=0 r=[0@Point(0, 0)] c=[
02-03 22:19:10.729  1630  1956 V WindowManager:         {WCT{RemoteToken{b64925b Task{db28320 #4526 type=standard A=10418:com.pricehunt}}} m=OPEN f=NONE leash=Surface(name=Task=4526)/@0x49f55 sb=Rect(0, 0 - 840, 2289) eb=Rect(0, 0 - 840, 2289) d=0 taskParent=-1 inset=Rect(0, 82 - 0, 39) dim=true},
02-03 22:19:10.729  1630  1956 V WindowManager:         {WCT{RemoteToken{87efa05 Task{63283a6 #1 type=home}}} m=TO_BACK f=SHOW_WALLPAPER|EDGE_EXTENSION_RESTRICTION leash=Surface(name=Task=1)/@0x1902b8f sb=Rect(0, 0 - 840, 2289) eb=Rect(0, 0 - 840, 2289) d=0 taskParent=-1 inset=Rect(0, 82 - 0, 39)},
02-03 22:19:10.729  1630  1956 V WindowManager:         {null m=TO_BACK f=IS_WALLPAPER p=WCT{RemoteToken{92e4ab2 RemoteWallpaperAnim:1:1@44988793}} leash=Surface(name=WallpaperWindowToken{e9c47b2 token=android.os.Binder@b7cf914})/@0xb6f6f95 sb=Rect(0, 0 - 840, 2289) eb=Rect(0, 0 - 840, 2289) d=0 inset=Rect(0, 0 - 0, 0)}
02-03 22:19:10.729  1630  1956 V WindowManager:     ]}
02-03 22:19:10.729  1429  1429 I SurfaceFlinger: [LayerHierarchy{RequestedLayerState{ImeContainer#17 parentId=176 relativeParentId=176 z=1} 1 children}] RelativeParent to null
02-03 22:19:10.729  1429  1429 I SurfaceFlinger: [Splash Screen com.pricehunt$_2991#52596] attach to parent LayerHierarchy{RequestedLayerState{9086376 Splash Screen com.pricehunt#52595 parentId=52594 z=2147483647} 1 children}
02-03 22:19:10.729  1429  1429 I SurfaceFlinger: [Transition Root: Task=4526#52597] attach to parent LayerHierarchy{RequestedLayerState{DefaultTaskDisplayArea_d0#12 parentId=11} 57 children}
02-03 22:19:10.730  2991 32397 V WindowManagerShell: onTransitionReady(transaction=7000796992314)
02-03 22:19:10.730  2991  3068 V WindowManagerShell: onTransitionReady (#3037) android.os.BinderProxy@596fbaf: {id=3037 t=OPEN f=0x0 trk=0 r=[0@Point(0, 0)] c=[{WCT{android.window.IWindowContainerToken$Stub$Proxy@251003e} m=OPEN f=NONE leash=Surface(name=Task=4526)/@0xeb766f2 sb=Rect(0, 0 - 840, 2289) eb=Rect(0, 0 - 840, 2289) d=0 taskParent=-1 inset=Rect(0, 82 - 0, 39) dim=true},{WCT{android.window.IWindowContainerToken$Stub$Proxy@8842e9f} m=TO_BACK f=SHOW_WALLPAPER|EDGE_EXTENSION_RESTRICTION leash=Surface(name=Task=1)/@0x6a0c143 sb=Rect(0, 0 - 840, 2289) eb=Rect(0, 0 - 840, 2289) d=0 taskParent=-1 inset=Rect(0, 82 - 0, 39)},{null m=TO_BACK f=IS_WALLPAPER p=WCT{android.window.IWindowContainerToken$Stub$Proxy@4767bec} leash=Surface(name=WallpaperWindowToken{e9c47b2 token=android.os.Binder@b7cf914})/@0xa26e3c0 sb=Rect(0, 0 - 840, 2289) eb=Rect(0, 0 - 840, 2289) d=0 inset=Rect(0, 0 - 0, 0)}]}
02-03 22:19:10.731  2991  3068 I SurfaceControlRegistry: hide, t=FinishTransaction_SyncId<3037> sc=Task=1, caller=android.view.SurfaceControl$Transaction.hide:3258 com.android.wm.shell.transition.Transitions.dispatchReady:929 com.android.wm.shell.transition.Transitions.onTransitionReady:243 com.android.wm.shell.transition.Transitions$TransitionPlayerImpl$$ExternalSyntheticLambda0.run:13 android.os.Handler.handleCallback:959 android.os.Handler.dispatchMessage:100 
02-03 22:19:10.731  1630  1956 D PowerManagerService: [api] setPowerBoost(L) boost:0, durationMs:0, caller (uid: 1000 pid: 1630) <- m() in com.android.server.display.DisplayManagerService$BinderService$$ExternalSyntheticOutline0:1
02-03 22:19:10.731  2991  3068 I SurfaceControlRegistry: show, t=StartTransaction_SyncId<3037> sc=Task=4526, caller=android.view.SurfaceControl$Transaction.show:3232 com.android.wm.shell.transition.Transitions.dispatchReady:934 com.android.wm.shell.transition.Transitions.onTransitionReady:243 com.android.wm.shell.transition.Transitions$TransitionPlayerImpl$$ExternalSyntheticLambda0.run:13 android.os.Handler.handleCallback:959 android.os.Handler.dispatchMessage:100 
02-03 22:19:10.731  2991  3068 I SurfaceControlRegistry: show, t=FinishTransaction_SyncId<3037> sc=Task=4526, caller=android.view.SurfaceControl$Transaction.show:3232 com.android.wm.shell.transition.Transitions.dispatchReady:988 com.android.wm.shell.transition.Transitions.onTransitionReady:243 com.android.wm.shell.transition.Transitions$TransitionPlayerImpl$$ExternalSyntheticLambda0.run:13 android.os.Handler.handleCallback:959 android.os.Handler.dispatchMessage:100 
02-03 22:19:10.731  2991  3068 V WindowManagerShell: Playing animation for (#3037) android.os.BinderProxy@596fbaf@0
02-03 22:19:10.731  2991  3068 I SurfaceControlRegistry: show, t=StartTransaction_SyncId<3037> sc=Transition Root: Task=4526, caller=android.view.SurfaceControl$Transaction.show:3232 com.android.wm.shell.transition.Transitions.playTransition:81 com.android.wm.shell.transition.Transitions.processReadyQueue:250 com.android.wm.shell.transition.Transitions.dispatchReady:1007 com.android.wm.shell.transition.Transitions.onTransitionReady:243 com.android.wm.shell.transition.Transitions$TransitionPlayerImpl$$ExternalSyntheticLambda0.run:13 
02-03 22:19:10.731  2991  3068 V WindowManagerShell:  try handler com.android.wm.shell.transition.DefaultMixedHandler@22ce9d2
02-03 22:19:10.731  2991  3068 V WindowManagerShell:  try handler com.android.wm.shell.keyguard.KeyguardTransitionHandler@5a429d7
02-03 22:19:10.731  2991  3068 V WindowManagerShell:  try handler com.android.wm.shell.pip.PipTransition@2ba2049
02-03 22:19:10.731  2991  3068 V WindowManagerShell:  try handler com.android.wm.shell.activityembedding.ActivityEmbeddingController@8c2d4e
02-03 22:19:10.731  2991  3068 V WindowManagerShell:  try handler com.android.wm.shell.unfold.UnfoldTransitionHandler@9d13e6f
02-03 22:19:10.731  2991  3068 V WindowManagerShell:  try handler com.android.wm.shell.splitscreen.StageCoordinator@7f7977c
02-03 22:19:10.731  2991  3068 V WindowManagerShell:  try handler com.android.wm.shell.recents.RecentsTransitionHandler@a7b7805
02-03 22:19:10.731  2991  3068 V ShellRecents: RecentsTransitionHandler.startAnimation: no controller found
02-03 22:19:10.731  2991  3068 V WindowManagerShell:  try handler com.android.wm.shell.transition.RemoteTransitionHandler@e01d05a
02-03 22:19:10.731  2991  3068 V WindowManagerShell: Transition doesn't have explicit remote, search filters for match for {id=3037 t=OPEN f=0x0 trk=0 r=[0@Point(0, 0)] c=[{WCT{android.window.IWindowContainerToken$Stub$Proxy@251003e} m=OPEN f=NONE leash=Surface(name=Task=4526)/@0xeb766f2 sb=Rect(0, 0 - 840, 2289) eb=Rect(0, 0 - 840, 2289) d=0 taskParent=-1 inset=Rect(0, 82 - 0, 39) dim=true},{WCT{android.window.IWindowContainerToken$Stub$Proxy@8842e9f} m=TO_BACK f=SHOW_WALLPAPER|EDGE_EXTENSION_RESTRICTION leash=Surface(name=Task=1)/@0x6a0c143 sb=Rect(0, 0 - 840, 2289) eb=Rect(0, 0 - 840, 2289) d=0 taskParent=-1 inset=Rect(0, 82 - 0, 39)},{null m=TO_BACK f=IS_WALLPAPER p=WCT{android.window.IWindowContainerToken$Stub$Proxy@4767bec} leash=Surface(name=WallpaperWindowToken{e9c47b2 token=android.os.Binder@b7cf914})/@0xa26e3c0 sb=Rect(0, 0 - 840, 2289) eb=Rect(0, 0 - 840, 2289) d=0 inset=Rect(0, 0 - 0, 0)}]}
02-03 22:19:10.731  2991  3068 V WindowManagerShell:  Checking filter Pair{{types=[] flags=0x0] notFlags=0x100 checks=[{atype=home independent=true modes=[OPEN,TO_FRONT] flags=NONE mustBeTask=false order=TOP topActivity=ComponentInfo{com.sec.android.app.launcher/com.sec.android.app.launcher.Launcher} launchCookie=null},{atype=recents independent=true modes=[CLOSE,TO_BACK] flags=NONE mustBeTask=false order=ANY topActivity=null launchCookie=null}]} RemoteTransition { remoteTransition = android.window.IRemoteTransition$Stub$Proxy@3dd528b, appThread = android.app.IApplicationThread$Stub$Proxy@6e4af68, debugName = QuickstepLaunchHomeFromRecentsflags =NONE }}
