02-03 21:47:57.189 11425 11425 I System.out: WebView Console: Unrecognized feature: 'browsing-topics'. (https://connect.facebook.net/signals/config/1149898238733621?v=2.9.256&r=stable&domain=www.swiggy.com&hme=18f1088ef3e8892a74f943ddaee05e3bbd28c980d3b65c4c57d9fe86969d4bce&ex_m=95%2C158%2C135%2C20%2C67%2C68%2C128%2C63%2C42%2C129%2C72%2C62%2C10%2C142%2C81%2C15%2C94%2C123%2C116%2C70%2C73%2C122%2C139%2C103%2C144%2C7%2C3%2C4%2C6%2C5%2C2%2C82%2C92%2C145%2C226%2C170%2C56%2C228%2C229%2C49%2C185%2C27%2C69%2C234%2C233%2C173%2C29%2C55%2C9%2C58%2C88%2C89%2C90%2C96%2C119%2C28%2C26%2C121%2C118%2C117%2C136%2C71%2C138%2C137%2C44%2C54%2C112%2C14%2C141%2C39%2C215%2C217%2C180%2C23%2C24%2C25%2C17%2C18%2C38%2C34%2C36%2C35%2C77%2C83%2C87%2C101%2C127%2C130%2C40%2C102%2C21%2C19%2C108%2C64%2C32%2C132%2C131%2C133%2C124%2C22%2C31%2C53%2C100%2C140%2C65%2C16%2C134%2C105%2C76%2C61%2C30%2C195%2C165%2C285%2C213%2C156%2C198%2C191%2C166%2C98%2C120%2C75%2C110%2C48%2C41%2C43%2C104%2C109%2C115%2C52%2C59%2C114%2C47%2C50%2C46%2C91%2C143%2C0%2C113%2C13%2C111%2C11%2C1%2C51%2C84%2C57%2C60%2C107%2C80%2C79%2C146%2C147%2C85%2C86%2C8%2C93%2C45%2C125%2C78%2C74%2C66%2C106%2C97%2C37%2C126%2C33%2C99%2C12%2C148:134)
02-03 21:47:57.193  1429  1429 W Layer   : gatherBufferInfo: Received unknown dataspace from gralloc
02-03 21:47:57.200 11425 11425 I System.out: WebView: Error loading https://www.facebook.com/privacy_sandbox/pixel/register/trigger/?id=1685726148383397&ev=PageView&dl=https%3A%2F%2Fblinkit.com%2Fs%2F%3Fq%3Dmilk%2Bfull%2Bcream&rl=&if=false&ts=1770135476488&sw=320&sh=872&v=2.9.256&r=stable&ec=0&o=4126&fbp=fb.1.1770135476472.443038759564588276&eid=ob3_plugin-set_ef08d287bd3fc796d5892cdd9526e736d41a31a762e26c4dd773bb5d0eb92539&ler=empty&cdl=API_unavailable&pmd[title]=Buy%20milk%20full%20cream%20Online%20%7C%20blinkit&pmd[keywords]=Buy%20Grocery%20Online%2C%20Online%20Grocery%2C%20Grofers%2C%20Groffers%2C%20Groferss%2C%20blinkit%20grofers%2C%20blinkit%2C%20blink%20it%2C%20Grocery%20Store%2C%20Online%20Grocery%20Shopping%2C%20Online%20Grocery%20Store%2C%20Online%20Supermarket%2C%20Free%20Delivery%2C%20Great%20Offers%2C%20Best%20Prices&pmd[description]=Buy%20milk%20full%20cream%20at%20best%20price%20and%20get%20it%20delivered%20at%20your%20doorstep.&plt=1227.699999988079&it=1770135475869&coo=false&chmd=&chpv=&chfv=undefined&cf=1&expv2[0]=pl1&expv2[1]=el3&expv2[2]=bc1&expv2[3]=mr2&expv2[4]=ct3&expv2[5]=hf2&rqm=FGET: net::ERR_BLOCKED_BY_ORB
02-03 21:47:57.210  1429  1429 W Layer   : gatherBufferInfo: Received unknown dataspace from gralloc
02-03 21:47:57.214  1630  2890 D NetdEventListenerService: DNS Requested by 491, 10418(com.pricehunt), 7(NODATA), isBlocked=false, 59ms
02-03 21:47:57.243  1429  1429 W Layer   : gatherBufferInfo: Received unknown dataspace from gralloc
02-03 21:47:57.260  1429  1429 W Layer   : gatherBufferInfo: Received unknown dataspace from gralloc
02-03 21:47:57.276  1429  1429 W Layer   : gatherBufferInfo: Received unknown dataspace from gralloc
02-03 21:47:57.293  1429  1429 W Layer   : gatherBufferInfo: Received unknown dataspace from gralloc
02-03 21:47:57.297  1630  2851 D SemWifiSwitchForIndividualAppsService: isSkipTcpMonitorInfo - result:1
02-03 21:47:57.308  1429  1429 W Layer   : gatherBufferInfo: Received unknown dataspace from gralloc
02-03 21:47:57.327  1429  1429 W Layer   : gatherBufferInfo: Received unknown dataspace from gralloc
02-03 21:47:57.343  1429  1429 W Layer   : gatherBufferInfo: Received unknown dataspace from gralloc
02-03 21:47:57.360  1429  1429 W Layer   : gatherBufferInfo: Received unknown dataspace from gralloc
02-03 21:47:57.377  1429  1429 W Layer   : gatherBufferInfo: Received unknown dataspace from gralloc
02-03 21:47:57.393  1429  1429 W Layer   : gatherBufferInfo: Received unknown dataspace from gralloc
02-03 21:47:57.410  1429  1429 W Layer   : gatherBufferInfo: Received unknown dataspace from gralloc
02-03 21:47:57.417  1630  2890 D NetdEventListenerService: DNS Requested by 491, 10418(com.pricehunt), SUCCESS, 46ms
02-03 21:47:57.426  1429  1429 W Layer   : gatherBufferInfo: Received unknown dataspace from gralloc
02-03 21:47:57.443  1429  1429 W Layer   : gatherBufferInfo: Received unknown dataspace from gralloc
02-03 21:47:57.445  1630  2890 D NetdEventListenerService: DNS Requested by 491, 10418(com.pricehunt), SUCCESS, 69ms
02-03 21:47:57.548  1209  3586 I vendor.qti.bluetooth@1.0-ibs_handler: ProcessIbsCmd: Received IBS_WAKE_IND: 0xFD
02-03 21:47:57.548  1209  3586 D vendor.qti.bluetooth@1.0-ibs_handler: SerialClockVote: vote for UART CLK ON
02-03 21:47:57.549  1209  3586 D vendor.qti.bluetooth@1.0-wake_lock: Acquire wakelock is acquired 
02-03 21:47:57.549  1209  3586 I vendor.qti.bluetooth@1.0-ibs_handler: ProcessIbsCmd: Writing IBS_WAKE_ACK
02-03 21:47:57.557  3245  3607 I BtGatt.ScanHelper: onScanResult to scannerId: 9- eventType=0x1a, addressType=1, address=XX:XX:XX:XX:E0:48, primaryPhy=1, secondaryPhy=0, advertisingSid=0xff, txPower=127, rssi=-84, periodicAdvInt=0x0
02-03 21:47:57.578 11425 11425 I System.out: WebView Console: Anti-detection script injected successfully (:175)
02-03 21:47:57.582 11425 11425 I System.out: WebView: Error loading https://www.facebook.com/privacy_sandbox/pixel/register/trigger/?id=1149898238733621&ev=PageView&dl=https%3A%2F%2Fwww.swiggy.com%2Finstamart%2Fsearch%3Fcustom_back%3Dtrue%26query%3Dmilk%2Bfull%2Bcream&rl=&if=false&ts=1770135477201&sw=320&sh=872&v=2.9.256&r=stable&ec=0&o=4126&fbp=fb.1.1770135477197.484002467832054047&eid=ob3_plugin-set_24794fb8f9029c9e0a80f47e5616eb07e2cedbebcaf0f9ab978bf25a9a5cd243&ler=empty&cdl=API_unavailable&pmd[title]=Instamart&plt=1073.4000000059605&it=1770135476400&coo=false&chmd=&chpv=&chfv=undefined&cf=1&expv2[0]=pl0&expv2[1]=el2&expv2[2]=bc1&expv2[3]=mr2&expv2[4]=ct2&expv2[5]=hf2&rqm=FGET: net::ERR_BLOCKED_BY_ORB
02-03 21:47:57.599  1209  3586 I vendor.qti.bluetooth@1.0-ibs_handler: ProcessIbsCmd: Received IBS_SLEEP_IND: 0xFE
02-03 21:47:57.599  1209  3586 D vendor.qti.bluetooth@1.0-ibs_handler: SerialClockVote: vote for UART CLK OFF
02-03 21:47:57.603  1630  2890 D NetdEventListenerService: DNS Requested by 491, 10418(com.pricehunt), SUCCESS, 1ms
02-03 21:47:57.610 11425 11425 I System.out: WebView Console: Anti-detection script injected successfully (:175)
02-03 21:47:57.645  1209  3586 I vendor.qti.bluetooth@1.0-ibs_handler: ProcessIbsCmd: Received IBS_WAKE_IND: 0xFD
02-03 21:47:57.646  1209  3586 D vendor.qti.bluetooth@1.0-ibs_handler: SerialClockVote: vote for UART CLK ON
02-03 21:47:57.646  1209  3586 I vendor.qti.bluetooth@1.0-ibs_handler: ProcessIbsCmd: Writing IBS_WAKE_ACK
02-03 21:47:57.650  3245  3607 I BtGatt.ScanHelper: onScanResult to scannerId: 9- eventType=0x1a, addressType=1, address=XX:XX:XX:XX:E0:48, primaryPhy=1, secondaryPhy=0, advertisingSid=0xff, txPower=127, rssi=-79, periodicAdvInt=0x0
02-03 21:47:57.651 10269 10286 I EasySetup[11.1.22.8] : IcControlService.isFoldDeviceFolded() - isFoldDevice: true, isNotFolded: false
02-03 21:47:57.651 10269 10286 I EasySetup[11.1.22.8] : IcControlService.isValidBudsScanResult - connectionStatus : 64, rssi : -79
02-03 21:47:57.652 10269 10286 I EasySetup[11.1.22.8] : IcControlService.receivedPacketData - isTablet: false, rssi: -79, manufacturer: 42, 09, 81, 02, 14, 15, 04, 21, 01, 49, 8d, 17, 01, 18, 06, bc, b2, 24, 00, 00, 00, 00, 88, 00, 00, 6c, 90, 69, 3a, d2, c0, 65, 64, 64, 00, 01, 01
02-03 21:47:57.652 10269 10286 I EasySetup[11.1.22.8] : IcControlService.handleIcPacket - SKip Packet
02-03 21:47:57.678  1429 21775 W ComposerExtn: DisplayExtnImpl::SetActiveConfig: HWC Display 3 is not registered!
02-03 21:47:57.684  1429 21775 W ComposerExtn: DisplayExtnImpl::SetActiveConfig: HWC Display 3 is not registered!
02-03 21:47:57.688  1209  3586 I vendor.qti.bluetooth@1.0-ibs_handler: ProcessIbsCmd: Received IBS_SLEEP_IND: 0xFE
02-03 21:47:57.688  1209  3586 D vendor.qti.bluetooth@1.0-ibs_handler: SerialClockVote: vote for UART CLK OFF
02-03 21:47:57.694  1429  1429 W Layer   : gatherBufferInfo: Received unknown dataspace from gralloc
02-03 21:47:57.704  1630  2890 D NetdEventListenerService: DNS Requested by 491, 10418(com.pricehunt), SUCCESS, 17ms
02-03 21:47:57.708  1231 11058 I sensors-hal: handle_sns_std_sensor_event:141, [SSC_LIGHT] P: 29(29),ch0:2928,ch1:0,c:0,w:0,l:16,m:2,br:57,c1:85,c2:123,i:1
02-03 21:47:57.720  1630  2626 D ActivityManager: Received SERVICE intent 0x6d05f5d Key{startService pkg=com.google.android.gms/com.google.android.gms.auth_authzen__phone intent=act=com.google.android.gms.auth.authzen.cryptauth.DEVICE_STATE_CHECK_DELAY_COMPLETE cat=[targeted_intent_op_prefix:.auth.authzen.cryptauth.DeviceStateSyncManager$CheckStateEventIntentOperation] cmp=com.google.android.gms/.chimera.GmsIntentOperationService flags=0x2000000 u=0} requestCode=0 from uid 1000
02-03 21:47:57.723  1630  2626 D ActivityManager: Received SERVICE intent 0xb8b25a3 Key{startService pkg=com.google.android.gms/com.google.android.gms.auth_authzen__phone intent=act=com.google.android.gms.auth.authzen.cryptauth.DEVICE_STATE_CHECK_DELAY_COMPLETE cat=[targeted_intent_op_prefix:.auth.authzen.cryptauth.DeviceStateSyncManager$CheckStateEventIntentOperation] cmp=com.google.android.gms/.chimera.GmsIntentOperationService flags=0x2000000 u=10} requestCode=0 from uid 1000
02-03 21:47:57.734 19828 12934 I Authzen : [DeviceStateSyncManager] The server is in sync with current state. Nothing to do
02-03 21:47:57.734 28370 12932 I Authzen : [DeviceStateSyncManager] The server is in sync with current state. Nothing to do
02-03 21:47:57.785  1630  2890 D NetdEventListenerService: DNS Requested by 491, 10418(com.pricehunt), SUCCESS, 34ms
02-03 21:47:57.838  1209  3325 D vendor.qti.bluetooth@1.0-wake_lock: Release wakelock is released 
02-03 21:47:57.847 11425 11425 I System.out: WebView Console: Anti-detection script injected successfully (https://blinkit.com/scripts/sentryvendor.df85f9ffd4f9be92831b.js:1)
02-03 21:47:57.867  2973  3292 D PhoneInterfaceManager: setDataEnabledForReason() Reason=1 Pid=1630 App=system
02-03 21:47:57.928  1630  2848 V SemStrongRssiRoaming: EVENT_GET_WIFI_INFO_POLL (-50)
02-03 21:47:57.928 20149 20149 I wpa_sslib: cmd: GETNCHOMODE
02-03 21:47:57.929 20149 20149 I wpa_sslib: Response: GETNCHOMODE 0
02-03 21:47:57.930  1630  2731 V SemStrongRssiRoaming: Partial scan success
02-03 21:47:57.933  1744  1744 W wificond: Failed to get NL80211_ATTR_MAX_NUM_AKM_SUITES
02-03 21:47:57.935  1429 21775 W ComposerExtn: DisplayExtnImpl::SetActiveConfig: HWC Display 3 is not registered!
02-03 21:47:57.935  1744  1744 W wificond: Failed to get NL80211_ATTR_MAX_NUM_AKM_SUITES
02-03 21:47:57.938  1744  1744 W wificond: Failed to get NL80211_ATTR_MAX_NUM_AKM_SUITES
02-03 21:47:57.940  1744  1744 W wificond: Failed to get NL80211_ATTR_MAX_NUM_AKM_SUITES
02-03 21:47:57.975 11425 11425 I System.out: WebView Console: WARNING: Too many active WebGL contexts. Oldest context will be lost. (:111)
02-03 21:47:57.985 11425 11425 I System.out: WebView Console: Anti-detection script injected successfully (:175)
02-03 21:47:58.065  1630  4668 D SemWifiUsabilityStatsMonitor: onWifiUsabilityStats - seqNum 18027, isSameBssidAndFreq true
02-03 21:47:58.066  1630  2828 I SemWifiLinkQualityMonitor: Link stat: 2942 / 218 / 1.05 (2794) / 117 / -52.0 || 100.0 : 117.00 / 0.5 : 0.95 / 0.55 : 0.07 / G (G) || 1b525e352457: 0.146 / 54.743 /  / N || N N / 0 / N 2.0 / N 0 / 152580169 0
02-03 21:47:58.067  1630  2740 D ConnectivityService: notifyType CALLBACK_CAP_CHANGED for [491 WIFI]
02-03 21:47:58.068  1630  2677 D WifiNl80211Manager: Scan result ready event
02-03 21:47:58.068  1630  2677 D WifiNative: Scan result ready event
02-03 21:47:58.069 32101 32101 D BoundBrokerSvc: onUnbind: Intent { act=com.google.android.gms.libs.gmscorelogger.service.START dat=chimera-action:/... cmp=com.google.android.gms/.chimera.PersistentDirectBootAwareApiService }
02-03 21:47:58.072  1880 29953 I LOWI-9.0.0.89.z: [LOWI-Scan] lowi_close_record:Scan done in 340612887ms, 21 APs in scan results
02-03 21:47:58.073  1630  2778 D SemWifiApNsd:Client: lpInterface:wlan0
02-03 21:47:58.073  1630  2778 I WifiConnectivityMonitor.NCC: sNetworkCallback(oCC) FULL : 491(valid: true/captive: false)
02-03 21:47:58.074  1630  2778 I WifiConnectivityMonitor.NCC: [ Transports: WIFI Capabilities: NOT_METERED&INTERNET&NOT_RESTRICTED&TRUSTED&NOT_VPN&VALIDATED&NOT_ROAMING&FOREGROUND&NOT_CONGESTED&NOT_SUSPENDED&NOT_VCN_MANAGED&NOT_BANDWIDTH_CONSTRAINED LinkUpBandwidth>=21013Kbps LinkDnBandwidth>=31860Kbps TransportInfo: <SSID: <unknown ssid>, BSSID: 02:00:00:**:**:00, MAC: 02:00:00:**:**:00, IP: /192.***.*.102, Security type: 2, Supplicant state: COMPLETED, Wi-Fi standard: 11n, RSSI: -52, Link speed: 117Mbps, Tx Link speed: 117Mbps, Max Supported Tx Link speed: 144Mbps, Rx Link speed: 57Mbps, Max Supported Rx Link speed: 144Mbps, Frequency: 2457MHz, Net ID: -1, Metered hint: false, score: 60, isUsable: true, CarrierMerged: false, SubscriptionId: -1, IsPrimary: 1, Trusted: true, Restricted: false, Ephemeral: false, OEM paid: false, OEM private: false, OSU AP: false, FQDN: <none>, Provider friendly name: <none>, Requesting package name: <none><none>MLO Information: , Is TID-To-Link negotiation supported by the AP: false, AP MLD Address: <none>, AP MLO Link Id: <none>, AP MLO Affiliated links: <none>, Vendor Data: <none>> SignalStrength: -52 AdminUids: [1000] SSID: "Kiwi2" UnderlyingNetworks: Null]
02-03 21:47:58.075  1630  2778 D SemWifiApTrafficPriority: onCapabilitiesChanged Wifi:wlan0,mGapiValue:31.86Uplink: 21.013
02-03 21:47:58.076  1630  2731 D WificondScannerImpl: Filtering out 18 scan results.
02-03 21:47:58.076  1630  2731 V SemStrongRssiRoaming: Partial scan onResults
02-03 21:47:58.076  1630  2731 D SemStrongRssiRoaming: Received 3 partial scan results
02-03 21:47:58.076  1630  2814 V SemWifiScanPool: updateScanResult, partial scan:3 configKeys: 11 pool_bssid:74 pool_configKeys:26
02-03 21:47:58.077  1630  3226 D SLocation: ReceiverPair - handleWifiScan - wifi scanned enter
02-03 21:47:58.077  1630  3226 D SLocation: ReceiverPair - ignore direction of location due to wifi, id = 1, reason = 500
02-03 21:47:58.077  1630  3226 I SLocation: ReceiverPairWithWifi - handle Wifi Scans ID = 16
02-03 21:47:58.077  1630  3226 I SLocation: ReceiverPairWithWifi - force set enter id=16 by wifi scan
02-03 21:47:58.077  1630  3226 D SLocation: ReceiverPair - ignore direction of location due to wifi, id = 16, reason = 500
02-03 21:47:58.077  1630  3226 D SLocation: ReceiverPair - handleWifiScan - wifi scanned enter
02-03 21:47:58.077  1630  3226 D SLocation: ReceiverPair - ignore direction of location due to wifi, id = 19, reason = 500
02-03 21:47:58.077  1630  3226 I SLocation: ReceiverPairWithWifi - handle Wifi Scans ID = 179
02-03 21:47:58.077  1630  3226 I SLocation: ReceiverPairWithWifi - handle Wifi Scans ID = 191
02-03 21:47:58.077  1630  3226 I SLocation: ReceiverPairWithWifi - force set enter id=191 by wifi scan
02-03 21:47:58.077  1630  3226 D SLocation: ReceiverPair - ignore direction of location due to wifi, id = 191, reason = 500
02-03 21:47:58.077  1630  3226 I SLocation: ReceiverPairWithWifi - handle Wifi Scans ID = 193
02-03 21:47:58.077  1630  3226 I SLocation: ReceiverPairWithWifi - force set enter id=193 by wifi scan
02-03 21:47:58.077  1630  3226 D SLocation: ReceiverPair - ignore direction of location due to wifi, id = 193, reason = 500
02-03 21:47:58.078  2991  3297 D WifiPickerTracker: updateWifiEntries capabilities
02-03 21:47:58.078  1630  2853 D WifiConnectivityMonitor: HANDLE_ON_CAPABILITIES_CHANGED
02-03 21:47:58.079  1630  2853 I WifiConnectivityMonitor: determineMode : MODE_AGG_BY_SWITCH_TO_MOBILE_DATA_OPTION
02-03 21:47:58.079  1630  2853 D OpenNetworkQos[4.00]: updateBssidNoInternet: mBssidNoInternet = false
02-03 21:47:58.079  1630  2853 D OpenNetworkQos[4.00]: getOpenNetworkQosNoInternetStatus: false
02-03 21:47:58.079  1630  2853 D OpenNetworkQos[4.00]: getOpenNetworkQosScores: 26 26 23 
02-03 21:47:58.079  1630  2853 D KNOX_MDM_SettingsProvider: isChangeAllowed() : name = wifi_wcm_qos_sharing_score_summary
02-03 21:47:58.079  1630  2853 I WifiProfileShare: network QoS data was changed (internet), updateQoSData networkType: true, qosData: false
02-03 21:47:58.079  1630  2853 D WifiConnectivityMonitor: VALIDATED_DETECTED
02-03 21:47:58.079  1630  4255 V WifiProfileShare.Caster: update wips network, size: 0
02-03 21:47:58.079  1630  4255 D WifiProfileShare: nearby scanning settings run
02-03 21:47:58.079  1630  4255 D WifiProfileShare: network score provider settings enabled
02-03 21:47:58.079  1630  4255 D OpenNetworkQos[4.00]: getOpenNetworkQosScores: 26 26 23 
02-03 21:47:58.079  1630  4255 D OpenNetworkQos[4.00]: getOpenNetworkQosNoInternetStatus: false
02-03 21:47:58.080  1630  4255 I WifiProfileShare.Caster: current network type: 0, score: [26, 26, 23]
02-03 21:47:58.080  1630  4255 V WifiProfileShare.Cache: update network score 78:32:1b:**:**:35
02-03 21:47:58.080  1630  4255 D WifiProfileShare.ScanMatcher: getMcfDataList size:1
02-03 21:47:58.080  1630  4255 I WifiProfileShare.Caster: qos data was updated , before:type:QOS, pBssid:60:45:4d, qosData:7b after:type:QOS, pBssid:60:45:4d, qosData:7b
02-03 21:47:58.082  2991  3297 D WifiPickerTracker: update AutoHotspot Entries() : bleAccessPoints -> 0
02-03 21:47:58.082  2991  3297 D WifiPickerTracker: handleNetworkCapabilitiesChanged
02-03 21:47:58.085  5872  7208 I HBD     : i onCapabilitiesChanged network : 491 current network state : wifi 
02-03 21:47:58.088  1630  4255 I [MCFSDK_android_1.2.27006]_4_McfCasterImpl: isNetworkEnabled - type : 1 ret : true
02-03 21:47:58.088  1630  4255 D WifiProfileShare.McfCast: -ME--- mIsNetworkEnabled :true
02-03 21:47:58.088  1630  4255 D WifiProfileShare.McfCast: updateQoSData ignored, same contents
02-03 21:47:58.088  1630  4255 D WifiProfileShare.MCF: success update QosData !
02-03 21:47:58.088  1630  2727 I HalDevMgr: bestIfaceCreationProposal is null, requestIface=STA, existingIface=[name=wlan0 type=STA]
02-03 21:47:58.089  1630  4255 I [MCFSDK_android_1.2.27006]_4_McfCasterImpl: isNetworkEnabled - type : 1 ret : true
02-03 21:47:58.089  2991  3126 D Tile.WifiTile: handleUpdateState isTransient=false transientEnabling =false cb.isTransient=false state.state = 2 mStateBeforeClick.value =true enabled =true
02-03 21:47:58.089  1630  4255 D WifiProfileShare.McfCast: -ME--- mIsNetworkEnabled :true
02-03 21:47:58.089  1630  4255 D WifiProfileShare.McfCast: -ME--- updatePasswordDate pwdData size:1
02-03 21:47:58.089 32101 12337 I NullBinder: NullBinder for android.net.action.RECOMMEND_NETWORKS triggering remote TransactionTooLargeException due to Service without Chimera impl, calling uid: 1000, calling pid: 0
02-03 21:47:58.089 32101 12337 W .gms.persistent: Large reply transaction of 1056768 bytes, interface descriptor , code 1
02-03 21:47:58.120  1630  2890 D NetdEventListenerService: DNS Requested by 491, 10418(com.pricehunt), SUCCESS, 44ms
02-03 21:47:58.185  1429 21775 W ComposerExtn: DisplayExtnImpl::SetActiveConfig: HWC Display 3 is not registered!
02-03 21:47:58.186  5872  5872 I HBD     : i onCapabilityChanged  setNetworkState currentNetworkState : wifi 
02-03 21:47:58.195  1429  1429 W Layer   : gatherBufferInfo: Received unknown dataspace from gralloc
02-03 21:47:58.264  1630  2661 D InputReader: Btn_touch(5): value=1 when=152580.367540
02-03 21:47:58.264  1630  2661 I InputReader: Touch event's action is 0x0 (id=9, t=0) [pCnt=1, s=0.16115 ] when=152580.367540
02-03 21:47:58.266  1630  2660 I InputDispatcher: Delivering touch to (3474): action: 0x4, f=0x0, d=0, '431914a', t=1 
02-03 21:47:58.266  1630  2660 I InputDispatcher: Delivering touch to (2991): action: 0x0, f=0x0, d=0, '8f7d129', t=1 +(0,-2163)*(1.01)
02-03 21:47:58.266  1630  2660 D PowerManagerService: [api] userActivityFromNative : touch displayId=0 eventTime=152580367
02-03 21:47:58.266  2991  2991 I VRI[NavigationBar0]@c1db22d: ViewPostIme pointer 0
02-03 21:47:58.266  1630  2660 D PowerManagerService: UserActivityStateListenerState: 1
02-03 21:47:58.267  1429  1561 W ComposerExtn: DisplayExtnImpl::SetActiveConfig: HWC Display 3 is not registered!
02-03 21:47:58.267  1630  1951 I GestureDetector: obtain mCurrentDownEvent. id: 318602419 caller: com.android.server.wm.SystemGesturesPointerEventListener.onPointerEvent:17 com.android.server.wm.PointerEventDispatcher.onInputEvent:51 android.view.InputEventReceiver.dispatchInputEvent:385 
02-03 21:47:58.267  1630  1951 I GestureDetector: obtain mCurrentDownEvent. id: 318602419 caller: com.android.server.wm.SystemPerformancePointerEventListener.onPointerEvent:13 com.android.server.wm.PointerEventDispatcher.onInputEvent:51 android.view.InputEventReceiver.dispatchInputEvent:385 
02-03 21:47:58.268  2991  2991 I KeyButtonView: Back button event: ACTION_DOWN
02-03 21:47:58.268  2991  2991 I VRI[NavigationBar0]@c1db22d: call setFrameRateCategory for touch hint category=high hint, reason=touch, vri=VRI[NavigationBar0]@c1db22d
02-03 21:47:58.269  2991  3215 I KeyButtonView: injectInputEvent - 4
02-03 21:47:58.269  1630  3155 D InputDispatcher: Inject key (2991/10051): action=0, f=0x48, d=0, time=152580370000000
02-03 21:47:58.270  1429  1429 I LayerHistory: com.pricehunt/com.pricehunt.presentation.MainActivity$_11425#52290 Max (can't resolve refresh rate)
02-03 21:47:58.270  1429  1429 I SurfaceFlinger: Touch Boost - choose 120.00 Hz
02-03 21:47:58.270  1630  3155 D WindowManager: interceptKeyTq keycode=4 interactive=true keyguardActive=false policyFlags=2b000002
02-03 21:47:58.270  1630  3155 D PhoneWindowManagerExt: setScreenshotEnabled, screenOnFully=true
02-03 21:47:58.270  1429  1429 I HWComposer: [4630947232161729155] ActiveConfigToHWC, ID : 0
02-03 21:47:58.271  1630  1955 D LocalDisplayAdapter: updateActiveModeLocked for d=4630947232161729155, mActiveModeId=5, mActiveSfDisplayMode=DisplayMode{id=0, width=832, height=2268, xDpi=391.348, yDpi=389.237, peakRefreshRate=120.00001, vsyncRate=120.00001, appVsyncOffsetNanos=100000, presentationDeadlineNanos=9233333, supportedHdrTypes=[2, 3, 4], group=832}
02-03 21:47:58.271  1304  1534 I SDM     : HWCDisplay::SubmitDisplayConfig: [DispConfigs] config 2 => 0, hs_mode 3 => 3
02-03 21:47:58.271  1304  1534 I SDM     : DisplayBase::SetActiveConfig: [DispConfigs] 3 => 0 or hs mode is changed if same config
02-03 21:47:58.271  1304  1534 I SDM     : HWDeviceDRM::SetDisplaySwitchMode: POMS Switching to Mode	0
02-03 21:47:58.271  1304  1534 I SDM     : HWDeviceDRM::SetDisplaySwitchMode: [DispConfigs] check hs_mode 3
02-03 21:47:58.271  1304  1534 I SDM     : HWDeviceDRM::SetDisplaySwitchMode: [DispConfigs] Set mode index:0 832x2268x120x127680cmdHS, hs_mode(3), found_mode(0)
02-03 21:47:58.271  1630  1955 I DisplayDeviceRepository: Display device changed render timings: "Built-in Screen", renderFrameRate=120.00001, presentationDeadlineNanos=9233333, appVsyncOffsetNanos=100000
02-03 21:47:58.272  3474  3474 I HoneySpace.RegionManagerImpl: getRegionType called with: x = 774.1699, y = 2253.669, type=ASSISTANT
02-03 21:47:58.272  3474  3474 I HoneySpace.RegionManagerImpl: getRegionType() called with: x = 774.1699, y = 2253.669, type=ASSISTANT
02-03 21:47:58.272  3474  3474 W HoneySpace.RecentsAnimationState: canStartSystemGesture, return true by !isHomeDisabled
02-03 21:47:58.272  1304  1534 I SDM     : HWDeviceDRM::UpdateMixerAttributes: Mixer WxH 832x2268-1 for Peripheral
02-03 21:47:58.272  1630  3155 D SingleKeyGesture: interceptKeyDown, info : KeyCode=KEYCODE_UNKNOWN, size=0
02-03 21:47:58.272  1630  3155 D PhoneWindowManagerExt: interceptKeyTq code=4 down=true repeatCount=0 displayId=0 interactive=true
02-03 21:47:58.272  1630  3155 D WindowManager: interceptKeyTq interceptKeyResult=4
02-03 21:47:58.272  1304  1534 I SDM     : HWCDisplay::SubmitDisplayConfig: Active configuration changed to: 0
02-03 21:47:58.273  1630  1630 D SGM:GameManager: onDisplayChanged. displyId: 0, state: 2
02-03 21:47:58.273  1630  4873 D LiftUpHandler: [LTW] Stopped already.
02-03 21:47:58.273  1630  1630 D AODManagerService: requestReCalToTSP IsSingleTouchMode = falserequestedReCalToTSP = false / previousDisplayState = ON
02-03 21:47:58.273  1630  2685 D SGM:FgCheckThread: onLooperPrepared(), msg: MSG_LCD_ON
02-03 21:47:58.273  6716 12947 I ObjectPool@9791306: Ph_[checker Pool remains: , 9, ] [pool-94-thread-1] 
02-03 21:47:58.274  1630  1951 W LocalDisplayAdapter: Ignoring request for invalid base mode id 5
02-03 21:47:58.275  1405 13819 D AudioFlinger: setParameters: filtered dev setParameters keyvalue screen_state=on
02-03 21:47:58.275  3474  3474 I HoneySpace.RegionManagerImpl: getRegionType called with: x = 774.1699, y = 2253.669, type=ASSISTANT
02-03 21:47:58.275  3474  3474 I HoneySpace.GestureInputHandler: inputConsumers = [com.honeyspace.gesture.inputconsumer.TwoFingerGestureInputConsumer@8b997ef, com.honeyspace.gesture.inputconsumer.OtherActivityInputConsumer@52ab2fc]
02-03 21:47:58.275  3474  3474 I HoneySpace.RegionManagerImpl: getRegionType called with: x = 774.1699, y = 2253.669, type=ASSISTANT
02-03 21:47:58.275  3474  3474 I HoneySpace.InputSession: inputConsumers = TwoFingerGestureInputConsumer|OtherActivityInputConsumer
02-03 21:47:58.275  1206  2495 D audio_hw_primary: adev_set_parameters: enter: screen_state=on
02-03 21:47:58.276  1206  2495 V audio_hw_sec: sec_set_parameters: enter
02-03 21:47:58.276  3474  3474 I HoneySpace.InputSession: open
02-03 21:47:58.276  1206  2495 D sound_trigger_hw: handle_screen_status_change: screen on
02-03 21:47:58.276  1206  2495 D audio_hw_primary: adev_set_parameters: exit with code(0)
02-03 21:47:58.276  1429  1459 I VSyncReactor: Current= 60, Period= 120, hwcPeriod= 60
02-03 21:47:58.276  1206  1241 I Audio_a2dpsink_hw: adev_set_parameters: kevpairs=[screen_state=on]
02-03 21:47:58.276  3474  3474 I GestureDetector: obtain mCurrentDownEvent. id: 318602419 caller: com.honeyspace.gesture.motiondetector.GestureMotionDetector.onTouchEvent:7 com.honeyspace.gesture.session.InputSession.onMotionEvent:157 com.honeyspace.gesture.GestureInputHandler.inputHandle:197 
02-03 21:47:58.276  3474  3474 I HoneySpace.GestureMotionDetector: onDown
02-03 21:47:58.276 22801 22801 I VRI[Settings]@c9346: onDisplayChanged oldDisplayState=2 newDisplayState=2
02-03 21:47:58.276  3474  3474 I HoneySpace.OtherActivityInputConsumer: motionEvent = ActionDown(event=MotionEvent { action=ACTION_DOWN, actionButton=0, id[0]=0, x[0]=774.1699, y[0]=2253.669, toolType[0]=TOOL_TYPE_FINGER, buttonState=0, classification=NONE, metaState=0, flags=0x0, edgeFlags=0x0, pointerCount=1, historySize=0, eventTime=152580367, downTime=152580367, deviceId=9, source=0x1002, displayId=0, eventId=318602419 })
02-03 21:47:58.276  3474  3474 I HoneySpace.OtherActivityInputConsumer: action down, isDeferredDown[systemDeferredDown=true, useKeyInject=false, isInDeferredRegion=false}
02-03 21:47:58.276  3474 26552 I HoneySpace.SystemUiProxyImpl: startHintVI, id = 1
02-03 21:47:58.276  3474  3474 I HoneySpace.TaskBooster: tick TASK_BOOST: 3474/800
02-03 21:47:58.277  2991 32397 D Navbar.Store: handleEvent(0) StartBottomGestureHintVI(hintId=1) [Module] OverviewProxyService
02-03 21:47:58.277  2991 32397 D Navbar.Store: --[Band]GESTURE_PACK_START_HINT_VI
02-03 21:47:58.277  3474  3474 I VRI[RecentsTransitionOverlay]@ea10469: onDisplayChanged oldDisplayState=2 newDisplayState=2
02-03 21:47:58.277  2991 32397 D Navbar.Store: ----apply(0) NavBarStoreAction$StartHintVI
02-03 21:47:58.277  3474  3474 I VRI[LauncherActivity]@ea4152a: onDisplayChanged oldDisplayState=2 newDisplayState=2
02-03 21:47:58.277  3474  3474 I VRI[CocktailBarService]@fe8030d: onDisplayChanged oldDisplayState=2 newDisplayState=2
02-03 21:47:58.278  3474  3474 I VRI[TaskbarWindow]@498413e: onDisplayChanged oldDisplayState=2 newDisplayState=2
02-03 21:47:58.278  3474  3474 I VRI[RecentsActivity]@6199a4a: onDisplayChanged oldDisplayState=2 newDisplayState=2
02-03 21:47:58.278 11425 11425 I VRI[MainActivity]@5832a1f: onDisplayChanged oldDisplayState=2 newDisplayState=2
02-03 21:47:58.278  3474 10010 I HoneySpace.Memory-Monitor: current state = 2, didTrim = false
02-03 21:47:58.278  3474 31802 I HoneySpace.RefreshRateSource: singleFrameMs 8
02-03 21:47:58.278  5872  5872 I SPenContext: virtual void SPen::Context::SetDisplayRefreshRate(float) framerate=120
02-03 21:47:58.278  5872  5872 I LatencyConfiguration: void SPen::LatencyConfiguration::UpdateRefreshRate(float) RefreshRate=120.000008
02-03 21:47:58.278  5872  5872 I LatencyConfiguration: void SPen::LatencyConfiguration::UpdateRefreshRate(float) RefreshRateCallback 0xb400007c408e4ed0
02-03 21:47:58.278  5872  5872 I PredictorBase: virtual void SPen::PredictorBase::SetRefreshRate(float) Refresh rate: 120.000
02-03 21:47:58.278  5872  5872 I spe_log : virtual void SPen::FbrDrawPad::SetRefreshRate(float) = 120.000
02-03 21:47:58.278  5872  5872 I spe_log : virtual void SPen::FbrDrawPad::SetRefreshRate(float) mFrameDurationNano=8333333, mDisplayRefreshDurationNano: 8333333
02-03 21:47:58.278  5872  5872 I spe_log : virtual void SPen::LowLatencyStrokeView::SetRefreshRate(float) refresh rate=120.000
02-03 21:47:58.279  5872  5872 I VRI[InputMethod]@307b30c: onDisplayChanged oldDisplayState=2 newDisplayState=2
02-03 21:47:58.279  6139  6139 I SPenContext: virtual void SPen::Context::SetDisplayRefreshRate(float) framerate=120
02-03 21:47:58.279  6139  6139 I LatencyConfiguration: void SPen::LatencyConfiguration::UpdateRefreshRate(float) RefreshRate=120.000008
02-03 21:47:58.279  6139  6139 I LatencyConfiguration: void SPen::LatencyConfiguration::UpdateRefreshRate(float) RefreshRateCallback 0xb400007c408ced50
02-03 21:47:58.279  6139  6139 I PredictorBase: virtual void SPen::PredictorBase::SetRefreshRate(float) Refresh rate: 120.000
02-03 21:47:58.279  6139  6139 I spe_log : virtual void SPen::FbrDrawPad::SetRefreshRate(float) = 120.000
02-03 21:47:58.279  6909  6909 I VRI[MainActivity]@30c10b3: onDisplayChanged oldDisplayState=2 newDisplayState=2
02-03 21:47:58.279  6139  6139 I spe_log : virtual void SPen::FbrDrawPad::SetRefreshRate(float) mFrameDurationNano=8333333, mDisplayRefreshDurationNano: 8333333
02-03 21:47:58.279  6139  6139 I spe_log : virtual void SPen::LowLatencyStrokeView::SetRefreshRate(float) refresh rate=120.000
02-03 21:47:58.279  1630  2114 D BrightnessThermalClamper: Thermal status observer already started
02-03 21:47:58.280 22801 22801 I VRI[SubSettings]@dd1c099: onDisplayChanged oldDisplayState=2 newDisplayState=2
02-03 21:47:58.280 22801 22801 I VRI[SubSettings]@11d5252: onDisplayChanged oldDisplayState=2 newDisplayState=2
02-03 21:47:58.280 18854 18854 I VRI[HintService]@dfeec42: onDisplayChanged oldDisplayState=2 newDisplayState=2
02-03 21:47:58.281  1630  2660 D WindowManager: interceptKeyTi keyCode=4 action=0 repeatCount=0 keyguardOn=false canceled=false
02-03 21:47:58.281  1630  2660 D PhoneWindowManagerExt: interceptKeyTi code=4 down=true repeatCount=0 displayId=0 interactive=true
02-03 21:47:58.281  1630  2660 I InputDispatcher: Delivering key to (11425): B action: 0x0 (0), f=0x48, m=0x0, d=0, 'f21fa30'
02-03 21:47:58.282  2991  3068 I VRI[ShellDropTarget]@1cdbaf5: onDisplayChanged oldDisplayState=2 newDisplayState=2
02-03 21:47:58.282  2991  3068 I VRI[SplitDecorManager]@ca2ee62: onDisplayChanged oldDisplayState=2 newDisplayState=2
02-03 21:47:58.282  2991  3068 I VRI[SplitDecorManager]@2d19661: onDisplayChanged oldDisplayState=2 newDisplayState=2
02-03 21:47:58.282 21273 21273 I VRI[InternalGoogleAppActivityEntrypoint]@e63bb3e: onDisplayChanged oldDisplayState=2 newDisplayState=2
02-03 21:47:58.282  6137  6137 I SemDvfsHyPerManager: acquire hyper - TABoost/6137@20, type = -999
02-03 21:47:58.282 21273 21273 I VRI[LauncherActivity]@66e68da: onDisplayChanged oldDisplayState=2 newDisplayState=2
02-03 21:47:58.282  1237  1371 I HYPER-HAL: [RequestManager.cpp]acquire(): Acquired ID : 18957423  [6137 / 20]    HINT :      list : [TABoost / 1] [TIMEOUT / 1500] 
02-03 21:47:58.282  1630  1955 D RefreshRateModeManager: updateDefaultDisplayToken: android.os.BinderProxy@99b4f37, isChanged: false
02-03 21:47:58.283  1630  3476 D WifiDisplayAdapter: isFitToActiveDisplayLocked : false
02-03 21:47:58.284  5872  5872 I HBD     : c skip onKeyDown as physical keyboard not connected 
02-03 21:47:58.284  5872  5872 I HBD     : HoneyBoardService onKeyDown r:ae5a8872 consumed:false 0 
02-03 21:47:58.284  1429  1459 I VSyncReactor: Current= 60, Period= 120, hwcPeriod= 60
02-03 21:47:58.284  1429  1429 I SurfaceFlinger: [NavigationBar0$_2991#128] setFrameRateCategory: HighHint
02-03 21:47:58.284  5872  5872 I InputMethodService: handleBack: mShowInputRequested=true, doIt=false
02-03 21:47:58.285  2991  3126 D StackScroller: onDisplayChanged for predraw skip to 2
02-03 21:47:58.285 11425 11425 I VRI[MainActivity]@5832a1f: The input has been finished in ImeInputStage.
02-03 21:47:58.287  1429  1429 W ComposerExtn: DisplayExtnImpl::SetActiveConfig: HWC Display 3 is not registered!
02-03 21:47:58.289  1630  1951 I GestureDetector: obtain mCurrentMotionEventRaw. action: 2 id: 637572213
02-03 21:47:58.290  1630  1951 I GestureDetector: obtain mCurrentMotionEventRaw. action: 2 id: 637572213
02-03 21:47:58.292  1429  1459 I VSyncReactor: Current= 60, Period= 120, hwcPeriod= 120
02-03 21:47:58.293  2991  2991 D DisplayLifecycle: updateDisplay id = 0
02-03 21:47:58.293  2991  2991 I VRI[LockscreenShortcutBlur]@6238849: onDisplayChanged oldDisplayState=2 newDisplayState=2
02-03 21:47:58.293  2991  2991 I VRI[NavigationBar0]@c1db22d: onDisplayChanged oldDisplayState=2 newDisplayState=2
02-03 21:47:58.293  2991  2991 I VRI[EdgeBackGestureHandler0]@5a548e3: onDisplayChanged oldDisplayState=2 newDisplayState=2
02-03 21:47:58.294  2991  2991 I VRI[NotificationShade]@aaab015: onDisplayChanged oldDisplayState=2 newDisplayState=2
02-03 21:47:58.294  2991  2991 I VRI[StatusBar]@8e980d0: onDisplayChanged oldDisplayState=2 newDisplayState=2
02-03 21:47:58.294  2991  2991 I VRI[Bouncer]@a1623f9: onDisplayChanged oldDisplayState=2 newDisplayState=2
02-03 21:47:58.294  2991  2991 I VRI[SecondaryHomeHandle0]@df10a88: onDisplayChanged oldDisplayState=2 newDisplayState=2
02-03 21:47:58.294  2991  2991 I VRI[KeyguardBiometricToastView]@706883a: onDisplayChanged oldDisplayState=2 newDisplayState=2
02-03 21:47:58.302  3474  3474 I GestureDetector: obtain mCurrentMotionEventRaw. action: 2 id: 637572213
02-03 21:47:58.303  1429  1429 W Layer   : gatherBufferInfo: Received unknown dataspace from gralloc
02-03 21:47:58.304  1429  1429 W ComposerExtn: DisplayExtnImpl::SetActiveConfig: HWC Display 3 is not registered!
02-03 21:47:58.308  1630  2851 D SemWifiSwitchForIndividualAppsService: isSkipTcpMonitorInfo - result:1
02-03 21:47:58.310  1429  4096 D NativeSemDvfsManager: acquire:: timeout = 2000 mIsAcquired = 1  mTagName : SurfaceFlinger 
02-03 21:47:58.310  1429  4096 E NativeCustomFrequencyManager: [NativeCFMS] BpCustomFrequencyManager::acquire()
02-03 21:47:58.310  1237  1371 I HYPER-HAL: [RequestManager.cpp]acquire(): Acquired ID : 2952235  [1429 / 1000]    HINT : SF_GPU_MINLOCK    list : [TIMEOUT / 2000] 
02-03 21:47:58.311  1429  1429 W Layer   : gatherBufferInfo: Received unknown dataspace from gralloc
02-03 21:47:58.312  1429  1429 D SurfaceFlinger: GPIS:: requestGPISForClientComposition
02-03 21:47:58.318  1429  1429 W Layer   : gatherBufferInfo: Received unknown dataspace from gralloc
02-03 21:47:58.318  1429  1429 W Layer   : gatherBufferInfo: Received unknown dataspace from gralloc
02-03 21:47:58.327  1429  1429 W Layer   : gatherBufferInfo: Received unknown dataspace from gralloc
02-03 21:47:58.327  1429  1429 W Layer   : gatherBufferInfo: Received unknown dataspace from gralloc
02-03 21:47:58.330  1630  2890 D NetdEventListenerService: DNS Requested by 491, 10418(com.pricehunt), SUCCESS, 24ms
02-03 21:47:58.335  1429  1429 W Layer   : gatherBufferInfo: Received unknown dataspace from gralloc
02-03 21:47:58.335  1429  1429 W Layer   : gatherBufferInfo: Received unknown dataspace from gralloc
02-03 21:47:58.343  1429  1429 W Layer   : gatherBufferInfo: Received unknown dataspace from gralloc
02-03 21:47:58.351  1429  1429 W Layer   : gatherBufferInfo: Received unknown dataspace from gralloc
02-03 21:47:58.352  1429  1429 W Layer   : gatherBufferInfo: Received unknown dataspace from gralloc
02-03 21:47:58.360  1429  1429 W Layer   : gatherBufferInfo: Received unknown dataspace from gralloc
02-03 21:47:58.368  1429  1429 W Layer   : gatherBufferInfo: Received unknown dataspace from gralloc
02-03 21:47:58.374  6137  6137 I SemDvfsHyPerManager: acquire hyper - TABoost/6137@20, type = -999
02-03 21:47:58.374  1237  1371 I HYPER-HAL: [RequestManager.cpp]releaseLocked(): Released ID : 18957423
02-03 21:47:58.374  1237  1371 I HYPER-HAL: [RequestManager.cpp]acquire(): Acquired ID : 18957423  [6137 / 20]    HINT :      list : [TABoost / 1] [TIMEOUT / 1500] 
02-03 21:47:58.377  1429  1429 W Layer   : gatherBufferInfo: Received unknown dataspace from gralloc
02-03 21:47:58.379  1630  2661 D InputReader: Btn_touch(5): value=0 when=152580.483073
02-03 21:47:58.379  1630  2661 I InputReader: Touch event's action is 0x1 (id=9, t=0) [pCnt=1, s=] when=152580.483073
02-03 21:47:58.379  1630  2660 I InputDispatcher: Delivering touch to (2991): action: 0x1, f=0x0, d=0, '8f7d129', t=1 +(0,-2163)*(1.01)
02-03 21:47:58.380  3474  3474 I HoneySpace.GestureMotionDetector: onSingleTapUp
02-03 21:47:58.381  3474  3474 I HoneySpace.OtherActivityInputConsumer: motionEvent = com.honeyspace.gesture.motiondetector.GestureMotionEvent$SingleTapUp@9f2d85
02-03 21:47:58.381  3474  3474 I HoneySpace.OtherActivityInputConsumer: collect com.honeyspace.gesture.motiondetector.GestureMotionEvent$SingleTapUp@9f2d85
02-03 21:47:58.381  3474 26552 I HoneySpace.SystemUiProxyImpl: resetHintVI
02-03 21:47:58.381  2991  3123 D Navbar.Store: handleEvent(0) ResetBottomGestureHintVI(noArguments=true) [Module] OverviewProxyService
02-03 21:47:58.381  2991  3123 D Navbar.Store: --[Band]GESTURE_PACK_RESET_HINT_VI
02-03 21:47:58.382  2991  3123 D Navbar.Store: ----apply(0) NavBarStoreAction$ResetHintVI
02-03 21:47:58.382  3474  3474 I HoneySpace.GestureMotionDetector: onTouchEvent, ACTION_UP
02-03 21:47:58.382  3474  3474 I HoneySpace.MotionPauseDetector: clear
02-03 21:47:58.382  2991  2991 I VRI[NavigationBar0]@c1db22d: ViewPostIme pointer 1
02-03 21:47:58.382  3474  3474 I HoneySpace.OtherActivityInputConsumer: motionEvent = ActionUp(event=MotionEvent { action=ACTION_UP, actionButton=0, id[0]=0, x[0]=774.1699, y[0]=2253.669, toolType[0]=TOOL_TYPE_FINGER, buttonState=0, classification=NONE, metaState=0, flags=0x0, edgeFlags=0x0, pointerCount=1, historySize=0, eventTime=152580483, downTime=152580367, deviceId=9, source=0x1002, displayId=0, eventId=833968873 }, velocityX=0.0, velocityY=0.0)
02-03 21:47:58.382  3474  3474 I HoneySpace.OtherActivityInputConsumer: collect ActionUp(event=MotionEvent { action=ACTION_UP, actionButton=0, id[0]=0, x[0]=774.1699, y[0]=2253.669, toolType[0]=TOOL_TYPE_FINGER, buttonState=0, classification=NONE, metaState=0, flags=0x0, edgeFlags=0x0, pointerCount=1, historySize=0, eventTime=152580483, downTime=152580367, deviceId=9, source=0x1002, displayId=0, eventId=833968873 }, velocityX=0.0, velocityY=0.0)
02-03 21:47:58.382  3474  3474 I HoneySpace.OtherActivityInputConsumer: action up, isStartTaskMoveAnimation=false
02-03 21:47:58.382  1630  3155 D VibratorManagerService: vibrate - uid: 10051, opPkg: com.android.systemui, effect: Mono{mEffect=Composed{segments=[SemHaptic{mType=50025, mMagnitude=-1}], repeat=-1, mMagnitudeType=TYPE_EXTRA}}, attrs: VibrationAttributes{mUsage=TOUCH, mAudioUsage= USAGE_UNKNOWN, mCategory=UNKNOWN, mFlags=0, tags=}, reason: performHapticFeedback(constant=50025): View#performHapticFeedback, token: com.android.server.vibrator.VibratorManagerService@b8f58a
02-03 21:47:58.382  1630  3155 D VibratorManagerService: converted usage = TOUCH(18)
02-03 21:47:58.383  1630  3155 D VibratorManagerService: semIndexVibrate : EFFECT_CLICK(1), repeat: -1, usage: TOUCH(18), magnitude: 4000
02-03 21:47:58.383  1630  3155 D VibratorManagerService: Starting vibrate for vibration 8982
02-03 21:47:58.383  2991  2991 I KeyButtonView: Back button event: ACTION_UP
02-03 21:47:58.383  2991  3215 I KeyButtonView: injectInputEvent - 4
02-03 21:47:58.383  1630  3476 D InputDispatcher: Inject key (2991/10051): action=1, f=0x48, d=0, time=152580486000000
02-03 21:47:58.383  1630  3476 D WindowManager: interceptKeyTq keycode=4 interactive=true keyguardActive=false policyFlags=2b000002
02-03 21:47:58.384  1630  3476 D PhoneWindowManagerExt: interceptKeyTq code=4 down=false repeatCount=0 displayId=0 interactive=true
02-03 21:47:58.384  1630  3476 D WindowManager: interceptKeyTq interceptKeyResult=4
02-03 21:47:58.385  1630  2622 D VibrationThread: Playing vibration id 8982 StartSequentialEffectStep
02-03 21:47:58.385  1630  2622 D VibrationThread: StartSequentialEffectStep for effect #0
02-03 21:47:58.385  1630  2622 D SemHapticStep: sepIndex=1, intensity=4000, repeat=false, duration=120
02-03 21:47:58.385  1630  2622 D SemHapticStep: Turning on vibrator 0 for 120ms
02-03 21:47:58.385  1630  2660 D WindowManager: interceptKeyTi keyCode=4 action=1 repeatCount=0 keyguardOn=false canceled=false
02-03 21:47:58.385  1630  2660 D PhoneWindowManagerExt: interceptKeyTi code=4 down=false repeatCount=0 displayId=0 interactive=true
02-03 21:47:58.385  1429  1429 W Layer   : gatherBufferInfo: Received unknown dataspace from gralloc
02-03 21:47:58.386  1429  1429 W Layer   : gatherBufferInfo: Received unknown dataspace from gralloc
02-03 21:47:58.386  1382  1382 E SecVibrator-HAL-AIDL-EXT: V_3_0: performPrebakedHapticPattern 1 : 4000 : 0
02-03 21:47:58.386  1382  1382 E SecVibrator-HAL-AIDL-EXT: V_3_0: performPrebakedHapticPattern one shoot starts
02-03 21:47:58.386  1382  1382 E SecVibrator-HAL-AIDL-CORE: HW_API: >> writeNode node:/timed_output/vibrator/intensity val:4000
02-03 21:47:58.386  1382  1382 E SecVibrator-HAL-AIDL-CORE: HW_API: << writeNode node OK : 5
02-03 21:47:58.386  1382  1382 E SecVibrator-HAL-AIDL-CORE: HW_API: >> writeNode node:/timed_output/vibrator/cp_trigger_index val:1
02-03 21:47:58.389  3474  3474 I HoneySpace.GestureInputHandler: reset
02-03 21:47:58.389  3474  3474 I HoneySpace.InputSession: close
02-03 21:47:58.389  1630  2660 I InputDispatcher: Delivering key to (11425): B action: 0x1 (0), f=0x48, m=0x0, d=0, 'f21fa30'
02-03 21:47:58.390  5872  5872 I HBD     : HoneyBoardService onKeyUp r:76a03e58 consumed:false 0 
02-03 21:47:58.390  5872  5872 I InputMethodService: handleBack: mShowInputRequested=true, doIt=true
02-03 21:47:58.391  5872  5872 I ImeTracker: com.samsung.android.honeyboard:d78084e6: onRequestHide at ORIGIN_IME reason HIDE_SOFT_INPUT_BY_BACK_KEY fromUser true
02-03 21:47:58.391  1630  3476 I InputMethodManagerService: hideMySoftInput: flags=0
02-03 21:47:58.392  1382  1382 E SecVibrator-HAL-AIDL-CORE: HW_API: << writeNode node OK : 2
02-03 21:47:58.392  1382  1382 E SecVibrator-HAL-AIDL-CORE: HW_API: do_on for timeoutMs: 1000
02-03 21:47:58.392  1382  1382 E SecVibrator-HAL-AIDL-CORE: HW_API: >> writeNode node:/timed_output/vibrator/enable val:1000
02-03 21:47:58.393  1429  1429 W Layer   : gatherBufferInfo: Received unknown dataspace from gralloc
02-03 21:47:58.394  1429  1429 W Layer   : gatherBufferInfo: Received unknown dataspace from gralloc
02-03 21:47:58.396  1630  3476 D InputMethodManagerService: setWindowStateInner, windowToken=android.os.BinderProxy@2396b73, state=ImeTargetWindowState{ imeToken android.os.Binder@1d175ee imeFocusChanged false hasEditorFocused true requestedImeVisible false imeDisplayId 0 softInputModeState STATE_UNSPECIFIED|ADJUST_PAN isStartInputByGainFocus false}
02-03 21:47:58.396  1630  3476 V InputMethodManagerService: Calling com.android.server.inputmethod.IInputMethodInvoker@cb8dc71.hideSoftInput(0, android.os.BinderProxy@2396b73, null) for reason: HIDE_SOFT_INPUT_BY_BACK_KEY
02-03 21:47:58.397  1382  1382 E SecVibrator-HAL-AIDL-CORE: HW_API: << writeNode node OK : 5
02-03 21:47:58.397  1382  1382 E SecVibrator-HAL-AIDL-EXT: V_3_0: performPrebakedHapticPattern one shoot end
02-03 21:47:58.397  1403  1403 I SSC_DAEMON: physical_sensor_test_req_msg Sensor type :0, Msg type:3
02-03 21:47:58.397  1630  3476 I ActivityManager: Changes in 10205 5 to 7, 127 to 0
02-03 21:47:58.397  1630  3476 I ActivityManager: Changes in 10116 5 to 7, 56 to 0
02-03 21:47:58.397  1630  3476 I ActivityManager: Changes in 10111 5 to 7, 16 to 0
02-03 21:47:58.398  1700 17886 I CameraService: onUidStateChanged: uid=10205, procState is changed. (5 -> 7)
02-03 21:47:58.398  1630  4883 D MotionRecognitionService: inject vibrator info = 1.0
02-03 21:47:58.400  1403  2537 I SSC_DAEMON: accel_motor_state_event: 1, 1
02-03 21:47:58.400  1231 21869 E libprotobuf-native: [libprotobuf ERROR external/protobuf/src/google/protobuf/message_lite.cc:123] Can't parse message of type "sns_std_sensor_event" because it is missing required fields: (cannot determine missing fields for lite message)
02-03 21:47:58.400 11425 11425 I VRI[MainActivity]@5832a1f: The input has been finished in ImeInputStage.
02-03 21:47:58.400  1231  1231 I sensors-hal: inject_sensor_data:584, handle:11, type:33 not supported
02-03 21:47:58.400  5872  5872 I InputMethod: hideSoftInput(): flags=0
02-03 21:47:58.400  5872  5872 I HBD     : HoneyBoardService onFinishInputView finishingInput= false
02-03 21:47:58.400  1403  2537 I SSC_DAEMON: SBM motor: 1
02-03 21:47:58.401  1630  3476 D InputMethodManagerService: isImeSwitcherDisabledPackage : false
02-03 21:47:58.402  1630  3476 I InputMethodManagerService: setImeWindowStatus: vis=0, backDisposition=0
02-03 21:47:58.402  1630  3476 V InputMethodManagerService: applyImeVisibility state=0
02-03 21:47:58.402  1429  1429 W Layer   : gatherBufferInfo: Received unknown dataspace from gralloc
02-03 21:47:58.402  1429  1429 W Layer   : gatherBufferInfo: Received unknown dataspace from gralloc
02-03 21:47:58.402  5872  5872 I HBD     : a [UpdatePolicy] [post] a: 3 cl: 65555 kit: [0/0] vt: 0 ir: 1 
02-03 21:47:58.403  5872  5872 I HBD     : f processFinishInputView 
02-03 21:47:58.403  5872  5872 I HBD     : b stopRunningTimers 
02-03 21:47:58.403  5872  5872 I HBD     : c [PF_EN] saveUserData() 0 
02-03 21:47:58.403  5872  5872 I HBD     : E EBD reset pbc:0 pdc:0 
02-03 21:47:58.403  5872  5872 I HBD     : t historic wpmWordCount:537 wpmSessionTime:3983173 wpmPauseTime:705148 wpm:9 
02-03 21:47:58.403  5872  5872 I HBD     : t historic(rounded) wpmWordCount:537 wpmSessionTime:3983173 wpmPauseTime:705148 wpm:9 
02-03 21:47:58.403  5872  5872 I HBD     : e unbindCurrentHoneyBoard : text_board 
02-03 21:47:58.404  5872 12981 I HBD     : a [HBIC] requestCursorUpdates 0 
02-03 21:47:58.404  5872  5872 I HBD     : a onUnbind 
02-03 21:47:58.404  5872  5872 I HBD     : e expression state[false], searchState[0] 
02-03 21:47:58.404  5872  8862 I HBD     : v [SKE_LM] saveDynamicModel,  false ,  false
02-03 21:47:58.404  5872  5872 I HBD     : a clear BaseLanguageRepo 
02-03 21:47:58.404  1231  1231 I sensors-hal: inject_sensor_data:584, handle:11, type:33 not supported
02-03 21:47:58.404  5872  5872 I HBD     : MultiModalSwitcher onFinishInputView 
02-03 21:47:58.405  5834  5834 I SSS:AugmentedAutofillService: AugmentedAutofillService: onConnected()
02-03 21:47:58.405  1231  1231 I sensors-hal: inject_sensor_data:584, handle:11, type:33 not supported
02-03 21:47:58.406  5872  5872 I HBD     : HoneyBoardService [PF_CL][onFinishInputView]  6 ms 
02-03 21:47:58.406  5872  5872 I HBD     : c showInputView requested current = true, applyNow = false 
02-03 21:47:58.406  5872  5872 I HBD     : HoneyBoardService onWindowHidden 
02-03 21:47:58.406  2991  2991 D NavigationBar: setImeWindowStatus displayId=0 vis=0 backDisposition=0 showImeSwitcher=false imeShown=false
02-03 21:47:58.406  5872  5872 I HBD     : HoneyBoardService [PF_CL][onWindowHidden]  0 ms 
02-03 21:47:58.406  2991  2991 D Navbar.Store: handleEvent(0) OnNavBarIconHintChanged(iconHint=0) [Module] NavigationBar
02-03 21:47:58.406  2991  2991 D Navbar.Store: --[Band]SETUPWIZARD_PACK_SET_NAVBAR_ICON_HINT
02-03 21:47:58.406  2991  2991 D Navbar.Store: --[Band]VIS_PACK_REEVAULATE_NAVBAR
02-03 21:47:58.406  2991  2991 D Navbar.Store: ----apply(0) NavBarStoreAction$ReevaluateNavBar
02-03 21:47:58.407  2991  2991 D Navbar.Store: ----handleEvent(0) OnUpdateRemoteViewContainer(rotation=0, leftContainer=android.widget.LinearLayout{c5b3f03 V.E...... ........ 64,0-181,126 #7f0a0625 app:id/left_remoteview}, rightContainer=android.widget.LinearLayout{f16bcb9 I.E...... ......I. 659,0-776,126 #7f0a09e0 app:id/right_remoteview}, contextualButtonVisible=false, darkIntensity=0.0, displayId=0) [Module] SamsungNavigationBarView
02-03 21:47:58.407  2991  2991 D Navbar.Store: ------[Band]REMOTE_VIEW_PACK_SET_REMOTEVIEW_CONTAINER
02-03 21:47:58.407  2991  2991 D Navbar.Store: --------apply(0) NavBarStoreAction$UpdateRemoteViewContainer
02-03 21:47:58.407  2991  2991 D Navbar.Store: --------apply(0) NavBarStoreAction$UpdateRemoteViewDarkIntensity
02-03 21:47:58.407  2991  2991 D NavBarView: disableBack=true (useAltBack=false, handlingGestures=true, disabledFlagBack=false, isBottomGesture=false, isImeRenderingNavButtons=false)
02-03 21:47:58.408  2991  2991 D Navbar.Store: handleEvent(0) OnSetGestureHintVisibility(recentVisible=true, homeVisible=true, backVisible=true) [Module] SamsungNavigationBarView
02-03 21:47:58.408  2991  2991 D Navbar.Store: --[Band]GESTURE_PACK_SET_HINT_VISIBILITY
02-03 21:47:58.408  2991  2991 D Navbar.Store: --[Band] (afterAction) GESTURE_PACK_SET_HINT_VISIBILITY
02-03 21:47:58.408  2991  2991 D Navbar.Store: ----apply(0) NavBarStoreAction$UpdateGestureHintVisibility
02-03 21:47:58.408  2991  2991 D NavBarStateManager: NavBarStates(0) canShowGestureHint: true
