02-03 21:38:33.767  5872  5872 I HBD     : a color = [r : 1], [g : 1], [b : 2], [alpha : 255], rgb = -16711422, isDark = true 
02-03 21:38:33.768  5872  5872 I HBD     : a color = [r : 1], [g : 1], [b : 2], [alpha : 255], rgb = -16711422, isDark = true 
02-03 21:38:33.768  1630  2731 V SemStrongRssiRoaming: Partial scan success
02-03 21:38:33.768  1630  2114 D DisplayManagerService: handleBrightnessAnimation: started=false
02-03 21:38:33.768  5872  5872 I HBD     : a color = [r : 1], [g : 1], [b : 2], [alpha : 255], rgb = -16711422, isDark = true 
02-03 21:38:33.769  1630  2114 I RefreshRateTokenController: Removing refreshRateToken={ RefreshRateToken[->PassiveModeToken:BrightnessAnim, acquire at 152015565 (307 ms ago)}, caller=com.android.server.display.mode.RefreshRateToken.release:5 com.android.server.display.DisplayManagerService$$ExternalSyntheticLambda8.accept:163 com.android.server.display.DisplayPowerController$3.run:24 android.os.Handler.handleCallback:959 android.os.Handler.dispatchMessage:100 
02-03 21:38:33.770  2991  2991 D NavigationBarControllerImpl: setNavigationBarShortcut requestClass : com.samsung.android.honeyboard, remoteViews : null, position : 0, priority : 12
02-03 21:38:33.770  2991  2991 D RemoteViewPack: OnSetRemoteView RemoteViewShortcut(requestClass=com.samsung.android.honeyboard, remoteViews=null, position=0, priority=12)
02-03 21:38:33.770  2991  2991 D NavBarStateManager: NavBarStates(0) isGameMode: false
02-03 21:38:33.770  2991  2991 D TaskBarPack: OnSetRemoteView Bundle[{remoteViews=null, priority=12, position=0, requestClass=com.samsung.android.honeyboard}]
02-03 21:38:33.770  2991  2991 D TaskBarDelegate: handleNavigationBarEvent() TaskbarDelegate is not initialized.
02-03 21:38:33.770  2991  2991 D Navbar.Store: ----handleEvent(0) OnUpdateRemoteViewContainer(rotation=0, leftContainer=android.widget.LinearLayout{c5b3f03 I.E...... ......I. 64,0-181,126 #7f0a0625 app:id/left_remoteview}, rightContainer=android.widget.LinearLayout{f16bcb9 I.E...... ......I. 659,0-776,126 #7f0a09e0 app:id/right_remoteview}, contextualButtonVisible=false, darkIntensity=0.0, displayId=0) [Module] SamsungNavigationBarView
02-03 21:38:33.771  2991  2991 D Navbar.Store: ------[Band]REMOTE_VIEW_PACK_SET_REMOTEVIEW_CONTAINER
02-03 21:38:33.771  2991  2991 D Navbar.Store: --------apply(0) NavBarStoreAction$UpdateRemoteViewContainer
02-03 21:38:33.771  2991  2991 D Navbar.Store: --------apply(0) NavBarStoreAction$UpdateRemoteViewDarkIntensity
02-03 21:38:33.771  1744  1744 W wificond: Failed to get NL80211_ATTR_MAX_NUM_AKM_SUITES
02-03 21:38:33.773  5872  5872 I HBD     : HoneyBoardService [PF_OP][onStartInputView]  99 ms 
02-03 21:38:33.773  1630  3143 D InputMethodManagerService: isImeSwitcherDisabledPackage : false
02-03 21:38:33.773  1630  3143 I InputMethodManagerService: setImeWindowStatus: vis=3, backDisposition=0
02-03 21:38:33.774  1744  1744 W wificond: Failed to get NL80211_ATTR_MAX_NUM_AKM_SUITES
02-03 21:38:33.774  1630  5125 D SemInputDeviceManager: setProperty: (0) CMD,GRIP_DATA,1,14,18,6,1543,18,1943
02-03 21:38:33.775  5872  5872 I HBD     : HoneyBoardService onWindowShown 
02-03 21:38:33.775  5872  5872 I HBD     : HoneyBoardService [PF_OP][onWindowShown]  0 ms 
02-03 21:38:33.775  1630  5124 I SemInputMotionHelper: setMotionControl: ALL: 11, client=com.samsung.android.hardware.secinputdev.SemInputDeviceManager, ret=-1
02-03 21:38:33.775  1630  5124 D SemInputDeviceManager: setProperty: (100) CMD,SIP,1
02-03 21:38:33.775  1630  5125 D TspStateManager: wrote command: cmd=1,14,18,6,1543,18,1943, type=1
02-03 21:38:33.775  1630  2671 D SemInputDevice:TSP_SUB: SetPropertyTask: CMD,set_grip_data,1,14,18,6,1543,18,1943 [02-03 21:38:33.775]
02-03 21:38:33.775  1630  5124 I SemInputCommandService: setPropertyAllTouch: SIP,1 retDefault=1 retExtra=1
02-03 21:38:33.775  1630  5124 D TspStateManager: wrote command: cmd=1, type=5
02-03 21:38:33.776  1630  2680 D InputMethodManagerService: notifyUserActivity: canceled, displayId=0
02-03 21:38:33.776  1630  2680 V InputMethodManagerService: applyImeVisibility state=1
02-03 21:38:33.776  5872  5872 I HBD     : e resetMotionDetector: reason=onKeyDown 
02-03 21:38:33.776  5872  5872 I HBD     : c skip onKeyDown as physical keyboard not connected 
02-03 21:38:33.776  1630  2680 D InputMethodManagerService: isImeSwitcherDisabledPackage : false
02-03 21:38:33.777  1630  2680 I InputMethodManagerService: setImeWindowStatus: vis=3, backDisposition=0
02-03 21:38:33.777  3245  3245 E SecMetadataEntity: getCache : SUPPORTED_FEATURES key can not get with other key. return only SUPPORTED_FEATURES
02-03 21:38:33.777  2991  2991 D NavigationBarControllerImpl: setNavigationBarShortcut requestClass : com.samsung.android.honeyboard, remoteViews : android.widget.RemoteViews@f03e0c, position : 0, priority : 12
02-03 21:38:33.777  1369  1369 I sysinput:Touch: writeInformation:249, OK
02-03 21:38:33.778  2991  2991 D RemoteViewPack: OnSetRemoteView RemoteViewShortcut(requestClass=com.samsung.android.honeyboard, remoteViews=android.widget.RemoteViews@f03e0c, position=0, priority=12)
02-03 21:38:33.778  1744  1744 W wificond: Failed to get NL80211_ATTR_MAX_NUM_AKM_SUITES
02-03 21:38:33.778  6137  6137 I SemDvfsHyPerManager: acquire hyper - BaseTABoost/6137@19, type = -999
02-03 21:38:33.778  1630  2671 D SysinputHAL_V1_3(V1_2): runTspCmdNoRead(TSP_SUB(2)): set_grip_data,1,14,18,6,1543,18,1943 ret=0
02-03 21:38:33.778  1630  2671 D SemInputDevice:TSP_SUB: SetPropertyTask: CMD,set_sip_mode,1 [02-03 21:38:33.775]
02-03 21:38:33.778  1237  1371 I HYPER-HAL: [RequestManager.cpp]acquire(): Acquired ID : 18951265  [6137 / 19]    HINT :      list : [TABoost / 1] 
02-03 21:38:33.779  1369  1369 I sysinput:Touch: writeInformation:249, OK
02-03 21:38:33.779  1630  2671 D SysinputHAL_V1_3(V1_2): runTspCmdNoRead(TSP_SUB(2)): set_sip_mode,1 ret=0
02-03 21:38:33.779  1630  2671 D SemInputDevice:TSP: SetPropertyTask: CMD,set_sip_mode,1 [02-03 21:38:33.775]
02-03 21:38:33.780  1369  1369 I sysinput:Touch: writeInformation:249, OK
02-03 21:38:33.780  1630  2671 D SysinputHAL_V1_3(V1_2): runTspCmdNoRead(TSP(1)): set_sip_mode,1 ret=0
02-03 21:38:33.780  5872  5872 I HBD     : HoneyBoardService onKeyDown r:361ae367 consumed:false 4 
02-03 21:38:33.780  1744  1744 W wificond: Failed to get NL80211_ATTR_MAX_NUM_AKM_SUITES
02-03 21:38:33.781  5872  5872 I HBD     : c IIFO[r:702bd8d36e][type:finish] 
02-03 21:38:33.783 31979 31979 I VRI[MainActivity]@5832a1f: ViewPostIme key 0
02-03 21:38:33.783  2991  2991 D NavBarStateManager: NavBarStates(0) isGameMode: false
02-03 21:38:33.783  2991  2991 D TaskBarPack: OnSetRemoteView Bundle[{remoteViews=android.widget.RemoteViews@f03e0c, priority=12, position=0, requestClass=com.samsung.android.honeyboard}]
02-03 21:38:33.783  2991  2991 D TaskBarDelegate: handleNavigationBarEvent() TaskbarDelegate is not initialized.
02-03 21:38:33.784  2991  2991 D Navbar.Store: ----handleEvent(0) OnUpdateRemoteViewContainer(rotation=0, leftContainer=android.widget.LinearLayout{c5b3f03 V.E...... ......ID 64,0-181,126 #7f0a0625 app:id/left_remoteview}, rightContainer=android.widget.LinearLayout{f16bcb9 I.E...... ......I. 659,0-776,126 #7f0a09e0 app:id/right_remoteview}, contextualButtonVisible=false, darkIntensity=0.0, displayId=0) [Module] SamsungNavigationBarView
02-03 21:38:33.784  2991  2991 D Navbar.Store: ------[Band]REMOTE_VIEW_PACK_SET_REMOTEVIEW_CONTAINER
02-03 21:38:33.784  2991  2991 D Navbar.Store: --------apply(0) NavBarStoreAction$UpdateRemoteViewContainer
02-03 21:38:33.784  2991  2991 D Navbar.Store: --------apply(0) NavBarStoreAction$UpdateRemoteViewDarkIntensity
02-03 21:38:33.784  2991  2991 D FlexPanelStartController: startFloatingIcon: extra=display_floating_icon_clear
02-03 21:38:33.785  2991  2991 D NavigationBar: setImeWindowStatus displayId=0 vis=3 backDisposition=0 showImeSwitcher=false imeShown=true
02-03 21:38:33.785  2991  2991 D Navbar.Store: handleEvent(0) OnNavBarIconHintChanged(iconHint=3) [Module] NavigationBar
02-03 21:38:33.785  2991  2991 D Navbar.Store: --[Band]SETUPWIZARD_PACK_SET_NAVBAR_ICON_HINT
02-03 21:38:33.785  2991  2991 D Navbar.Store: --[Band]VIS_PACK_REEVAULATE_NAVBAR
02-03 21:38:33.785  2991  2991 D Navbar.Store: ----apply(0) NavBarStoreAction$ReevaluateNavBar
02-03 21:38:33.789  1630  3112 D InputDispatcher: Inject key (5107/2000): action=1, f=0x0, d=-1, time=152015655466331
02-03 21:38:33.789  1630  3112 D WindowManager: interceptKeyTq interceptKeyResult=1
02-03 21:38:33.790  1630  2660 I InputDispatcher: Delivering key to (31979): action: 0x1 (0), f=0x0, m=0x0, d=0, '86ecbb5'
02-03 21:38:33.792  5872  5872 W HBD     : d1 Engine Sync Finished by onStartInputView, check InputKey timing 
02-03 21:38:33.792  5872  5872 I HBD     : E EBD si t 0 
02-03 21:38:33.792  5872  5872 I HBD     : HoneyBoardService onKeyUp r:60de0551 consumed:false 0 
02-03 21:38:33.792  2991  2991 D Navbar.Store: ----handleEvent(0) OnUpdateRemoteViewContainer(rotation=0, leftContainer=android.widget.LinearLayout{c5b3f03 V.E...... ......ID 64,0-181,126 #7f0a0625 app:id/left_remoteview}, rightContainer=android.widget.LinearLayout{f16bcb9 I.E...... ......I. 659,0-776,126 #7f0a09e0 app:id/right_remoteview}, contextualButtonVisible=false, darkIntensity=0.0, displayId=0) [Module] SamsungNavigationBarView
02-03 21:38:33.792  2991  2991 D Navbar.Store: ------[Band]REMOTE_VIEW_PACK_SET_REMOTEVIEW_CONTAINER
02-03 21:38:33.792  2991  2991 D Navbar.Store: --------apply(0) NavBarStoreAction$UpdateRemoteViewContainer
02-03 21:38:33.793  5872  5872 I HBD     : [DirectWriting] DirectWriting emitInputConnection : RemoteInputConnection{idHash=#794a67e} 
02-03 21:38:33.793  2991  2991 D Navbar.Store: --------apply(0) NavBarStoreAction$UpdateRemoteViewDarkIntensity
02-03 21:38:33.793  2991  2991 D NavBarView: disableBack=false (useAltBack=true, handlingGestures=true, disabledFlagBack=false, isBottomGesture=false, isImeRenderingNavButtons=false)
02-03 21:38:33.794  2991  2991 D Navbar.Store: handleEvent(0) OnSetGestureHintVisibility(recentVisible=true, homeVisible=true, backVisible=true) [Module] SamsungNavigationBarView
02-03 21:38:33.794  2991  2991 D Navbar.Store: --[Band]GESTURE_PACK_SET_HINT_VISIBILITY
02-03 21:38:33.794  2991  2991 D Navbar.Store: --[Band] (afterAction) GESTURE_PACK_SET_HINT_VISIBILITY
02-03 21:38:33.794  2991  2991 D Navbar.Store: ----apply(0) NavBarStoreAction$UpdateGestureHintVisibility
02-03 21:38:33.794  2991  2991 D NavBarStateManager: NavBarStates(0) canShowGestureHint: true
02-03 21:38:33.794  2991  2991 D NavBarStateManager: NavBarStates(0) supportLargeCoverScreenNavBar: false
02-03 21:38:33.794  2991  2991 D NavBarStateManager: NavBarStates(0) canShowKeyboardButtonForRotation(0): true
02-03 21:38:33.794  2991  2991 D Navbar.Store: handleEvent(0) OnUpdateSysUiStateFlag(noArguments=true) [Module] SamsungNavigationBarView
02-03 21:38:33.794  2991  2991 D Navbar.Store: --[Band]GESTURE_PACK_UPDATE_SYSTEMUI_STATE_FLAG
02-03 21:38:33.794  2991  2991 D Navbar.Store: --[Band] (afterAction) GESTURE_PACK_UPDATE_SYSTEMUI_STATE_FLAG
02-03 21:38:33.794  2991  2991 D NavBarStateManager: NavBarStates(0) isGameMode: false
02-03 21:38:33.794  2991  2991 D Navbar.Store: ----apply(0) NavBarStoreAction$UpdateSysUiFlags
02-03 21:38:33.794  2991  2991 D Navbar.Store: ----set 274877906944 : false
02-03 21:38:33.794  2991  2991 D Navbar.Store: ----set 17179869184 : false
02-03 21:38:33.794  2991  2991 D SysUiState: SysUiState changed: old=0x10020000 new=0x10060000
02-03 21:38:33.795  2991  2991 D NavBarStateManager: NavBarStates(0) canUseNavBarBackgroundFrame: true
02-03 21:38:33.795  3474 27558 I HoneySpace.SystemUiRepository: systemUiFlags: allow_gesture|ime_visible|awake
02-03 21:38:33.796  3474  3647 I HoneySpace.TaskbarEventTracker: invokeEvent() called with: event = SystemUiStateChanged(stateFlags=268828672)
02-03 21:38:33.796  2991  2991 I ControlPanelService: startId : 8749
02-03 21:38:33.796  2991  2991 D NavigationBarControllerImpl: setNavigationBarShortcut requestClass : com.android.wm.shell.controlpanel.activity.FlexPanelActivity, remoteViews : null, position : 0, priority : 11
02-03 21:38:33.796  2991  2991 D RemoteViewPack: OnSetRemoteView RemoteViewShortcut(requestClass=com.android.wm.shell.controlpanel.activity.FlexPanelActivity, remoteViews=null, position=0, priority=11)
02-03 21:38:33.796  2991  2991 D NavBarStateManager: NavBarStates(0) isGameMode: false
02-03 21:38:33.796  2991  2991 D TaskBarPack: OnSetRemoteView Bundle[{remoteViews=null, priority=11, position=0, requestClass=com.android.wm.shell.controlpanel.activity.FlexPanelActivity}]
02-03 21:38:33.796  2991  2991 D TaskBarDelegate: handleNavigationBarEvent() TaskbarDelegate is not initialized.
02-03 21:38:33.796  2991  2991 D Navbar.Store: ----handleEvent(0) OnUpdateRemoteViewContainer(rotation=0, leftContainer=android.widget.LinearLayout{c5b3f03 V.E...... ........ 64,0-181,126 #7f0a0625 app:id/left_remoteview}, rightContainer=android.widget.LinearLayout{f16bcb9 I.E...... ......I. 659,0-776,126 #7f0a09e0 app:id/right_remoteview}, contextualButtonVisible=false, darkIntensity=0.0, displayId=0) [Module] SamsungNavigationBarView
02-03 21:38:33.796  2991  2991 D Navbar.Store: ------[Band]REMOTE_VIEW_PACK_SET_REMOTEVIEW_CONTAINER
02-03 21:38:33.796  2991  2991 D Navbar.Store: --------apply(0) NavBarStoreAction$UpdateRemoteViewContainer
02-03 21:38:33.796  2991  2991 D Navbar.Store: --------apply(0) NavBarStoreAction$UpdateRemoteViewDarkIntensity
02-03 21:38:33.800  1630  3143 D KNOX_MDM_SettingsProvider: isChangeAllowed() : name = task_bar_current_size
02-03 21:38:33.800  1630  3143 D KNOX_MDM_SettingsProvider: edmUri: content://com.sec.knox.provider/RestrictionPolicy3
02-03 21:38:33.800  1630  3143 D KNOX_MDM_SettingsProvider: projectionArgs: isSettingsChangesAllowed
02-03 21:38:33.800  1630  3143 D KNOX_MDM_SettingsProvider: selectionArgs: false
02-03 21:38:33.800  1630  3143 D KNOX_MDM_SettingsProvider: selectionArgs: 10143
02-03 21:38:33.800  1630  3143 D SecContentProvider: query(), uri = 17 selection = isSettingsChangesAllowed
02-03 21:38:33.800  1630  3143 D SecContentProvider: called from com.sec.android.app.launcher
02-03 21:38:33.800  1630  3143 D RestrictionPolicy: isSettingsChangesAllowedAsUser, userId 0 : true
02-03 21:38:33.800  1630  3143 D KNOX_MDM_SettingsProvider: ret = 1
02-03 21:38:33.801  2991  2991 D NavBarStateManager: NavBarStates(0) canUseNavBarBackgroundFrame: true
02-03 21:38:33.804  3474  3474 I HoneySpace.TaskbarVisibilityController: updateTaskbarEvent needToHide:true stateFlags:268828672,keyguardShowing:false, quickPanelVisibilityChanged:false
02-03 21:38:33.804  3474  6650 I HoneySpace.TaskbarVisibilityController: updateVisibility(0) isDock:false occlude:true needToHide:true hideFlag:true forceMinusOnePage:false launcher:false recent:false minus:false homePackage:false AppPicker:false :: state 0 -> 0
02-03 21:38:33.812  1630  3143 V WindowManager: Relayout Window{431914a u0 TaskbarWindow}: viewVisibility=0 req=1768x168 ty=2024 d0
02-03 21:38:33.812  1429  1429 W Layer   : gatherBufferInfo: Received unknown dataspace from gralloc
02-03 21:38:33.813  1429  1429 W ComposerExtn: DisplayExtnImpl::SetActiveConfig: HWC Display 3 is not registered!
02-03 21:38:33.813  1630  3143 V WindowManager: Relayout hash=431914a, pid=3474, syncId=-1: mAttrs={(0,0)(fillx168) gr=BOTTOM CENTER_VERTICAL sim={adjust=nothing} layoutInDisplayCutoutMode=always ty=NAVIGATION_BAR_PANEL fmt=TRANSLUCENT
02-03 21:38:33.813  1630  3143 V WindowManager:   fl=21840008
02-03 21:38:33.813  1630  3143 V WindowManager:   pfl=90001040
02-03 21:38:33.813  1630  3143 V WindowManager:   bhv=1
02-03 21:38:33.813  1630  3143 V WindowManager:   providedInsets:
02-03 21:38:33.813  1630  3143 V WindowManager:     InsetsFrameProvider: {id=#4df90001, index=0, type=navigationBars, source=FRAME, flags=[], insetsSize=Insets{left=0, top=0, right=0, bottom=168}, insetsSizeOverrides=[TypedInsetsSize: {windowType=INPUT_METHOD, insetsSize=Insets{left=0, top=0, right=0, bottom=168}}]}
02-03 21:38:33.813  1630  3143 V WindowManager:     InsetsFrameProvider: {id=#4df90006, index=0, type=tappableElement, source=FRAME, flags=[], insetsSize=Insets{left=0, top=0, right=0, bottom=168}, insetsSizeOverrides=[TypedInsetsSize: {windowType=INPUT_METHOD, insetsSize=Insets{left=0, top=0, right=0, bottom=168}}]}
02-03 21:38:33.813  1630  3143 V WindowManager:     InsetsFrameProvider: {id=#4df90005, index=0, type=mandatorySystemGestures, source=FRAME, flags=[], insetsSize=Insets{left=0, top=0, right=0, bottom=168}}
02-03 21:38:33.813  1630  3143 V WindowManager:     InsetsFrameProvider: {id=#4df90004, index=0, type=systemGestures, source=DISPLAY, flags=[], insetsSize=Insets{left=78, top=0, right=0, bottom=0}, mMinimalInsetsSizeInDisplayCutoutSafe=Insets{left=78, top=0, right=0, bottom=0}}
02-03 21:38:33.813  1630  3143 V WindowManager:     InsetsFrameProvider: {id=#4df90024, index=1, type=systemGestures, source=DISPLAY, flags=[], insetsSize=Insets{left=0, top=0, right=78, bottom=0}, mMinimalInsetsSizeInDisplayCutoutSafe=Insets{left=0, top=0, right=78, bottom=0}}
02-03 21:38:33.813  1630  3143 V WindowManager:   frameRateBoostOnTouch=true
02-03 21:38:33.813  1630  3143 V WindowManager:   dvrrWindowFrameRateHint=true naviIconColor=0}
02-03 21:38:33.814  3474  3474 I BLASTBufferQueue_Java: update, w= 1768 h= 168 mName = VRI[TaskbarWindow]@498413e mNativeObject= 0xb400007c708c47d0 sc.mNativeObject= 0xb400007e1090c190 format= -3 caller= android.view.ViewRootImpl.updateBlastSurfaceIfNeeded:3386 android.view.ViewRootImpl.relayoutWindow:11361 android.view.ViewRootImpl.performTraversals:4544 android.view.ViewRootImpl.doTraversal:3708 android.view.ViewRootImpl$TraversalRunnable.run:12542 android.view.Choreographer$CallbackRecord.run:1751 
02-03 21:38:33.814  3474  3474 I VRI[TaskbarWindow]@498413e: Relayout returned: old=(0,2040,1768,2208) new=(0,2040,1768,2208) relayoutAsync=false req=(1768,168)0 dur=3 res=0x1 s={true 0xb400007cb09591f0} ch=false seqId=19
02-03 21:38:33.814  3474  3474 I VRI[TaskbarWindow]@498413e: Creating new active sync group VRI[TaskbarWindow]@498413e#21
02-03 21:38:33.816  3474  6734 I VRI[TaskbarWindow]@498413e: mWNT: t=0xb400007c4098f710 mBlastBufferQueue=0xb400007c708c47d0 fn= 88178 HdrRenderState mRenderHdrSdrRatio=1.0 caller= android.view.ViewRootImpl$11.onFrameDraw:15016 android.view.ThreadedRenderer$1.onFrameDraw:761 <bottom of call stack> 
02-03 21:38:33.816  3474  6734 I VRI[TaskbarWindow]@498413e: Setting up sync and frameCommitCallback
02-03 21:38:33.818  3474  6631 I VRI[TaskbarWindow]@498413e: Received frameCommittedCallback lastAttemptedDrawFrameNum=88178 didProduceBuffer=true
02-03 21:38:33.818  1630  3143 D WindowManager: finishDrawingWindow: Window{431914a u0 TaskbarWindow} mDrawState=HAS_DRAWN seqId=19
02-03 21:38:33.819  1429  1429 W Layer   : gatherBufferInfo: Received unknown dataspace from gralloc
02-03 21:38:33.819  1429  1429 W Layer   : gatherBufferInfo: Received unknown dataspace from gralloc
02-03 21:38:33.871 31979 31979 I VRI[MainActivity]@5832a1f: ViewPostIme key 1
02-03 21:38:33.872  1630  3112 D InputDispatcher: Inject key (5107/2000): action=0, f=0x0, d=-1, time=152015655466331
02-03 21:38:33.873  1630  3112 D SingleKeyGesture: interceptKeyDown, info : KeyCode=KEYCODE_UNKNOWN, size=0
02-03 21:38:33.873  1630  3112 D WindowManager: interceptKeyTq interceptKeyResult=1
02-03 21:38:33.873  1630  2660 I InputDispatcher: Delivering key to (31979): action: 0x0 (0), f=0x0, m=0x0, d=0, '86ecbb5'
02-03 21:38:33.878  1429  1429 W Layer   : gatherBufferInfo: Received unknown dataspace from gralloc
02-03 21:38:33.881 31979 31979 W RemoteInputConnectionImpl: requestCursorUpdates on inactive InputConnection
02-03 21:38:33.882  5872  5872 I HBD     : e resetMotionDetector: reason=onKeyDown 
02-03 21:38:33.882  5872  5872 I HBD     : c skip onKeyDown as physical keyboard not connected 
02-03 21:38:33.882  5872  5872 I HBD     : HoneyBoardService onKeyDown r:cfa384eb consumed:false 0 
02-03 21:38:33.882  5872  5872 I HBD     : b ous -  0 ,  0 ,  1 ,  1 ,  -1 ,  -1
02-03 21:38:33.882 31979 31979 I VRI[MainActivity]@5832a1f: ViewPostIme key 0
02-03 21:38:33.883  5872  5872 I HBD     : c IIFO[r:d080ad5afa][type:finish] 
02-03 21:38:33.884  1630  3112 D InputDispatcher: Inject key (5107/2000): action=1, f=0x0, d=-1, time=152015655466331
02-03 21:38:33.884  1630  3112 D WindowManager: interceptKeyTq interceptKeyResult=1
02-03 21:38:33.885  1630  2660 I InputDispatcher: Delivering key to (31979): action: 0x1 (0), f=0x0, m=0x0, d=0, '86ecbb5'
02-03 21:38:33.886  1429  1429 W Layer   : gatherBufferInfo: Received unknown dataspace from gralloc
02-03 21:38:33.889  5872  8862 I HBD     : b getET , flag: 1 , start: 1 , end: 1 , length: 1 , composingLength: 0 , isKCC: false
02-03 21:38:33.890  5872  7178 I HBD     : E EBD tb start :1 
02-03 21:38:33.890  5872  7178 I HBD     : E EBD tb end :1 
02-03 21:38:33.891  5872  5872 I HBD     : C [EmojiCandidate] getEmoji from EmojiCore-[0]
02-03 21:38:33.891  5872  5872 I HBD     : Z [SCV] (8) 5 6 3 3 4 4 4 4 
02-03 21:38:33.891  5872  5872 I HBD     : E EBD cm f 1 
02-03 21:38:33.891  5872  5872 I HBD     : HoneyBoardService onKeyUp r:2b77bc77 consumed:false 0 
02-03 21:38:33.891  5872  5872 I HBD     : [DirectWriting] DirectWriting emitInputConnection : RemoteInputConnection{idHash=#87977df} 
02-03 21:38:33.921  1630  2680 D WifiNl80211Manager: Scan result ready event
02-03 21:38:33.921  1880 29953 I LOWI-9.0.0.89.z: [LOWI-Scan] lowi_close_record:Scan done in 340048735ms, 4 APs in scan results
02-03 21:38:33.921  1630  2680 D WifiNative: Scan result ready event
02-03 21:38:33.922  1630  2731 D WificondScannerImpl: Filtering out 1 scan results.
02-03 21:38:33.923  1630  2731 V SemStrongRssiRoaming: Partial scan onResults
02-03 21:38:33.923  1630  2731 D SemStrongRssiRoaming: Received 3 partial scan results
02-03 21:38:33.923  1630  2814 V SemWifiScanPool: updateScanResult, partial scan:3 configKeys: 12 pool_bssid:73 pool_configKeys:25
02-03 21:38:33.923  1630  3226 D SLocation: ReceiverPair - handleWifiScan - wifi scanned enter
02-03 21:38:33.923  1630  3226 D SLocation: ReceiverPair - ignore direction of location due to wifi, id = 1, reason = 500
02-03 21:38:33.923  1630  3226 I SLocation: ReceiverPairWithWifi - handle Wifi Scans ID = 16
02-03 21:38:33.923  1630  3226 I SLocation: ReceiverPairWithWifi - force set enter id=16 by wifi scan
02-03 21:38:33.923  1630  3226 D SLocation: ReceiverPair - ignore direction of location due to wifi, id = 16, reason = 500
02-03 21:38:33.923  1630  3226 D SLocation: ReceiverPair - handleWifiScan - wifi scanned enter
02-03 21:38:33.923  1630  3226 D SLocation: ReceiverPair - ignore direction of location due to wifi, id = 19, reason = 500
02-03 21:38:33.923  1630  3226 I SLocation: ReceiverPairWithWifi - handle Wifi Scans ID = 179
02-03 21:38:33.923  1630  3226 I SLocation: ReceiverPairWithWifi - handle Wifi Scans ID = 191
02-03 21:38:33.923  1630  3226 I SLocation: ReceiverPairWithWifi - force set enter id=191 by wifi scan
02-03 21:38:33.923  1630  3226 D SLocation: ReceiverPair - ignore direction of location due to wifi, id = 191, reason = 500
02-03 21:38:33.923  1630  3226 I SLocation: ReceiverPairWithWifi - handle Wifi Scans ID = 193
02-03 21:38:33.923  1630  3226 I SLocation: ReceiverPairWithWifi - force set enter id=193 by wifi scan
02-03 21:38:33.923  1630  3226 D SLocation: ReceiverPair - ignore direction of location due to wifi, id = 193, reason = 500
02-03 21:38:33.928 31979 31979 I VRI[MainActivity]@5832a1f: ViewPostIme key 1
02-03 21:38:33.929  1630  3112 D InputDispatcher: Inject key (5107/2000): action=0, f=0x0, d=-1, time=152015655466331
02-03 21:38:33.929  1630  3112 D SingleKeyGesture: interceptKeyDown, info : KeyCode=KEYCODE_UNKNOWN, size=0
02-03 21:38:33.929  1630  3112 D WindowManager: interceptKeyTq interceptKeyResult=1
02-03 21:38:33.930  1630  2660 I InputDispatcher: Delivering key to (31979): action: 0x0 (0), f=0x0, m=0x0, d=0, '86ecbb5'
02-03 21:38:33.931 31979 31979 W RecordingIC: requestCursorUpdates is not supported
02-03 21:38:33.932  5872  5872 I HBD     : e resetMotionDetector: reason=onKeyDown 
02-03 21:38:33.932  5872  5872 I HBD     : c skip onKeyDown as physical keyboard not connected 
02-03 21:38:33.932  5872  5872 I HBD     : HoneyBoardService onKeyDown r:495a9cf4 consumed:false 0 
02-03 21:38:33.932  5872  5872 I Choreographer: Skipped 30 frames!  The application may be doing too much work on its main thread.
02-03 21:38:33.933  5872  8862 I HBD     : a [PF_KL][HBIC] getExtractedText, 43 
02-03 21:38:33.934  1630  2680 V WindowManager: Relayout Window{c86fe25 u0 InputMethod}: viewVisibility=0 req=840x2207 ty=2011 d0
02-03 21:38:33.934  1429  4731 I SurfaceFlinger: id=52223 createSurf, flag=44004, InputMethod$_5872#52223
02-03 21:38:33.936  1630  2680 D WindowManager: makeSurface duration=2 name=InputMethod$_5872
02-03 21:38:33.938 31979 31979 I VRI[MainActivity]@5832a1f: ViewPostIme key 0
02-03 21:38:33.940  2991  2991 I VRI[StatusBar]@8e980d0: handleResized, frames=ClientWindowFrames{frame=[0,0][840,82] display=[0,0][840,2289] parentFrame=[0,0][0,0]} displayId=0 dragResizing=false compatScale=1.0 frameChanged=false attachedFrameChanged=false configChanged=false displayChanged=false compatScaleChanged=false dragResizingChanged=false
02-03 21:38:33.940  2991  2991 I VRI[NavigationBar0]@c1db22d: handleResized, frames=ClientWindowFrames{frame=[0,2163][840,2289] display=[0,0][840,2289] parentFrame=[0,0][0,0]} displayId=0 dragResizing=false compatScale=1.0 frameChanged=false attachedFrameChanged=false configChanged=false displayChanged=false compatScaleChanged=false dragResizingChanged=false
02-03 21:38:33.940  3474  3474 I VRI[CocktailBarService]@fe8030d: handleResized, frames=ClientWindowFrames{frame=[773,1208][840,1418] display=[0,0][840,2289] parentFrame=[0,0][0,0]} displayId=0 dragResizing=false compatScale=1.0 frameChanged=false attachedFrameChanged=false configChanged=false displayChanged=false compatScaleChanged=false dragResizingChanged=false
02-03 21:38:33.940  1630  3112 D InputDispatcher: Inject key (5107/2000): action=1, f=0x0, d=-1, time=152015655466331
02-03 21:38:33.940  1630  3112 D WindowManager: interceptKeyTq interceptKeyResult=1
02-03 21:38:33.941  1630  2660 I InputDispatcher: Delivering key to (31979): action: 0x1 (0), f=0x0, m=0x0, d=0, '86ecbb5'
02-03 21:38:33.941  1630  2727 I HalDevMgr: bestIfaceCreationProposal is null, requestIface=STA, existingIface=[name=wlan0 type=STA]
02-03 21:38:33.942  1630  2680 V WindowManager: Relayout hash=c86fe25, pid=5872, syncId=-1: mAttrs={(0,0)(fillxfill) gr=BOTTOM CENTER_VERTICAL sim={adjust=pan} ty=INPUT_METHOD fmt=TRANSPARENT wanim=0x7f1401fc preferredMinDisplayRefreshRate=60.0 receive insets ignoring z-order
02-03 21:38:33.942  1630  2680 V WindowManager:   fl=81800108
02-03 21:38:33.942  1630  2680 V WindowManager:   pfl=10000000
02-03 21:38:33.942  1630  2680 V WindowManager:   bhv=1
02-03 21:38:33.942  1630  2680 V WindowManager:   fitTypes=3
02-03 21:38:33.942  1630  2680 V WindowManager:   fitSides=7
02-03 21:38:33.942  1630  2680 V WindowManager:   fitIgnoreVis
02-03 21:38:33.942  1630  2680 V WindowManager:   frameRateBoostOnTouch=true
02-03 21:38:33.942  1630  2680 V WindowManager:   dvrrWindowFrameRateHint=true
02-03 21:38:33.942  1630  2680 V WindowManager:  dimAmount=0.18 dimDuration=150 naviIconColor=0}
02-03 21:38:33.942  5872  5872 I BufferQueueProducer: [](id:16f0000000d8,api:0,p:0,c:5872) setDequeueTimeout:2077252342
02-03 21:38:33.943  5872  5872 I BLASTBufferQueue_Java: new BLASTBufferQueue, mName= VRI[InputMethod]@307b30c mNativeObject= 0xb400007c70943a30 sc.mNativeObject= 0xb400007e10955150 caller= android.view.ViewRootImpl.updateBlastSurfaceIfNeeded:3397 android.view.ViewRootImpl.relayoutWindow:11361 android.view.ViewRootImpl.performTraversals:4544 android.view.ViewRootImpl.doTraversal:3708 android.view.ViewRootImpl$TraversalRunnable.run:12542 android.view.Choreographer$CallbackRecord.run:1751 android.view.Choreographer$CallbackRecord.run:1760 android.view.Choreographer.doCallbacks:1216 android.view.Choreographer.doFrame:1142 android.view.Choreographer$FrameDisplayEventReceiver.run:1707 
02-03 21:38:33.943  5872  5872 I BLASTBufferQueue_Java: update, w= 840 h= 2207 mName = VRI[InputMethod]@307b30c mNativeObject= 0xb400007c70943a30 sc.mNativeObject= 0xb400007e10955150 format= -2 caller= android.graphics.BLASTBufferQueue.<init>:88 android.view.ViewRootImpl.updateBlastSurfaceIfNeeded:3397 android.view.ViewRootImpl.relayoutWindow:11361 android.view.ViewRootImpl.performTraversals:4544 android.view.ViewRootImpl.doTraversal:3708 android.view.ViewRootImpl$TraversalRunnable.run:12542 
02-03 21:38:33.943  1429  1429 I SurfaceFlinger: [InputMethod$_5872#52223] attach to parent LayerHierarchy{RequestedLayerState{c86fe25 InputMethod#51914 parentId=52220} 1 children}
02-03 21:38:33.943  5872  5872 W libc    : Access denied finding property "vendor.display.enable_optimal_refresh_rate"
02-03 21:38:33.943  5872  5872 W libc    : Access denied finding property "vendor.gpp.create_frc_extension"
02-03 21:38:33.943  5872  5872 I VRI[InputMethod]@307b30c: Relayout returned: old=(0,82,840,2289) new=(0,82,840,2289) relayoutAsync=false req=(840,2207)0 dur=9 res=0x3 s={true 0xb400007cb08f5100} ch=true seqId=0
02-03 21:38:33.946  1429  1429 W Layer   : gatherBufferInfo: Received unknown dataspace from gralloc
02-03 21:38:33.946  5872  5872 I VRI[InputMethod]@307b30c: Creating new active sync group VRI[InputMethod]@307b30c#28
02-03 21:38:33.946  1630  2680 D WindowManager: setInsetsWindow Window{c86fe25 u0 InputMethod}, contentInsets=Rect(0, 1388 - 0, 0) -> Rect(0, 1388 - 0, 0), visibleInsets=Rect(0, 1388 - 0, 0) -> Rect(0, 1388 - 0, 0), touchableRegion=SkRegion((0,1388,840,2081)) -> SkRegion((0,1388,840,2081)), touchableInsets 3 -> 3
02-03 21:38:33.956  1429  1429 W Layer   : gatherBufferInfo: Received unknown dataspace from gralloc
02-03 21:38:33.958  5872 10241 I VRI[InputMethod]@307b30c: mWNT: t=0xb400007c40a92010 mBlastBufferQueue=0xb400007c70943a30 fn= 1 HdrRenderState mRenderHdrSdrRatio=1.0 caller= android.view.ViewRootImpl$11.onFrameDraw:15016 android.view.ThreadedRenderer$1.onFrameDraw:761 <bottom of call stack> 
02-03 21:38:33.958  5872 10241 I VRI[InputMethod]@307b30c: Setting up sync and frameCommitCallback
02-03 21:38:33.960  5872  8262 I BLASTBufferQueue: [VRI[InputMethod]@307b30c#216](f:0,a:0,s:0) onFrameAvailable the first frame is available
02-03 21:38:33.960  5872  8262 I SurfaceComposerClient: apply transaction with the first frame. layerId: 52223, bufferData(ID: 25220047962997, frameNumber: 1)
02-03 21:38:33.960  5872  8262 I VRI[InputMethod]@307b30c: Received frameCommittedCallback lastAttemptedDrawFrameNum=1 didProduceBuffer=true
02-03 21:38:33.960  1429  1473 I SurfaceFlinger: [InputMethod$_5872#52223] setTransactionState with the first frame. bufferData(ID: 25220047962997, frameNumber: 1)
02-03 21:38:33.960  1630  2680 D WindowManager: finishDrawingWindow: Window{c86fe25 u0 InputMethod} mDrawState=DRAW_PENDING seqId=0
02-03 21:38:33.961  5872  5872 I HBD     : HoneyBoardService onKeyUp r:9fd06bc4 consumed:false 1 
02-03 21:38:33.962  1630  1956 D SurfaceControl: restrictHighRefreshRate, enabled=true
02-03 21:38:33.963  1429  1473 I SurfaceFlinger: HRR : 1
02-03 21:38:33.963  1429  1473 W ComposerExtn: DisplayExtnImpl::SetActiveConfig: HWC Display 3 is not registered!
02-03 21:38:33.963  1630  3143 I ActivityManager: Changes in 10111 19 to 5, 0 to 16
02-03 21:38:33.964  1630  1955 I RefreshRateModeManager: Schedule to change allowedModes=baseModeId=5 allowGroupSwitching=false primary=physical: (60.0 120.0) render:  (60.0 120.0) appRequest=physical: (60.0 120.0) render:  (60.0 120.0) idleScreenRefreshRateConfig=null, displayToken=android.os.BinderProxy@99b4f37  mVotesByDisplay:
02-03 21:38:33.964  1630  1955 I RefreshRateModeManager:     -1:
02-03 21:38:33.964  1630  1955 I RefreshRateModeManager:       PRIORITY_REFRESH_RATE_MODE -> CombinedVote{ mVotes=[PhysicalVote{ RefreshRateVote{  mMinRefreshRate=48.0, mMaxRefreshRate=120.0 } }, DisableRefreshRateSwitchingVote{ mDisableRefreshRateSwitching=false }] }
02-03 21:38:33.964  1630  1955 I RefreshRateModeManager:     0:
02-03 21:38:33.964  1630  1955 I RefreshRateModeManager:       PRIORITY_USER_SETTING_PEAK_RENDER_FRAME_RATE -> RenderVote{ RefreshRateVote{  mMinRefreshRate=0.0, mMaxRefreshRate=120.0 } }
02-03 21:38:33.964  1630  1955 I RefreshRateModeManager:       PRIORITY_USER_SETTING_PEAK_REFRESH_RATE -> CombinedVote{ mVotes=[PhysicalVote{ RefreshRateVote{  mMinRefreshRate=0.0, mMaxRefreshRate=120.0 } }, DisableRefreshRateSwitchingVote{ mDisableRefreshRateSwitching=false }] }
02-03 21:38:33.964  1630  1955 I RefreshRateModeManager:       PRIORITY_APP_REQUEST_RENDER_FRAME_RATE_RANGE -> RenderVote{ RefreshRateVote{  mMinRefreshRate=60.0, mMaxRefreshRate=Infinity } }
02-03 21:38:33.964  1630  1955 I RefreshRateModeManager:       PRIORITY_USER_SETTING_MIN_RENDER_FRAME_RATE -> RenderVote{ RefreshRateVote{  mMinRefreshRate=0.0, mMaxRefreshRate=Infinity } }
02-03 21:38:33.964  1630  1955 I RefreshRateModeManager:     1:
02-03 21:38:33.964  1630  1955 I RefreshRateModeManager:       PRIORITY_USER_SETTING_PEAK_RENDER_FRAME_RATE -> RenderVote{ RefreshRateVote{  mMinRefreshRate=0.0, mMaxRefreshRate=120.0 } }
02-03 21:38:33.964  1630  1955 I RefreshRateModeManager:       PRIORITY_USER_SETTING_PEAK_REFRESH_RATE -> CombinedVote{ mVotes=[PhysicalVote{ RefreshRateVote{  mMinRefreshRate=0.0, mMaxRefreshRate=120.0 } }, DisableRefreshRateSwitchingVote{ mDisableRefreshRateSwitching=false }] }
02-03 21:38:33.964  1630  1955 I RefreshRateModeManager:       PRIORITY_USER_SETTING_MIN_RENDER_FRAME_RATE -> RenderVote{ RefreshRateVote{  mMinRefreshRate=0.0, mMaxRefreshRate=Infinity } }
02-03 21:38:33.964  1630  1955 I RefreshRateModeManager: 
02-03 21:38:33.964  1630  1955 I RefreshRateModeManager:  mModeSwitchingType: SWITCHING_TYPE_WITHIN_GROUPS mAlwaysRespectAppRequest: false
02-03 21:38:33.964  1630  1955 I RefreshRateModeManager:  Current Mode mReportedRefreshRateMode(toSurfaceFlinger)=REFRESH_RATE_MODE_PASSIVE, mRefreshRateMode(fromSettings)=REFRESH_RATE_MODE_SEAMLESS
02-03 21:38:33.964  1630  1955 I RefreshRateModeManager:  BrightnessState mPassive=true, PassiveModeToken=false, mBrightness=63, mAmbientLux=34.0
02-03 21:38:33.966  4023  4264 I SamsungAccount: [AccountManagerProvider] isChildAccount
02-03 21:38:33.966  4182  4258 I RequestManager_FLP: onOpChanged, op=0 / packageName=com.osp.app.signin
02-03 21:38:33.967  5872  7273 W HBD     : d [SKE_KPM] -400 was not included in KPM.
02-03 21:38:33.967  5872  7273 W HBD     : d [SKE_KPM] -5 was not included in KPM.
02-03 21:38:33.967  5872  7273 W HBD     : d [SKE_KPM] -102 was not included in KPM.
02-03 21:38:33.967  5872  7273 W HBD     : d [SKE_KPM] -117 was not included in KPM.
02-03 21:38:33.967  5872  7273 W HBD     : d [SKE_KPM] -122 was not included in KPM.
02-03 21:38:33.967  5872  7273 W HBD     : d [SKE_KPM] 10 was not included in KPM.
02-03 21:38:33.967  5872  7273 I HBD     : d [SKE_KPM] load kpm : /data/user/0/com.samsung.android.honeyboard/app_KeyPressModel/model_0_0_432574674.im
02-03 21:38:33.968  4023  4264 I SamsungAccount: [AccountManagerProvider] Calling package : android.honeyboard.
02-03 21:38:33.969  1630  3143 D SecContentProvider: query(), uri = 15 selection = isClipboardAllowedAsUser
02-03 21:38:33.969  1630  3143 D SecContentProvider: called from android.uid.honeyboard:10205
02-03 21:38:33.969  1630  3143 D RestrictionPolicy: isClipboardAllowed : true
02-03 21:38:33.969  1630  3143 D SecContentProvider: SemKnoxPolicyContract.RestrictionPolicy.CLIPBOARD_ALLOWED_AS_USER return = true
02-03 21:38:33.971  5872 20688 I ScsApi@Feature: checkFeature() : FEATURE_SPEECH_RECOGNITION, sdk : 4.0.20
02-03 21:38:33.971  1630  1956 W LocalDisplayAdapter: Ignoring request for invalid base mode id 5
02-03 21:38:33.971  1429  1429 W Layer   : gatherBufferInfo: Received unknown dataspace from gralloc
02-03 21:38:33.971  1630  1955 D LocalDisplayAdapter: setDesiredDisplayModeSpecsAsync(4630947232161729155) : defaultMode=0 allowGroupSwitching=false primaryRanges=physical: (60.0 120.0) render:  (60.0 120.0) appRequestRanges=physical: (60.0 120.0) render:  (60.0 120.0) idleScreenRefreshRate=null
02-03 21:38:33.973  5872 20688 I ScsApi@FeatureHolder: setStatus() : FEATURE_SPEECH_RECOGNITION : 0
02-03 21:38:33.973  5872 20688 I HBD     : l HoneyVoice checkFeature() 0 time: 2
02-03 21:38:33.974  4023  4264 I SamsungAccount: [SignatureInfoDbHelper] searchOnUser(fromDb) - [10/lfgff][android.honeyboard.][64/3291d] => matched
02-03 21:38:33.974  4023  4264 I SamsungAccount: [AccountManagerProvider] This is the access of the allowed application
02-03 21:38:33.974  5872 20688 I HBD     : a HoneyVoice isSCSSpeechFeatureEnabled : true 3 ms 
02-03 21:38:33.974  4023  4264 I SamsungAccount: [AccountManagerUtil] isSamsungAccountSignedIn : true
02-03 21:38:33.976  1429  1429 I RefreshRateSelector: Display 4630947232161729155 policy changed
02-03 21:38:33.976  1429  1429 I RefreshRateSelector: Previous: {defaultModeId=0, allowGroupSwitching=false, primaryRanges={physical=[48.00 Hz, 120.00 Hz], render=[0.00 Hz, 120.00 Hz]}, appRequestRanges={physical=[48.00 Hz, 120.00 Hz], render=[0.00 Hz, 120.00 Hz]} idleScreenConfig=nullptr}
02-03 21:38:33.976  1429  1429 I RefreshRateSelector: Current:  DisplayManagerPolicy{defaultModeId=0, allowGroupSwitching=false, primaryRanges={physical=[60.00 Hz, 120.00 Hz], render=[60.00 Hz, 120.00 Hz]}, appRequestRanges={physical=[60.00 Hz, 120.00 Hz], render=[60.00 Hz, 120.00 Hz]} idleScreenConfig=nullptr}
02-03 21:38:33.976  1429  1429 I RefreshRateSelector: 58 mode changes were performed under the previous policy
02-03 21:38:33.976  1429  1429 I SurfaceFlinger: [4630947232161729155] Setting desired display mode specs: {defaultModeId=0, allowGroupSwitching=false, primaryRanges={physical=[60.00 Hz, 120.00 Hz], render=[60.00 Hz, 120.00 Hz]}, appRequestRanges={physical=[60.00 Hz, 120.00 Hz], render=[60.00 Hz, 120.00 Hz]} idleScreenConfig=nullptr}
02-03 21:38:33.978   842   842 W keymaster_tee: [WRN]begin req PARAMS: A32 B2 P64 
02-03 21:38:33.979  1429  1429 W ComposerExtn: DisplayExtnImpl::SetActiveConfig: HWC Display 3 is not registered!
02-03 21:38:33.980   842   842 D keymaster_swd: keymaster_swd [WRN] (km_add_tag:500) skip: non repetable tag already exists with different value: 2684354
02-03 21:38:33.980   842   842 D keymaster_swd: keymaster_swd [WRN] (swd_run_cb:260) swd_begin() returns 0
02-03 21:38:33.980   839  2910 I keystore2: system/security/keystore2/src/security_level.rs:454 - In create_operation. Success to create IKeystoreOperation. 10111, None
02-03 21:38:33.982   842   842 D keymaster_swd: keymaster_swd [WRN] (swd_run_cb:260) swd_update() returns 0
02-03 21:38:33.983   842   842 D keymaster_swd: keymaster_swd [WRN] (swd_run_cb:260) swd_finish() returns 0
02-03 21:38:33.986  4023  4264 I SamsungAccount: [TPMU]  SIMState     :SIM_STATE_READY
02-03 21:38:33.986  4023  4264 I SamsungAccount: [CountryCodeUtil] isChinaCountryCode : false
02-03 21:38:33.987 31979 31979 I VRI[MainActivity]@5832a1f: ViewPostIme key 1
02-03 21:38:33.987  1630  3112 D InputDispatcher: Inject key (5107/2000): action=0, f=0x0, d=-1, time=152015655466331
02-03 21:38:33.987 31979 31979 I InsetsController: onStateChanged: host=com.pricehunt/com.pricehunt.presentation.MainActivity, from=android.view.ViewRootImpl.handleResized:2789, state=InsetsState: {mDisplayFrame=Rect(0, 0 - 840, 2289), mDisplayCutout=DisplayCutout{insets=Rect(0, 82 - 0, 0) waterfall=Insets{left=0, top=0, right=0, bottom=0} boundingRect={Bounds=[Rect(0, 0 - 0, 0), Rect(389, 0 - 451, 82), Rect(0, 0 - 0, 0), Rect(0, 0 - 0, 0)]} cutoutPathParserInfo={CutoutPathParserInfo{displayWidth=840 displayHeight=2289 physicalDisplayWidth=840 physicalDisplayHeight=2289 density={2.65} cutoutSpec={M 0,0 H -11.80952380952381 V 30.85714285714286 H 11.80952380952381 V 0 H 0 Z @dp} rotation={0} scale={1.0} physicalPixelDisplaySizeRatio={1.0}}} sideOverrides={}}, mRoundedCorners=RoundedCorners{[RoundedCorner{position=TopLeft, radius=58, center=Point(58, 58)}, RoundedCorner{position=TopRight, radius=58, center=Point(782, 58)}, RoundedCorner{position=BottomRight, radius=58, center=Point(782, 2231)}, RoundedCorner{position=BottomLeft, radius=58, center=Point(58, 2231)}]}  mRoundedCornerFrame=Rect(0, 0 - 840, 2289), mPrivacyIndicatorBounds=PrivacyIndicatorBounds {static bounds=Rect(724, 0 - 840, 82) rotation=0}, mDisplayShape=DisplayShape{ spec=-311912193 displayWidth=832 displayHeight=2268 physicalPixelDisplaySizeRatio=1.0 rotation=0 offsetX=0 offsetY=0 scale=1.0}, mSources= { InsetsSource: {9d0a0001 mType=navigationBars mFrame=[0,2250][840,2289] mVisible=true mFlags=SUPPRESS_SCRIM mSideHint=BOTTOM mBoundingRects=null}, InsetsSource: {9d0a0004 mType=systemGestures mFrame=[0,0][78,2289] mVisible=true mFlags= mSideHint=LEFT mBoundingRects=null}, InsetsSource: {9d0a0005 mType=mandatorySystemGestures mFrame=[0,2205][840,2289] mVisible=true mFlags= mSideHint=BOTTOM mBoundingRects=null}, InsetsSource: {9d0a0006 mType=tappableElement mFrame=[0,0][0,0] mVisible=true mFlags= mSideHint=NONE mBoundingRects=null}, InsetsSource: {9d0a0024 mType=systemGestures mFrame=[762,0][840,2289] mVisible=true mFlags= mSideHint=RIGHT mBoundingRects=null}, InsetsSource: {3 mType=ime mFrame=[0,1470][840,2289] mVisible=false mFlags= mSideHint=BOTTOM mBoundingRects=null}, InsetsSource: {27 mType=displayCutout mFrame=[0,0][840,82] mVisible=true mFlags= mSideHint=TOP mBoundingRects=null}, InsetsSource: {4df90004 mType=systemGestures mFrame=[0,0][0,0] mVisible=false mFlags= mSideHint=NONE mBoundingRects=null}, InsetsSource: {4df90005 mType=mandatorySystemGestures mFrame=[0,0][0,0] mVisible=false mFlags= mSideHint=NONE mBoundingRects=null}, InsetsSource: {4df90006 mType=tappableElement mFrame=[0,0][0,0] mVisible=false mFlags= mSideHint=NONE mBoundingRects=null}, InsetsSource: {4df90024 mType=systemGestures mFrame=[0,0][0,0] mVisible=false mFlags= mSideHint=NONE mBoundingRects=null}, InsetsSource: {68930000 mType=statusBars mFrame=[0,0][840,82] mVisible=true mFlags= mSideHint=TOP mBoundingRects=null}, InsetsSource: {68930005 mType=mandatorySystemGestures mFrame=[0,0][840,114] mVisible=true mFlags= mSideHint=TOP mBoundingRects=null}, InsetsSource: {68930006 mType=tappableElement mFrame=[0,0][840,82] mVisible=true mFlags= mSideHint=TOP mBoundingRects=null} }
02-03 21:38:33.988  4023  4264 I SamsungAccount: [TPMU] getMccFromUsim
02-03 21:38:33.988  4023  4264 I SamsungAccount: [MccManager] saveMccToPreference Start
02-03 21:38:33.988 31979 31979 I VRI[MainActivity]@5832a1f: handleResized, frames=ClientWindowFrames{frame=[0,0][840,2289] display=[0,0][840,2289] parentFrame=[0,0][0,0]} displayId=0 dragResizing=false compatScale=1.0 frameChanged=false attachedFrameChanged=false configChanged=false displayChanged=false compatScaleChanged=false dragResizingChanged=false
02-03 21:38:33.988  1630  3112 D SingleKeyGesture: interceptKeyDown, info : KeyCode=KEYCODE_UNKNOWN, size=0
02-03 21:38:33.988  1630  3112 D WindowManager: interceptKeyTq interceptKeyResult=1
02-03 21:38:33.989  1630  2660 I InputDispatcher: Delivering key to (31979): action: 0x0 (0), f=0x0, m=0x0, d=0, '86ecbb5'
02-03 21:38:33.990  4023  4264 I SamsungAccount: [MccManager] saveMccToPreference, mcc is same with previous mcc
02-03 21:38:33.994  1429  1429 W Layer   : gatherBufferInfo: Received unknown dataspace from gralloc
02-03 21:38:33.996  4023  4264 I SamsungAccount: [ChildAccountSupportedListPref] getSupportedList
02-03 21:38:33.997  4023  4264 I SamsungAccount: [ChildAccountSupportedListManager] getSupportedListFromPreference from preference
02-03 21:38:33.997  4023  4264 E SamsungAccount: [FamilyGroupUtil] getCountryCodeListWithRegionMcc - no country code with region mcc
02-03 21:38:33.997  4023  4264 I SamsungAccount: [FamilyGroupUtil] isSupportFamilyService: false
02-03 21:38:33.997  4023  4264 I SamsungAccount: [AccountManagerProvider] makeResultBundle - resultCode : 1
02-03 21:38:33.997  5872  8862 I HBD     : i [AiWriter] updateChildAccountInfo reset
02-03 21:38:33.997  5872  8862 I HBD     : i [AiWriter] setCurrentCc resetCcAndLegalAge
02-03 21:38:33.998 31979 31979 D InsetsController: show(ime(), fromIme=true)
02-03 21:38:33.998 31979 31979 I InsetsController: setRequestedVisibleTypes: visible=true, mask=ime, host=com.pricehunt/com.pricehunt.presentation.MainActivity, from=android.view.InsetsController.controlAnimationUnchecked:1498 android.view.InsetsController.handlePendingControlRequest:1357 android.view.InsetsController.show:1287 android.view.ViewRootImpl$ViewRootHandler.handleMessageImpl:8056 android.view.ViewRootImpl$ViewRootHandler.handleMessage:7991 android.os.Handler.dispatchMessage:107 android.os.Looper.loopOnce:257 android.os.Looper.loop:342 android.app.ActivityThread.main:9634 java.lang.reflect.Method.invoke:-2 
02-03 21:38:34.000 31979 31979 I InsetsController: controlAnimationUncheckedInner: Added types=ime, animType=0, host=com.pricehunt/com.pricehunt.presentation.MainActivity, from=android.view.InsetsController.controlAnimationUnchecked:1502 android.view.InsetsController.handlePendingControlRequest:1357 android.view.InsetsController.show:1287 
02-03 21:38:34.000  1630  3077 D InsetsSourceProvider: updateVisibility: serverVisible=true, clientVisible=true, source=InsetsSource: {3 mType=ime mFrame=[0,1470][840,2289] mVisible=true mFlags= mSideHint=BOTTOM mBoundingRects=null}, controlTarget=Window{86ecbb5 u0 com.pricehunt/com.pricehunt.presentation.MainActivity}, from=com.android.server.wm.ImeInsetsSourceProvider.updateVisibility:7 com.android.server.wm.InsetsSourceProvider.setClientVisible:8 com.android.server.wm.ImeInsetsSourceProvider.setClientVisible:3 com.android.server.wm.InsetsSourceProvider.updateClientVisibility:20 com.android.server.wm.ImeInsetsSourceProvider.updateClientVisibility:53 com.android.server.wm.InsetsStateController.onRequestedVisibleTypesChanged:20 com.android.server.wm.InsetsPolicy.onRequestedVisibleTypesChanged:3 com.android.server.wm.Session.updateRequestedVisibleTypes:30 android.view.IWindowSession$Stub.onTransact:1244 com.android.server.wm.Session.onTransact:1 
02-03 21:38:34.001  1630  3077 I WindowManager: Cancelling animation restarting=true, leash=Surface(name=Surface(name=431914a TaskbarWindow)/@0x1d7e725 - animation-leash of insets_animation)/@0x396ad9f
02-03 21:38:34.001  1630  3077 I WindowManager: Reparenting to original parent: Surface(name=WindowToken{87f7816 type=2024 android.os.BinderProxy@f931e00})/@0xcf8e0fa, destroy=false, syncState=0, syncCommitDepth=0, surface=Surface(name=431914a TaskbarWindow)/@0x1d7e725
02-03 21:38:34.001  1630  3077 I WindowManager: Reparenting to leash, surface=Surface(name=431914a TaskbarWindow)/@0x1d7e725, syncState=0, syncCommitDepth=0, leashParent=Surface(name=WindowToken{87f7816 type=2024 android.os.BinderProxy@f931e00})/@0xcf8e0fa
02-03 21:38:34.001  5872  5872 I HBD     : b ous -  1 ,  1 ,  2 ,  2 ,  -1 ,  -1
02-03 21:38:34.001  1429  1473 I SurfaceFlinger: id=52224 createSurf, flag=24000, Surface(name=431914a TaskbarWindow)/@0x1d7e725 - animation-leash of insets_animation#52224
02-03 21:38:34.001  5872  5872 I HBD     : c IIFO[r:b0edd14ba3][type:finish] 
02-03 21:38:34.002  1429  1429 I SurfaceFlinger: [Surface(name=431914a TaskbarWindow)/@0x1d7e725 - animation-leash of insets_animation#52224] attach to parent LayerHierarchy{RequestedLayerState{WindowToken{87f7816 type=2024 android.os.BinderProxy@f931e00}#274 parentId=32 z=3} 2 children}
02-03 21:38:34.003  1630  3077 D WindowManager: makeSurface duration=2 leash=Surface(name=Surface(name=431914a TaskbarWindow)/@0x1d7e725 - animation-leash of insets_animation)/@0x45a0f71
02-03 21:38:34.003  1630  3077 D InsetsSourceProvider: updateControlForTarget: control=InsetsSourceControl: {4df90001 mType=navigationBars initiallyVisible mSurfacePosition=Point(0, 2040) mInsetsHint=Insets{left=0, top=0, right=0, bottom=168}}, target=PermanentControlTarget, from=com.android.server.wm.InsetsStateController.onControlTargetChanged:81 com.android.server.wm.InsetsPolicy.updateBarControlTarget:188 com.android.server.wm.DisplayPolicy.updateSystemBarAttributes:281 com.android.server.wm.InsetsStateController.onRequestedVisibleTypesChanged:46 com.android.server.wm.InsetsPolicy.onRequestedVisibleTypesChanged:3 
02-03 21:38:34.003  1630  3077 I WindowManager: Cancelling animation restarting=true, leash=Surface(name=Surface(name=8f7d129 NavigationBar0)/@0xedcd05a - animation-leash of insets_animation)/@0xdb8f2b5
02-03 21:38:34.003  1630  3077 I WindowManager: Reparenting to original parent: Surface(name=WindowToken{c4ac1f3 type=2019 android.os.BinderProxy@f66f2d})/@0xb1c528b, destroy=false, syncState=0, syncCommitDepth=0, surface=Surface(name=8f7d129 NavigationBar0)/@0xedcd05a
02-03 21:38:34.003  1630  3077 I WindowManager: Reparenting to leash, surface=Surface(name=8f7d129 NavigationBar0)/@0xedcd05a, syncState=0, syncCommitDepth=0, leashParent=Surface(name=WindowToken{c4ac1f3 type=2019 android.os.BinderProxy@f66f2d})/@0xb1c528b
02-03 21:38:34.004  1429  1473 I SurfaceFlinger: id=52225 createSurf, flag=24000, Surface(name=8f7d129 NavigationBar0)/@0xedcd05a - animation-leash of insets_animation#52225
02-03 21:38:34.005  1429  1429 W Layer   : gatherBufferInfo: Received unknown dataspace from gralloc
02-03 21:38:34.005  1630  3077 D WindowManager: makeSurface duration=2 leash=Surface(name=Surface(name=8f7d129 NavigationBar0)/@0xedcd05a - animation-leash of insets_animation)/@0x19865d7
