02-03 22:19:11.617  5872  5872 I HBD     : h writeToFile path : /data/user/0/com.samsung.android.honeyboard/files/fold_selected.json 
02-03 22:19:11.617  5872  5872 I HBD     : h writeToFile json : {"version":"4.1","currentLanguageOrder":0,"front_selected":[{"activeOptionList":["auto_spacing"],"bilingualId":-1,"engName":"English(India)","id":65555,"inputType":"qwerty","isUsed":true,"isUsedBilingual":false}]} 
02-03 22:19:11.617  6139  8155 I HBD     : h writeToFile path : /data/user_de/10/com.samsung.android.honeyboard/files/fold_selected.json 
02-03 22:19:11.617  6139  8155 I HBD     : h writeToFile json : {"version":"4.1","currentLanguageOrder":0,"front_selected":[{"activeOptionList":["auto_spacing"],"bilingualId":-1,"engName":"English(India)","id":65555,"inputType":"qwerty","isUsed":true,"isUsedBilingual":false}]} 
02-03 22:19:11.617  1630  5997 D KNOX_MDM_SettingsProvider: isChangeAllowed() : name = enabled_input_methods
02-03 22:19:11.617  1630  5997 D KNOX_MDM_SettingsProvider: edmUri: content://com.sec.knox.provider/RestrictionPolicy3
02-03 22:19:11.617  1630  5997 D KNOX_MDM_SettingsProvider: projectionArgs: isSettingsChangesAllowed
02-03 22:19:11.617  1630  5997 D KNOX_MDM_SettingsProvider: selectionArgs: false
02-03 22:19:11.617  1630  5997 D KNOX_MDM_SettingsProvider: selectionArgs: 10205
02-03 22:19:11.617  1630  5997 D SecContentProvider: query(), uri = 17 selection = isSettingsChangesAllowed
02-03 22:19:11.617  5872  8159 I HBD     : h Write selected lang for DE  
02-03 22:19:11.617  1630  5997 D SecContentProvider: called from android.uid.honeyboard:10205
02-03 22:19:11.618  5872  8159 I HBD     : h writeToFile path : /data/user_de/0/com.samsung.android.honeyboard/files/fold_selected.json 
02-03 22:19:11.618  1630  5997 D RestrictionPolicy: isSettingsChangesAllowedAsUser, userId 0 : true
02-03 22:19:11.618  5872  8159 I HBD     : h writeToFile json : {"version":"4.1","currentLanguageOrder":0,"front_selected":[{"activeOptionList":["auto_spacing"],"bilingualId":-1,"engName":"English(India)","id":65555,"inputType":"qwerty","isUsed":true,"isUsedBilingual":false}]} 
02-03 22:19:11.618  1630  5997 D KNOX_MDM_SettingsProvider: ret = 1
02-03 22:19:11.618  5872  5872 I HBD     : h writeToFile complete 
02-03 22:19:11.618  1630  2680 D KNOX_MDM_SettingsProvider: isChangeAllowed() : name = default_input_method
02-03 22:19:11.618  1630  2680 D KNOX_MDM_SettingsProvider: edmUri: content://com.sec.knox.provider/RestrictionPolicy3
02-03 22:19:11.618  1630  2680 D KNOX_MDM_SettingsProvider: projectionArgs: isSettingsChangesAllowed
02-03 22:19:11.618  1630  2680 D KNOX_MDM_SettingsProvider: selectionArgs: false
02-03 22:19:11.618  1630  2680 D KNOX_MDM_SettingsProvider: selectionArgs: 10205
02-03 22:19:11.618  1630  2680 D SecContentProvider: query(), uri = 17 selection = isSettingsChangesAllowed
02-03 22:19:11.618  1630  2680 D SecContentProvider: called from android.uid.honeyboard:10205
02-03 22:19:11.618  1630  2680 D RestrictionPolicy: isSettingsChangesAllowedAsUser, userId 0 : true
02-03 22:19:11.618  1630  2680 D KNOX_MDM_SettingsProvider: ret = 1
02-03 22:19:11.618  5872  5188 I HBD     : p updated Sub Types. English(India) 
02-03 22:19:11.619  6139  8158 I HBD     : a InputMethodSubtype is set as local:en_IN 
02-03 22:19:11.619  6139 18155 I HBD     : h writeToFile complete 
02-03 22:19:11.619  6139  8155 I HBD     : h writeToFile complete 
02-03 22:19:11.619  5872  8161 I HBD     : h Write selected lang for DE  
02-03 22:19:11.619  1630  4226 W FreecessController: getAllRunningPackagePids: Failed to read pid from /sys/fs/cgroup/uid_1010259/pid_4970/cgroup.procs
02-03 22:19:11.619  1630  4226 W FreecessController: getAllRunningPackagePids: Failed to read pid from /sys/fs/cgroup/uid_1010259/pid_17364/cgroup.procs
02-03 22:19:11.619  5872  8161 I HBD     : h writeToFile path : /data/user_de/0/com.samsung.android.honeyboard/files/fold_selected.json 
02-03 22:19:11.619  5872  8161 I HBD     : h writeToFile json : {"version":"4.1","currentLanguageOrder":0,"front_selected":[{"activeOptionList":["auto_spacing"],"bilingualId":-1,"engName":"English(India)","id":65555,"inputType":"qwerty","isUsed":true,"isUsedBilingual":false}]} 
02-03 22:19:11.619  1630  4226 W FreecessController: getAllRunningPackagePids: Failed to read pid from /sys/fs/cgroup/uid_1010259/pid_31001/cgroup.procs
02-03 22:19:11.620  6139  6139 I HBD     : g isCoverDisplay : false, cached selected json info : SelectedLanguageInfo(languageVersion=4.1, currentLanguageOrder=0, selectedLanguageList=[SelectedLanguage(id=65555, isUsed=true, engName=English(India), inputType=qwerty, activeOptionList=[auto_spacing], bilingualId=-1, isUsedBilingual=false)]) 
02-03 22:19:11.620  5872  8154 I HBD     : h writeToFile complete 
02-03 22:19:11.620  6139  6139 I HBD     : g isCoverDisplay : true, cached selected json info : SelectedLanguageInfo(languageVersion=4.1, currentLanguageOrder=0, selectedLanguageList=[SelectedLanguage(id=65555, isUsed=true, engName=English(India), inputType=qwerty, activeOptionList=[auto_spacing], bilingualId=-1, isUsedBilingual=false)]) 
02-03 22:19:11.620  6139  6139 I HBD     : g isCoverDisplay : true, cached selected json info : SelectedLanguageInfo(languageVersion=4.1, currentLanguageOrder=0, selectedLanguageList=[SelectedLanguage(id=65555, isUsed=true, engName=English(India), inputType=qwerty, activeOptionList=[auto_spacing], bilingualId=-1, isUsedBilingual=false)]) 
02-03 22:19:11.620  6139  6139 I HBD     : a [UpdatePolicy] [post] a: 22 cl: 65555 kit: [0/0] vt: 0 ir: 1 
02-03 22:19:11.620  6139 27866 I HBD     : h writeToFile path : /data/user/10/com.samsung.android.honeyboard/files/fold_selected.json 
02-03 22:19:11.620  6139 27866 I HBD     : h writeToFile json : {"version":"4.1","currentLanguageOrder":0,"front_selected":[{"activeOptionList":["auto_spacing"],"bilingualId":-1,"engName":"English(India)","id":65555,"inputType":"qwerty","isUsed":true,"isUsedBilingual":false}]} 
02-03 22:19:11.620  5872  8159 E AtomicFile: Failed to rename /data/user_de/0/com.samsung.android.honeyboard/files/fold_selected.json.new to /data/user_de/0/com.samsung.android.honeyboard/files/fold_selected.json
02-03 22:19:11.620  5872  8159 I HBD     : h writeToFile complete 
02-03 22:19:11.620  6139  8164 I HBD     : h Write selected lang for DE  
02-03 22:19:11.620  5872  5872 I HBD     : a [UpdatePolicy] [post] a: 31 cl: 65555 kit: [0/0] vt: 0 ir: 1 
02-03 22:19:11.621  6139  8164 I HBD     : h writeToFile path : /data/user_de/10/com.samsung.android.honeyboard/files/fold_selected.json 
02-03 22:19:11.621  6139  8164 I HBD     : h writeToFile json : {"version":"4.1","currentLanguageOrder":0,"front_selected":[{"activeOptionList":["auto_spacing"],"bilingualId":-1,"engName":"English(India)","id":65555,"inputType":"qwerty","isUsed":true,"isUsedBilingual":false}]} 
02-03 22:19:11.621  1630  1630 I InputMethodManagerService: subtype state: oldSubtype = android.view.inputmethod.InputMethodSubtype@10013 newSubtype = android.view.inputmethod.InputMethodSubtype@10013 force = false, intent received : false
02-03 22:19:11.621  1630  2680 D KNOX_MDM_SettingsProvider: isChangeAllowed() : name = enabled_input_methods
02-03 22:19:11.621  1630  2680 D KNOX_MDM_SettingsProvider: edmUri: content://com.sec.knox.provider/RestrictionPolicy3
02-03 22:19:11.621  1630  2680 D KNOX_MDM_SettingsProvider: projectionArgs: isSettingsChangesAllowed
02-03 22:19:11.621  1630  2680 D KNOX_MDM_SettingsProvider: selectionArgs: false
02-03 22:19:11.621  1630  2680 D KNOX_MDM_SettingsProvider: selectionArgs: 1010205
02-03 22:19:11.621  1630  1685 D KNOX_MDM_SettingsProvider: isChangeAllowed() : name = enabled_input_methods
02-03 22:19:11.621  1630  1685 D KNOX_MDM_SettingsProvider: edmUri: content://com.sec.knox.provider/RestrictionPolicy3
02-03 22:19:11.621  1630  1685 D KNOX_MDM_SettingsProvider: projectionArgs: isSettingsChangesAllowed
02-03 22:19:11.621  1630  1685 D KNOX_MDM_SettingsProvider: selectionArgs: false
02-03 22:19:11.621  1630  1685 D KNOX_MDM_SettingsProvider: selectionArgs: 10205
02-03 22:19:11.621  1630  2680 D SecContentProvider: query(), uri = 17 selection = isSettingsChangesAllowed
02-03 22:19:11.621  1630  1685 D SecContentProvider: query(), uri = 17 selection = isSettingsChangesAllowed
02-03 22:19:11.621  1630  2680 D SecContentProvider: called from android.uid.honeyboard:10205
02-03 22:19:11.621  1630  1685 D SecContentProvider: called from android.uid.honeyboard:10205
02-03 22:19:11.621  1630  1685 D RestrictionPolicy: isSettingsChangesAllowedAsUser, userId 0 : true
02-03 22:19:11.621  1630  2680 D EnterpriseUtils: getCallingOrCurrentUserId(): move: cxtInfo.mContainerId = 10
02-03 22:19:11.621  1630  1685 D KNOX_MDM_SettingsProvider: ret = 1
02-03 22:19:11.622  1630  5997 D KNOX_MDM_SettingsProvider: isChangeAllowed() : name = default_input_method
02-03 22:19:11.622  1630  2680 D RestrictionPolicy: isSettingsChangesAllowedAsUser, userId 10 : true
02-03 22:19:11.622  1630  5997 D KNOX_MDM_SettingsProvider: edmUri: content://com.sec.knox.provider/RestrictionPolicy3
02-03 22:19:11.622  1630  5997 D KNOX_MDM_SettingsProvider: projectionArgs: isSettingsChangesAllowed
02-03 22:19:11.622  1630  5997 D KNOX_MDM_SettingsProvider: selectionArgs: false
02-03 22:19:11.622  1630  5997 D KNOX_MDM_SettingsProvider: selectionArgs: 10205
02-03 22:19:11.622  1630  5997 D SecContentProvider: query(), uri = 17 selection = isSettingsChangesAllowed
02-03 22:19:11.622  1630  5997 D SecContentProvider: called from android.uid.honeyboard:10205
02-03 22:19:11.622  1630  5997 D RestrictionPolicy: isSettingsChangesAllowedAsUser, userId 0 : true
02-03 22:19:11.622  1630  5997 D KNOX_MDM_SettingsProvider: ret = 1
02-03 22:19:11.622  6139 27866 I HBD     : h writeToFile complete 
02-03 22:19:11.622  5872  5872 I HBD     : HoneyBoardService [PF_OP][onStartInput]  50 ms 
02-03 22:19:11.622  5872  5872 I InputMethodService: scheduleImeSurfaceRemoval: removeImeSurface is posted.
02-03 22:19:11.622  5872  5188 I HBD     : p updated Sub Types. English(India) 
02-03 22:19:11.622  6139  6139 I HBD     : g isCoverDisplay : false, cached selected json info : SelectedLanguageInfo(languageVersion=4.1, currentLanguageOrder=0, selectedLanguageList=[SelectedLanguage(id=65555, isUsed=true, engName=English(India), inputType=qwerty, activeOptionList=[auto_spacing], bilingualId=-1, isUsedBilingual=false)]) 
02-03 22:19:11.622  5872  5872 I HBD     : [DirectWriting] DirectWriting emitInputConnection : RemoteInputConnection{idHash=#f8d190e} 
02-03 22:19:11.622  6139  6139 I HBD     : g isCoverDisplay : true, cached selected json info : SelectedLanguageInfo(languageVersion=4.1, currentLanguageOrder=0, selectedLanguageList=[SelectedLanguage(id=65555, isUsed=true, engName=English(India), inputType=qwerty, activeOptionList=[auto_spacing], bilingualId=-1, isUsedBilingual=false)]) 
02-03 22:19:11.622  6139  6139 I HBD     : g isCoverDisplay : true, cached selected json info : SelectedLanguageInfo(languageVersion=4.1, currentLanguageOrder=0, selectedLanguageList=[SelectedLanguage(id=65555, isUsed=true, engName=English(India), inputType=qwerty, activeOptionList=[auto_spacing], bilingualId=-1, isUsedBilingual=false)]) 
02-03 22:19:11.622  1630  2680 D KNOX_MDM_SettingsProvider: ret = 1
02-03 22:19:11.623  6139  6139 I HBD     : a [UpdatePolicy] [post] a: 22 cl: 65555 kit: [0/0] vt: 0 ir: 1 
02-03 22:19:11.623  1630  2680 D KNOX_MDM_SettingsProvider: isChangeAllowed() : name = default_input_method
02-03 22:19:11.623  1630  2680 D KNOX_MDM_SettingsProvider: edmUri: content://com.sec.knox.provider/RestrictionPolicy3
02-03 22:19:11.623  1630  2680 D KNOX_MDM_SettingsProvider: projectionArgs: isSettingsChangesAllowed
02-03 22:19:11.623  1630  2680 D KNOX_MDM_SettingsProvider: selectionArgs: false
02-03 22:19:11.623  1630  2680 D KNOX_MDM_SettingsProvider: selectionArgs: 1010205
02-03 22:19:11.623  1630  2680 D SecContentProvider: query(), uri = 17 selection = isSettingsChangesAllowed
02-03 22:19:11.623  1630  2680 D SecContentProvider: called from android.uid.honeyboard:10205
02-03 22:19:11.623  1630  2680 D EnterpriseUtils: getCallingOrCurrentUserId(): move: cxtInfo.mContainerId = 10
02-03 22:19:11.623  1630  2680 D RestrictionPolicy: isSettingsChangesAllowedAsUser, userId 10 : true
02-03 22:19:11.623  1630  2680 D KNOX_MDM_SettingsProvider: ret = 1
02-03 22:19:11.623  1630  2680 D KNOX_MDM_SettingsProvider: isChangeAllowed() : name = enabled_input_methods
02-03 22:19:11.623  1630  2680 D KNOX_MDM_SettingsProvider: edmUri: content://com.sec.knox.provider/RestrictionPolicy3
02-03 22:19:11.623  1630  2680 D KNOX_MDM_SettingsProvider: projectionArgs: isSettingsChangesAllowed
02-03 22:19:11.623  1630  2680 D KNOX_MDM_SettingsProvider: selectionArgs: false
02-03 22:19:11.623  1630  2680 D KNOX_MDM_SettingsProvider: selectionArgs: 1010205
02-03 22:19:11.623  6139 31936 I HBD     : p updated Sub Types. English(India) 
02-03 22:19:11.623  1630  2680 D SecContentProvider: query(), uri = 17 selection = isSettingsChangesAllowed
02-03 22:19:11.623  1630  2680 D SecContentProvider: called from android.uid.honeyboard:10205
02-03 22:19:11.623  1630  2680 D EnterpriseUtils: getCallingOrCurrentUserId(): move: cxtInfo.mContainerId = 10
02-03 22:19:11.623  1630  2680 D RestrictionPolicy: isSettingsChangesAllowedAsUser, userId 10 : true
02-03 22:19:11.623  1630  2680 D KNOX_MDM_SettingsProvider: ret = 1
02-03 22:19:11.624  1630  5997 D KNOX_MDM_SettingsProvider: isChangeAllowed() : name = default_input_method
02-03 22:19:11.624  1630  5997 D KNOX_MDM_SettingsProvider: edmUri: content://com.sec.knox.provider/RestrictionPolicy3
02-03 22:19:11.624  1630  5997 D KNOX_MDM_SettingsProvider: projectionArgs: isSettingsChangesAllowed
02-03 22:19:11.624  1630  5997 D KNOX_MDM_SettingsProvider: selectionArgs: false
02-03 22:19:11.624  1630  5997 D KNOX_MDM_SettingsProvider: selectionArgs: 1010205
02-03 22:19:11.624  1630  5997 D SecContentProvider: query(), uri = 17 selection = isSettingsChangesAllowed
02-03 22:19:11.624  1630  5997 D SecContentProvider: called from android.uid.honeyboard:10205
02-03 22:19:11.624  1630  5997 D EnterpriseUtils: getCallingOrCurrentUserId(): move: cxtInfo.mContainerId = 10
02-03 22:19:11.624  1630  5997 D RestrictionPolicy: isSettingsChangesAllowedAsUser, userId 10 : true
02-03 22:19:11.624  1630  5997 D KNOX_MDM_SettingsProvider: ret = 1
02-03 22:19:11.624  6139 31935 I HBD     : p updated Sub Types. English(India) 
02-03 22:19:11.624  6139 27866 I HBD     : h writeToFile path : /data/user/10/com.samsung.android.honeyboard/files/fold_selected.json 
02-03 22:19:11.624  6139 27866 I HBD     : h writeToFile json : {"version":"4.1","currentLanguageOrder":0,"front_selected":[{"activeOptionList":["auto_spacing"],"bilingualId":-1,"engName":"English(India)","id":65555,"inputType":"qwerty","isUsed":true,"isUsedBilingual":false}]} 
02-03 22:19:11.624  5872  8162 I HBD     : a InputMethodSubtype is set as local:en_IN 
02-03 22:19:11.625  1630  4226 W FreecessController: getAllRunningPackagePids: Failed to read pid from /sys/fs/cgroup/uid_1010353/pid_31714/cgroup.procs
02-03 22:19:11.625  6139  8164 I HBD     : h writeToFile complete 
02-03 22:19:11.625  1630  4226 W FreecessController: getAllRunningPackagePids: Failed to read pid from /sys/fs/cgroup/uid_1010353/pid_28086/cgroup.procs
02-03 22:19:11.625  1630  4226 W FreecessController: getAllRunningPackagePids: Failed to read pid from /sys/fs/cgroup/uid_1010353/pid_23270/cgroup.procs
02-03 22:19:11.625  1630  4226 W FreecessController: getAllRunningPackagePids: Failed to read pid from /sys/fs/cgroup/uid_1010353/pid_19686/cgroup.procs
02-03 22:19:11.626  5872  8161 I HBD     : h writeToFile complete 
02-03 22:19:11.626  6139  8167 I HBD     : h Write selected lang for DE  
02-03 22:19:11.626  6139  8167 I HBD     : h writeToFile path : /data/user_de/10/com.samsung.android.honeyboard/files/fold_selected.json 
02-03 22:19:11.626  6139  8167 I HBD     : h writeToFile json : {"version":"4.1","currentLanguageOrder":0,"front_selected":[{"activeOptionList":["auto_spacing"],"bilingualId":-1,"engName":"English(India)","id":65555,"inputType":"qwerty","isUsed":true,"isUsedBilingual":false}]} 
02-03 22:19:11.627  6139 27866 I HBD     : h writeToFile complete 
02-03 22:19:11.627  6139  6139 I HBD     : g isCoverDisplay : false, cached selected json info : SelectedLanguageInfo(languageVersion=4.1, currentLanguageOrder=0, selectedLanguageList=[SelectedLanguage(id=65555, isUsed=true, engName=English(India), inputType=qwerty, activeOptionList=[auto_spacing], bilingualId=-1, isUsedBilingual=false)]) 
02-03 22:19:11.627  6139  6139 I HBD     : g isCoverDisplay : true, cached selected json info : SelectedLanguageInfo(languageVersion=4.1, currentLanguageOrder=0, selectedLanguageList=[SelectedLanguage(id=65555, isUsed=true, engName=English(India), inputType=qwerty, activeOptionList=[auto_spacing], bilingualId=-1, isUsedBilingual=false)]) 
02-03 22:19:11.628  6139  6139 I HBD     : g isCoverDisplay : true, cached selected json info : SelectedLanguageInfo(languageVersion=4.1, currentLanguageOrder=0, selectedLanguageList=[SelectedLanguage(id=65555, isUsed=true, engName=English(India), inputType=qwerty, activeOptionList=[auto_spacing], bilingualId=-1, isUsedBilingual=false)]) 
02-03 22:19:11.628  6139 18155 I HBD     : h writeToFile path : /data/user/10/com.samsung.android.honeyboard/files/fold_selected.json 
02-03 22:19:11.628  6139 18155 I HBD     : h writeToFile json : {"version":"4.1","currentLanguageOrder":0,"front_selected":[{"activeOptionList":["auto_spacing"],"bilingualId":-1,"engName":"English(India)","id":65555,"inputType":"qwerty","isUsed":true,"isUsedBilingual":false}]} 
02-03 22:19:11.628  6139  6139 I HBD     : a [UpdatePolicy] [post] a: 22 cl: 65555 kit: [0/0] vt: 0 ir: 1 
02-03 22:19:11.628  1630  1630 I InputMethodManagerService: subtype state: oldSubtype = android.view.inputmethod.InputMethodSubtype@10013 newSubtype = android.view.inputmethod.InputMethodSubtype@10013 force = false, intent received : false
02-03 22:19:11.629  5872  8168 I HBD     : a InputMethodSubtype is set as local:en_IN 
02-03 22:19:11.629  1630  3143 D KNOX_MDM_SettingsProvider: isChangeAllowed() : name = enabled_input_methods
02-03 22:19:11.629  1630  3143 D KNOX_MDM_SettingsProvider: edmUri: content://com.sec.knox.provider/RestrictionPolicy3
02-03 22:19:11.629  1630  3143 D KNOX_MDM_SettingsProvider: projectionArgs: isSettingsChangesAllowed
02-03 22:19:11.629  1630  3143 D KNOX_MDM_SettingsProvider: selectionArgs: false
02-03 22:19:11.629  1630  3143 D KNOX_MDM_SettingsProvider: selectionArgs: 1010205
02-03 22:19:11.629  1630  3143 D SecContentProvider: query(), uri = 17 selection = isSettingsChangesAllowed
02-03 22:19:11.629  1630  3143 D SecContentProvider: called from android.uid.honeyboard:10205
02-03 22:19:11.629  1630  3143 D EnterpriseUtils: getCallingOrCurrentUserId(): move: cxtInfo.mContainerId = 10
02-03 22:19:11.629  1630  3143 D RestrictionPolicy: isSettingsChangesAllowedAsUser, userId 10 : true
02-03 22:19:11.629  1630  3143 D KNOX_MDM_SettingsProvider: ret = 1
02-03 22:19:11.629  1630  1630 I InputMethodManagerService: subtype state: oldSubtype = android.view.inputmethod.InputMethodSubtype@10013 newSubtype = android.view.inputmethod.InputMethodSubtype@10013 force = false, intent received : false
02-03 22:19:11.629  6139 18155 I HBD     : h writeToFile complete 
02-03 22:19:11.630  1630  1630 I InputMethodManagerService: subtype state: oldSubtype = android.view.inputmethod.InputMethodSubtype@10013 newSubtype = android.view.inputmethod.InputMethodSubtype@10013 force = false, intent received : false
02-03 22:19:11.630  1630  1630 I InputMethodManagerService: subtype state: oldSubtype = android.view.inputmethod.InputMethodSubtype@10013 newSubtype = android.view.inputmethod.InputMethodSubtype@10013 force = false, intent received : false
02-03 22:19:11.630  6139  6139 I HBD     : g isCoverDisplay : false, cached selected json info : SelectedLanguageInfo(languageVersion=4.1, currentLanguageOrder=0, selectedLanguageList=[SelectedLanguage(id=65555, isUsed=true, engName=English(India), inputType=qwerty, activeOptionList=[auto_spacing], bilingualId=-1, isUsedBilingual=false)]) 
02-03 22:19:11.630  6139  6139 I HBD     : g isCoverDisplay : true, cached selected json info : SelectedLanguageInfo(languageVersion=4.1, currentLanguageOrder=0, selectedLanguageList=[SelectedLanguage(id=65555, isUsed=true, engName=English(India), inputType=qwerty, activeOptionList=[auto_spacing], bilingualId=-1, isUsedBilingual=false)]) 
02-03 22:19:11.630  6139  6139 I HBD     : g isCoverDisplay : true, cached selected json info : SelectedLanguageInfo(languageVersion=4.1, currentLanguageOrder=0, selectedLanguageList=[SelectedLanguage(id=65555, isUsed=true, engName=English(India), inputType=qwerty, activeOptionList=[auto_spacing], bilingualId=-1, isUsedBilingual=false)]) 
02-03 22:19:11.630  6139  6139 I HBD     : a [UpdatePolicy] [post] a: 22 cl: 65555 kit: [0/0] vt: 0 ir: 1 
02-03 22:19:11.630  1630  3143 D KNOX_MDM_SettingsProvider: isChangeAllowed() : name = default_input_method
02-03 22:19:11.630  1630  3158 D KNOX_MDM_SettingsProvider: isChangeAllowed() : name = enabled_input_methods
02-03 22:19:11.631  1630  3158 D KNOX_MDM_SettingsProvider: edmUri: content://com.sec.knox.provider/RestrictionPolicy3
02-03 22:19:11.631  1630  3143 D KNOX_MDM_SettingsProvider: edmUri: content://com.sec.knox.provider/RestrictionPolicy3
02-03 22:19:11.631  1630  3143 D KNOX_MDM_SettingsProvider: projectionArgs: isSettingsChangesAllowed
02-03 22:19:11.631  1630  3143 D KNOX_MDM_SettingsProvider: selectionArgs: false
02-03 22:19:11.631  1630  3143 D KNOX_MDM_SettingsProvider: selectionArgs: 1010205
02-03 22:19:11.631  1630  3158 D KNOX_MDM_SettingsProvider: projectionArgs: isSettingsChangesAllowed
02-03 22:19:11.631  1630  3158 D KNOX_MDM_SettingsProvider: selectionArgs: false
02-03 22:19:11.631  1630  3158 D KNOX_MDM_SettingsProvider: selectionArgs: 1010205
02-03 22:19:11.631  1630  3143 D SecContentProvider: query(), uri = 17 selection = isSettingsChangesAllowed
02-03 22:19:11.631  1630  3143 D SecContentProvider: called from android.uid.honeyboard:10205
02-03 22:19:11.631  1630  3158 D SecContentProvider: query(), uri = 17 selection = isSettingsChangesAllowed
02-03 22:19:11.631  1630  3143 D EnterpriseUtils: getCallingOrCurrentUserId(): move: cxtInfo.mContainerId = 10
02-03 22:19:11.631  1630  3158 D SecContentProvider: called from android.uid.honeyboard:10205
02-03 22:19:11.631  1630  3143 D RestrictionPolicy: isSettingsChangesAllowedAsUser, userId 10 : true
02-03 22:19:11.631  1630  3158 D EnterpriseUtils: getCallingOrCurrentUserId(): move: cxtInfo.mContainerId = 10
02-03 22:19:11.631  1630  3143 D KNOX_MDM_SettingsProvider: ret = 1
02-03 22:19:11.631  1630  3158 D RestrictionPolicy: isSettingsChangesAllowedAsUser, userId 10 : true
02-03 22:19:11.631  1630  3158 D KNOX_MDM_SettingsProvider: ret = 1
02-03 22:19:11.631  6139  8169 I HBD     : a InputMethodSubtype is set as local:en_IN 
02-03 22:19:11.631  1630  3158 D KNOX_MDM_SettingsProvider: isChangeAllowed() : name = default_input_method
02-03 22:19:11.631  1630  3158 D KNOX_MDM_SettingsProvider: edmUri: content://com.sec.knox.provider/RestrictionPolicy3
02-03 22:19:11.631  1630  3158 D KNOX_MDM_SettingsProvider: projectionArgs: isSettingsChangesAllowed
02-03 22:19:11.631  6139 31935 I HBD     : p updated Sub Types. English(India) 
02-03 22:19:11.631  1630  3158 D KNOX_MDM_SettingsProvider: selectionArgs: false
02-03 22:19:11.631  1630  3158 D KNOX_MDM_SettingsProvider: selectionArgs: 1010205
02-03 22:19:11.631  1630  3158 D SecContentProvider: query(), uri = 17 selection = isSettingsChangesAllowed
02-03 22:19:11.631  1630  3158 D SecContentProvider: called from android.uid.honeyboard:10205
02-03 22:19:11.631  1630  3158 D EnterpriseUtils: getCallingOrCurrentUserId(): move: cxtInfo.mContainerId = 10
02-03 22:19:11.631  1630  3158 D RestrictionPolicy: isSettingsChangesAllowedAsUser, userId 10 : true
02-03 22:19:11.631  1630  3158 D KNOX_MDM_SettingsProvider: ret = 1
02-03 22:19:11.631  6139  8167 I HBD     : h writeToFile complete 
02-03 22:19:11.632  6139 31936 I HBD     : p updated Sub Types. English(India) 
02-03 22:19:11.632  6139  8174 I HBD     : h Write selected lang for DE  
02-03 22:19:11.632  6139  8174 I HBD     : h writeToFile path : /data/user_de/10/com.samsung.android.honeyboard/files/fold_selected.json 
02-03 22:19:11.632  6139  8174 I HBD     : h writeToFile json : {"version":"4.1","currentLanguageOrder":0,"front_selected":[{"activeOptionList":["auto_spacing"],"bilingualId":-1,"engName":"English(India)","id":65555,"inputType":"qwerty","isUsed":true,"isUsedBilingual":false}]} 
02-03 22:19:11.632  6139  8170 I HBD     : a InputMethodSubtype is set as local:en_IN 
02-03 22:19:11.632  6139  8174 I HBD     : h writeToFile complete 
02-03 22:19:11.633  6139  8172 I HBD     : h Write selected lang for DE  
02-03 22:19:11.633  6139  8172 I HBD     : h writeToFile path : /data/user_de/10/com.samsung.android.honeyboard/files/fold_selected.json 
02-03 22:19:11.633  6139  8172 I HBD     : h writeToFile json : {"version":"4.1","currentLanguageOrder":0,"front_selected":[{"activeOptionList":["auto_spacing"],"bilingualId":-1,"engName":"English(India)","id":65555,"inputType":"qwerty","isUsed":true,"isUsedBilingual":false}]} 
02-03 22:19:11.633  1630  1630 I InputMethodManagerService: subtype state: oldSubtype = android.view.inputmethod.InputMethodSubtype@10013 newSubtype = android.view.inputmethod.InputMethodSubtype@10013 force = false, intent received : false
02-03 22:19:11.634  6139  8175 I HBD     : a InputMethodSubtype is set as local:en_IN 
02-03 22:19:11.634  6139  8172 I HBD     : h writeToFile complete 
02-03 22:19:11.634  6139  8176 I HBD     : a InputMethodSubtype is set as local:en_IN 
02-03 22:19:11.635  1630  4226 D MARs:ActiveTrafficFilter: filter : com.whatsapp(0)
02-03 22:19:11.635  1630  4226 D FreecessController: com.whatsapp(10320) is important[8]
02-03 22:19:11.635  1630  1630 I InputMethodManagerService: subtype state: oldSubtype = android.view.inputmethod.InputMethodSubtype@10013 newSubtype = android.view.inputmethod.InputMethodSubtype@10013 force = false, intent received : false
02-03 22:19:11.637  1630  4226 D MARs:ActiveTrafficFilter: filter : com.google.android.videos(0)
02-03 22:19:11.637  1630  4226 D FreecessController: com.google.android.videos(10324) is important[8]
02-03 22:19:11.641  1700 10968 I CameraService: onUidStateChanged: uid=10267, procState is changed. (4 -> 3)
02-03 22:19:11.643  1630  4226 D MARs:ActiveTrafficFilter: filter : company.thebrowser.arc(0)
02-03 22:19:11.643  1630  4226 D FreecessController: company.thebrowser.arc(10356) is important[8]
02-03 22:19:11.644 32101 32443 I FontLog : (REDACTED) Received query %s, URI %s
02-03 22:19:11.644 32101 32443 I FontLog : (REDACTED) Query [%s] resolved to %s
02-03 22:19:11.645 32101 32443 I FontLog : (REDACTED) Fetch %s end status %s
02-03 22:19:11.646  1630  4226 D MARs:ActiveTrafficFilter: filter : com.truecaller(0)
02-03 22:19:11.647  1630  4226 D FreecessController: com.truecaller(10377) is important[8]
02-03 22:19:11.649  5872 31873 I HBD     : h [SKE_SPECIFIC] specific model[com.pricehunt] loaded, 26214740 ns
02-03 22:19:11.649 32101 32443 I FontLog : (REDACTED) Pulling font file for id = %d, cache size = %d
02-03 22:19:11.650  1630  4226 D MARs:ActiveTrafficFilter: filter : com.samsung.android.displayassistant(0)
02-03 22:19:11.650  1630  4226 D FreecessController: com.samsung.android.displayassistant(10408) is important[8]
02-03 22:19:11.652 32101 32443 I FontLog : (REDACTED) Pulling font file for id = %d, cache size = %d
02-03 22:19:11.655  1630  4226 D MARs:ActiveTrafficFilter: filter : com.airwatch.androidagent(10)
02-03 22:19:11.655  1630  4226 D FreecessController: com.airwatch.androidagent(1010347) is important[8]
02-03 22:19:11.657  1630  4226 D MARs:ActiveTrafficFilter: filter : com.microsoft.windowsintune.companyportal(10)
02-03 22:19:11.657  1630  4226 D FreecessController: com.microsoft.windowsintune.companyportal(1010353) is important[8]
02-03 22:19:11.657  1630  4226 D FreecessController: restrictJobsByOlaf: restrict=false, uid=-1
02-03 22:19:11.658  1630  4226 D MARs:ActiveTrafficFilter: filter : com.microsoft.office.outlook(10)
02-03 22:19:11.658  1630  4226 D FreecessController: com.microsoft.office.outlook(1010335) is important[8]
02-03 22:19:11.659  1630  1630 D OlafRestriction:  olaf state update: state=false
02-03 22:19:11.659  1630  1630 D OlafRestriction:  trigger onRestrictionStateChanged.
02-03 22:19:11.659  1630  4226 D MARs:ActiveTrafficFilter: filter : com.Slack(10)
02-03 22:19:11.659  1630  4226 D FreecessController: com.Slack(1010350) is important[8]
02-03 22:19:11.698  5872  5872 I HBD     : i onCapabilityChanged  setNetworkState currentNetworkState : wifi 
02-03 22:19:11.698  1237  8111 I HYPER-HAL: [ResourceManager.cpp]removeResource(): [CPULittleMinFreq] RemoveResource Request ID : 1357145
02-03 22:19:11.699  1237  8111 I HYPER-HAL: [ResourceManager.cpp]removeResource(): [CPUMinFreq] RemoveResource Request ID : 1357145
02-03 22:19:11.700  1237  8111 I HYPER-HAL: [RequestManager.cpp]releaseLocked(): Released ID : 1357145
02-03 22:19:11.715  1209  3586 I vendor.qti.bluetooth@1.0-ibs_handler: ProcessIbsCmd: Received IBS_SLEEP_IND: 0xFE
02-03 22:19:11.717  1209  3586 I vendor.qti.bluetooth@1.0-ibs_handler: ProcessIbsCmd: Received IBS_WAKE_IND: 0xFD
02-03 22:19:11.717  1209  3586 I vendor.qti.bluetooth@1.0-ibs_handler: ProcessIbsCmd: Writing IBS_WAKE_ACK
02-03 22:19:11.740  1630  2753 D MdnieScenarioControlService:  packageName : com.pricehunt    className : com.pricehunt.presentation.MainActivity
02-03 22:19:11.740  1630  2753 V MdnieScenarioControlService: setUIMode from UI function(3)
02-03 22:19:11.798  1429  1429 W Layer   : gatherBufferInfo: Received unknown dataspace from gralloc
02-03 22:19:11.799  1429  1429 W ComposerExtn: DisplayExtnImpl::SetActiveConfig: HWC Display 3 is not registered!
02-03 22:19:11.807  1429  1429 W Layer   : gatherBufferInfo: Received unknown dataspace from gralloc
02-03 22:19:11.841  1630  2753 V MdnieScenarioControlService: mAclOffEnabled : false
02-03 22:19:11.859  1237  8144 I HYPER-HAL: [ResourceManager.cpp]removeResource(): [CPUMinFreq] RemoveResource Request ID : 1358794
02-03 22:19:11.859  1237  8144 I HYPER-HAL: [RequestManager.cpp]releaseLocked(): Released ID : 1358794
02-03 22:19:11.922  1630  4226 D MARs:ActiveTrafficFilter: filter : com.airwatch.androidagent(10)
02-03 22:19:11.922  1630  4226 D FreecessController: com.airwatch.androidagent(1010347) is important[8]
02-03 22:19:11.925  1630  4226 D MARs:ActiveTrafficFilter: filter : com.airwatch.browser(10)
02-03 22:19:11.925  1630  4226 D FreecessController: com.airwatch.browser(1010349) is important[8]
02-03 22:19:11.930  1630  4226 D MARs:ActiveTrafficFilter: filter : com.microsoft.windowsintune.companyportal(10)
02-03 22:19:11.930  1630  4226 D FreecessController: com.microsoft.windowsintune.companyportal(1010353) is important[8]
02-03 22:19:12.002  1630  4226 D MARs:ActiveTrafficFilter: filter : com.whatsapp(0)
02-03 22:19:12.002  1630  4226 D FreecessController: com.whatsapp(10320) is important[8]
02-03 22:19:12.004  1630  4226 D MARs:ActiveTrafficFilter: filter : com.google.android.videos(0)
02-03 22:19:12.004  1630  4226 D FreecessController: com.google.android.videos(10324) is important[8]
02-03 22:19:12.014  1630  1685 W ActivityManager: Background start not allowed: service Intent { act=com.truecaller.androidactors.ActorService cmp=com.truecaller/.messaging.data.MessagesDataService } to com.truecaller/.messaging.data.MessagesDataService from pid=19051 uid=10377 pkg=com.truecaller startFg?=false
02-03 22:19:12.015 19051 19113 W JobInfo : Job 'com.truecaller/.messaging.data.MessagesDataService#10021' has a deadline with no functional constraints. The deadline won't improve job execution latency. Consider removing the deadline.
02-03 22:19:12.016  1630  1685 W JobInfo : Job 'com.truecaller/.messaging.data.MessagesDataService#10021' has a deadline with no functional constraints. The deadline won't improve job execution latency. Consider removing the deadline.
02-03 22:19:12.046 19051 19113 W SQLiteLog: (28) double-quoted string literal: ""
02-03 22:19:12.046 19051 19113 W SQLiteLog: (28) double-quoted string literal: ""
02-03 22:19:12.046 19051 19113 W SQLiteLog: (28) double-quoted string literal: ""
02-03 22:19:12.046 19051 19113 W SQLiteLog: (28) double-quoted string literal: ""
02-03 22:19:12.046 19051 19113 W SQLiteLog: (28) double-quoted string literal: ""
02-03 22:19:12.046 19051 19113 W SQLiteLog: (28) double-quoted string literal: ""
02-03 22:19:12.046 19051 19113 W SQLiteLog: (28) double-quoted string literal: ""
02-03 22:19:12.046 19051 19113 W SQLiteLog: (28) double-quoted string literal: ""
02-03 22:19:12.046 19051 19113 W SQLiteLog: (28) double-quoted string literal: ""
02-03 22:19:12.046 19051 19113 W SQLiteLog: (28) double-quoted string literal: ""
02-03 22:19:12.046 19051 19113 W SQLiteLog: (28) double-quoted string literal: ""
02-03 22:19:12.046 19051 19113 W SQLiteLog: (28) double-quoted string literal: ""
02-03 22:19:12.046 19051 19113 W SQLiteLog: (28) double-quoted string literal: ""
02-03 22:19:12.046 19051 19113 W SQLiteLog: (28) double-quoted string literal: ""
02-03 22:19:12.046 19051 19113 W SQLiteLog: (28) double-quoted string literal: ""
02-03 22:19:12.046 19051 19113 W SQLiteLog: (28) double-quoted string literal: ""
02-03 22:19:12.049  1429 21775 W ComposerExtn: DisplayExtnImpl::SetActiveConfig: HWC Display 3 is not registered!
02-03 22:19:12.055  1429  1459 I VSyncReactor: Current= 120, Period= 60, hwcPeriod= 120
02-03 22:19:12.058 19051 19113 W SQLiteLog: (28) double-quoted string literal: ""
02-03 22:19:12.058 19051 19113 W SQLiteLog: (28) double-quoted string literal: ""
02-03 22:19:12.058 19051 19113 W SQLiteLog: (28) double-quoted string literal: ""
02-03 22:19:12.058 19051 19113 W SQLiteLog: (28) double-quoted string literal: ""
02-03 22:19:12.058 19051 19113 W SQLiteLog: (28) double-quoted string literal: ""
02-03 22:19:12.058 19051 19113 W SQLiteLog: (28) double-quoted string literal: ""
02-03 22:19:12.058 19051 19113 W SQLiteLog: (28) double-quoted string literal: ""
02-03 22:19:12.058  1429  1429 I LayerHistory: com.pricehunt/com.pricehunt.presentation.MainActivity$_8113#52603 Max (can't resolve refresh rate)
02-03 22:19:12.058 19051 19113 W SQLiteLog: (28) double-quoted string literal: ""
02-03 22:19:12.058  1429  1429 I LayerHistory: StatusBar$_2991#135 Max (can't resolve refresh rate)
02-03 22:19:12.058 19051 19113 W SQLiteLog: (28) double-quoted string literal: ""
02-03 22:19:12.058  1429  1429 I SurfaceFlinger: Idle - choose 60.00 Hz
02-03 22:19:12.058 19051 19113 W SQLiteLog: (28) double-quoted string literal: ""
02-03 22:19:12.058 19051 19113 W SQLiteLog: (28) double-quoted string literal: ""
02-03 22:19:12.058 19051 19113 W SQLiteLog: (28) double-quoted string literal: ""
02-03 22:19:12.058 19051 19113 W SQLiteLog: (28) double-quoted string literal: ""
02-03 22:19:12.058 19051 19113 W SQLiteLog: (28) double-quoted string literal: ""
02-03 22:19:12.058 19051 19113 W SQLiteLog: (28) double-quoted string literal: ""
02-03 22:19:12.058 19051 19113 W SQLiteLog: (28) double-quoted string literal: ""
02-03 22:19:12.059  1429  1429 I HWComposer: [4630947232161729155] ActiveConfigToHWC, ID : 2
02-03 22:19:12.059  1304  1534 I SDM     : HWCDisplay::SubmitDisplayConfig: [DispConfigs] config 0 => 2, hs_mode 3 => 3
02-03 22:19:12.059  1304  1534 I SDM     : DisplayBase::SetActiveConfig: [DispConfigs] 0 => 2 or hs mode is changed if same config
02-03 22:19:12.059  1304  1534 I SDM     : HWDeviceDRM::SetDisplaySwitchMode: POMS Switching to Mode	2
02-03 22:19:12.059  1304  1534 I SDM     : HWDeviceDRM::SetDisplaySwitchMode: [DispConfigs] check hs_mode 3
02-03 22:19:12.059  1304  1534 I SDM     : HWDeviceDRM::SetDisplaySwitchMode: [DispConfigs] Set mode index:3 832x2268x60x127680cmdPHS, hs_mode(3), found_mode(1)
02-03 22:19:12.060  1304  1534 I SDM     : HWDeviceDRM::UpdateMixerAttributes: Mixer WxH 832x2268-1 for Peripheral
02-03 22:19:12.060  1304  1534 I SDM     : HWCDisplay::SubmitDisplayConfig: Active configuration changed to: 2
02-03 22:19:12.064  1429  1459 I VSyncReactor: Current= 120, Period= 60, hwcPeriod= 120
02-03 22:19:12.069 19051 19113 W SQLiteLog: (28) double-quoted string literal: ""
02-03 22:19:12.069 19051 19113 W SQLiteLog: (28) double-quoted string literal: ""
02-03 22:19:12.069 19051 19113 W SQLiteLog: (28) double-quoted string literal: ""
02-03 22:19:12.070 19051 19113 W SQLiteLog: (28) double-quoted string literal: ""
02-03 22:19:12.070 19051 19113 W SQLiteLog: (28) double-quoted string literal: ""
02-03 22:19:12.070 19051 19113 W SQLiteLog: (28) double-quoted string literal: ""
02-03 22:19:12.070 19051 19113 W SQLiteLog: (28) double-quoted string literal: ""
02-03 22:19:12.070 19051 19113 W SQLiteLog: (28) double-quoted string literal: ""
02-03 22:19:12.070 19051 19113 W SQLiteLog: (28) double-quoted string literal: ""
02-03 22:19:12.070 19051 19113 W SQLiteLog: (28) double-quoted string literal: ""
02-03 22:19:12.070 19051 19113 W SQLiteLog: (28) double-quoted string literal: ""
02-03 22:19:12.070 19051 19113 W SQLiteLog: (28) double-quoted string literal: ""
02-03 22:19:12.070 19051 19113 W SQLiteLog: (28) double-quoted string literal: ""
02-03 22:19:12.070 19051 19113 W SQLiteLog: (28) double-quoted string literal: ""
02-03 22:19:12.070 19051 19113 W SQLiteLog: (28) double-quoted string literal: ""
02-03 22:19:12.070 19051 19113 W SQLiteLog: (28) double-quoted string literal: ""
02-03 22:19:12.072  1429  1459 I VSyncReactor: Current= 120, Period= 60, hwcPeriod= 60
02-03 22:19:12.082  1630  2740 D InetDiagMessage: Destroyed 0 sockets, proto=IPPROTO_TCP, family=AF_INET, states=14
02-03 22:19:12.082  1630  8179 D SemInputDeviceManager: setProperty: (0) CMD,GRIP_DATA,1,12,3,3,0,3,2268
02-03 22:19:12.083  1630  8179 D TspStateManager: wrote command: cmd=1,12,3,3,0,3,2268, type=1
02-03 22:19:12.083  1630  2671 D SemInputDevice:TSP_SUB: SetPropertyTask: CMD,set_grip_data,1,12,3,3,0,3,2268 [02-03 22:19:12.082]
02-03 22:19:12.083  1630  2740 D InetDiagMessage: Destroyed 1 sockets, proto=IPPROTO_TCP, family=AF_INET6, states=14
02-03 22:19:12.083  1630  2740 D InetDiagMessage: Destroyed live tcp sockets for uids={1010353} in 2ms
02-03 22:19:12.084  1630  2740 D InetDiagMessage: Destroyed 0 sockets, proto=IPPROTO_TCP, family=AF_INET, states=14
02-03 22:19:12.084  1630  2740 D InetDiagMessage: Destroyed 0 sockets, proto=IPPROTO_TCP, family=AF_INET6, states=14
02-03 22:19:12.084  1630  2740 D InetDiagMessage: Destroyed live tcp sockets for uids={1020353} in 1ms
02-03 22:19:12.085  1369  1369 I sysinput:Touch: writeInformation:249, OK
02-03 22:19:12.085  1630  2740 D InetDiagMessage: Destroyed 0 sockets, proto=IPPROTO_TCP, family=AF_INET, states=14
02-03 22:19:12.085  1630  2671 D SysinputHAL_V1_3(V1_2): runTspCmdNoRead(TSP_SUB(2)): set_grip_data,1,12,3,3,0,3,2268 ret=0
02-03 22:19:12.087  1630  2740 D InetDiagMessage: Destroyed 5 sockets, proto=IPPROTO_TCP, family=AF_INET6, states=14
02-03 22:19:12.087  1630  2740 D InetDiagMessage: Destroyed live tcp sockets for uids={1010335} in 2ms
02-03 22:19:12.087  1630  2740 D InetDiagMessage: Destroyed 0 sockets, proto=IPPROTO_TCP, family=AF_INET, states=14
02-03 22:19:12.088  1630  2740 D InetDiagMessage: Destroyed 0 sockets, proto=IPPROTO_TCP, family=AF_INET6, states=14
02-03 22:19:12.088  1630  2740 D InetDiagMessage: Destroyed live tcp sockets for uids={1020335} in 1ms
02-03 22:19:12.100 32101  7661 I NearbySharing: Network state changed: NetworkState(isRestricted=false, isOnline=true, isCongested=false, isMetered=false, isWifiConnected=true)
02-03 22:19:12.111  6137  6767 I N0      : limitGPUFreq:: freq = -1
02-03 22:19:12.113  6137  6767 I SDHMS:N0: p2p-if:: false, , 
02-03 22:19:12.113  6137  6767 I N0      : limitCPUFreq:: freq = -1
02-03 22:19:12.113  6137  6767 I SemDvfsHyPerManager: acquire hyper - BaseTABoost/6137@19, type = -999
02-03 22:19:12.115  1237  1371 I HYPER-HAL: [RequestManager.cpp]acquire(): Acquired ID : 18951265  [6137 / 19]    HINT :      list : [TABoost / 1] 
02-03 22:19:12.123  5872  5872 I InputMethodService: removeImeSurface
02-03 22:19:12.123  5872  5872 I InputMethodService: cancelImeSurfaceRemoval: removeCallbacks
02-03 22:19:12.128  1630  2848 V SemStrongRssiRoaming: EVENT_GET_WIFI_INFO_POLL (-50)
02-03 22:19:12.202  1237  8108 I HYPER-HAL: [ResourceManager.cpp]removeResource(): [CPUMaxFreq] RemoveResource Request ID : 18920490
02-03 22:19:12.202  1237  8108 I HYPER-HAL: [RequestManager.cpp]releaseLocked(): Released ID : 18920490
02-03 22:19:12.481   830   830 D io_stats: !@   8,0 r 31075672 943693964 w 9396654 150864552 d 3431764 363311340 f 0 0 iot 16558160 0 th 0 0 0 pt 0 inp 0 0 154454.585
02-03 22:19:12.564  6716 12947 I ObjectPool@9791306: Ph_[checker Pool remains: , 9, ] [pool-94-thread-1] 
02-03 22:19:12.580  6926  6926 I AudioPathManager: loadAudioPath() : loaded audio path is bluetooth (2)
02-03 22:19:12.580  6926  6926 I EffectManager: isSupportDolbyAtmosOnThisAudioPath() : path is bluetooth (2)
02-03 22:19:12.581  6926  6926 I UHQUpscalerManager: isUHQCompatibleBluetooth() : support is 0, mode is 1
02-03 22:19:12.581  6926  6926 I AudioPathManager: loadAudioPath() : loaded audio path is bluetooth (2)
02-03 22:19:12.581  6926  6926 I EffectManager: isSupportVolumeNormalizationOnCurrentAudioPath() : path is bluetooth (2)
02-03 22:19:12.581  6926  6926 I DVFSHelper: isNecessaryToBoostCPU() : isDolbyOn? false, isUHQUpscalerOn? false, isVoiceBoostOn? false, isVolumeNormalizationOn? false
02-03 22:19:12.605 28370 28370 D BoundBrokerSvc: onUnbind: Intent { act=com.google.android.gms.feedback.internal.IFeedbackService dat=chimera-action:/... cmp=com.google.android.gms/.chimera.GmsBoundBrokerService }
02-03 22:19:12.611  1630  1685 I ActivityManager: Changes in 10110 3 to 8, 56 to 0
02-03 22:19:12.793  1237  8130 I HYPER-HAL: [RequestManager.cpp]releaseLocked(): Released ID : 2952235
02-03 22:19:12.836  3245  3607 I BtGatt.ScanHelper: onScanResult to scannerId: 3- eventType=0x1a, addressType=1, address=XX:XX:XX:XX:E0:48, primaryPhy=1, secondaryPhy=0, advertisingSid=0xff, txPower=127, rssi=-87, periodicAdvInt=0x0
02-03 22:19:12.962 28370 28370 D BoundBrokerSvc: onUnbind: Intent { act=com.google.android.gms.safetynet.service.START pkg=com.google.android.gms }
02-03 22:19:12.964 28370 28370 D BoundBrokerSvc: onUnbind: Intent { act=com.google.android.gms.safebrowsing.SafeBrowsingService.START dat=chimera-action:/... cmp=com.google.android.gms/.chimera.GmsBoundBrokerService }
02-03 22:19:12.976 19828 19828 D BoundBrokerSvc: onUnbind: Intent { act=com.google.android.gms.feedback.internal.IFeedbackService dat=chimera-action:/... cmp=com.google.android.gms/.chimera.GmsBoundBrokerService }
02-03 22:19:13.275  1630  2827 I SemWifiServiceDetector: Service det. suspended: T / T / 30097
02-03 22:19:13.284  1630  4226 D MARs:ActiveTrafficFilter: filter : com.samsung.android.displayassistant(0)
02-03 22:19:13.284  1630  4226 D FreecessController: com.samsung.android.displayassistant(10408) is important[8]
02-03 22:19:13.435  1231  8673 I sensors-hal: handle_sns_client_event:540, [0][28387] accel_sample [-0.118,  1.370,  9.782] 342509867948212
02-03 22:19:13.584  6926  6926 I AudioPathManager: loadAudioPath() : loaded audio path is bluetooth (2)
02-03 22:19:13.585  6926  6926 I EffectManager: isSupportDolbyAtmosOnThisAudioPath() : path is bluetooth (2)
02-03 22:19:13.585  6926  6926 I UHQUpscalerManager: isUHQCompatibleBluetooth() : support is 0, mode is 1
02-03 22:19:13.585  6926  6926 I AudioPathManager: loadAudioPath() : loaded audio path is bluetooth (2)
02-03 22:19:13.585  6926  6926 I EffectManager: isSupportVolumeNormalizationOnCurrentAudioPath() : path is bluetooth (2)
02-03 22:19:13.585  6926  6926 I DVFSHelper: isNecessaryToBoostCPU() : isDolbyOn? false, isUHQUpscalerOn? false, isVoiceBoostOn? false, isVolumeNormalizationOn? false
02-03 22:19:13.585  6926  6926 I DVFSHelper: acquireBoostingCPU() : stop boosting cpu
02-03 22:19:13.588  6926  6926 I AudioPathManager: loadAudioPath() : loaded audio path is bluetooth (2)
02-03 22:19:13.588  6926  6926 I EffectManager: isSupportDolbyAtmosOnThisAudioPath() : path is bluetooth (2)
02-03 22:19:13.588  6926  6926 I UHQUpscalerManager: isUHQCompatibleBluetooth() : support is 0, mode is 1
02-03 22:19:13.589  6926  6926 I AudioPathManager: loadAudioPath() : loaded audio path is bluetooth (2)
02-03 22:19:13.589  6926  6926 I EffectManager: isSupportVolumeNormalizationOnCurrentAudioPath() : path is bluetooth (2)
02-03 22:19:13.589  6926  6926 I DVFSHelper: isNecessaryToBoostCPU() : isDolbyOn? false, isUHQUpscalerOn? false, isVoiceBoostOn? false, isVolumeNormalizationOn? false
02-03 22:19:13.669  6716 12947 I ObjectPool@9791306: Ph_[checker Pool remains: , 9, ] [pool-94-thread-1] 
02-03 22:19:13.703  6137  6137 I SDHMS:o : update midground cpus to default value : 0-2,4-7
02-03 22:19:13.734  1429  1562 W ComposerExtn: DisplayExtnImpl::SetActiveConfig: HWC Display 3 is not registered!
02-03 22:19:14.131  1630  4226 D MARs:ActiveTrafficFilter: filter : com.truecaller(0)
02-03 22:19:14.131  1630  4226 D FreecessController: com.truecaller(10377) is important[8]
02-03 22:19:14.207  1630  6149 E TaskPersister: File error accessing recents directory (directory doesn't exist?).
02-03 22:19:14.209  1630  6149 E TaskPersister: File error accessing recents directory (directory doesn't exist?).
02-03 22:19:14.209  1630  6149 E TaskPersister: File error accessing recents directory (directory doesn't exist?).
02-03 22:19:14.482   830   830 D io_stats: !@   8,0 r 31075672 943693964 w 9396657 150864560 d 3431764 363311340 f 0 0 iot 16558168 0 th 0 0 0 pt 0 inp 0 0 154456.586
02-03 22:19:14.483   830   830 D io_stats: !@ Read_top(KB): com.truecaller(19051) 19884 kworker/3:0(6179) 24 chbox:googleapp(21273) 16
02-03 22:19:14.483   830   830 D io_stats: !@ Write_top(KB): ogle.android.gm(6392) 1208 kworker/u16:5(32188) 276 roid.honeyboard(6139) 100
02-03 22:19:14.546  1630  2974 I Pageboost: Launcher App Execution
02-03 22:19:14.591  6926  6926 I AudioPathManager: loadAudioPath() : loaded audio path is bluetooth (2)
02-03 22:19:14.591  6926  6926 I EffectManager: isSupportDolbyAtmosOnThisAudioPath() : path is bluetooth (2)
02-03 22:19:14.591  6926  6926 I UHQUpscalerManager: isUHQCompatibleBluetooth() : support is 0, mode is 1
02-03 22:19:14.591  6926  6926 I AudioPathManager: loadAudioPath() : loaded audio path is bluetooth (2)
02-03 22:19:14.592  6926  6926 I EffectManager: isSupportVolumeNormalizationOnCurrentAudioPath() : path is bluetooth (2)
02-03 22:19:14.592  6926  6926 I DVFSHelper: isNecessaryToBoostCPU() : isDolbyOn? false, isUHQUpscalerOn? false, isVoiceBoostOn? false, isVolumeNormalizationOn? false
02-03 22:19:14.611  1630  4668 D SemWifiUsabilityStatsMonitor: onWifiUsabilityStats - seqNum 18405, isSameBssidAndFreq true
02-03 22:19:14.611  1630  2828 I SemWifiLinkQualityMonitor: Link stat: 993 / 76 / 1.13 (17) / 144 / -50.0 || 100.0 : 144.00 / 0.5 : 0.88 / 0.55 : 0.08 / G (G) || 1b525e352457: 0.134 / 59.915 /  / N || N N / 0 / N 2.0 / N 0 / 154456713 0
02-03 22:19:14.614  3245  3607 I BtGatt.ScanHelper: onScanResult to scannerId: 3- eventType=0x1a, addressType=1, address=XX:XX:XX:XX:E0:48, primaryPhy=1, secondaryPhy=0, advertisingSid=0xff, txPower=127, rssi=-90, periodicAdvInt=0x0
02-03 22:19:14.616  2991  3126 D Tile.WifiTile: handleUpdateState isTransient=false transientEnabling =false cb.isTransient=false state.state = 2 mStateBeforeClick.value =true enabled =true
02-03 22:19:14.616  1630 12852 I AfterimageCompensationService: AfcThread mLuminance_sub : -1 , AfpcPeriodCount_sub : 1599 , rotation : 0 , AOD : false
02-03 22:19:14.622  1429  1478 D RenderEngine: [SEC_SF_EFFECTS] drawLayersInternal,1299, Rendering layer  at index 0
02-03 22:19:14.622  1429  1478 D RenderEngine: [SEC_SF_EFFECTS] drawLayersInternal,1299, Rendering layer com.pricehunt/com.pricehunt.presentation.MainActivity$_8113#52603 at index 1
02-03 22:19:14.622  1429  1478 D RenderEngine: [SEC_SF_EFFECTS] drawLayersInternal,1299, Rendering layer StatusBar$_2991#135 at index 2
02-03 22:19:14.622  1429  1478 D RenderEngine: [SEC_SF_EFFECTS] drawLayersInternal,1299, Rendering layer com.sec.android.app.launcher/com.samsung.app.honeyspace.edge.edgepanel.app.CocktailBarService$_3474#52539 at index 3
02-03 22:19:14.623  1429  1478 D RenderEngine: [SEC_SF_EFFECTS] drawLayersInternal,1299, Rendering layer NavigationBar0$_2991#128 at index 4
02-03 22:19:14.631  1429 21775 W ComposerExtn: DisplayExtnImpl::SetActiveConfig: HWC Display 3 is not registered!
02-03 22:19:14.633  1630 12852 D system_server: mAFPC_SUB_Read - w = 840, h = 2289, s = 56, f = 4, s_size = 8203776, luminance = -1, count = 1599, captureOrientation = 0
02-03 22:19:14.633  1630 12852 E system_server: mAFPC_SUB_Read - setImageSize failed (4)
02-03 22:19:14.642  1429  1459 I VSyncReactor: Current= 60, Period= 120, hwcPeriod= 60
02-03 22:19:14.651  1429  1429 W Layer   : gatherBufferInfo: Received unknown dataspace from gralloc
02-03 22:19:14.653  1429  1429 W ComposerExtn: DisplayExtnImpl::SetActiveConfig: HWC Display 3 is not registered!
02-03 22:19:14.659  1429  1459 I VSyncReactor: Current= 60, Period= 60, Distance= 60
02-03 22:19:14.701  6137  6400 I N0      : limitGPUFreq:: freq = 443
02-03 22:19:14.701  6137  6400 I SemDvfsHyPerManager: acquire hyper - SIOP_GPU_FREQ_MAX/6137@4, type = 536875010
02-03 22:19:14.702  6137  6400 I N0      : limitCPUFreq:: freq = 1555200
02-03 22:19:14.702  1237  1371 I HYPER-HAL: [RequestManager.cpp]acquire(): Acquired ID : 18859015  [6137 / 4]    HINT :      list : [GPUMaxFreq / 443] 
