--------- beginning of main
02-03 21:39:07.441  1429 21775 W ComposerExtn: DisplayExtnImpl::SetActiveConfig: HWC Display 3 is not registered!
02-03 21:39:07.461  1429  1429 W Layer   : gatherBufferInfo: Received unknown dataspace from gralloc
02-03 21:39:07.604  1630  2677 D InputDispatcher: Inject motion (5697/2000): action=0x0, time=152049708000000, f=0x0, d=0 dsdx=1.000000 dtdx=0.000000
02-03 21:39:07.606  1630  2660 I InputDispatcher: Delivering touch to (3474): action: 0x4, f=0x0, d=0, '431914a', t=1 
02-03 21:39:07.606  1630  2660 I InputDispatcher: Delivering touch to (2991): action: 0x4, f=0x0, d=0, '8f7d129', t=1 
02-03 21:39:07.607  1630  2660 I InputDispatcher: Delivering touch to (31979): action: 0x0, f=0x0, d=0, '86ecbb5', t=1 *(1.01)
02-03 21:39:07.608  3474  3474 I HoneySpace.GestureInputHandler: inputConsumers = [com.honeyspace.gesture.inputconsumer.InputConsumer$Companion$NO_OP$1@49e45c5]
--------- beginning of system
02-03 21:39:07.608  1630  2660 D PowerManagerService: [api] userActivityFromNative : touch displayId=0 eventTime=152049708
02-03 21:39:07.608 31979 31979 I VRI[MainActivity]@5832a1f: ViewPostIme pointer 0
02-03 21:39:07.608  1630  1951 I GestureDetector: obtain mCurrentDownEvent. id: -410860784 caller: com.android.server.wm.SystemGesturesPointerEventListener.onPointerEvent:17 com.android.server.wm.PointerEventDispatcher.onInputEvent:51 android.view.InputEventReceiver.dispatchInputEvent:385 
02-03 21:39:07.609  3474  3474 I HoneySpace.InputSession: inputConsumers = NO_OP
02-03 21:39:07.609  1630  1951 I GestureDetector: obtain mCurrentDownEvent. id: -410860784 caller: com.android.server.wm.SystemPerformancePointerEventListener.onPointerEvent:13 com.android.server.wm.PointerEventDispatcher.onInputEvent:51 android.view.InputEventReceiver.dispatchInputEvent:385 
02-03 21:39:07.610  1630  2660 D PowerManagerService: UserActivityStateListenerState: 1
02-03 21:39:07.610  3474  3474 I HoneySpace.InputSession: open
02-03 21:39:07.610  1429  1561 W ComposerExtn: DisplayExtnImpl::SetActiveConfig: HWC Display 3 is not registered!
02-03 21:39:07.614 31979 31979 I VRI[MainActivity]@5832a1f: call setFrameRateCategory for touch hint category=high hint, reason=touch, vri=VRI[MainActivity]@5832a1f
02-03 21:39:07.616  1429  1429 I LayerHistory: com.pricehunt/com.pricehunt.presentation.MainActivity$_31979#52215 Max (can't resolve refresh rate)
02-03 21:39:07.616  1429  1429 I SurfaceFlinger: Touch Boost - choose 120.00 Hz
02-03 21:39:07.617  1429  1429 I HWComposer: [4630947232161729155] ActiveConfigToHWC, ID : 0
02-03 21:39:07.618  1630  1955 D LocalDisplayAdapter: updateActiveModeLocked for d=4630947232161729155, mActiveModeId=5, mActiveSfDisplayMode=DisplayMode{id=0, width=832, height=2268, xDpi=391.348, yDpi=389.237, peakRefreshRate=120.00001, vsyncRate=120.00001, appVsyncOffsetNanos=100000, presentationDeadlineNanos=9233333, supportedHdrTypes=[2, 3, 4], group=832}
02-03 21:39:07.618  1304  1304 I SDM     : HWCDisplay::SubmitDisplayConfig: [DispConfigs] config 2 => 0, hs_mode 3 => 3
02-03 21:39:07.618  1304  1304 I SDM     : DisplayBase::SetActiveConfig: [DispConfigs] 3 => 0 or hs mode is changed if same config
02-03 21:39:07.618  1304  1304 I SDM     : HWDeviceDRM::SetDisplaySwitchMode: POMS Switching to Mode	0
02-03 21:39:07.618  1304  1304 I SDM     : HWDeviceDRM::SetDisplaySwitchMode: [DispConfigs] check hs_mode 3
02-03 21:39:07.618  1304  1304 I SDM     : HWDeviceDRM::SetDisplaySwitchMode: [DispConfigs] Set mode index:0 832x2268x120x127680cmdHS, hs_mode(3), found_mode(0)
02-03 21:39:07.618  1630  1955 I DisplayDeviceRepository: Display device changed render timings: "Built-in Screen", renderFrameRate=120.00001, presentationDeadlineNanos=9233333, appVsyncOffsetNanos=100000
02-03 21:39:07.618  6137  6137 I SemDvfsHyPerManager: acquire hyper - TABoost/6137@20, type = -999
02-03 21:39:07.619  1237  1371 I HYPER-HAL: [RequestManager.cpp]acquire(): Acquired ID : 18957423  [6137 / 20]    HINT :      list : [TABoost / 1] [TIMEOUT / 1500] 
02-03 21:39:07.619  1304  1304 I SDM     : HWDeviceDRM::UpdateMixerAttributes: Mixer WxH 832x2268-1 for Peripheral
02-03 21:39:07.619  1304  1304 I SDM     : HWCDisplay::SubmitDisplayConfig: Active configuration changed to: 0
02-03 21:39:07.620  1630  2677 D InputDispatcher: Inject motion (5697/2000): action=0x1, time=152049708000000, f=0x0, d=0 dsdx=1.000000 dtdx=0.000000
02-03 21:39:07.620  1630  2660 I InputDispatcher: Delivering touch to (31979): action: 0x1, f=0x0, d=0, '86ecbb5', t=1 *(1.01)
02-03 21:39:07.621  3474  3474 I HoneySpace.GestureInputHandler: reset
02-03 21:39:07.621  3474  3474 I HoneySpace.InputSession: close
02-03 21:39:07.621  1405 28166 D AudioFlinger: setParameters: filtered dev setParameters keyvalue screen_state=on
02-03 21:39:07.621  1630  2114 D BrightnessThermalClamper: Thermal status observer already started
02-03 21:39:07.622  1429  1429 I SurfaceFlinger: [com.pricehunt/com.pricehunt.presentation.MainActivity$_31979#52215] setFrameRateCategory: HighHint
02-03 21:39:07.622 31979 31979 I VRI[MainActivity]@5832a1f: ViewPostIme pointer 1
02-03 21:39:07.622  1630  1630 D SGM:GameManager: onDisplayChanged. displyId: 0, state: 2
02-03 21:39:07.623  1630  1630 D AODManagerService: requestReCalToTSP IsSingleTouchMode = falserequestedReCalToTSP = false / previousDisplayState = ON
02-03 21:39:07.623  1429  1429 W ComposerExtn: DisplayExtnImpl::SetActiveConfig: HWC Display 3 is not registered!
02-03 21:39:07.623  1630  4873 D LiftUpHandler: [LTW] Stopped already.
02-03 21:39:07.623  1630  2685 D SGM:FgCheckThread: onLooperPrepared(), msg: MSG_LCD_ON
02-03 21:39:07.624  1429  1459 I VSyncReactor: Current= 60, Period= 120, hwcPeriod= 60
02-03 21:39:07.624  1206  2517 D audio_hw_primary: adev_set_parameters: enter: screen_state=on
02-03 21:39:07.624  1206  2517 V audio_hw_sec: sec_set_parameters: enter
02-03 21:39:07.624  1206  2517 D sound_trigger_hw: handle_screen_status_change: screen on
02-03 21:39:07.624  1206  2517 D audio_hw_primary: adev_set_parameters: exit with code(0)
02-03 21:39:07.624  1206  1241 I Audio_a2dpsink_hw: adev_set_parameters: kevpairs=[screen_state=on]
02-03 21:39:07.624  1630  1951 I GestureDetector: obtain mCurrentMotionEventRaw. action: 1 id: -718890856
02-03 21:39:07.625  1630  1951 I GestureDetector: obtain mCurrentMotionEventRaw. action: 1 id: -718890856
02-03 21:39:07.625  2991  3068 I VRI[ShellDropTarget]@1cdbaf5: onDisplayChanged oldDisplayState=2 newDisplayState=2
02-03 21:39:07.625  2991  3068 I VRI[SplitDecorManager]@ca2ee62: onDisplayChanged oldDisplayState=2 newDisplayState=2
02-03 21:39:07.625  2991  3068 I VRI[SplitDecorManager]@2d19661: onDisplayChanged oldDisplayState=2 newDisplayState=2
02-03 21:39:07.626  1630  5992 D WifiDisplayAdapter: isFitToActiveDisplayLocked : false
02-03 21:39:07.626  5872  5872 I SPenContext: virtual void SPen::Context::SetDisplayRefreshRate(float) framerate=120
02-03 21:39:07.626  3474  3474 I VRI[RecentsTransitionOverlay]@ea10469: onDisplayChanged oldDisplayState=2 newDisplayState=2
02-03 21:39:07.626  5872  5872 I LatencyConfiguration: void SPen::LatencyConfiguration::UpdateRefreshRate(float) RefreshRate=120.000008
02-03 21:39:07.626  5872  5872 I LatencyConfiguration: void SPen::LatencyConfiguration::UpdateRefreshRate(float) RefreshRateCallback 0xb400007c408e4ed0
02-03 21:39:07.626  5872  5872 I PredictorBase: virtual void SPen::PredictorBase::SetRefreshRate(float) Refresh rate: 120.000
02-03 21:39:07.626  5872  5872 I spe_log : virtual void SPen::FbrDrawPad::SetRefreshRate(float) = 120.000
02-03 21:39:07.626  5872  5872 I spe_log : virtual void SPen::FbrDrawPad::SetRefreshRate(float) mFrameDurationNano=8333333, mDisplayRefreshDurationNano: 8333333
02-03 21:39:07.626  5872  5872 I spe_log : virtual void SPen::LowLatencyStrokeView::SetRefreshRate(float) refresh rate=120.000
02-03 21:39:07.626  3474  3474 I VRI[LauncherActivity]@ea4152a: onDisplayChanged oldDisplayState=2 newDisplayState=2
02-03 21:39:07.626  3474  3474 I VRI[CocktailBarService]@fe8030d: onDisplayChanged oldDisplayState=2 newDisplayState=2
02-03 21:39:07.626  5872  5872 I VRI[InputMethod]@307b30c: onDisplayChanged oldDisplayState=2 newDisplayState=2
02-03 21:39:07.626  3474  3474 I VRI[TaskbarWindow]@498413e: onDisplayChanged oldDisplayState=2 newDisplayState=2
02-03 21:39:07.627  3474  3474 I VRI[RecentsActivity]@6199a4a: onDisplayChanged oldDisplayState=2 newDisplayState=2
02-03 21:39:07.627  3474 30615 I HoneySpace.RefreshRateSource: singleFrameMs 8
02-03 21:39:07.627  3474 27567 I HoneySpace.Memory-Monitor: current state = 2, didTrim = false
02-03 21:39:07.628  2991  3126 D StackScroller: onDisplayChanged for predraw skip to 2
02-03 21:39:07.629 21273 21273 I VRI[InternalGoogleAppActivityEntrypoint]@e63bb3e: onDisplayChanged oldDisplayState=2 newDisplayState=2
02-03 21:39:07.629 21273 21273 I VRI[LauncherActivity]@66e68da: onDisplayChanged oldDisplayState=2 newDisplayState=2
02-03 21:39:07.629 18854 18854 I VRI[HintService]@dfeec42: onDisplayChanged oldDisplayState=2 newDisplayState=2
02-03 21:39:07.629  6909  6909 I VRI[MainActivity]@30c10b3: onDisplayChanged oldDisplayState=2 newDisplayState=2
02-03 21:39:07.629  1630  1951 W LocalDisplayAdapter: Ignoring request for invalid base mode id 5
02-03 21:39:07.630  2991  2991 D DisplayLifecycle: updateDisplay id = 0
02-03 21:39:07.631  2991  2991 I VRI[LockscreenShortcutBlur]@6238849: onDisplayChanged oldDisplayState=2 newDisplayState=2
02-03 21:39:07.631  2991  2991 I VRI[NavigationBar0]@c1db22d: onDisplayChanged oldDisplayState=2 newDisplayState=2
02-03 21:39:07.631  2991  2991 I VRI[EdgeBackGestureHandler0]@5a548e3: onDisplayChanged oldDisplayState=2 newDisplayState=2
02-03 21:39:07.631  2991  2991 I VRI[NotificationShade]@aaab015: onDisplayChanged oldDisplayState=2 newDisplayState=2
02-03 21:39:07.631  2991  2991 I VRI[StatusBar]@8e980d0: onDisplayChanged oldDisplayState=2 newDisplayState=2
02-03 21:39:07.631  2991  2991 I VRI[Bouncer]@a1623f9: onDisplayChanged oldDisplayState=2 newDisplayState=2
02-03 21:39:07.631  2991  2991 I VRI[SecondaryHomeHandle0]@df10a88: onDisplayChanged oldDisplayState=2 newDisplayState=2
02-03 21:39:07.631  2991  2991 I VRI[KeyguardBiometricToastView]@7c93875: onDisplayChanged oldDisplayState=2 newDisplayState=2
02-03 21:39:07.631  1630  1955 D RefreshRateModeManager: updateDefaultDisplayToken: android.os.BinderProxy@99b4f37, isChanged: false
02-03 21:39:07.631  6139  6139 I SPenContext: virtual void SPen::Context::SetDisplayRefreshRate(float) framerate=120
02-03 21:39:07.632  6139  6139 I LatencyConfiguration: void SPen::LatencyConfiguration::UpdateRefreshRate(float) RefreshRate=120.000008
02-03 21:39:07.632  6139  6139 I LatencyConfiguration: void SPen::LatencyConfiguration::UpdateRefreshRate(float) RefreshRateCallback 0xb400007c408ced50
02-03 21:39:07.632  1429  1459 I VSyncReactor: Current= 60, Period= 120, hwcPeriod= 60
02-03 21:39:07.632  6139  6139 I PredictorBase: virtual void SPen::PredictorBase::SetRefreshRate(float) Refresh rate: 120.000
02-03 21:39:07.632  6139  6139 I spe_log : virtual void SPen::FbrDrawPad::SetRefreshRate(float) = 120.000
02-03 21:39:07.632  6139  6139 I spe_log : virtual void SPen::FbrDrawPad::SetRefreshRate(float) mFrameDurationNano=8333333, mDisplayRefreshDurationNano: 8333333
02-03 21:39:07.632  6139  6139 I spe_log : virtual void SPen::LowLatencyStrokeView::SetRefreshRate(float) refresh rate=120.000
02-03 21:39:07.634 31979 31979 I VRI[MainActivity]@5832a1f: onDisplayChanged oldDisplayState=2 newDisplayState=2
02-03 21:39:07.640  1429  1459 I VSyncReactor: Current= 60, Period= 120, hwcPeriod= 120
02-03 21:39:07.642  5872  5872 I HBD     : b ous -  6 ,  6 ,  11 ,  11 ,  -1 ,  -1
02-03 21:39:07.642  5872  5872 I HBD     : c IIFO[r:80eeb452ff][type:finish] 
02-03 21:39:07.647 31979 31979 D InsetsController: show(ime(), fromIme=false)
02-03 21:39:07.647 31979 31979 I ImeTracker: com.pricehunt:9897016c: onRequestShow at ORIGIN_CLIENT reason SHOW_SOFT_INPUT_BY_INSETS_API fromUser false
02-03 21:39:07.647 31979 31979 I ImeTracker: com.pricehunt:9897016c: onCancelled at PHASE_CLIENT_APPLY_ANIMATION
02-03 21:39:07.650  1429  1429 W ComposerExtn: DisplayExtnImpl::SetActiveConfig: HWC Display 3 is not registered!
02-03 21:39:07.652  5872  8862 I HBD     : b getET , flag: 1 , start: 11 , end: 11 , length: 12 , composingLength: 0 , isKCC: false
02-03 21:39:07.653  5872  7178 I HBD     : E EBD tb start :1 
02-03 21:39:07.653  5872  7178 I HBD     : E EBD tb end :1 
02-03 21:39:07.654  5872  5872 I HBD     : C [EmojiCandidate] getEmoji from EmojiCore-[0]
02-03 21:39:07.654  5872  5872 I HBD     : Z [SCV] (9) 5 7 8 7 9 7 9 9 10 
02-03 21:39:07.654  5872  5872 I HBD     : E EBD cm f 1 
02-03 21:39:07.666 31979 31979 I WindowManager: WindowManagerGlobal#addView, ty=1002, view=androidx.compose.ui.window.PopupLayout{97f9c9d V.E...... ......I. 0,0-0,0 #1020002 android:id/content}, caller=android.view.WindowManagerImpl.addView:158 androidx.compose.ui.window.PopupLayout.show:453 androidx.compose.ui.window.AndroidPopup_androidKt$Popup$2.invoke:264 
02-03 21:39:07.667  1429  1429 W Layer   : gatherBufferInfo: Received unknown dataspace from gralloc
02-03 21:39:07.668 31979 31979 I ViewRootImpl: dVRR is disabled
02-03 21:39:07.668 31979 32006 D NativeCustomFrequencyManager: [NativeCFMS] BpCustomFrequencyManager::BpCustomFrequencyManager()
02-03 21:39:07.671  1429  4731 I SurfaceFlinger: id=52226 createSurf, flag=84004, fe76c8a Pop-Up Window#52226
02-03 21:39:07.673  1630  2677 D RestrictionPolicy: isScreenCaptureEnabled : ret=true userId=0
02-03 21:39:07.674  1630  2677 D InputTransport: Input channel constructed: 'fe76c8a', fd=958
02-03 21:39:07.674  1630  2677 D InputTransport: Input channel constructed: 'fe76c8a', fd=994
02-03 21:39:07.674  1630  2677 D InputTransport: Input channel constructed: 'fe76c8a', fd=1061
02-03 21:39:07.674  1630  2677 D WindowManager: Changing focus from Window{86ecbb5 u0 com.pricehunt/com.pricehunt.presentation.MainActivity} to Window{fe76c8a u0 Pop-Up Window} displayId=0 Callers=com.android.server.wm.WindowManagerService.addWindow:201 com.android.server.wm.Session.addToDisplayAsUser:24 android.view.IWindowSession$Stub.onTransact:749 com.android.server.wm.Session.onTransact:1 
02-03 21:39:07.675  1630  2677 I WindowManager: Cancelling animation restarting=true, leash=Surface(name=Surface(name=65b5200 StatusBar)/@0xb203e6f - animation-leash of insets_animation)/@0xd0c4ff9
02-03 21:39:07.675  1630  2677 I WindowManager: Reparenting to original parent: Surface(name=WindowToken{182faa6 type=2000 android.os.BinderProxy@622ade8})/@0x89a977c, destroy=false, syncState=0, syncCommitDepth=0, surface=Surface(name=65b5200 StatusBar)/@0xb203e6f
02-03 21:39:07.675  1630  2677 I WindowManager: Reparenting to leash, surface=Surface(name=65b5200 StatusBar)/@0xb203e6f, syncState=0, syncCommitDepth=0, leashParent=Surface(name=WindowToken{182faa6 type=2000 android.os.BinderProxy@622ade8})/@0x89a977c
02-03 21:39:07.675  1429  4731 I SurfaceFlinger: id=52227 createSurf, flag=24000, Surface(name=65b5200 StatusBar)/@0xb203e6f - animation-leash of insets_animation#52227
02-03 21:39:07.677  1630  2677 D WindowManager: makeSurface duration=2 leash=Surface(name=Surface(name=65b5200 StatusBar)/@0xb203e6f - animation-leash of insets_animation)/@0x8bb3d71
02-03 21:39:07.677  1630  2677 D InsetsSourceProvider: updateControlForTarget: control=InsetsSourceControl: {68930000 mType=statusBars initiallyVisible mSurfacePosition=Point(0, 0) mInsetsHint=Insets{left=0, top=82, right=0, bottom=0}}, target=Window{fe76c8a u0 Pop-Up Window}, from=com.android.server.wm.InsetsStateController.onControlTargetChanged:81 com.android.server.wm.InsetsPolicy.updateBarControlTarget:175 com.android.server.wm.DisplayPolicy.updateSystemBarAttributes:281 com.android.server.wm.WindowManagerService.updateFocusedWindowLocked:375 com.android.server.wm.WindowManagerService.addWindow:201 
02-03 21:39:07.677  1630  2677 D WindowManager: updateSystemBarAttributes: displayId=0, focusedCanBeNavColorWin=false, win=Window{fe76c8a u0 Pop-Up Window}, navColorWin=Window{c86fe25 u0 InputMethod}, caller=com.android.server.wm.WindowManagerService.updateFocusedWindowLocked:375 com.android.server.wm.WindowManagerService.addWindow:201 com.android.server.wm.Session.addToDisplayAsUser:24 
02-03 21:39:07.678  1630  2677 D WindowManager: updateSystemBarAttributes, bhv=1, apr=0, statusBarAprRegions=[AppearanceRegion{ bounds=[0,0][840,2289]}], requestedVisibilities=-9
02-03 21:39:07.678  1630  2677 V SystemKeyManager: updateFocusedWindow() is called, Pop-Up Window
02-03 21:39:07.678  1630  2677 D InputTransport: Input channel destroyed: 'fe76c8a', fd=1061
02-03 21:39:07.678 31979 31979 D InputTransport: Input channel constructed: 'fe76c8a', fd=365
02-03 21:39:07.679 31979 31979 I InsetsController: onStateChanged: host=Pop-Up Window, from=android.view.ViewRootImpl.setView:1999, state=InsetsState: {mDisplayFrame=Rect(0, 0 - 840, 2289), mDisplayCutout=DisplayCutout{insets=Rect(0, 82 - 0, 0) waterfall=Insets{left=0, top=0, right=0, bottom=0} boundingRect={Bounds=[Rect(0, 0 - 0, 0), Rect(389, 0 - 451, 82), Rect(0, 0 - 0, 0), Rect(0, 0 - 0, 0)]} cutoutPathParserInfo={CutoutPathParserInfo{displayWidth=840 displayHeight=2289 physicalDisplayWidth=840 physicalDisplayHeight=2289 density={2.65} cutoutSpec={M 0,0 H -11.80952380952381 V 30.85714285714286 H 11.80952380952381 V 0 H 0 Z @dp} rotation={0} scale={1.0} physicalPixelDisplaySizeRatio={1.0}}} sideOverrides={}}, mRoundedCorners=RoundedCorners{[RoundedCorner{position=TopLeft, radius=58, center=Point(58, 58)}, RoundedCorner{position=TopRight, radius=58, center=Point(782, 58)}, RoundedCorner{position=BottomRight, radius=58, center=Point(782, 2231)}, RoundedCorner{position=BottomLeft, radius=58, center=Point(58, 2231)}]}  mRoundedCornerFrame=Rect(0, 0 - 840, 2289), mPrivacyIndicatorBounds=PrivacyIndicatorBounds {static bounds=Rect(724, 0 - 840, 82) rotation=0}, mDisplayShape=DisplayShape{ spec=-311912193 displayWidth=832 displayHeight=2268 physicalPixelDisplaySizeRatio=1.0 rotation=0 offsetX=0 offsetY=0 scale=1.0}, mSources= { InsetsSource: {9d0a0001 mType=navigationBars mFrame=[0,2250][840,2289] mVisible=true mFlags=SUPPRESS_SCRIM mSideHint=BOTTOM mBoundingRects=null}, InsetsSource: {9d0a0004 mType=systemGestures mFrame=[0,0][78,2289] mVisible=true mFlags= mSideHint=LEFT mBoundingRects=null}, InsetsSource: {9d0a0005 mType=mandatorySystemGestures mFrame=[0,2205][840,2289] mVisible=true mFlags= mSideHint=BOTTOM mBoundingRects=null}, InsetsSource: {9d0a0006 mType=tappableElement mFrame=[0,0][0,0] mVisible=true mFlags= mSideHint=NONE mBoundingRects=null}, InsetsSource: {9d0a0024 mType=systemGestures mFrame=[762,0][840,2289] mVisible=true mFlags= mSideHint=RIGHT mBoundingRects=null}, InsetsSource: {3 mType=ime mFrame=[0,1470][840,2289] mVisible=true mFlags= mSideHint=BOTTOM mBoundingRects=null}, InsetsSource: {27 mType=displayCutout mFrame=[0,0][840,82] mVisible=true mFlags= mSideHint=TOP mBoundingRects=null}, InsetsSource: {4df90004 mType=systemGestures mFrame=[0,0][0,0] mVisible=false mFlags= mSideHint=NONE mBoundingRects=null}, InsetsSource: {4df90005 mType=mandatorySystemGestures mFrame=[0,0][0,0] mVisible=false mFlags= mSideHint=NONE mBoundingRects=null}, InsetsSource: {4df90006 mType=tappableElement mFrame=[0,0][0,0] mVisible=false mFlags= mSideHint=NONE mBoundingRects=null}, InsetsSource: {4df90024 mType=systemGestures mFrame=[0,0][0,0] mVisible=false mFlags= mSideHint=NONE mBoundingRects=null}, InsetsSource: {68930000 mType=statusBars mFrame=[0,0][840,82] mVisible=true mFlags= mSideHint=TOP mBoundingRects=null}, InsetsSource: {68930005 mType=mandatorySystemGestures mFrame=[0,0][840,114] mVisible=true mFlags= mSideHint=TOP mBoundingRects=null}, InsetsSource: {68930006 mType=tappableElement mFrame=[0,0][840,82] mVisible=true mFlags= mSideHint=TOP mBoundingRects=null} }
02-03 21:39:07.679 31979 31979 I VRI[Pop-Up Window]@b7bb512: synced displayState. AttachInfo displayState=2
02-03 21:39:07.679 31979 31979 I VRI[Pop-Up Window]@b7bb512: setView = androidx.compose.ui.window.PopupLayout@97f9c9d IsHRR=false TM=true
02-03 21:39:07.683  1429  1429 I SurfaceFlinger: Layer [fe76c8a Pop-Up Window#52226] hidden!! flag(4096)
02-03 21:39:07.683  1429  1429 I SurfaceFlinger: [LayerHierarchy{RequestedLayerState{ImeContainer#17 parentId=52203 relativeParentId=52226 z=1} 1 children}] RelativeParent to LayerHierarchy{RequestedLayerState{fe76c8a Pop-Up Window#52226 parentId=52214 z=2} 1 children}
02-03 21:39:07.683  1429  1429 I SurfaceFlinger: [LayerHierarchy{RequestedLayerState{65b5200 StatusBar#117 parentId=52227} 1 children}] reparent to LayerHierarchy{RequestedLayerState{Surface(name=65b5200 StatusBar)/@0xb203e6f - animation-leash of insets_animation#52227 parentId=116} 1 children}
02-03 21:39:07.683  1429  1429 I SurfaceFlinger: [LayerHierarchy{RequestedLayerState{Surface(name=65b5200 StatusBar)/@0xb203e6f - animation-leash of insets_animation#52216} no children}] reparent to OffscreenRoot
02-03 21:39:07.683  1429  1429 I SurfaceFlinger: [LayerHierarchy{RequestedLayerState{Surface(name=65b5200 StatusBar)/@0xb203e6f - animation-leash of insets_animation#52216} no children}] RelativeParent to null
02-03 21:39:07.683  1429  1429 I SurfaceFlinger: [fe76c8a Pop-Up Window#52226] attach to parent LayerHierarchy{RequestedLayerState{86ecbb5 com.pricehunt/com.pricehunt.presentation.MainActivity#52214 parentId=52203} 2 children}
02-03 21:39:07.684  1429  1429 I SurfaceFlinger: [Surface(name=65b5200 StatusBar)/@0xb203e6f - animation-leash of insets_animation#52227] attach to parent LayerHierarchy{RequestedLayerState{WindowToken{182faa6 type=2000 android.os.BinderProxy@622ade8}#116 parentId=20} 1 children}
02-03 21:39:07.690  1630  2677 D InputDispatcher: Inject key (5710/2000): action=0, f=0x0, d=-1, time=152049794000000
02-03 21:39:07.691  1630  2677 D SingleKeyGesture: interceptKeyDown, info : KeyCode=KEYCODE_UNKNOWN, size=0
02-03 21:39:07.691  1630  2677 D WindowManager: interceptKeyTq interceptKeyResult=1
02-03 21:39:07.691  1630  2660 I InputDispatcher: Delivering key to (31979): action: 0x0 (0), f=0x0, m=0x0, d=0, '86ecbb5'
02-03 21:39:07.693  1429  1429 W Layer   : gatherBufferInfo: Received unknown dataspace from gralloc
02-03 21:39:07.693  1429  1429 W ComposerExtn: DisplayExtnImpl::SetActiveConfig: HWC Display 3 is not registered!
02-03 21:39:07.696  1630  6020 D CoreBackPreview: Window{fe76c8a u0 Pop-Up Window}: Setting back callback OnBackInvokedCallbackInfo{mCallback=android.window.IOnBackInvokedCallback$Stub$Proxy@cf53fad, mPriority=0, mIsAnimationCallback=false}
02-03 21:39:07.698  1630  5997 V WindowManager: Relayout Window{fe76c8a u0 Pop-Up Window}: viewVisibility=0 req=54x66 ty=1002 d0
02-03 21:39:07.698  1429  4731 I SurfaceFlinger: id=52228 createSurf, flag=44004, Pop-Up Window$_31979#52228
02-03 21:39:07.700  1630  5997 D WindowManager: makeSurface duration=1 name=Pop-Up Window$_31979
02-03 21:39:07.705  1630  5997 D WindowManager: Changing focus from Window{fe76c8a u0 Pop-Up Window} to Window{86ecbb5 u0 com.pricehunt/com.pricehunt.presentation.MainActivity} displayId=0 Callers=com.android.server.wm.WindowManagerService.relayoutWindowInner:142 com.android.server.wm.WindowManagerService.relayoutWindow:6 com.android.server.wm.Session.relayout:27 android.view.IWindowSession$Stub.onTransact:861 
02-03 21:39:07.705  1630  5997 I WindowManager: Cancelling animation restarting=true, leash=Surface(name=Surface(name=65b5200 StatusBar)/@0xb203e6f - animation-leash of insets_animation)/@0x8bb3d71
02-03 21:39:07.705  1630  5997 I WindowManager: Reparenting to original parent: Surface(name=WindowToken{182faa6 type=2000 android.os.BinderProxy@622ade8})/@0x89a977c, destroy=false, syncState=0, syncCommitDepth=0, surface=Surface(name=65b5200 StatusBar)/@0xb203e6f
02-03 21:39:07.705  1630  5997 I WindowManager: Reparenting to leash, surface=Surface(name=65b5200 StatusBar)/@0xb203e6f, syncState=0, syncCommitDepth=0, leashParent=Surface(name=WindowToken{182faa6 type=2000 android.os.BinderProxy@622ade8})/@0x89a977c
02-03 21:39:07.706  1429  4731 I SurfaceFlinger: id=52229 createSurf, flag=24000, Surface(name=65b5200 StatusBar)/@0xb203e6f - animation-leash of insets_animation#52229
02-03 21:39:07.708  1630  5997 D WindowManager: makeSurface duration=2 leash=Surface(name=Surface(name=65b5200 StatusBar)/@0xb203e6f - animation-leash of insets_animation)/@0x23b4673
02-03 21:39:07.708  1630  5997 D InsetsSourceProvider: updateControlForTarget: control=InsetsSourceControl: {68930000 mType=statusBars initiallyVisible mSurfacePosition=Point(0, 0) mInsetsHint=Insets{left=0, top=82, right=0, bottom=0}}, target=Window{86ecbb5 u0 com.pricehunt/com.pricehunt.presentation.MainActivity}, from=com.android.server.wm.InsetsStateController.onControlTargetChanged:81 com.android.server.wm.InsetsPolicy.updateBarControlTarget:175 com.android.server.wm.DisplayPolicy.updateSystemBarAttributes:281 com.android.server.wm.WindowManagerService.updateFocusedWindowLocked:375 com.android.server.wm.WindowManagerService.relayoutWindowInner:142 
02-03 21:39:07.708  1630  5997 D WindowManager: updateSystemBarAttributes: displayId=0, focusedCanBeNavColorWin=false, win=Window{86ecbb5 u0 com.pricehunt/com.pricehunt.presentation.MainActivity}, navColorWin=Window{c86fe25 u0 InputMethod}, caller=com.android.server.wm.WindowManagerService.updateFocusedWindowLocked:375 com.android.server.wm.WindowManagerService.relayoutWindowInner:142 com.android.server.wm.WindowManagerService.relayoutWindow:6 
02-03 21:39:07.709  1630  5997 D WindowManager: updateSystemBarAttributes, bhv=1, apr=0, statusBarAprRegions=[AppearanceRegion{ bounds=[0,0][840,2289]}], requestedVisibilities=-1
02-03 21:39:07.709  1630  5997 V SystemKeyManager: updateFocusedWindow() is called, com.pricehunt/com.pricehunt.presentation.MainActivity
02-03 21:39:07.710  1630  5997 V WindowManager: Relayout hash=fe76c8a, pid=31979, syncId=-1: mAttrs={(390,473)(wrapxwrap) gr=TOP START CENTER sim={adjust=pan} ty=APPLICATION_SUB_PANEL fmt=TRANSLUCENT surfaceInsets=Rect(42, 42 - 42, 42)
02-03 21:39:07.710  1630  5997 V WindowManager:   fl=1040208
02-03 21:39:07.710  1630  5997 V WindowManager:   pfl=40000000
02-03 21:39:07.710  1630  5997 V WindowManager:   bhv=1
02-03 21:39:07.710  1630  5997 V WindowManager:   fitTypes=207
02-03 21:39:07.710  1630  5997 V WindowManager:   frameRateBoostOnTouch=true
02-03 21:39:07.710  1630  5997 V WindowManager:   dvrrWindowFrameRateHint=true naviIconColor=0}
02-03 21:39:07.711 31979 31979 I InsetsController: onStateChanged: host=Pop-Up Window, from=android.view.ViewRootImpl.relayoutWindow:11304, state=InsetsState: {mDisplayFrame=Rect(0, 0 - 840, 2289), mDisplayCutout=DisplayCutout{insets=Rect(0, 82 - 0, 0) waterfall=Insets{left=0, top=0, right=0, bottom=0} boundingRect={Bounds=[Rect(0, 0 - 0, 0), Rect(389, 0 - 451, 82), Rect(0, 0 - 0, 0), Rect(0, 0 - 0, 0)]} cutoutPathParserInfo={CutoutPathParserInfo{displayWidth=840 displayHeight=2289 physicalDisplayWidth=840 physicalDisplayHeight=2289 density={2.65} cutoutSpec={M 0,0 H -11.80952380952381 V 30.85714285714286 H 11.80952380952381 V 0 H 0 Z @dp} rotation={0} scale={1.0} physicalPixelDisplaySizeRatio={1.0}}} sideOverrides={}}, mRoundedCorners=RoundedCorners{[RoundedCorner{position=TopLeft, radius=58, center=Point(58, 58)}, RoundedCorner{position=TopRight, radius=58, center=Point(782, 58)}, RoundedCorner{position=BottomRight, radius=58, center=Point(782, 2231)}, RoundedCorner{position=BottomLeft, radius=58, center=Point(58, 2231)}]}  mRoundedCornerFrame=Rect(0, 0 - 840, 2289), mPrivacyIndicatorBounds=PrivacyIndicatorBounds {static bounds=Rect(724, 0 - 840, 82) rotation=0}, mDisplayShape=DisplayShape{ spec=-311912193 displayWidth=832 displayHeight=2268 physicalPixelDisplaySizeRatio=1.0 rotation=0 offsetX=0 offsetY=0 scale=1.0}, mSources= { InsetsSource: {9d0a0001 mType=navigationBars mFrame=[0,2163][840,2289] mVisible=true mFlags=SUPPRESS_SCRIM mSideHint=BOTTOM mBoundingRects=null}, InsetsSource: {9d0a0004 mType=systemGestures mFrame=[0,0][78,2289] mVisible=true mFlags= mSideHint=LEFT mBoundingRects=null}, InsetsSource: {9d0a0005 mType=mandatorySystemGestures mFrame=[0,2205][840,2289] mVisible=true mFlags= mSideHint=BOTTOM mBoundingRects=null}, InsetsSource: {9d0a0006 mType=tappableElement mFrame=[0,0][0,0] mVisible=true mFlags= mSideHint=NONE mBoundingRects=null}, InsetsSource: {9d0a0024 mType=systemGestures mFrame=[762,0][840,2289] mVisible=true mFlags= mSideHint=RIGHT mBoundingRects=null}, InsetsSource: {27 mType=displayCutout mFrame=[0,0][840,82] mVisible=true mFlags= mSideHint=TOP mBoundingRects=null}, InsetsSource: {4df90004 mType=systemGestures mFrame=[0,0][0,0] mVisible=false mFlags= mSideHint=NONE mBoundingRects=null}, InsetsSource: {4df90005 mType=mandatorySystemGestures mFrame=[0,0][0,0] mVisible=false mFlags= mSideHint=NONE mBoundingRects=null}, InsetsSource: {4df90006 mType=tappableElement mFrame=[0,0][0,0] mVisible=false mFlags= mSideHint=NONE mBoundingRects=null}, InsetsSource: {4df90024 mType=systemGestures mFrame=[0,0][0,0] mVisible=false mFlags= mSideHint=NONE mBoundingRects=null}, InsetsSource: {68930000 mType=statusBars mFrame=[0,0][840,82] mVisible=true mFlags= mSideHint=TOP mBoundingRects=null}, InsetsSource: {68930005 mType=mandatorySystemGestures mFrame=[0,0][840,114] mVisible=true mFlags= mSideHint=TOP mBoundingRects=null}, InsetsSource: {68930006 mType=tappableElement mFrame=[0,0][840,82] mVisible=true mFlags= mSideHint=TOP mBoundingRects=null} }
02-03 21:39:07.711 31979 31979 I BufferQueueProducer: [](id:7ceb00000001,api:0,p:0,c:31979) setDequeueTimeout:2077252342
02-03 21:39:07.712 31979 31979 I BLASTBufferQueue_Java: new BLASTBufferQueue, mName= VRI[Pop-Up Window]@b7bb512 mNativeObject= 0xb400007c708df3f0 sc.mNativeObject= 0xb400007e108d1e10 caller= android.view.ViewRootImpl.updateBlastSurfaceIfNeeded:3397 android.view.ViewRootImpl.relayoutWindow:11361 android.view.ViewRootImpl.performTraversals:4544 android.view.ViewRootImpl.doTraversal:3708 android.view.ViewRootImpl$TraversalRunnable.run:12542 android.view.Choreographer$CallbackRecord.run:1751 android.view.Choreographer$CallbackRecord.run:1760 android.view.Choreographer.doCallbacks:1216 android.view.Choreographer.doFrame:1142 android.view.Choreographer$FrameDisplayEventReceiver.run:1707 
02-03 21:39:07.712 31979 31979 I BLASTBufferQueue_Java: update, w= 138 h= 150 mName = VRI[Pop-Up Window]@b7bb512 mNativeObject= 0xb400007c708df3f0 sc.mNativeObject= 0xb400007e108d1e10 format= -3 caller= android.graphics.BLASTBufferQueue.<init>:88 android.view.ViewRootImpl.updateBlastSurfaceIfNeeded:3397 android.view.ViewRootImpl.relayoutWindow:11361 android.view.ViewRootImpl.performTraversals:4544 android.view.ViewRootImpl.doTraversal:3708 android.view.ViewRootImpl$TraversalRunnable.run:12542 
02-03 21:39:07.713 31979 31979 W libc    : Access denied finding property "vendor.display.enable_optimal_refresh_rate"
02-03 21:39:07.713 31979 31979 W libc    : Access denied finding property "vendor.gpp.create_frc_extension"
02-03 21:39:07.713 31979 31979 I VRI[Pop-Up Window]@b7bb512: Relayout returned: old=(0,82,840,2250) new=(390,473,444,539) relayoutAsync=false req=(54,66)0 dur=14 res=0x3 s={true 0xb400007cb08d3000} ch=true seqId=0
02-03 21:39:07.714 31979 31979 I VRI[Pop-Up Window]@b7bb512: performConfigurationChange setNightDimText nightDimLevel=0
02-03 21:39:07.714 31979 31979 D VRI[Pop-Up Window]@b7bb512: mThreadedRenderer.initialize() mSurface={isValid=true 0xb400007cb08d3000} hwInitialized=true
02-03 21:39:07.717 31979 31979 D VRI[Pop-Up Window]@b7bb512: reportNextDraw android.view.ViewRootImpl.performTraversals:5193 android.view.ViewRootImpl.doTraversal:3708 android.view.ViewRootImpl$TraversalRunnable.run:12542 android.view.Choreographer$CallbackRecord.run:1751 android.view.Choreographer$CallbackRecord.run:1760 
02-03 21:39:07.717 31979 31979 D VRI[Pop-Up Window]@b7bb512: Setup new sync=wmsSync-VRI[Pop-Up Window]@b7bb512#2
02-03 21:39:07.717 31979 31979 I VRI[Pop-Up Window]@b7bb512: Creating new active sync group VRI[Pop-Up Window]@b7bb512#3
02-03 21:39:07.718 31979 31979 D VRI[Pop-Up Window]@b7bb512: registerCallbacksForSync syncBuffer=false
02-03 21:39:07.718  1429  1429 I SurfaceFlinger: [Pop-Up Window$_31979#52228] attach to parent LayerHierarchy{RequestedLayerState{fe76c8a Pop-Up Window#52226 parentId=52214 z=2} 2 children}
02-03 21:39:07.718  1429  1429 I SurfaceFlinger: [Surface(name=65b5200 StatusBar)/@0xb203e6f - animation-leash of insets_animation#52229] attach to parent LayerHierarchy{RequestedLayerState{WindowToken{182faa6 type=2000 android.os.BinderProxy@622ade8}#116 parentId=20} 2 children}
02-03 21:39:07.721 31979 32017 D VRI[Pop-Up Window]@b7bb512: Received frameDrawingCallback syncResult=0 frameNum=1.
02-03 21:39:07.721 31979 32017 I VRI[Pop-Up Window]@b7bb512: mWNT: t=0xb400007c40907990 mBlastBufferQueue=0xb400007c708df3f0 fn= 1 HdrRenderState mRenderHdrSdrRatio=1.0 caller= android.view.ViewRootImpl$11.onFrameDraw:15016 android.view.ThreadedRenderer$1.onFrameDraw:761 <bottom of call stack> 
02-03 21:39:07.721 31979 32017 I VRI[Pop-Up Window]@b7bb512: Setting up sync and frameCommitCallback
02-03 21:39:07.722 31979 32006 I BLASTBufferQueue: [VRI[Pop-Up Window]@b7bb512#1](f:0,a:0,s:0) onFrameAvailable the first frame is available
02-03 21:39:07.722 31979 32006 I SurfaceComposerClient: apply transaction with the first frame. layerId: 52228, bufferData(ID: 137348759158792, frameNumber: 1)
02-03 21:39:07.722 31979 32006 I VRI[Pop-Up Window]@b7bb512: Received frameCommittedCallback lastAttemptedDrawFrameNum=1 didProduceBuffer=true
02-03 21:39:07.722  1429  4731 I SurfaceFlinger: [Pop-Up Window$_31979#52228] setTransactionState with the first frame. bufferData(ID: 137348759158792, frameNumber: 1)
02-03 21:39:07.722 31979 32006 D HWUI    : CFMS:: SetUp Pid : 31979    Tid : 32006
02-03 21:39:07.723 31979 31979 D VRI[Pop-Up Window]@b7bb512: reportDrawFinished seqId=0
02-03 21:39:07.723  1630  6020 D WindowManager: finishDrawingWindow: Window{fe76c8a u0 Pop-Up Window} mDrawState=DRAW_PENDING seqId=0
02-03 21:39:07.724  5872  5872 I HBD     : e resetMotionDetector: reason=onKeyDown 
02-03 21:39:07.724  5872  5872 I HBD     : c skip onKeyDown as physical keyboard not connected 
02-03 21:39:07.724  5872  5872 I HBD     : HoneyBoardService onKeyDown r:b22a6e26 consumed:false 0 
02-03 21:39:07.724  5872  8862 I HBD     : a [PF_KL][HBIC] getExtractedText, 72 
02-03 21:39:07.725  1630  1956 V WindowManager: performShowLocked: mDrawState=HAS_DRAWN in Window{fe76c8a u0 Pop-Up Window}
02-03 21:39:07.726 31979 31979 I VRI[MainActivity]@5832a1f: setInTouchMode(false), android.view.ViewRootImpl.checkForLeavingTouchModeAndConsume:10678 android.view.ViewRootImpl.-$$Nest$mcheckForLeavingTouchModeAndConsume:0 android.view.ViewRootImpl$EarlyPostImeInputStage.processKeyEvent:9134 android.view.ViewRootImpl$EarlyPostImeInputStage.onProcess:9118 android.view.ViewRootImpl$InputStage.deliver:8590 android.view.ViewRootImpl$InputStage.onDeliverToNext:8647 android.view.ViewRootImpl$InputStage.forward:8613 android.view.ViewRootImpl$AsyncInputStage.forward:8846 android.view.ViewRootImpl$ImeInputStage.onFinishedInputEvent:9103 android.view.inputmethod.InputMethodManager$PendingEvent.run:5181 
02-03 21:39:07.727 31979 31979 I VRI[MainActivity]@5832a1f: ViewPostIme key 0
02-03 21:39:07.728  1429  1429 I SurfaceFlinger: Layer [Pop-Up Window$_31979#52228] hidden!! flag(0)
02-03 21:39:07.729  1429  1429 I SurfaceFlinger: [LayerHierarchy{RequestedLayerState{ImeContainer#17 parentId=52203 relativeParentId=52214 z=1} 1 children}] RelativeParent to LayerHierarchy{RequestedLayerState{86ecbb5 com.pricehunt/com.pricehunt.presentation.MainActivity#52214 parentId=52203} 3 children}
02-03 21:39:07.729  1429  1429 I SurfaceFlinger: [LayerHierarchy{RequestedLayerState{65b5200 StatusBar#117 parentId=52229} 1 children}] reparent to LayerHierarchy{RequestedLayerState{Surface(name=65b5200 StatusBar)/@0xb203e6f - animation-leash of insets_animation#52229 parentId=116} 1 children}
02-03 21:39:07.729  1429  1429 I SurfaceFlinger: [LayerHierarchy{RequestedLayerState{Surface(name=65b5200 StatusBar)/@0xb203e6f - animation-leash of insets_animation#52227} no children}] reparent to OffscreenRoot
02-03 21:39:07.729  1429  1429 I SurfaceFlinger: [LayerHierarchy{RequestedLayerState{Surface(name=65b5200 StatusBar)/@0xb203e6f - animation-leash of insets_animation#52227} no children}] RelativeParent to null
02-03 21:39:07.730  1429  1429 W Layer   : gatherBufferInfo: Received unknown dataspace from gralloc
02-03 21:39:07.730  1429  1429 W ComposerExtn: DisplayExtnImpl::SetActiveConfig: HWC Display 3 is not registered!
02-03 21:39:07.730  1630  2677 D InputDispatcher: Inject key (5710/2000): action=1, f=0x0, d=-1, time=152049794000000
02-03 21:39:07.731  1630  2677 D WindowManager: interceptKeyTq interceptKeyResult=1
02-03 21:39:07.737  1429  1429 D SurfaceFlinger: Display 4630947232161729155 HWC layers:
02-03 21:39:07.737  1429  1429 D SurfaceFlinger:        DEVICE |   0xb400007b3d071360 | 0001 | RGBA_8888    |    0.0    0.0  840.0 2289.0 |    0    0  832 2267 | com.pricehunt/com.pricehunt.presentation.MainActivity$_31979#52215 (989)
02-03 21:39:07.737  1429  1429 D SurfaceFlinger:        DEVICE |   0xb400007b3d0c2630 | 0001 | RGBA_8888    |    0.0    0.0  840.0 2207.0 |    0   81  832 2267 | InputMethod$_5872#52223 (3)
02-03 21:39:07.737  1429  1429 D SurfaceFlinger:        DEVICE |   0xb400007b3d0b3f90 | 0001 | RGBA_8888    |    0.0    0.0  138.0  150.0 |  345  427  481  575 | Pop-Up Window$_31979#52228 (1)
02-03 21:39:07.737  1429  1429 D SurfaceFlinger:        DEVICE |   0xb400007b3d09f560 | 0001 | RGBA_8888    |    0.0    0.0  840.0   82.0 |    0    0  832   81 | StatusBar$_2991#135 (92360)
02-03 21:39:07.737  1429  1429 D SurfaceFlinger:        CLIENT |   0xb400007b3d0a17b0 | 0001 | RGBA_8888    |    0.0    0.0   67.0  210.0 |  766 1196  832 1404 | com.sec.android.app.launcher/com.sam[...]l.app.CocktailBarService$_3474#52195 (3)
02-03 21:39:07.737  1429  1429 D SurfaceFlinger:        CLIENT |   0xb400007b3d0912b0 | 0001 | RGBA_8888    |    0.0    0.0  840.0  126.0 |    0 2142  832 2267 | NavigationBar0$_2991#128 (55380)
02-03 21:39:07.737  1429  1429 D SurfaceFlinger: 
02-03 21:39:07.737  1429  4096 D NativeSemDvfsManager: acquire:: timeout = 2000 mIsAcquired = 1  mTagName : SurfaceFlinger 
02-03 21:39:07.738  1429  4096 E NativeCustomFrequencyManager: [NativeCFMS] BpCustomFrequencyManager::acquire()
02-03 21:39:07.738  1237  1371 I HYPER-HAL: [RequestManager.cpp]acquire(): Acquired ID : 2952235  [1429 / 1000]    HINT : SF_GPU_MINLOCK    list : [TIMEOUT / 2000] 
02-03 21:39:07.738  1429  1574 D SurfaceFlinger: [input] setFocusedWindow: 86ecbb5 com.pricehunt/com.pricehunt.presentation.MainActivity
02-03 21:39:07.738  1630  5997 D InputDispatcher: Once focus requested (0): 86ecbb5 com.pricehunt/com.pricehunt.presentation.MainActivity
02-03 21:39:07.740  1630  5997 V WindowManager: Relayout Window{fe76c8a u0 Pop-Up Window}: viewVisibility=0 req=54x66 ty=1002 d0
02-03 21:39:07.740 31979 31979 I BLASTBufferQueue_Java: update, w= 138 h= 150 mName = VRI[Pop-Up Window]@b7bb512 mNativeObject= 0xb400007c708df3f0 sc.mNativeObject= 0xb400007e108d1e10 format= -3 caller= android.view.ViewRootImpl.updateBlastSurfaceIfNeeded:3386 android.view.ViewRootImpl.relayoutWindow:11361 android.view.ViewRootImpl.performTraversals:4544 android.view.ViewRootImpl.doTraversal:3708 android.view.ViewRootImpl$TraversalRunnable.run:12542 android.view.Choreographer$CallbackRecord.run:1751 
02-03 21:39:07.740 31979 31979 I VRI[Pop-Up Window]@b7bb512: Relayout returned: old=(390,473,444,539) new=(414,473,468,539) relayoutAsync=true req=(54,66)0 dur=0 res=0x0 s={true 0xb400007cb08d3000} ch=false seqId=0
02-03 21:39:07.741 31979 31979 I VRI[Pop-Up Window]@b7bb512: registerCallbackForPendingTransactions
02-03 21:39:07.741  1429  1429 W Layer   : gatherBufferInfo: Received unknown dataspace from gralloc
02-03 21:39:07.741  1429  1429 W Layer   : gatherBufferInfo: Received unknown dataspace from gralloc
02-03 21:39:07.742  1630  5997 V WindowManager: Relayout hash=fe76c8a, pid=0, syncId=-1: mAttrs={(414,473)(54x66) gr=TOP START CENTER sim={adjust=pan} ty=APPLICATION_SUB_PANEL fmt=TRANSLUCENT surfaceInsets=Rect(42, 42 - 42, 42)
02-03 21:39:07.742  1630  5997 V WindowManager:   fl=1040208
02-03 21:39:07.742  1630  5997 V WindowManager:   pfl=40000000
02-03 21:39:07.742  1630  5997 V WindowManager:   bhv=1
02-03 21:39:07.742  1630  5997 V WindowManager:   fitTypes=207
02-03 21:39:07.742  1630  5997 V WindowManager:   frameRateBoostOnTouch=true
02-03 21:39:07.742  1630  5997 V WindowManager:   dvrrWindowFrameRateHint=true naviIconColor=0}
02-03 21:39:07.742  1429  1429 W ComposerExtn: DisplayExtnImpl::SetActiveConfig: HWC Display 3 is not registered!
02-03 21:39:07.742  1429  1429 D SurfaceFlinger: GPIS:: requestGPISForClientComposition
02-03 21:39:07.743 31979 32018 I VRI[Pop-Up Window]@b7bb512: mWNT: t=0xb400007c408f43d0 mBlastBufferQueue=0xb400007c708df3f0 fn= 2 HdrRenderState mRenderHdrSdrRatio=1.0 caller= android.view.ViewRootImpl$9.onFrameDraw:6276 android.view.ViewRootImpl$3.onFrameDraw:2440 android.view.ThreadedRenderer$1.onFrameDraw:761 
02-03 21:39:07.750  1429  1429 W Layer   : gatherBufferInfo: Received unknown dataspace from gralloc
02-03 21:39:07.750  1429  1429 W Layer   : gatherBufferInfo: Received unknown dataspace from gralloc
02-03 21:39:07.750  1429  1429 W ComposerExtn: DisplayExtnImpl::SetActiveConfig: HWC Display 3 is not registered!
02-03 21:39:07.758  1429  1429 W Layer   : gatherBufferInfo: Received unknown dataspace from gralloc
02-03 21:39:07.766  1429  1429 W Layer   : gatherBufferInfo: Received unknown dataspace from gralloc
02-03 21:39:07.774  1429  1429 W Layer   : gatherBufferInfo: Received unknown dataspace from gralloc
02-03 21:39:07.783  1429  1429 W Layer   : gatherBufferInfo: Received unknown dataspace from gralloc
02-03 21:39:07.784  1630  2660 D InputDispatcher: Waiting to send key to 86ecbb5 com.pricehunt/com.pricehunt.presentation.MainActivity because there are unprocessed events that may cause focus to change
02-03 21:39:07.791  1429  1429 W Layer   : gatherBufferInfo: Received unknown dataspace from gralloc
02-03 21:39:07.799  1429  1429 W Layer   : gatherBufferInfo: Received unknown dataspace from gralloc
02-03 21:39:07.808  1429  1429 W Layer   : gatherBufferInfo: Received unknown dataspace from gralloc
02-03 21:39:07.816  1429  1429 W Layer   : gatherBufferInfo: Received unknown dataspace from gralloc
02-03 21:39:07.824  1429  1429 W Layer   : gatherBufferInfo: Received unknown dataspace from gralloc
02-03 21:39:07.825  6716 12947 I ObjectPool@9791306: Ph_[checker Pool remains: , 9, ] [pool-94-thread-1] 
02-03 21:39:07.833  1429  1429 W Layer   : gatherBufferInfo: Received unknown dataspace from gralloc
02-03 21:39:07.850  1630  2660 I InputDispatcher: Delivering key to (31979): action: 0x1 (0), f=0x0, m=0x0, d=0, '86ecbb5'
02-03 21:39:07.852 31979 32006 D HWUI    : HWUI - treat SMPTE_170M as sRGB
02-03 21:39:07.853 31979 31979 I InsetsController: onStateChanged: host=Pop-Up Window, from=android.view.ViewRootImpl.handleResized:2789, state=InsetsState: {mDisplayFrame=Rect(0, 0 - 840, 2289), mDisplayCutout=DisplayCutout{insets=Rect(0, 82 - 0, 0) waterfall=Insets{left=0, top=0, right=0, bottom=0} boundingRect={Bounds=[Rect(0, 0 - 0, 0), Rect(389, 0 - 451, 82), Rect(0, 0 - 0, 0), Rect(0, 0 - 0, 0)]} cutoutPathParserInfo={CutoutPathParserInfo{displayWidth=840 displayHeight=2289 physicalDisplayWidth=840 physicalDisplayHeight=2289 density={2.65} cutoutSpec={M 0,0 H -11.80952380952381 V 30.85714285714286 H 11.80952380952381 V 0 H 0 Z @dp} rotation={0} scale={1.0} physicalPixelDisplaySizeRatio={1.0}}} sideOverrides={}}, mRoundedCorners=RoundedCorners{[RoundedCorner{position=TopLeft, radius=58, center=Point(58, 58)}, RoundedCorner{position=TopRight, radius=58, center=Point(782, 58)}, RoundedCorner{position=BottomRight, radius=58, center=Point(782, 2231)}, RoundedCorner{position=BottomLeft, radius=58, center=Point(58, 2231)}]}  mRoundedCornerFrame=Rect(0, 0 - 840, 2289), mPrivacyIndicatorBounds=PrivacyIndicatorBounds {static bounds=Rect(724, 0 - 840, 82) rotation=0}, mDisplayShape=DisplayShape{ spec=-311912193 displayWidth=832 displayHeight=2268 physicalPixelDisplaySizeRatio=1.0 rotation=0 offsetX=0 offsetY=0 scale=1.0}, mSources= { InsetsSource: {9d0a0001 mType=navigationBars mFrame=[0,2250][840,2289] mVisible=true mFlags=SUPPRESS_SCRIM mSideHint=BOTTOM mBoundingRects=null}, InsetsSource: {9d0a0004 mType=systemGestures mFrame=[0,0][78,2289] mVisible=true mFlags= mSideHint=LEFT mBoundingRects=null}, InsetsSource: {9d0a0005 mType=mandatorySystemGestures mFrame=[0,2205][840,2289] mVisible=true mFlags= mSideHint=BOTTOM mBoundingRects=null}, InsetsSource: {9d0a0006 mType=tappableElement mFrame=[0,0][0,0] mVisible=true mFlags= mSideHint=NONE mBoundingRects=null}, InsetsSource: {9d0a0024 mType=systemGestures mFrame=[762,0][840,2289] mVisible=true mFlags= mSideHint=RIGHT mBoundingRects=null}, InsetsSource: {3 mType=ime mFrame=[0,1470][840,2289] mVisible=true mFlags= mSideHint=BOTTOM mBoundingRects=null}, InsetsSource: {27 mType=displayCutout mFrame=[0,0][840,82] mVisible=true mFlags= mSideHint=TOP mBoundingRects=null}, InsetsSource: {4df90004 mType=systemGestures mFrame=[0,0][0,0] mVisible=false mFlags= mSideHint=NONE mBoundingRects=null}, InsetsSource: {4df90005 mType=mandatorySystemGestures mFrame=[0,0][0,0] mVisible=false mFlags= mSideHint=NONE mBoundingRects=null}, InsetsSource: {4df90006 mType=tappableElement mFrame=[0,0][0,0] mVisible=false mFlags= mSideHint=NONE mBoundingRects=null}, InsetsSource: {4df90024 mType=systemGestures mFrame=[0,0][0,0] mVisible=false mFlags= mSideHint=NONE mBoundingRects=null}, InsetsSource: {68930000 mType=statusBars mFrame=[0,0][840,82] mVisible=true mFlags= mSideHint=TOP mBoundingRects=null}, InsetsSource: {68930005 mType=mandatorySystemGestures mFrame=[0,0][840,114] mVisible=true mFlags= mSideHint=TOP mBoundingRects=null}, InsetsSource: {68930006 mType=tappableElement mFrame=[0,0][840,82] mVisible=true mFlags= mSideHint=TOP mBoundingRects=null} }
02-03 21:39:07.853 31979 31979 I VRI[Pop-Up Window]@b7bb512: handleResized, frames=ClientWindowFrames{frame=[0,82][840,2250] display=[0,82][840,2250] parentFrame=[0,0][0,0] attachedFrame=[0,0][840,2289]} displayId=0 dragResizing=false compatScale=1.0 frameChanged=true attachedFrameChanged=false configChanged=false displayChanged=false compatScaleChanged=false dragResizingChanged=false
02-03 21:39:07.853 31979 31979 I VRI[Pop-Up Window]@b7bb512: handleResized mSyncSeqId = 0
02-03 21:39:07.853 31979 31979 D VRI[Pop-Up Window]@b7bb512: reportNextDraw android.view.ViewRootImpl.handleResized:2864 android.view.ViewRootImpl.-$$Nest$mhandleResized:0 android.view.ViewRootImpl$W.resized:13691 android.app.servertransaction.WindowStateResizeItem.execute:64 android.app.servertransaction.WindowStateTransactionItem.execute:59 
02-03 21:39:07.854 31979 31979 I InsetsSourceConsumer: applyRequestedVisibilityToControl: visible=true, type=statusBars, host=Pop-Up Window
02-03 21:39:07.854  1429  1586 I SurfaceFlinger: id=52216 Removed Surface(name=65b5200 StatusBar)/@0xb203e6f - animation-leash of insets_animation#52216 (365)
02-03 21:39:07.855 31979 31979 I VRI[Pop-Up Window]@b7bb512: handleResized, frames=ClientWindowFrames{frame=[390,473][444,539] display=[-100000,-100000][100000,100000] parentFrame=[0,0][0,0] attachedFrame=[0,0][840,2289]} displayId=0 dragResizing=false compatScale=1.0 frameChanged=true attachedFrameChanged=false configChanged=false displayChanged=false compatScaleChanged=false dragResizingChanged=false
02-03 21:39:07.855 31979 31979 I VRI[Pop-Up Window]@b7bb512: handleResized mSyncSeqId = 0
02-03 21:39:07.855 31979 31979 D VRI[Pop-Up Window]@b7bb512: reportNextDraw android.view.ViewRootImpl.handleResized:2864 android.view.ViewRootImpl.-$$Nest$mhandleResized:0 android.view.ViewRootImpl$W.resized:13691 android.app.servertransaction.WindowStateResizeItem.execute:64 android.app.servertransaction.WindowStateTransactionItem.execute:59 
