02-03 21:47:52.693  5872  5872 I HBD     : HoneyBoardService [PF_OP][onStartInputView]  8 ms 
02-03 21:47:52.693  5872  5872 I HBD     : c IIFO[r:b3341d35b4][type:finish] 
02-03 21:47:52.693  2991  2991 D NavBarStateManager: NavBarStates(0) canUseNavBarBackgroundFrame: true
02-03 21:47:52.695  2991  2991 D NavigationBarControllerImpl: setNavigationBarShortcut requestClass : com.samsung.android.honeyboard, remoteViews : null, position : 0, priority : 12
02-03 21:47:52.695  2991  2991 D RemoteViewPack: OnSetRemoteView RemoteViewShortcut(requestClass=com.samsung.android.honeyboard, remoteViews=null, position=0, priority=12)
02-03 21:47:52.695  2991  2991 D NavBarStateManager: NavBarStates(0) isGameMode: false
02-03 21:47:52.695  2991  2991 D TaskBarPack: OnSetRemoteView Bundle[{remoteViews=null, priority=12, position=0, requestClass=com.samsung.android.honeyboard}]
02-03 21:47:52.696  2991  2991 D TaskBarDelegate: handleNavigationBarEvent() TaskbarDelegate is not initialized.
02-03 21:47:52.696  2991  2991 D Navbar.Store: ----handleEvent(0) OnUpdateRemoteViewContainer(rotation=0, leftContainer=android.widget.LinearLayout{c5b3f03 I.E...... ......ID 64,0-181,126 #7f0a0625 app:id/left_remoteview}, rightContainer=android.widget.LinearLayout{f16bcb9 I.E...... ......I. 659,0-776,126 #7f0a09e0 app:id/right_remoteview}, contextualButtonVisible=false, darkIntensity=0.0, displayId=0) [Module] SamsungNavigationBarView
02-03 21:47:52.696  2991  2991 D Navbar.Store: ------[Band]REMOTE_VIEW_PACK_SET_REMOTEVIEW_CONTAINER
02-03 21:47:52.696  2991  2991 D Navbar.Store: --------apply(0) NavBarStoreAction$UpdateRemoteViewContainer
02-03 21:47:52.696  2991  2991 D Navbar.Store: --------apply(0) NavBarStoreAction$UpdateRemoteViewDarkIntensity
02-03 21:47:52.696  2991  2991 D NavigationBarControllerImpl: setNavigationBarShortcut requestClass : com.samsung.android.honeyboard, remoteViews : android.widget.RemoteViews@c9b65cd, position : 0, priority : 12
02-03 21:47:52.696  2991  2991 D RemoteViewPack: OnSetRemoteView RemoteViewShortcut(requestClass=com.samsung.android.honeyboard, remoteViews=android.widget.RemoteViews@c9b65cd, position=0, priority=12)
02-03 21:47:52.697  5872  5872 W HBD     : d1 Engine Sync Finished by onStartInputView, check InputKey timing 
02-03 21:47:52.697  5872  5872 I HBD     : E EBD si t 0 
02-03 21:47:52.697  2991  2991 D NavBarStateManager: NavBarStates(0) isGameMode: false
02-03 21:47:52.697  5872  5872 I InputMethod: showSoftInput(): flags=1
02-03 21:47:52.697 11425 11425 W RecordingIC: requestCursorUpdates is not supported
02-03 21:47:52.697  1630  3700 I InputMethodManagerService: isAccessoryKeyboard 0
02-03 21:47:52.697  5872 12536 I HBD     : b requestCursorUpdates returned  false ,  8
02-03 21:47:52.697  5872  5872 I HBD     : HoneyBoardService onEvaluateInputViewShown: true 
02-03 21:47:52.697  2991  2991 D TaskBarPack: OnSetRemoteView Bundle[{remoteViews=android.widget.RemoteViews@c9b65cd, priority=12, position=0, requestClass=com.samsung.android.honeyboard}]
02-03 21:47:52.698  2991  2991 D TaskBarDelegate: handleNavigationBarEvent() TaskbarDelegate is not initialized.
02-03 21:47:52.698  1630  3700 I InputMethodManagerService: isAccessoryKeyboard 0
02-03 21:47:52.698  5872  5872 I HBD     : HoneyBoardService onEvaluateInputViewShown: true 
02-03 21:47:52.698  5872  5872 I InputMethodService: startViews: mShowInputRequested=true, mInputViewStarted=true, mCandidatesViewStarted= false
02-03 21:47:52.698  2991  2991 D Navbar.Store: ----handleEvent(0) OnUpdateRemoteViewContainer(rotation=0, leftContainer=android.widget.LinearLayout{c5b3f03 V.E...... ......ID 64,0-181,126 #7f0a0625 app:id/left_remoteview}, rightContainer=android.widget.LinearLayout{f16bcb9 I.E...... ......I. 659,0-776,126 #7f0a09e0 app:id/right_remoteview}, contextualButtonVisible=false, darkIntensity=0.0, displayId=0) [Module] SamsungNavigationBarView
02-03 21:47:52.698  2991  2991 D Navbar.Store: ------[Band]REMOTE_VIEW_PACK_SET_REMOTEVIEW_CONTAINER
02-03 21:47:52.698  2991  2991 D Navbar.Store: --------apply(0) NavBarStoreAction$UpdateRemoteViewContainer
02-03 21:47:52.698  2991  2991 D Navbar.Store: --------apply(0) NavBarStoreAction$UpdateRemoteViewDarkIntensity
02-03 21:47:52.699  5872  5872 I HBD     : HoneyBoardService onWindowShown 
02-03 21:47:52.699  1429  1429 W Layer   : gatherBufferInfo: Received unknown dataspace from gralloc
02-03 21:47:52.699  5872  5872 I HBD     : HoneyBoardService [PF_OP][onWindowShown]  0 ms 
02-03 21:47:52.699  1429  1429 W Layer   : gatherBufferInfo: Received unknown dataspace from gralloc
02-03 21:47:52.699  1429  1429 W Layer   : gatherBufferInfo: Received unknown dataspace from gralloc
02-03 21:47:52.699  2991  2991 D NavBarStateManager: NavBarStates(0) canUseNavBarBackgroundFrame: true
02-03 21:47:52.699  1630  3700 D InputMethodManagerService: notifyUserActivity: canceled, displayId=0
02-03 21:47:52.700  1630  3700 V InputMethodManagerService: applyImeVisibility state=1
02-03 21:47:52.700  5872  5872 I HBD     : [DirectWriting] DirectWriting emitInputConnection : RemoteInputConnection{idHash=#84e8331} 
02-03 21:47:52.700  3245  3245 E SecMetadataEntity: getCache : SUPPORTED_FEATURES key can not get with other key. return only SUPPORTED_FEATURES
02-03 21:47:52.702  1630  3700 D InputMethodManagerService: isImeSwitcherDisabledPackage : false
02-03 21:47:52.702  1630  3700 I InputMethodManagerService: setImeWindowStatus: vis=3, backDisposition=0
02-03 21:47:52.703  2991  2991 D FlexPanelStartController: startFloatingIcon: extra=display_floating_icon_clear
02-03 21:47:52.703  2991  2991 D NavigationBar: setImeWindowStatus displayId=0 vis=3 backDisposition=0 showImeSwitcher=false imeShown=true
02-03 21:47:52.703  2991  2991 I ControlPanelService: startId : 8771
02-03 21:47:52.704  2991  2991 D NavigationBarControllerImpl: setNavigationBarShortcut requestClass : com.android.wm.shell.controlpanel.activity.FlexPanelActivity, remoteViews : null, position : 0, priority : 11
02-03 21:47:52.704  2991  2991 D RemoteViewPack: OnSetRemoteView RemoteViewShortcut(requestClass=com.android.wm.shell.controlpanel.activity.FlexPanelActivity, remoteViews=null, position=0, priority=11)
02-03 21:47:52.704  2991  2991 D NavBarStateManager: NavBarStates(0) isGameMode: false
02-03 21:47:52.704  2991  2991 D TaskBarPack: OnSetRemoteView Bundle[{remoteViews=null, priority=11, position=0, requestClass=com.android.wm.shell.controlpanel.activity.FlexPanelActivity}]
02-03 21:47:52.704  2991  2991 D TaskBarDelegate: handleNavigationBarEvent() TaskbarDelegate is not initialized.
02-03 21:47:52.704  2991  2991 D Navbar.Store: ----handleEvent(0) OnUpdateRemoteViewContainer(rotation=0, leftContainer=android.widget.LinearLayout{c5b3f03 V.E...... ........ 64,0-181,126 #7f0a0625 app:id/left_remoteview}, rightContainer=android.widget.LinearLayout{f16bcb9 I.E...... ......I. 659,0-776,126 #7f0a09e0 app:id/right_remoteview}, contextualButtonVisible=false, darkIntensity=0.0, displayId=0) [Module] SamsungNavigationBarView
02-03 21:47:52.704  2991  2991 D Navbar.Store: ------[Band]REMOTE_VIEW_PACK_SET_REMOTEVIEW_CONTAINER
02-03 21:47:52.704  2991  2991 D Navbar.Store: --------apply(0) NavBarStoreAction$UpdateRemoteViewContainer
02-03 21:47:52.704  2991  2991 D Navbar.Store: --------apply(0) NavBarStoreAction$UpdateRemoteViewDarkIntensity
02-03 21:47:52.707  2991  2991 D NavBarStateManager: NavBarStates(0) canUseNavBarBackgroundFrame: true
02-03 21:47:52.708  1429  1429 W Layer   : gatherBufferInfo: Received unknown dataspace from gralloc
02-03 21:47:52.708  1429  1429 W Layer   : gatherBufferInfo: Received unknown dataspace from gralloc
02-03 21:47:52.708  1429  1429 W Layer   : gatherBufferInfo: Received unknown dataspace from gralloc
02-03 21:47:52.712 11425 11425 W RecordingIC: requestCursorUpdates is not supported
02-03 21:47:52.712 11425 11425 D InsetsController: show(ime(), fromIme=true)
02-03 21:47:52.712 11425 11425 I ImeTracker: com.pricehunt:44a64861: onCancelled at PHASE_CLIENT_APPLY_ANIMATION
02-03 21:47:52.713 10933 10943 I SamsungAccount: [AccountManagerProvider] isChildAccount
02-03 21:47:52.713 10933 10943 I SamsungAccount: [AccountManagerProvider] Calling package : android.honeyboard.
02-03 21:47:52.714  1630  3155 D SecContentProvider: query(), uri = 15 selection = isClipboardAllowedAsUser
02-03 21:47:52.714  1630  3155 D SecContentProvider: called from android.uid.honeyboard:10205
02-03 21:47:52.714  1630  3155 D RestrictionPolicy: isClipboardAllowed : true
02-03 21:47:52.714  1630  3155 D SecContentProvider: SemKnoxPolicyContract.RestrictionPolicy.CLIPBOARD_ALLOWED_AS_USER return = true
02-03 21:47:52.715  5872 20688 I ScsApi@Feature: checkFeature() : FEATURE_SPEECH_RECOGNITION, sdk : 4.0.20
02-03 21:47:52.715  5872 20688 I ScsApi@FeatureHolder: setStatus() : FEATURE_SPEECH_RECOGNITION : 0
02-03 21:47:52.715  5872 20688 I HBD     : l HoneyVoice checkFeature() 0 time: 0
02-03 21:47:52.715  5872 20688 I HBD     : a HoneyVoice isSCSSpeechFeatureEnabled : true 0 ms 
02-03 21:47:52.716  1429  1429 W Layer   : gatherBufferInfo: Received unknown dataspace from gralloc
02-03 21:47:52.716  1429  1429 W Layer   : gatherBufferInfo: Received unknown dataspace from gralloc
02-03 21:47:52.717 10933 10943 I SamsungAccount: [SignatureInfoDbHelper] searchOnUser(fromDb) - [10/lfgff][android.honeyboard.][64/3291d] => matched
02-03 21:47:52.717 10933 10943 I SamsungAccount: [AccountManagerProvider] This is the access of the allowed application
02-03 21:47:52.717 10933 10943 I SamsungAccount: [AccountManagerUtil] isSamsungAccountSignedIn : true
02-03 21:47:52.717 10933 10943 I SamsungAccount: [TPMU]  SIMState     :SIM_STATE_READY
02-03 21:47:52.717 10933 10943 I SamsungAccount: [CountryCodeUtil] isChinaCountryCode : false
02-03 21:47:52.719 10933 10943 I SamsungAccount: [TPMU] getMccFromUsim
02-03 21:47:52.719 10933 10943 I SamsungAccount: [MccManager] saveMccToPreference Start
02-03 21:47:52.719 10933 10943 I SamsungAccount: [MccManager] saveMccToPreference, mcc is same with previous mcc
02-03 21:47:52.721 10933 10943 I SamsungAccount: [ChildAccountSupportedListManager] getSupportedListFromPreference from cache
02-03 21:47:52.721 10933 10943 E SamsungAccount: [FamilyGroupUtil] getCountryCodeListWithRegionMcc - no country code with region mcc
02-03 21:47:52.721 10933 10943 I SamsungAccount: [FamilyGroupUtil] isSupportFamilyService: false
02-03 21:47:52.721 10933 10943 I SamsungAccount: [AccountManagerProvider] makeResultBundle - resultCode : 1
02-03 21:47:52.721  5872  8862 I HBD     : i [AiWriter] updateChildAccountInfo reset
02-03 21:47:52.721  5872  8862 I HBD     : i [AiWriter] setCurrentCc resetCcAndLegalAge
02-03 21:47:52.724  1429  1429 W Layer   : gatherBufferInfo: Received unknown dataspace from gralloc
02-03 21:47:52.724  1429  1429 W Layer   : gatherBufferInfo: Received unknown dataspace from gralloc
02-03 21:47:52.733  1429  1429 W Layer   : gatherBufferInfo: Received unknown dataspace from gralloc
02-03 21:47:52.735  1231  8673 I sensors-hal: handle_sns_client_event:540, [0][13360] accel_sample [-0.102,  1.394,  9.751] 340629168003090
02-03 21:47:52.741  1429  1429 W Layer   : gatherBufferInfo: Received unknown dataspace from gralloc
02-03 21:47:52.744  6716 12947 I ObjectPool@9791306: Ph_[checker Pool remains: , 9, ] [pool-94-thread-1] 
02-03 21:47:52.749  1429  1429 W Layer   : gatherBufferInfo: Received unknown dataspace from gralloc
02-03 21:47:52.756 11425 11425 I System.out:  CACHE: Found cached results for 2 platforms (8 products)
02-03 21:47:52.756 11425 11425 I System.out:  INSTANT: Found 8 cached products
02-03 21:47:52.756 11425 11425 I System.out:  Best Deal Search: 'milk full cream'  Primary keyword: 'milk'
02-03 21:47:52.758  1429  1429 W Layer   : gatherBufferInfo: Received unknown dataspace from gralloc
02-03 21:47:52.762 11425 11425 I System.out:  Relevance: HIGH=4, MEDIUM=3, LOW=1
02-03 21:47:52.763 11425 11425 I System.out:    HIGH [20]: with 2 offers, 480 g = 340.0
02-03 21:47:52.763 11425 11425 I System.out:    HIGH [50]: Green Milk Pannir Rose Face Gel, 50 ml = 600.0
02-03 21:47:52.763 11425 11425 I System.out:    HIGH [20]: with Bank offer, 480 g = 664.0
02-03 21:47:52.763 11425 11425 I System.out:    HIGH [30]: Rainbow's Quality Milk Original  12s C = 2599.0
02-03 21:47:52.763 11425 11425 I System.out:    MED [10]: Rainbow Condensed Milk Original | Rich & = 999.0
02-03 21:47:52.763 11425 11425 I System.out:    MED [0]: GAVYRATAN Pure & Premium Skimmed Milk Po = 1699.0
02-03 21:47:52.763 11425 11425 I System.out:    MED [0]: GAVYRATAN Pure & Premium Skimmed Milk Po = 2219.0
02-03 21:47:52.763 11425 11425 I System.out:    LOW [-10]: Ahuja Mart Milk Powder, EveryDay Dairy W = 849.0
02-03 21:47:52.763 11425 11425 I System.out: SearchIntelligence:  Couldn't parse quantity from 'Rainbow's Quality Milk Original  12s Convenience Pack  Long Shelf Life Evaporated Milk  Ideal for Tea, Coffee & Dess'
02-03 21:47:52.765 11425 11425 I System.out: SearchIntelligence:  with 2 offers, 480 g  70.8/100gm
02-03 21:47:52.765 11425 11425 I System.out: SearchIntelligence:  with Bank offer, 480 g  138.3/100gm
02-03 21:47:52.765 11425 11425 I System.out: SearchIntelligence:  Green Milk Pannir Rose Face Ge  1200.0/100ml
02-03 21:47:52.765 11425 11425 I System.out:    Per-unit comparison: 3 products have calculable unit price
02-03 21:47:52.765 11425 11425 I System.out:      with 2 offers, 480 g = 340.0 (70/100gm)
02-03 21:47:52.765 11425 11425 I System.out:      with Bank offer, 480 g = 664.0 (138/100gm)
02-03 21:47:52.765 11425 11425 I System.out:      Green Milk Pannir Rose Face Gel, 50 = 600.0 (1200/100ml)
02-03 21:47:52.765 11425 11425 I System.out:    Per-unit best: with 2 offers, 480 g (70/100gm)
02-03 21:47:52.765 11425 11425 I System.out:  Best Deal: with 2 offers, 480 g = 340.0
02-03 21:47:52.766 11425 11425 I System.out:  Per-platform AI: Amazon - queued (5 products, timeout=4000ms, reason=cache)
02-03 21:47:52.766 11425 11425 I System.out:  Per-platform AI: Amazon - started
02-03 21:47:52.766  1429  1429 W Layer   : gatherBufferInfo: Received unknown dataspace from gralloc
02-03 21:47:52.768 11425 11425 I System.out:  Per-platform AI: Flipkart - queued (3 products, timeout=4000ms, reason=cache)
02-03 21:47:52.768 11425 11425 I System.out:  Per-platform AI: Flipkart - started
02-03 21:47:52.769 11425 11425 I System.out: === STARTING RAW SCRAPE: milk full cream (pincode: 560001) ===
02-03 21:47:52.769 11425 11425 I System.out: === NO LOCAL FILTERING - All intelligence handled by backend AI ===
02-03 21:47:52.770 11425 12543 I System.out: === Launching all scrapers ===
02-03 21:47:52.771 11425 12547 I System.out: Amazon Fresh: Starting (HTTP)
02-03 21:47:52.772 11425 12549 I System.out: Blinkit: Starting (WebView)
02-03 21:47:52.772 11425 12546 I System.out: Amazon: Starting (HTTP)
02-03 21:47:52.772 11425 12548 I System.out: Instamart: Starting (WebView)
02-03 21:47:52.773 11425 12550 I System.out: Zepto: Starting (WebView)
02-03 21:47:52.773 11425 12547 I System.out: Blinkit: Searching for 'milk full cream'...
02-03 21:47:52.774 11425 12557 I System.out: Flipkart Minutes: Starting (WebView)
02-03 21:47:52.774 11425 12550 I System.out: Zepto: Searching for 'milk full cream'...
02-03 21:47:52.775 11425 12547 I System.out: WebView: Location set to pincode=560001, lat=12.9352, lon=77.6245
02-03 21:47:52.775 11425 12550 I System.out: DirectApiScraper: Zepto: Starting API scrape for 'milk full cream'
02-03 21:47:52.777 11425 12557 I System.out: Flipkart Minutes: Searching for 'milk full cream'...
02-03 21:47:52.777 11425 12549 I System.out: Instamart: Searching for 'milk full cream'...
02-03 21:47:52.778 11425 12549 I System.out: DirectApiScraper: Instamart: Starting API scrape for 'milk full cream'
02-03 21:47:52.779 11425 12557 I System.out: Flipkart Minutes: HTTP request to https://m.flipkart.com/search?q=milk+full+cream&marketplace=GROCERY
02-03 21:47:52.779 11425 12559 I System.out: Amazon Fresh: Searching for 'milk full cream'...
02-03 21:47:52.780 11425 12559 I System.out: Amazon Fresh: Fetching https://www.amazon.in/s?k=milk+full+cream&i=nowstore (pincode: 560001)
02-03 21:47:52.789 11425 12556 I System.out: Amazon: Using cached (5 products)
02-03 21:47:52.789 11425 12556 I System.out: Amazon: Completed (1/10)
02-03 21:47:52.795  1630  2890 D NetdEventListenerService: DNS Requested by 491, 10418(com.pricehunt), SUCCESS, 1ms
02-03 21:47:52.799 11425 12580 I okhttp.OkHttpClient: --> POST https://pricehunt-hklm.onrender.com/api/smart-search (2526-byte body)
02-03 21:47:52.801 11425 12581 I okhttp.OkHttpClient: --> POST https://pricehunt-hklm.onrender.com/api/smart-search (4050-byte body)
02-03 21:47:52.832 11425 11425 D ConnectivityManager: StackLog: [android.net.ConnectivityManager.sendRequestForNetwork(ConnectivityManager.java:4738)] [android.net.ConnectivityManager.sendRequestForNetwork(ConnectivityManager.java:4906)] [android.net.ConnectivityManager.registerNetworkCallback(ConnectivityManager.java:5323)] [android.net.ConnectivityManager.registerNetworkCallback(ConnectivityManager.java:5293)] [coil.network.RealNetworkObserver.<init>(NetworkObserver.kt:88)] [coil.network.NetworkObserverKt.NetworkObserver(NetworkObserver.kt:33)] [coil.util.SystemCallbacks.<init>(SystemCallbacks.kt:31)] [coil.RealImageLoader.<init>(RealImageLoader.kt:79)] [coil.ImageLoader$Builder.build(ImageLoader.kt:529)] [coil.ImageLoaders.create(ImageLoaders.kt:16)] [coil.Coil.newImageLoader(Coil.kt:75)] [coil.Coil.imageLoader(Coil.kt:27)] [coil.compose.ImageLoaderProvidableCompositionLocal.getCurrent(LocalImageLoader.kt:57)] [coil.compose.SingletonAsyncImageKt.AsyncImage-3HmZ8SU(SingletonAsyncImage.kt:117)] [com.pricehunt.presentation.components.BestDealCardKt.BestDealContent(BestDealCard.kt:213)] [com.pricehunt.presentation.components.BestDealCardKt.access$BestDealContent(BestDealCard.kt:1)] [com.pricehunt.presentation.components.BestDealCardKt$BestDealCard$4$1.invoke(BestDealCard.kt:101)] [com.pricehunt.presentation.components.BestDealCardKt$BestDealCard$4$1.invoke(BestDealCard.kt:78)] [androidx.compose.runtime.internal.ComposableLambdaImpl.invoke(ComposableLambda.jvm.kt:117)] [androidx.compose.runtime.internal.ComposableLambdaImpl.invoke(ComposableLambda.jvm.kt:35)] [androidx.compose.material3.CardKt$Card$1.invoke(Card.kt:806)] [androidx.compose.material3.CardKt$Card$1.invoke(Card.kt:92)] [androidx.compose.runtime.internal.ComposableLambdaImpl.invoke(ComposableLambda.jvm.kt:108)] [androidx.compose.runtime.internal.ComposableLambdaImpl.invoke(ComposableLambda.jvm.kt:35)] [androidx.compose.material3.SurfaceKt$Surface$1.invoke(Surface.kt:132)] [androidx.compose.material3.SurfaceKt$Surface$1.invoke(Surface.kt:114)] [androidx.compose.runtime.internal.ComposableLambdaImpl.invoke(ComposableLambda.jvm.kt:108)] [androidx.compose.runtime.internal.ComposableLambdaImpl.invoke(ComposableLambda.jvm.kt:35)] [androidx.compose.runtime.CompositionLocalKt.CompositionLocalProvider(CompositionLocal.kt:228)] [androidx.compose.material3.SurfaceKt.Surface-T9BRK9s(Surface.kt:111)] [androidx.compose.material3.CardKt.Card(Card.kt:84)] [com.pricehunt.presentation.components.BestDealCardKt$BestDealCard$4.invoke(BestDealCard.kt:69)] [com.pricehunt.presentation.components.BestDealCardKt$BestDealCard$4.invoke(BestDealCard.kt:68)] [androidx.compose.runtime.internal.ComposableLambdaImpl.invoke(ComposableLambda.jvm.kt:117)] [androidx.compose.runtime.internal.ComposableLambdaImpl.invoke(ComposableLambda.jvm.kt:35)] [androidx.compose.animation.AnimatedVisibilityKt.AnimatedEnterExitImpl(AnimatedVisibility.kt:941)] [androidx.compose.animation.AnimatedVisibilityKt.AnimatedVisibility(AnimatedVisibility.kt:129)] [com.pricehunt.presentation.components.BestDealCardKt.BestDealCard(BestDealCard.kt:64)] [com.pricehunt.presentation.screens.home.HomeScreenKt$HomeScreen$1$1$4.invoke(HomeScreen.kt:196)] [com.pricehunt.presentation.screens.home.HomeScreenKt$HomeScreen$1$1$4.invoke(HomeScreen.kt:195)] [androidx.compose.runtime.internal.ComposableLambdaImpl.invoke(ComposableLambda.jvm.kt:117)] [androidx.compose.runtime.internal.ComposableLambdaImpl.invoke(ComposableLambda.jvm.kt:35)] [androidx.compose.foundation.lazy.LazyListIntervalContent$item$3.invoke(LazyListIntervalContent.kt:59)] [androidx.compose.foundation.lazy.LazyListIntervalContent$item$3.invoke(LazyListIntervalContent.kt:59)] [androidx.compose.runtime.internal.ComposableLambdaImpl.invoke(ComposableLambda.jvm.kt:138)] [androidx.compose.runtime.internal.ComposableLambdaImpl.invoke(ComposableLambda.jvm.kt:35)] [androidx.compose.foundation.lazy.LazyListItemProviderImpl$Item$1.invoke(LazyListItemProvider.kt:79)] [androidx.compose.foundation.lazy.LazyListItemProviderImpl$Item$1.invoke(LazyListItemProvider.kt:77)] [androidx.compose
02-03 21:47:52.836  1630  2740 D ConnectivityService: Rematched networks [computed 0ms] [applied 1ms] [issued 1]
02-03 21:47:52.836  1630  2740 D ConnectivityService: NetworkReassignment : no changes
02-03 21:47:52.846  1630  2890 D NetdEventListenerService: DNS Requested by 491, 10418(com.pricehunt), SUCCESS, 58ms
02-03 21:47:52.847  1630  2890 D NetdEventListenerService: DNS Requested by 491, 10418(com.pricehunt), SUCCESS, 60ms
02-03 21:47:52.848  5872  5872 I HBD     : E EBD ex 
02-03 21:47:52.848  5872  7178 I HBD     : E EBD tb start :1 
02-03 21:47:52.848  5872  7178 I HBD     : E EBD tb end :1 
02-03 21:47:52.848 11425 11425 I System.out: SearchIntelligence:  with 2 offers, 480 g  70.8/100gm
02-03 21:47:52.848  5872  5872 I HBD     : C [EmojiCandidate] getEmoji from EmojiCore-[3]
02-03 21:47:52.848  5872  5872 I HBD     : Z [SCV] (8) 5 9 7 10 7 8 5 6 
02-03 21:47:52.871  1630  2890 D NetdEventListenerService: DNS Requested by 491, 10418(com.pricehunt), SUCCESS, 67ms
02-03 21:47:52.875  1630  2890 D NetdEventListenerService: DNS Requested by 491, 10418(com.pricehunt), SUCCESS, 72ms
02-03 21:47:52.876  1630  2890 D NetdEventListenerService: DNS Requested by 491, 10418(com.pricehunt), 4(FAIL), isBlocked=false, 86ms
02-03 21:47:52.876 11425 12550 I System.out: DirectApiScraper: Zepto: API error: Unable to resolve host "api.zeptonow.com": No address associated with hostname
02-03 21:47:52.896  1223  1223 I android.hardware.health@2.1-service-samsung: updateLrpSysfs: write: 401
02-03 21:47:52.896  1630  2780 D [SS]BattFunctions: [sendRemainingChargingTimeChangedIntent]remainingChargingTime:3589 ,mLastRemainingChargingTime:3596
02-03 21:47:52.897  1630 14650 V [SS]SleepChargingTimeController: [isActivated]mSleepChargingStatus isNowSessionTime False => false
02-03 21:47:52.897  1630  2780 D BatteryService: [processValuesLocked]batteryLevel:56 ,LastbatteryLevel:56 ,mPlugType:2 ,batteryStatus:2
02-03 21:47:52.897  1630  2780 D BatteryService: [countBatteryChangedConditions]mBatteryChangedConditionCounts:[80, 7, 1, 823, 87, 923, 314, 0, 0, 70, 67, 0, 65, 0, 0, 5, 252, 87, 0, 0, 0, 1]
02-03 21:47:52.897  1630  2780 D BatteryService: Sending ACTION_BATTERY_CHANGED: level:56, status:2, health:2, remain:3589, ac:false, usb:true, wireless:false, pogo:false, misc:0x10000, charge_type:1, charger_type:1, voltage:4030, temperature:358, online:19, charging_status:0, cycle_count:0, current_avg:1220, ps:false, hvc:true, current_event:0x20008000, mcc:0, mcv:0, cc:2179296, present:true, scale:100, technology:Li-ion, protection:0
02-03 21:47:52.900  2991  2991 I AODBatteryManager: updateBatteryData: ACTION_BATTERY_CHANGED
02-03 21:47:52.900  2991  2991 I ChargingInfoManager: updateChargingInfo: newState = AOD ChargingInfo [mState=BATTERY_AND_REMAIN_TIME, mIsCharging=true, mIsPlugged=true, mIsFullyCharged=false, mIsBatteryProtectMode=false, mBetteryLevel=56, mBetteryProtectModeType4, mIsSlowChargingfalse], oldState = AOD ChargingInfo [mState=BATTERY_AND_REMAIN_TIME, mIsCharging=true, mIsPlugged=true, mIsFullyCharged=false, mIsBatteryProtectMode=false, mBetteryLevel=56, mBetteryProtectModeType4, mIsSlowChargingfalse]
02-03 21:47:52.901  1630  2718 D MotionRecognitionService: [SAR]  onReceive : ACTION_BATTERY_CHANGED, Plugged: 2
02-03 21:47:52.901  2991  2991 I AODBatteryManager: updateBatteryData: ACTION_BATTERY_CHANGED
02-03 21:47:52.901  2991  2991 I AODBatteryManager: saveBatteryData : AOD BatteryData [mBatteryLevel=56, mBatteryStatus=CHARGING, mBatteryPlugType=USB, mBatteryPlugged=true, mRemainingChargeTime=3589000, mBatteryChargingType=2, mBatteryChargerType=FAST, mBatteryOnline=NOT_DEFINED, mBatterySwellingMode=NONE, mBatteryProtectMode=false, mBatteryProtectModeType=4, mSleepChargingEvent=null, mSleepChargingEventFinishTime=null, mBatteryHealth=2, mIsDirectPowerMode=false, mIsUsbRestriction=false]
02-03 21:47:52.902  2973  2973 D SemBigDataInfoController: Intent: android.intent.action.BATTERY_CHANGED
02-03 21:47:52.902  3342  3342 I NfcWirelessCharge: chargeMode: 2, isWirelessCharging: false
02-03 21:47:52.902  2973  2973 D SemBigDataInfoController: Intent: android.intent.action.BATTERY_CHANGED
02-03 21:47:52.903  7643  7643 I [SCPMV2][SystemMonitorReceiver]: onReceive: android.intent.action.BATTERY_CHANGED
02-03 21:47:52.904  1630  1630 D AdaptiveBrightnessLongtermModelBuilder: Received android.intent.action.BATTERY_CHANGED
02-03 21:47:52.904  1630  1630 D AdaptiveBrightnessLongtermModelBuilder: Received android.intent.action.BATTERY_CHANGED
02-03 21:47:52.904  1630  1630 I GestureDetector: handleMessage TAP
02-03 21:47:52.904  1429  1561 W ComposerExtn: DisplayExtnImpl::SetActiveConfig: HWC Display 3 is not registered!
02-03 21:47:52.905  1630  2875 I DeviceBatteryInfoService: action: android.intent.action.BATTERY_CHANGED
02-03 21:47:52.905  1630  2875 I DeviceBatteryInfoService: phone battery level: 56
02-03 21:47:52.905  1630  2875 I DeviceBatteryInfoService: phone battery status: 2
02-03 21:47:52.905  1630  1951 I GestureDetector: handleMessage TAP
02-03 21:47:52.905  2991  2991 D PowerUI : Charging time is changed, check charging notification
02-03 21:47:52.907  2991  2991 D PowerUI.Notification: showChargingNotice - oldBatteryLevel : 56 , BatteryLevel : 56 / oldChargingType : 11 , ChargingType : 11 / oldChargingTime : 3596, ChargingTime : 3589 / oldMaximumEnabled : false , MaximumEnabled : false / oldMaximumThreshold : 80 , MaximumThreshold : 80
02-03 21:47:52.907  2991  2991 I NotificationManager: com.android.systemui: notify(2131363875, charging_state, Notification(channel=CHR shortcut=null contentView=null vibrate=null sound=null defaults=0 flags=ONGOING_EVENT|ONLY_ALERT_ONCE color=0x00000000 category=sys groupKey=CHARGING vis=PUBLIC semFlags=0x0 semPriority=0 semMissedCount=0)) as user
02-03 21:47:52.910  1630  3700 W PermissionService: getPermissionFlags: Unknown user -1
02-03 21:47:52.910  1630  3700 W PermissionService: getPermissionFlags: Unknown user -1
02-03 21:47:52.910  1630  3700 D NotificationHighlightCore: isNonImportantNotification Importance low
02-03 21:47:52.910  1630  3700 W NotificationService: notificationHightlight enqu getNonImportantNotification, r= StatusBarNotification(pkg=com.android.systemui user=UserHandle{-1} id=2131363875 tag=charging_state key=-1|com.android.systemui|2131363875|charging_state|10051: Notification(channel=CHR shortcut=null contentView=null vibrate=null sound=null defaults=0 flags=ONGOING_EVENT|ONLY_ALERT_ONCE color=0x00000000 category=sys groupKey=CHARGING vis=PUBLIC semFlags=0x200000 semPriority=0 semMissedCount=0)), flags= SEM_FLAG_INSIGNIFICANT_MINIMIZED 
02-03 21:47:52.914  2991  2991 I PowerUI : mBootCompleted = true |  mFullyConnected = true
02-03 21:47:52.914  2991  2991 I PowerUI : BATTERY_HEALTH_CHECK / batteryHealth : 2 / wirelessOverheat : false
02-03 21:47:52.914  2991  2991 W PowerUI : Skip charging animation - by Plug reason
02-03 21:47:52.914  2991  2991 W PowerUI : Skip charging sound & vibrate - by Plug reason
02-03 21:47:52.914  2991  2991 D PowerUI : oldMisalign : false, curMisalign : false
02-03 21:47:52.914  2991 10022 D PowerUI.Notification: updateNotification mWarning = false mPlaySound = false
02-03 21:47:52.914  2991  2991 D PowerUI.Notification: showChargingNotice - There is no change charging status, so return!
02-03 21:47:52.914  1630  3158 D KNOX_MDM_SettingsProvider: isChangeAllowed() : name = ltc_highsoc_exceed_time
02-03 21:47:52.914  1630  3158 D KNOX_MDM_SettingsProvider: edmUri: content://com.sec.knox.provider/RestrictionPolicy3
02-03 21:47:52.914  1630  3158 D KNOX_MDM_SettingsProvider: projectionArgs: isSettingsChangesAllowed
02-03 21:47:52.914  1630  3158 D KNOX_MDM_SettingsProvider: selectionArgs: false
02-03 21:47:52.914  1630  3158 D KNOX_MDM_SettingsProvider: selectionArgs: 10051
02-03 21:47:52.914  1630  3158 D SecContentProvider: query(), uri = 17 selection = isSettingsChangesAllowed
02-03 21:47:52.915  1630  3158 D SecContentProvider: called from android.uid.systemui:10051
02-03 21:47:52.915  1630  3158 D RestrictionPolicy: isSettingsChangesAllowedAsUser, userId 0 : true
02-03 21:47:52.915  1630  3158 D KNOX_MDM_SettingsProvider: ret = 1
02-03 21:47:52.916  2991  2991 D KeyguardUpdateMonitor: handleBatteryUpdate
02-03 21:47:52.917  2991  2991 D SamsungBatteryMeterDrawable: onBatteryLevelChanged isSomethingChanged: false
02-03 21:47:52.918  2991  2991 D SamsungBatteryMeterDrawable: onBatteryLevelChanged isSomethingChanged: false
02-03 21:47:52.918  2991  2991 D SamsungBatteryMeterDrawable: onBatteryLevelChanged isSomethingChanged: false
02-03 21:47:52.918  2991  2991 D SamsungBatteryMeterDrawable: onBatteryLevelChanged isSomethingChanged: false
02-03 21:47:52.932  2991  2991 W View    : requestLayout() improperly called by com.android.systemui.qs.SecQSGradationDrawableView{b71220e V.E...... ......ID 0,0-840,310 #7f0a0978 app:id/qs_gradation_view} during layout: running second layout pass
02-03 21:47:52.932  2991  2991 W View    : requestLayout() improperly called by android.widget.FrameLayout{c5ff42f V.E...... ......ID 0,145-840,2250 #7f0a0976 app:id/qs_frame} during layout: running second layout pass
02-03 21:47:52.946  1630  2890 D NetdEventListenerService: DNS Requested by 491, 10418(com.pricehunt), SUCCESS, 158ms
02-03 21:47:52.947  1630  2890 D NetdEventListenerService: DNS Requested by 491, 10418(com.pricehunt), SUCCESS, 67ms
02-03 21:47:52.958  1429  1429 W Layer   : gatherBufferInfo: Received unknown dataspace from gralloc
02-03 21:47:52.975  1630  2890 D NetdEventListenerService: DNS Requested by 491, 10418(com.pricehunt), SUCCESS, 1ms
02-03 21:47:53.000  1630  2890 D NetdEventListenerService: DNS Requested by 491, 10418(com.pricehunt), SUCCESS, 0ms
02-03 21:47:53.000  3474  3474 I HoneySpace.EdgePanel.KeyboardVisibleObserver: updateSipStatus: 1 1 819 819
02-03 21:47:53.040 11425 11425 I Choreographer: Skipped 31 frames!  The application may be doing too much work on its main thread.
02-03 21:47:53.042  1429  1429 W Layer   : gatherBufferInfo: Received unknown dataspace from gralloc
02-03 21:47:53.045 11425 12549 I System.out: DirectApiScraper: Instamart: storeId fetch HTTP 404
02-03 21:47:53.058 11425 11425 I System.out: [STREAM] Amazon: 5 products at 288ms
02-03 21:47:53.058 11425 11425 I System.out:  Per-platform AI: Amazon - queued (5 products, timeout=4000ms, reason=fresh)
02-03 21:47:53.058 11425 11425 I System.out:  Per-platform AI: Amazon - started
02-03 21:47:53.059 11425 11425 I System.out:  Best Deal Search: 'milk full cream'  Primary keyword: 'milk'
02-03 21:47:53.063 10782 10782 I Finsky:background: [2] Memory trim requested to level 40
02-03 21:47:53.066 11425 11425 I System.out:  Relevance: HIGH=4, MEDIUM=3, LOW=1
02-03 21:47:53.066 11425 11425 I System.out:    HIGH [20]: with 2 offers, 480 g = 340.0
02-03 21:47:53.066 11425 11425 I System.out:    HIGH [50]: Green Milk Pannir Rose Face Gel, 50 ml = 600.0
02-03 21:47:53.066 11425 11425 I System.out:    HIGH [20]: with Bank offer, 480 g = 664.0
02-03 21:47:53.066 11425 11425 I System.out:    HIGH [30]: Rainbow's Quality Milk Original  12s C = 2599.0
02-03 21:47:53.066 11425 11425 I System.out:    MED [10]: Rainbow Condensed Milk Original | Rich & = 999.0
02-03 21:47:53.066 11425 11425 I System.out:    MED [0]: GAVYRATAN Pure & Premium Skimmed Milk Po = 1699.0
02-03 21:47:53.066 11425 11425 I System.out:    MED [0]: GAVYRATAN Pure & Premium Skimmed Milk Po = 2219.0
02-03 21:47:53.066 11425 11425 I System.out:    LOW [-10]: Ahuja Mart Milk Powder, EveryDay Dairy W = 849.0
02-03 21:47:53.067  1429  1429 W Layer   : gatherBufferInfo: Received unknown dataspace from gralloc
02-03 21:47:53.067 11425 11425 I System.out: SearchIntelligence:  Couldn't parse quantity from 'Rainbow's Quality Milk Original  12s Convenience Pack  Long Shelf Life Evaporated Milk  Ideal for Tea, Coffee & Dess'
02-03 21:47:53.067 11425 11425 I System.out: SearchIntelligence:  with 2 offers, 480 g  70.8/100gm
02-03 21:47:53.068 11425 11425 I System.out: SearchIntelligence:  with Bank offer, 480 g  138.3/100gm
02-03 21:47:53.068 11425 12613 I okhttp.OkHttpClient: --> POST https://pricehunt-hklm.onrender.com/api/smart-search (4050-byte body)
02-03 21:47:53.068 11425 11425 I System.out: SearchIntelligence:  Green Milk Pannir Rose Face Ge  1200.0/100ml
02-03 21:47:53.068 11425 11425 I System.out:    Per-unit comparison: 3 products have calculable unit price
02-03 21:47:53.068 11425 11425 I System.out:      with 2 offers, 480 g = 340.0 (70/100gm)
02-03 21:47:53.068 11425 11425 I System.out:      with Bank offer, 480 g = 664.0 (138/100gm)
02-03 21:47:53.068 11425 11425 I System.out:      Green Milk Pannir Rose Face Gel, 50 = 600.0 (1200/100ml)
02-03 21:47:53.068 11425 11425 I System.out:    Per-unit best: with 2 offers, 480 g (70/100gm)
02-03 21:47:53.068 11425 11425 I System.out:  Best Deal: with 2 offers, 480 g = 340.0
02-03 21:47:53.068 11425 11425 I System.out:  Scraping: 2/10 platforms, Total: 5
02-03 21:47:53.087  1237 12532 I HYPER-HAL: [ResourceManager.cpp]removeResource(): [CPUMinFreq] RemoveResource Request ID : 17249002
02-03 21:47:53.087  1237 12532 I HYPER-HAL: [RequestManager.cpp]releaseLocked(): Released ID : 17249002
02-03 21:47:53.114  1630  1630 I Telecom : SamsungTelecomServiceImpl : isInManagedCall - callingPackage : android / callingUser : UserHandle{0} / hasCrossUserAccess : true
02-03 21:47:53.124  6784  6784 I NeoBean_NotificationListener: onNotificationPosted()::sbn.getPackageName() = com.android.systemui
02-03 21:47:53.124  6784  6784 I NeoBean_Util: isEmulator() : false
02-03 21:47:53.124  6784  6784 I NeoBean_NotificationListener: This Notification is On-Going, let's skip it [ com.android.systemui]
02-03 21:47:53.125  3474  8340 I HoneySpace.NotificationListener: onNotificationPosted com.android.systemui: -1|com.android.systemui|2131363875|charging_state|10051: 0
02-03 21:47:53.125  3474  8340 I HoneySpace.NotificationListener: invalid notification: com.android.systemui UserHandle{-1}: canShowBadge is false
02-03 21:47:53.125  3474  7346 I HoneySpace.BadgeDataSourceImpl: Get notification count. PK(p='com.google.android.apps.photos', u=UserHandle{0}) - forceBadgeCount: false, notification listener: 1, badge provider: 0
02-03 21:47:53.125  3474  7346 I HoneySpace.BadgeDataSourceImpl: Get notification count. PK(p='com.google.android.apps.photos', u=UserHandle{0}) - forceBadgeCount: false, notification listener: 1, badge provider: 0
02-03 21:47:53.131  2991  2991 I LockscreenNotificationIconsOnlyController: onNotificationInfoUpdated 23
02-03 21:47:53.134  1429  1429 W Layer   : gatherBufferInfo: Received unknown dataspace from gralloc
02-03 21:47:53.134  1429  1429 W Layer   : gatherBufferInfo: Received unknown dataspace from gralloc
02-03 21:47:53.134  2991  2991 I AODNotificationManager: updateNotification() 
02-03 21:47:53.147 11425 12549 I System.out: DirectApiScraper: Instamart: HTTP 404
02-03 21:47:53.147 11425 12549 I System.out: Instamart: Direct API failed (HTTP 404)
02-03 21:47:53.148 11425 12549 I System.out: WebView: Location set to pincode=560001, lat=12.9716, lon=77.5946
02-03 21:47:53.150  1429  1429 W Layer   : gatherBufferInfo: Received unknown dataspace from gralloc
02-03 21:47:53.159  1429  1429 W Layer   : gatherBufferInfo: Received unknown dataspace from gralloc
02-03 21:47:53.167  1429  1429 W Layer   : gatherBufferInfo: Received unknown dataspace from gralloc
02-03 21:47:53.183   830   830 D io_stats: !@   8,0 r 30845011 938625808 w 9330443 149566804 d 3407443 361988136 f 0 0 iot 16427308 0 th 0 0 0 pt 0 inp 0 0 152575.287
02-03 21:47:53.184   830   830 D io_stats: !@ Read_top(KB): roid.honeyboard(5872) 6300 loop46(4285) 2048 com.pricehunt(11425) 960
02-03 21:47:53.184   830   830 D io_stats: !@ Write_top(KB): kworker/u16:14(29779) 9832 rosoft.skydrive(11445) 432 appmanager:auth(11540) 40
02-03 21:47:53.184  1429  1429 W Layer   : gatherBufferInfo: Received unknown dataspace from gralloc
02-03 21:47:53.192  1429  1429 W Layer   : gatherBufferInfo: Received unknown dataspace from gralloc
02-03 21:47:53.198  6137  6400 I N0      : limitGPUFreq:: freq = 540
02-03 21:47:53.198  6137  6400 I SemDvfsHyPerManager: acquire hyper - SIOP_GPU_FREQ_MAX/6137@4, type = 536875010
02-03 21:47:53.199  6137  6400 I N0      : limitCPUFreq:: freq = 2380800
02-03 21:47:53.199  6137  6400 I SemDvfsHyPerManager: acquire hyper - SIOP_ARM_MAX/6137@2, type = 301993986
02-03 21:47:53.199  1237  1371 I HYPER-HAL: [RequestManager.cpp]acquire(): Acquired ID : 18859015  [6137 / 4]    HINT :      list : [GPUMaxFreq / 540] 
02-03 21:47:53.199  1237  1371 I HYPER-HAL: [RequestManager.cpp]acquire(): Acquired ID : 18846732  [6137 / 2]    HINT :      list : [CPUMaxFreq / 2380800] 
02-03 21:47:53.200  1237  1371 I HYPER-HAL: [ResourceManager.cpp]updateResource(): [CPUMaxFreq] UpdateResource Request ID : 18846732    Value : 2380800
02-03 21:47:53.209  1429  1429 W Layer   : gatherBufferInfo: Received unknown dataspace from gralloc
02-03 21:47:53.217  1429  1429 W Layer   : gatherBufferInfo: Received unknown dataspace from gralloc
02-03 21:47:53.225  1429  1429 W Layer   : gatherBufferInfo: Received unknown dataspace from gralloc
02-03 21:47:53.233 27275 27275 D BoundBrokerSvc: onUnbind: Intent { act=com.google.android.gms.gmscompliance.service.START dat=chimera-action:/... cmp=com.google.android.gms/.chimera.PersistentBoundBrokerService }
02-03 21:47:53.234  1429  1429 W Layer   : gatherBufferInfo: Received unknown dataspace from gralloc
02-03 21:47:53.237  1630  2851 D SemWifiSwitchForIndividualAppsService: isSkipTcpMonitorInfo - result:2
02-03 21:47:53.251  1429  1429 W Layer   : gatherBufferInfo: Received unknown dataspace from gralloc
02-03 21:47:53.259  1429  1429 W Layer   : gatherBufferInfo: Received unknown dataspace from gralloc
02-03 21:47:53.267  1429  1429 W Layer   : gatherBufferInfo: Received unknown dataspace from gralloc
02-03 21:47:53.276  1429  1429 W Layer   : gatherBufferInfo: Received unknown dataspace from gralloc
02-03 21:47:53.284  1429  1429 W Layer   : gatherBufferInfo: Received unknown dataspace from gralloc
02-03 21:47:53.292  1429  1429 W Layer   : gatherBufferInfo: Received unknown dataspace from gralloc
02-03 21:47:53.301  1429  1429 W Layer   : gatherBufferInfo: Received unknown dataspace from gralloc
02-03 21:47:53.309  1429  1429 W Layer   : gatherBufferInfo: Received unknown dataspace from gralloc
02-03 21:47:53.317  1429  1429 W Layer   : gatherBufferInfo: Received unknown dataspace from gralloc
02-03 21:47:53.325  2991  2991 D Bubbles : onEntryUpdated : shouldBubbleUp=false ,key=-1|com.android.systemui|2131363875|charging_state|10051
02-03 21:47:53.326  2991  2991 D InterruptionStateProvider:  no Heads up : edgelighting enabled app. -1|com.android.systemui|2131363875|charging_state|10051
02-03 21:47:53.326  2991  2991 D InsignificantCoordinator: onEntryUpdated :-1|com.android.systemui|2131363875|charging_state|10051 flags: 200000 updateSummary entrySize:1
02-03 21:47:53.326  1429  1429 W Layer   : gatherBufferInfo: Received unknown dataspace from gralloc
02-03 21:47:53.326  2991  2991 D InsignificantCoordinator: update summary with firstEntry : -1|com.android.systemui|2131363875|charging_state|10051 size: 1
02-03 21:47:53.326  2991  2991 I NotificationManager: com.android.systemui: notify(123, INSIGNIFICANT, Notification(channel=INSIGNIFICANT shortcut=null contentView=null vibrate=null sound=null defaults=0 flags=0 color=0x00000000 groupKey=INSIGNIFICANT vis=PUBLIC semFlags=0x0 semPriority=0 semMissedCount=0)) as user
02-03 21:47:53.334  1429  1429 W Layer   : gatherBufferInfo: Received unknown dataspace from gralloc
02-03 21:47:53.342  2991  2991 I LockscreenNotificationIconsOnlyController: onNotificationInfoUpdated 23
02-03 21:47:53.342  1429  1429 W Layer   : gatherBufferInfo: Received unknown dataspace from gralloc
02-03 21:47:53.345  2991  2991 I AODNotificationManager: updateNotification() 
02-03 21:47:53.351  1429  1429 W Layer   : gatherBufferInfo: Received unknown dataspace from gralloc
02-03 21:47:53.353  2991  3535 D LocalImageResolver: Couldn't use ImageDecoder for drawable, falling back to non-resized load.
02-03 21:47:53.354  2991  3535 D LocalImageResolver: Couldn't use ImageDecoder for drawable, falling back to non-resized load.
02-03 21:47:53.357  2991  2991 D LocalImageResolver: Couldn't use ImageDecoder for drawable, falling back to non-resized load.
02-03 21:47:53.359  1429  1429 W Layer   : gatherBufferInfo: Received unknown dataspace from gralloc
02-03 21:47:53.366  2991  2991 D LocalImageResolver: Couldn't use ImageDecoder for drawable, falling back to non-resized load.
02-03 21:47:53.376  2991  2991 I LockscreenNotificationIconsOnlyController: onNotificationInfoUpdated 23
02-03 21:47:53.376  1429  1429 W Layer   : gatherBufferInfo: Received unknown dataspace from gralloc
02-03 21:47:53.379  2991  2991 I AODNotificationManager: updateNotification() 
02-03 21:47:53.384  1429  1429 W Layer   : gatherBufferInfo: Received unknown dataspace from gralloc
02-03 21:47:53.384  1429  1429 W Layer   : gatherBufferInfo: Received unknown dataspace from gralloc
02-03 21:47:53.393  1429  1429 W Layer   : gatherBufferInfo: Received unknown dataspace from gralloc
02-03 21:47:53.399  1630  3700 I BatteryService_BatteryPropertiesRegistrar: [getProperty]id:4
02-03 21:47:53.399  1630  3700 I BatteryService_BatteryPropertiesRegistrar: [getProperty]prop.long:-9223372036854775808 ,prop.string:null
02-03 21:47:53.401  1630  3700 I BatteryService_BatteryPropertiesRegistrar: [getProperty]id:1
02-03 21:47:53.401 11425 12557 I System.out: Flipkart Minutes: Got 496448 chars via HTTP
02-03 21:47:53.401  1630  3700 I BatteryService_BatteryPropertiesRegistrar: [getProperty]prop.long:-9223372036854775808 ,prop.string:null
02-03 21:47:53.404  1630  5992 I BatteryService_BatteryPropertiesRegistrar: [getProperty]id:3
02-03 21:47:53.404  1630  5992 I BatteryService_BatteryPropertiesRegistrar: [getProperty]prop.long:-9223372036854775808 ,prop.string:null
02-03 21:47:53.409  1429  1429 W Layer   : gatherBufferInfo: Received unknown dataspace from gralloc
02-03 21:47:53.434  1429  1429 W Layer   : gatherBufferInfo: Received unknown dataspace from gralloc
02-03 21:47:53.451  1429  1429 W Layer   : gatherBufferInfo: Received unknown dataspace from gralloc
02-03 21:47:53.465 11425 12547 I System.out: Blinkit: Starting Blinkit-specific extraction...
02-03 21:47:53.468  1429  1429 W Layer   : gatherBufferInfo: Received unknown dataspace from gralloc
02-03 21:47:53.476  1429  1429 W Layer   : gatherBufferInfo: Received unknown dataspace from gralloc
02-03 21:47:53.476 11425 12547 I System.out: Blinkit: Found 0 product images
02-03 21:47:53.484  1429  1429 W Layer   : gatherBufferInfo: Received unknown dataspace from gralloc
02-03 21:47:53.488 11425 12547 I System.out: Blinkit: Found 0 data-* elements
02-03 21:47:53.493  1429  1429 W Layer   : gatherBufferInfo: Received unknown dataspace from gralloc
02-03 21:47:53.495 11425 12547 I System.out: Blinkit: Found 0 product links
02-03 21:47:53.495 11425 12547 I System.out: Blinkit: Blinkit extraction found 0 products
02-03 21:47:53.509  1429  1429 W Layer   : gatherBufferInfo: Received unknown dataspace from gralloc
02-03 21:47:53.518  1429  1429 W Layer   : gatherBufferInfo: Received unknown dataspace from gralloc
02-03 21:47:53.526  1429  1429 W Layer   : gatherBufferInfo: Received unknown dataspace from gralloc
02-03 21:47:53.530  1630  1630 I Telecom : SamsungTelecomServiceImpl : isInManagedCall - callingPackage : android / callingUser : UserHandle{0} / hasCrossUserAccess : true
02-03 21:47:53.530 11425 12557 I System.out: Flipkart Minutes: No product cards found
02-03 21:47:53.530 11425 12557 I System.out: Flipkart Minutes: HTTP request to https://m.flipkart.com/grocery-supermart-store?q=milk+full+cream
02-03 21:47:53.535  1429  1429 W Layer   : gatherBufferInfo: Received unknown dataspace from gralloc
02-03 21:47:53.540  1630  1630 D NotificationManagerService$NotificationListeners: skip send NotificationListenerService - isn't visible, ManagedServiceInfo = ManagedServiceInfo[component=ComponentInfo{com.google.android.ext.services/android.ext.services.notification.Assistant},userid=150,isSystem=false,targetSdkVersion=36,connection=<connection>,service=android.service.notification.INotificationListener$Stub$Proxy@d8bca30]
02-03 21:47:53.540  1630  1630 D NotificationService: isVisibleToListenerForLog() notiType = 4, sbn = StatusBarNotification(pkg=com.android.systemui user=UserHandle{0} id=123 tag=INSIGNIFICANT key=0|com.android.systemui|123|INSIGNIFICANT|10051: Notification(channel=INSIGNIFICANT shortcut=null contentView=null vibrate=null sound=null defaults=0 flags=0 color=0x00000000 groupKey=INSIGNIFICANT vis=PUBLIC semFlags=0x0 semPriority=0 semMissedCount=0))
02-03 21:47:53.540  1630  1630 D NotificationService: isInteractionVisibleToListener is false,   UserId = 0
02-03 21:47:53.540  1630  1630 D NotificationService: isVisibleToListenerForLog() notiType = 4, sbn = StatusBarNotification(pkg=com.android.systemui user=UserHandle{0} id=123 tag=INSIGNIFICANT key=0|com.android.systemui|123|INSIGNIFICANT|10051: Notification(channel=INSIGNIFICANT shortcut=null contentView=null vibrate=null sound=null defaults=0 flags=0 color=0x00000000 groupKey=INSIGNIFICANT vis=PUBLIC semFlags=0x0 semPriority=0 semMissedCount=0))
02-03 21:47:53.540  1630  1630 D NotificationService: isInteractionVisibleToListener is false,   UserId = 0
02-03 21:47:53.540  1630  1630 D NotificationManagerService$NotificationListeners: skip send NotificationListenerService - isn't visible, ManagedServiceInfo = ManagedServiceInfo[component=ComponentInfo{com.google.android.ext.services/android.ext.services.notification.Assistant},userid=10,isSystem=false,targetSdkVersion=36,connection=<connection>,service=android.service.notification.INotificationListener$Stub$Proxy@f31020c]
02-03 21:47:53.540  1630  1630 D NotificationService: isVisibleToListenerForLog() notiType = 4, sbn = StatusBarNotification(pkg=com.android.systemui user=UserHandle{0} id=123 tag=INSIGNIFICANT key=0|com.android.systemui|123|INSIGNIFICANT|10051: Notification(channel=INSIGNIFICANT shortcut=null contentView=null vibrate=null sound=null defaults=0 flags=0 color=0x00000000 groupKey=INSIGNIFICANT vis=PUBLIC semFlags=0x0 semPriority=0 semMissedCount=0))
02-03 21:47:53.540  1630  1630 D NotificationService: isInteractionVisibleToListener is false,   UserId = 0
02-03 21:47:53.540  1630  1630 D NotificationService: isVisibleToListenerForLog() notiType = 4, sbn = StatusBarNotification(pkg=com.android.systemui user=UserHandle{0} id=123 tag=INSIGNIFICANT key=0|com.android.systemui|123|INSIGNIFICANT|10051: Notification(channel=INSIGNIFICANT shortcut=null contentView=null vibrate=null sound=null defaults=0 flags=0 color=0x00000000 groupKey=INSIGNIFICANT vis=PUBLIC semFlags=0x0 semPriority=0 semMissedCount=0))
02-03 21:47:53.540  1630  1630 D NotificationService: isInteractionVisibleToListener is false,   UserId = 0
02-03 21:47:53.543  1429  1429 W Layer   : gatherBufferInfo: Received unknown dataspace from gralloc
02-03 21:47:53.547  6784  6784 I NeoBean_NotificationListener: onNotificationPosted()::sbn.getPackageName() = com.android.systemui
02-03 21:47:53.547  6784  6784 I NeoBean_Util: isEmulator() : false
02-03 21:47:53.547  6784  6784 I NeoBean_NotificationListener: sendAudioNotification()
02-03 21:47:53.547  6784  6784 I NeoBean_NotificationListener: uid = 0
02-03 21:47:53.547  6784  6784 I NeoBean_NotificationListener: Usage = 5
02-03 21:47:53.547  6784  6784 I NeoBean_NotificationUtil: noti.sound :null
02-03 21:47:53.547  6784  6784 I NeoBean_NotificationUtil: noti.vibrate :null true
02-03 21:47:53.547  6784  6784 I NeoBean_NotificationUtil: noti.defaults :0
02-03 21:47:53.547  6784  6784 I NeoBean_NotificationUtil: noti.ledARGB :0
02-03 21:47:53.547  6784  6784 I NeoBean_NotificationUtil: noti.ledOffMS :0
02-03 21:47:53.547  6784  6784 I NeoBean_NotificationUtil: noti.ledOnMS :0
02-03 21:47:53.547  6784  6784 I NeoBean_NotificationUtil: isAlertNeed1 :false
02-03 21:47:53.547  6784  6784 I NeoBean_NotificationUtil: noti.sound :content://settings/system/notification_sound
02-03 21:47:53.547  6784  6784 I NeoBean_NotificationUtil: noti.vibe :false
02-03 21:47:53.547  6784  6784 I NeoBean_NotificationUtil: noti.importanceVal :2
02-03 21:47:53.547  6784  6784 I NeoBean_NotificationUtil: noti.isGrouping :false
02-03 21:47:53.548  3474  8340 I HoneySpace.NotificationListener: onNotificationPosted com.android.systemui: 0|com.android.systemui|123|INSIGNIFICANT|10051: 0
02-03 21:47:53.548  6784  6784 W System.err: java.lang.NullPointerException: Attempt to invoke virtual method 'boolean android.app.Notification$BubbleMetadata.isNotificationSuppressed()' on a null object reference
02-03 21:47:53.548  3474  8340 I HoneySpace.BadgeDataSourceImpl: Get notification count. PK(p='com.android.systemui', u=UserHandle{0}) - forceBadgeCount: false, notification listener: 1, badge provider: 0
02-03 21:47:53.548  6784  6784 W System.err: 	at V6.b.s(SourceFile:1)
02-03 21:47:53.548  6784  6784 W System.err: 	at r2.c.run(SourceFile:668)
