02-03 22:20:32.349  3474  3474 I VRI[LauncherActivity]@ea4152a: onDisplayChanged oldDisplayState=2 newDisplayState=2
02-03 22:20:32.350  3474  7346 I HoneySpace.RefreshRateSource: singleFrameMs 8
02-03 22:20:32.350  3474  3474 I VRI[CocktailBarService]@fe8030d: onDisplayChanged oldDisplayState=2 newDisplayState=2
02-03 22:20:32.350  3474  3988 I HoneySpace.Memory-Monitor: current state = 2, didTrim = false
02-03 22:20:32.350  3474  3474 I VRI[TaskbarWindow]@498413e: onDisplayChanged oldDisplayState=2 newDisplayState=2
02-03 22:20:32.350  3474  3474 I VRI[RecentsActivity]@6199a4a: onDisplayChanged oldDisplayState=2 newDisplayState=2
02-03 22:20:32.352  2991  3068 I VRI[ShellDropTarget]@1cdbaf5: onDisplayChanged oldDisplayState=2 newDisplayState=2
02-03 22:20:32.352  1630  1955 D RefreshRateModeManager: updateDefaultDisplayToken: android.os.BinderProxy@99b4f37, isChanged: false
02-03 22:20:32.352  2991  3068 I VRI[SplitDecorManager]@ca2ee62: onDisplayChanged oldDisplayState=2 newDisplayState=2
02-03 22:20:32.352  2991  3068 I VRI[SplitDecorManager]@2d19661: onDisplayChanged oldDisplayState=2 newDisplayState=2
02-03 22:20:32.352  2991  2991 D DisplayLifecycle: updateDisplay id = 0
02-03 22:20:32.352 21273 21273 I VRI[InternalGoogleAppActivityEntrypoint]@e63bb3e: onDisplayChanged oldDisplayState=2 newDisplayState=2
02-03 22:20:32.353 21273 21273 I VRI[LauncherActivity]@66e68da: onDisplayChanged oldDisplayState=2 newDisplayState=2
02-03 22:20:32.353  2991  2991 I VRI[LockscreenShortcutBlur]@6238849: onDisplayChanged oldDisplayState=2 newDisplayState=2
02-03 22:20:32.353  2991  2991 I VRI[NavigationBar0]@c1db22d: onDisplayChanged oldDisplayState=2 newDisplayState=2
02-03 22:20:32.353  2991  2991 I VRI[EdgeBackGestureHandler0]@5a548e3: onDisplayChanged oldDisplayState=2 newDisplayState=2
02-03 22:20:32.353  2991  2991 I VRI[NotificationShade]@aaab015: onDisplayChanged oldDisplayState=2 newDisplayState=2
02-03 22:20:32.353  2991  2991 I VRI[StatusBar]@8e980d0: onDisplayChanged oldDisplayState=2 newDisplayState=2
02-03 22:20:32.353  2991  2991 I VRI[Bouncer]@a1623f9: onDisplayChanged oldDisplayState=2 newDisplayState=2
02-03 22:20:32.353  2991  2991 I VRI[SecondaryHomeHandle0]@df10a88: onDisplayChanged oldDisplayState=2 newDisplayState=2
02-03 22:20:32.353  2991  2991 I VRI[KeyguardBiometricToastView]@a7c12bb: onDisplayChanged oldDisplayState=2 newDisplayState=2
02-03 22:20:32.353  6909  6909 I VRI[MainActivity]@30c10b3: onDisplayChanged oldDisplayState=2 newDisplayState=2
02-03 22:20:32.353 22801 22801 I VRI[SubSettings]@dd1c099: onDisplayChanged oldDisplayState=2 newDisplayState=2
02-03 22:20:32.353 22801 22801 I VRI[SubSettings]@11d5252: onDisplayChanged oldDisplayState=2 newDisplayState=2
02-03 22:20:32.354  6139  6139 I SPenContext: virtual void SPen::Context::SetDisplayRefreshRate(float) framerate=120
02-03 22:20:32.354  6139  6139 I LatencyConfiguration: void SPen::LatencyConfiguration::UpdateRefreshRate(float) RefreshRate=120.000008
02-03 22:20:32.354  6139  6139 I LatencyConfiguration: void SPen::LatencyConfiguration::UpdateRefreshRate(float) RefreshRateCallback 0xb400007c408ced50
02-03 22:20:32.354  6139  6139 I PredictorBase: virtual void SPen::PredictorBase::SetRefreshRate(float) Refresh rate: 120.000
02-03 22:20:32.354  6139  6139 I spe_log : virtual void SPen::FbrDrawPad::SetRefreshRate(float) = 120.000
02-03 22:20:32.354  6139  6139 I spe_log : virtual void SPen::FbrDrawPad::SetRefreshRate(float) mFrameDurationNano=8333333, mDisplayRefreshDurationNano: 8333333
02-03 22:20:32.354  6139  6139 I spe_log : virtual void SPen::LowLatencyStrokeView::SetRefreshRate(float) refresh rate=120.000
02-03 22:20:32.354  1209  3586 I vendor.qti.bluetooth@1.0-ibs_handler: ProcessIbsCmd: Received IBS_SLEEP_IND: 0xFE
02-03 22:20:32.354  9475  9475 I VRI[MainActivity]@5832a1f: call setFrameRateCategory for touch hint category=high hint, reason=touch, vri=VRI[MainActivity]@5832a1f
02-03 22:20:32.355  1429 21775 W ComposerExtn: DisplayExtnImpl::SetActiveConfig: HWC Display 3 is not registered!
02-03 22:20:32.355  1630  1684 D WifiDisplayAdapter: isFitToActiveDisplayLocked : false
02-03 22:20:32.355  2991  3126 D StackScroller: onDisplayChanged for predraw skip to 2
02-03 22:20:32.355  1630  2554 D InputDispatcher: Inject motion (9575/2000): action=0x1, time=154534425000000, f=0x0, d=0 dsdx=1.000000 dtdx=0.000000
02-03 22:20:32.356  1630  2660 I InputDispatcher: Delivering touch to (9475): action: 0x1, f=0x0, d=0, '761462c', t=1 *(1.01)
02-03 22:20:32.356  1630  1951 I GestureDetector: obtain mCurrentMotionEventRaw. action: 1 id: -420176524
02-03 22:20:32.356  1630  1951 I GestureDetector: obtain mCurrentMotionEventRaw. action: 1 id: -420176524
02-03 22:20:32.357  3474  3474 I HoneySpace.GestureInputHandler: reset
02-03 22:20:32.357  3474  3474 I HoneySpace.InputSession: close
02-03 22:20:32.357  1429  1459 I VSyncReactor: Current= 60, Period= 120, hwcPeriod= 120
02-03 22:20:32.360  9475  9475 I VRI[MainActivity]@5832a1f: ViewPostIme pointer 1
02-03 22:20:32.364  9475  9475 D Compose Focus: Owner FocusChanged(true)
02-03 22:20:32.366  1429  1429 I SurfaceFlinger: [com.pricehunt/com.pricehunt.presentation.MainActivity$_9475#52635] setFrameRateCategory: HighHint
02-03 22:20:32.370  1429  1429 W ComposerExtn: DisplayExtnImpl::SetActiveConfig: HWC Display 3 is not registered!
02-03 22:20:32.372  9475  9475 I VRI[MainActivity]@5832a1f: onDisplayChanged oldDisplayState=2 newDisplayState=2
02-03 22:20:32.373  1209  3586 I vendor.qti.bluetooth@1.0-ibs_handler: ProcessIbsCmd: Received IBS_WAKE_IND: 0xFD
02-03 22:20:32.373  1209  3586 I vendor.qti.bluetooth@1.0-ibs_handler: ProcessIbsCmd: Writing IBS_WAKE_ACK
02-03 22:20:32.426  9475  9475 D InputMethodManagerUtils: startInputInner - Id : 0
02-03 22:20:32.426  9475  9475 I InputMethodManager: startInputInner - IInputMethodManagerGlobalInvoker.startInputOrWindowGainedFocus
02-03 22:20:32.427  9475  9475 D InputMethodManagerUtils: startInputInner - Id : 0
02-03 22:20:32.428  9475  9475 I InputMethodManager: startInputInner - IInputMethodManagerGlobalInvoker.startInputOrWindowGainedFocus
02-03 22:20:32.428  9475  9475 D InsetsController: show(ime(), fromIme=false)
02-03 22:20:32.429  1630  2675 V InputMethodManagerService: startInputOrWindowGainedFocusInternalLocked: reason=CHECK_FOCUS clientState=845801d editorInfo=android.view.inputmethod.EditorInfo@b149c99 startInputFlags=VIEW_HAS_FOCUS|IS_TEXT_EDITOR|INITIAL_CONNECTION softInputMode=STATE_UNSPECIFIED|ADJUST_PAN windowFlags=#81810100 sameWindowFocused=true
02-03 22:20:32.429  1630  2675 D InputMethodManagerService: setWindowStateInner, windowToken=android.os.BinderProxy@f0eb9df, state=ImeTargetWindowState{ imeToken null imeFocusChanged false hasEditorFocused true requestedImeVisible false imeDisplayId 0 softInputModeState STATE_UNSPECIFIED|ADJUST_PAN isStartInputByGainFocus false}
02-03 22:20:32.429  1630  2675 D InputMethodManagerService: DESKTOP MODE! : 2
02-03 22:20:32.429  1630  2675 D InputMethodManagerService: NOT IN KNOX DESKTOP MODE!
02-03 22:20:32.429  1630  2675 V InputMethodManagerService: semComputeImeDisplayIdForTarget: displayId=0
02-03 22:20:32.429  1630  2675 D InputMethodManagerService: isImeSwitcherDisabledPackage : false
02-03 22:20:32.429  9475  9475 I ImeTracker: com.pricehunt:f0cf1aca: onRequestShow at ORIGIN_CLIENT reason SHOW_SOFT_INPUT_BY_INSETS_API fromUser false
02-03 22:20:32.430  1630  2675 D InputMethodManagerService: checkDisplayOfStartInputAndUpdateKeyboard: displayId=0, mFocusedDisplayId=0
02-03 22:20:32.430  9475  9475 I InsetsController: setRequestedVisibleTypes: visible=true, mask=ime, host=com.pricehunt/com.pricehunt.presentation.MainActivity, from=android.view.InsetsController.controlAnimationUnchecked:1498 android.view.InsetsController.applyAnimation:2228 android.view.InsetsController.applyAnimation:2159 android.view.InsetsController.show:1340 android.view.InsetsController.show:1255 androidx.compose.ui.platform.coreshims.SoftwareKeyboardControllerCompat$Impl30.show:193 androidx.compose.ui.platform.coreshims.SoftwareKeyboardControllerCompat.show:71 androidx.compose.ui.text.input.InputMethodManagerImpl.showSoftInput:68 androidx.compose.ui.text.input.TextInputServiceAndroid.setKeyboardVisibleImmediately:403 androidx.compose.ui.text.input.TextInputServiceAndroid.processInputCommands:310 
02-03 22:20:32.430  1630  2675 D InputTransport: Input channel constructed: 'ClientS', fd=1182
02-03 22:20:32.430  9475  9475 I InputMethodManager_LC: ris()
02-03 22:20:32.431  9475  9475 I InputMethodManager_LC: ssi(): flags=0 view=com.pricehunt reason=SHOW_SOFT_INPUT_BY_INSETS_API
02-03 22:20:32.431  9475  9475 I InputMethodManager_LC: ssi() view is not EditText
02-03 22:20:32.431  5872  5872 I HBD     : HoneyBoardService onFinishInput 
02-03 22:20:32.431  9475  9475 D InputMethodManager: showSoftInput() view=androidx.compose.ui.platform.AndroidComposeView{1ea5521 VFED..... .F....ID 0,0-840,2289 aid=1073741824} flags=0 reason=SHOW_SOFT_INPUT_BY_INSETS_API
02-03 22:20:32.431  5872  5872 I HBD     : a IC have been unbinding,  RemoteInputConnection{idHash=#8ac61d7}
02-03 22:20:32.431  5872  5872 I HBD     : HoneyBoardService [PF_CL][onFinishInput]  0 ms 
02-03 22:20:32.431  1630  2675 D InputTransport: Input channel destroyed: 'ClientS', fd=1182
02-03 22:20:32.431  9475  9486 D InputTransport: Input channel constructed: 'ClientS', fd=155
02-03 22:20:32.431  5872  5872 I HBD     : HoneyBoardService [IMI] onStartInput - caller pid : 9475 , caller uid : 10418 
02-03 22:20:32.431  5872  5872 I HBD     : t updateConfigs 
02-03 22:20:32.431  5872  5872 I HBD     : t isEnabledNightMode : true 
02-03 22:20:32.431  5872  5872 I HBD     : a IC have been binding, RemoteInputConnection{idHash=#ca78b24} 
02-03 22:20:32.431  5872  5872 I HBD     : g [EditorInputType]setPrivateImeOptionsToTable privateImeOptions ( null )
02-03 22:20:32.431  5872  5872 I HBD     : b incognitoMode : false 
02-03 22:20:32.431  5872  5872 I HBD     : b [CPS]isPredictionOnByLanguage :false, isForceOff : false, isPredictionOn : true , isOnPref : true 
02-03 22:20:32.431  5872  5872 I HBD     : g getDefaultInputRange : UNKNOWN 
02-03 22:20:32.431  5872  5872 I HBD     : g getDefaultInputRange : UNKNOWN 
02-03 22:20:32.431  5872  5872 I HBD     : g getDefaultInputRange : UNKNOWN 
02-03 22:20:32.432  1630  2675 V InputMethodManagerService: startInputOrWindowGainedFocusInternalLocked: reason=APP_CALLED_RESTART_INPUT_API clientState=845801d editorInfo=android.view.inputmethod.EditorInfo@64c3c0c startInputFlags=VIEW_HAS_FOCUS|IS_TEXT_EDITOR softInputMode=STATE_UNSPECIFIED|ADJUST_PAN windowFlags=#81810100 sameWindowFocused=true
02-03 22:20:32.432  5872  5872 I HBD     : b update cached prediction status : true 
02-03 22:20:32.432  1630  2675 D InputMethodManagerService: setWindowStateInner, windowToken=android.os.BinderProxy@f0eb9df, state=ImeTargetWindowState{ imeToken null imeFocusChanged false hasEditorFocused true requestedImeVisible false imeDisplayId 0 softInputModeState STATE_UNSPECIFIED|ADJUST_PAN isStartInputByGainFocus false}
02-03 22:20:32.432  5872  5872 I HBD     : g getDefaultInputRange : UNKNOWN 
02-03 22:20:32.432  1630  2675 D InputMethodManagerService: DESKTOP MODE! : 2
02-03 22:20:32.432  5872  5872 I HBD     : a currentState : 4 
02-03 22:20:32.432  1630  2675 D InputMethodManagerService: NOT IN KNOX DESKTOP MODE!
02-03 22:20:32.432  1630  2675 V InputMethodManagerService: semComputeImeDisplayIdForTarget: displayId=0
02-03 22:20:32.433  5872  5872 I HBD     : g isCoverDisplay : true, cached selected json info : SelectedLanguageInfo(languageVersion=4.1, currentLanguageOrder=0, selectedLanguageList=[SelectedLanguage(id=65555, isUsed=true, engName=English(India), inputType=qwerty, activeOptionList=[auto_spacing], bilingualId=-1, isUsedBilingual=false)]) 
02-03 22:20:32.433  1630  2675 D InputMethodManagerService: isImeSwitcherDisabledPackage : false
02-03 22:20:32.433  5872  5872 I HBD     : a [UpdatePolicy] [post] a: 0 cl: 65555 kit: [0/0] vt: 0 ir: 1 
02-03 22:20:32.433  1630  2675 D InputMethodManagerService: checkDisplayOfStartInputAndUpdateKeyboard: displayId=0, mFocusedDisplayId=0
02-03 22:20:32.433  1630  2675 D InputTransport: Input channel constructed: 'ClientS', fd=1182
02-03 22:20:32.434  1630  2675 D InputTransport: Input channel destroyed: 'ClientS', fd=1182
02-03 22:20:32.434  9475  9490 D InputTransport: Input channel constructed: 'ClientS', fd=161
02-03 22:20:32.434  1630  2675 V InputMethodManagerService: Client requesting input be shown, flags : 0
02-03 22:20:32.434  1630  2675 D InputMethodManagerService: ACCESS_CONTROL_ENABLED = false, ACCESS_CONTROL_KEYBOARD_BLOCK = true
02-03 22:20:32.434  1630  2675 D InputMethodManagerService: setWindowStateInner, windowToken=android.os.BinderProxy@f0eb9df, state=ImeTargetWindowState{ imeToken android.os.Binder@cd7ef6a imeFocusChanged false hasEditorFocused true requestedImeVisible true imeDisplayId 0 softInputModeState STATE_UNSPECIFIED|ADJUST_PAN isStartInputByGainFocus false}
02-03 22:20:32.434  1630  2675 D InputMethodBindingController: bindCurrentInputMethodService: caller=com.android.server.inputmethod.InputMethodBindingController.bindCurrentInputMethodService:20 com.android.server.inputmethod.InputMethodManagerService.showCurrentInputLocked:130 com.android.server.inputmethod.InputMethodManagerService.showSoftInput:150 com.android.server.inputmethod.ZeroJankProxy$$ExternalSyntheticLambda11.get:24 java.util.concurrent.CompletableFuture$AsyncSupply.run:1744 com.android.server.inputmethod.ZeroJankProxy$$ExternalSyntheticLambda13.run:12 android.os.Handler.handleCallback:959 android.os.Handler.dispatchMessage:100 android.os.Looper.loopOnce:257 android.os.Looper.loop:342 
02-03 22:20:32.438  1630  2675 I ActivityManager: Changes in 1010205 7 to 5, 0 to 56
02-03 22:20:32.440  1700  2553 I CameraService: onUidStateChanged: uid=1010205, procState is changed. (7 -> 5)
02-03 22:20:32.440 25715 25737 I dyom    : (REDACTED) appOpsListener %s %s
02-03 22:20:32.440 25715 25737 I dyom    : (REDACTED) Ignoring irrelevant audio permission changes for package %s
02-03 22:20:32.441  1630  2675 I ActivityManager: Changes in 10205 7 to 5, 0 to 127
02-03 22:20:32.441  1630  2675 I ActivityManager: Changes in 10116 7 to 5, 0 to 56
02-03 22:20:32.442  1630  2675 V InputMethodManagerService: Calling com.android.server.inputmethod.IInputMethodInvoker@cb8dc71.showSoftInput(android.os.BinderProxy@f0eb9df, 1, null) for reason: SHOW_SOFT_INPUT_BY_INSETS_API
02-03 22:20:32.443  9475  9475 I InsetsController: setRequestedVisibleTypes: visible=false, mask=ime, host=com.pricehunt/com.pricehunt.presentation.MainActivity, from=android.view.InsetsController.controlAnimationUncheckedInner:1633 android.view.InsetsController.controlAnimationUnchecked:1502 android.view.InsetsController.applyAnimation:2228 android.view.InsetsController.applyAnimation:2159 android.view.InsetsController.show:1340 android.view.InsetsController.show:1255 androidx.compose.ui.platform.coreshims.SoftwareKeyboardControllerCompat$Impl30.show:193 androidx.compose.ui.platform.coreshims.SoftwareKeyboardControllerCompat.show:71 androidx.compose.ui.text.input.InputMethodManagerImpl.showSoftInput:68 androidx.compose.ui.text.input.TextInputServiceAndroid.setKeyboardVisibleImmediately:403 
02-03 22:20:32.443 25715 25737 I dyom    : (REDACTED) appOpsListener %s %s
02-03 22:20:32.443 25715 25737 I dyom    : (REDACTED) Ignoring irrelevant audio permission changes for package %s
02-03 22:20:32.443 25715 25737 I dyom    : (REDACTED) appOpsListener %s %s
02-03 22:20:32.443 25715 25737 I dyom    : (REDACTED) Ignoring irrelevant audio permission changes for package %s
02-03 22:20:32.445  1700 10968 I CameraService: onUidStateChanged: uid=10205, procState is changed. (7 -> 5)
02-03 22:20:32.455  1630  5992 D InputDispatcher: Inject key (9587/2000): action=0, f=0x0, d=-1, time=154534559164016
02-03 22:20:32.455  1630  5992 D SingleKeyGesture: interceptKeyDown, info : KeyCode=KEYCODE_UNKNOWN, size=0
02-03 22:20:32.455  1630  5992 D WindowManager: interceptKeyTq interceptKeyResult=1
02-03 22:20:32.457  6137  6137 I SemDvfsHyPerManager: acquire hyper - TABoost/6137@20, type = -999
02-03 22:20:32.457  1630  2660 I InputDispatcher: Delivering key to (9475): action: 0x0 (0), f=0x0, m=0x0, d=0, '761462c'
02-03 22:20:32.457  1237  1371 I HYPER-HAL: [RequestManager.cpp]releaseLocked(): Released ID : 18957423
02-03 22:20:32.457  1237  1371 I HYPER-HAL: [RequestManager.cpp]acquire(): Acquired ID : 18957423  [6137 / 20]    HINT :      list : [TABoost / 1] [TIMEOUT / 1500] 
02-03 22:20:32.468  1429  1429 W Layer   : gatherBufferInfo: Received unknown dataspace from gralloc
02-03 22:20:32.469  1429  1429 W ComposerExtn: DisplayExtnImpl::SetActiveConfig: HWC Display 3 is not registered!
02-03 22:20:32.473  9475  9475 W RemoteInputConnectionImpl: getExtractedText on inactive InputConnection
02-03 22:20:32.473  5872  5872 I HBD     : a [NRIC] resetNoResponseState 
02-03 22:20:32.474  5872  5872 I HBD     : b update cached prediction status : true 
02-03 22:20:32.474  5872  5872 I HBD     : c [AiWriter] setContact : com.pricehunt
02-03 22:20:32.474  5872  5872 I HBD     : HoneyBoardService [PF_OP][onStartInput]  43 ms 
02-03 22:20:32.474  5872  5872 I HBD     : e resetMotionDetector: reason=onKeyDown 
02-03 22:20:32.474  5872  5872 I HBD     : c skip onKeyDown as physical keyboard not connected 
02-03 22:20:32.474  5872  5872 I HBD     : HoneyBoardService onKeyDown r:21c226e5 consumed:false 0 
02-03 22:20:32.475  5872  5872 I HBD     : HoneyBoardService [IMI] onStartInput - caller pid : 9475 , caller uid : 10418 
02-03 22:20:32.475  5872  5872 I HBD     : t updateConfigs 
02-03 22:20:32.475  5872  5872 I HBD     : t isEnabledNightMode : true 
02-03 22:20:32.475  5872  5872 I HBD     : a IC have been binding, RemoteInputConnection{idHash=#193668d} 
02-03 22:20:32.475  5872  5872 I HBD     : g [EditorInputType]setPrivateImeOptionsToTable privateImeOptions ( null )
02-03 22:20:32.475  5872  5872 I HBD     : b incognitoMode : false 
02-03 22:20:32.475  5872  5872 I HBD     : g getDefaultInputRange : UNKNOWN 
02-03 22:20:32.475  5872  5872 I HBD     : g getDefaultInputRange : UNKNOWN 
02-03 22:20:32.475  5872  5872 I HBD     : g getDefaultInputRange : UNKNOWN 
02-03 22:20:32.476  5872  5872 I HBD     : b update cached prediction status : true 
02-03 22:20:32.476  5872  5872 I HBD     : g getDefaultInputRange : UNKNOWN 
02-03 22:20:32.476  5872  5872 I HBD     : a currentState : 4 
02-03 22:20:32.476  5872  5872 I HBD     : g isCoverDisplay : true, cached selected json info : SelectedLanguageInfo(languageVersion=4.1, currentLanguageOrder=0, selectedLanguageList=[SelectedLanguage(id=65555, isUsed=true, engName=English(India), inputType=qwerty, activeOptionList=[auto_spacing], bilingualId=-1, isUsedBilingual=false)]) 
02-03 22:20:32.476  5872  5872 I HBD     : a [UpdatePolicy] [post] a: 0 cl: 65555 kit: [0/0] vt: 0 ir: 1 
02-03 22:20:32.494  9475  9475 I VRI[MainActivity]@5832a1f: setInTouchMode(false), android.view.ViewRootImpl.checkForLeavingTouchModeAndConsume:10685 android.view.ViewRootImpl.-$$Nest$mcheckForLeavingTouchModeAndConsume:0 android.view.ViewRootImpl$EarlyPostImeInputStage.processKeyEvent:9134 android.view.ViewRootImpl$EarlyPostImeInputStage.onProcess:9118 android.view.ViewRootImpl$InputStage.deliver:8590 android.view.ViewRootImpl$InputStage.onDeliverToNext:8647 android.view.ViewRootImpl$InputStage.forward:8613 android.view.ViewRootImpl$AsyncInputStage.forward:8846 android.view.ViewRootImpl$ImeInputStage.onFinishedInputEvent:9103 android.view.inputmethod.InputMethodManager$PendingEvent.run:5181 
02-03 22:20:32.496  9475  9475 I VRI[MainActivity]@5832a1f: ViewPostIme key 0
02-03 22:20:32.498  1630  5992 D InputDispatcher: Inject key (9587/2000): action=1, f=0x0, d=-1, time=154534559164016
02-03 22:20:32.498  1630  5992 D WindowManager: interceptKeyTq interceptKeyResult=1
02-03 22:20:32.501  1429  1429 W Layer   : gatherBufferInfo: Received unknown dataspace from gralloc
02-03 22:20:32.502  5872  5872 I HBD     : a [NRIC] resetNoResponseState 
02-03 22:20:32.502  5872  5872 I HBD     : b update cached prediction status : true 
02-03 22:20:32.503  5872  5872 I HBD     : HoneyBoardService [PF_OP][onStartInput]  28 ms 
02-03 22:20:32.503  5872  5872 I HBD     : c showInputView requested current = true, applyNow = true 
02-03 22:20:32.503  5872  5872 I InputMethod: showSoftInput(): flags=1
02-03 22:20:32.504  1630  2554 I InputMethodManagerService: isAccessoryKeyboard 0
02-03 22:20:32.504  1630  2660 I InputDispatcher: Delivering key to (9475): action: 0x1 (0), f=0x0, m=0x0, d=0, '761462c'
02-03 22:20:32.504  5872  5872 I HBD     : HoneyBoardService onEvaluateInputViewShown: true 
02-03 22:20:32.505  1630  2554 I InputMethodManagerService: isAccessoryKeyboard 0
02-03 22:20:32.505  5872  5872 I HBD     : HoneyBoardService onEvaluateInputViewShown: true 
02-03 22:20:32.505  5872  5872 I HBD     : HoneyBoardService onStartInputView : restarting=false, client=com.pricehunt, pid=9475 
02-03 22:20:32.505  5872  5872 I HBD     : g [EditorInputType]setPrivateImeOptionsToTable privateImeOptions ( null )
02-03 22:20:32.505  5872  5872 I HBD     : b incognitoMode : false 
02-03 22:20:32.506  5872  7125 I SemDvfsHyPerManager: acquire hyper - SKBD_RE_ENTER_SHOW/5872@1, type = -999
02-03 22:20:32.506  5872  5872 I HBD     : g getDefaultInputRange : UNKNOWN 
02-03 22:20:32.506  5872  5872 I HBD     : g getDefaultInputRange : UNKNOWN 
02-03 22:20:32.506  5872  5872 I HBD     : g getDefaultInputRange : UNKNOWN 
02-03 22:20:32.506  5872  5872 I HBD     : HoneyBoardService onStartInputViewInternal: inputType=0x8001, imeOptions=0x2000003, initialSelStart=0, initialSelEnd=0 
02-03 22:20:32.506  5872  5872 I HBD     : e applyThemesPolicy 
02-03 22:20:32.506  5872  5872 I HBD     : d mIsGalaxyTheme = false mIsDexDesktopDisplay : false IsRequiredDarkTypeTheme = true night mode : true mIsEnabledHighContrast = false mIsOpenThemeForHoneyBoardInstalled = false mIsWallpaperThemeInstalled = false mIsThemeParkTheme = false
02-03 22:20:32.506  5872  5872 I HBD     : a theme : Dark mode and no theme park 
02-03 22:20:32.506  5872  5872 I HBD     : e required dark type theme, isCoverDisplayTheme :  false
02-03 22:20:32.506  5872  5872 I HBD     : e update KeyboardTheme themeIndex : 0x 12000000  theme :  Dark
02-03 22:20:32.506  5872  5872 I HBD     : a set Theme convertedIndex : 4 
02-03 22:20:32.506  5872  5872 I HBD     : a onThemeChanged: currTheme = 4, nextTheme = 4 
02-03 22:20:32.507  5872  5872 I HBD     : e onUpdate: mThemeStyle = 4 
02-03 22:20:32.507  5872  5872 I HBD     : b updatePredictionStatus : 1, editorOpt 
02-03 22:20:32.507  5872  5872 I HBD     : b updateForEditorClass isPredictionOn = true 
02-03 22:20:32.507  1237  1371 I HYPER-HAL: [RequestManager.cpp]acquire(): Acquired ID : 17249002  [5872 / 1]    HINT : KBD_APP_RE_ENTER_VIEW    list : [TIMEOUT / 400] 
02-03 22:20:32.507  5872  7178 I HBD     : E EBD tb start :1 
02-03 22:20:32.507  5872  7178 I HBD     : h [SKE_LM] enable notTaggedWith:emoji
02-03 22:20:32.507  1237  1371 I HYPER-HAL: [ResourceManager.cpp]updateResource(): [CPUMinFreq] UpdateResource Request ID : 17249002    Value : 2265600
02-03 22:20:32.509  5872  7178 I HBD     : h [SKE_LM] enable notTaggedWith:emoji, zh, yue_HK, nan_TW
02-03 22:20:32.509  5872  7178 I HBD     : E EBD tb end :1 
02-03 22:20:32.509  1429  1429 W Layer   : gatherBufferInfo: Received unknown dataspace from gralloc
02-03 22:20:32.510  5872  5872 I HBD     : C [EmojiCandidate] getEmoji from EmojiCore-[0]
02-03 22:20:32.510  5872  5872 I HBD     : Z [SCV] (9) 4 3 10 5 5 7 3 7 1 
02-03 22:20:32.510  5872  5872 I HBD     : E EBD ssu f 1 
02-03 22:20:32.510  5872  5872 I HBD     : a [UpdatePolicy] [post] a: 1 cl: 65555 kit: [0/0] vt: 0 ir: 1 
02-03 22:20:32.510  1630  5998 D KNOX_MDM_SettingsProvider: isChangeAllowed() : name = enabled_input_methods
02-03 22:20:32.510  1429  1429 W ComposerExtn: DisplayExtnImpl::SetActiveConfig: HWC Display 3 is not registered!
02-03 22:20:32.510  1630  5998 D KNOX_MDM_SettingsProvider: edmUri: content://com.sec.knox.provider/RestrictionPolicy3
02-03 22:20:32.510  1630  5998 D KNOX_MDM_SettingsProvider: projectionArgs: isSettingsChangesAllowed
02-03 22:20:32.510  1630  5998 D KNOX_MDM_SettingsProvider: selectionArgs: false
02-03 22:20:32.510  1630  5998 D KNOX_MDM_SettingsProvider: selectionArgs: 10205
02-03 22:20:32.511  1630  5998 D SecContentProvider: query(), uri = 17 selection = isSettingsChangesAllowed
02-03 22:20:32.511  1630  5998 D SecContentProvider: called from android.uid.honeyboard:10205
02-03 22:20:32.511  1630  5998 D RestrictionPolicy: isSettingsChangesAllowedAsUser, userId 0 : true
02-03 22:20:32.511  1630  5998 D KNOX_MDM_SettingsProvider: ret = 1
02-03 22:20:32.511  1630  2680 D KNOX_MDM_SettingsProvider: isChangeAllowed() : name = default_input_method
02-03 22:20:32.511  1630  2680 D KNOX_MDM_SettingsProvider: edmUri: content://com.sec.knox.provider/RestrictionPolicy3
02-03 22:20:32.511  1630  2680 D KNOX_MDM_SettingsProvider: projectionArgs: isSettingsChangesAllowed
02-03 22:20:32.511  1630  2680 D KNOX_MDM_SettingsProvider: selectionArgs: false
02-03 22:20:32.511  1630  2680 D KNOX_MDM_SettingsProvider: selectionArgs: 10205
02-03 22:20:32.511  1630  2680 D SecContentProvider: query(), uri = 17 selection = isSettingsChangesAllowed
02-03 22:20:32.511  1630  2680 D SecContentProvider: called from android.uid.honeyboard:10205
02-03 22:20:32.511  1630  2680 D RestrictionPolicy: isSettingsChangesAllowedAsUser, userId 0 : true
02-03 22:20:32.511  1630  2680 D KNOX_MDM_SettingsProvider: ret = 1
02-03 22:20:32.511  5872  5872 I HBD     : b update cached prediction status : true 
02-03 22:20:32.511  5872  5872 I HBD     : e [SKE_TAM] Changed false
02-03 22:20:32.512  5872  8862 I HBD     : p updated Sub Types. English(India) 
02-03 22:20:32.512  5872  5872 I HBD     : b update cached prediction status : true 
02-03 22:20:32.513  5872  5872 I HBD     : a updateMultiTapTimeValue 
02-03 22:20:32.513  5872  5872 I HBD     : a getMultiTapTimeoutValue 
02-03 22:20:32.513  5872  9598 I HBD     : a [HBIC] requestCursorUpdates 2 
02-03 22:20:32.514  5872  5872 I HBD     : a getSingleVowelMultiTapTimeoutValue 
02-03 22:20:32.514  5872  9595 I HBD     : a refresh(), mParameterMode,  0
02-03 22:20:32.514  5872  9596 I HBD     : a InputMethodSubtype is set as local:en_IN 
02-03 22:20:32.514  5872  9595 I HBD     : a [AiWriter] setContact : com.pricehunt
02-03 22:20:32.514  1630  1630 I InputMethodManagerService: subtype state: oldSubtype = android.view.inputmethod.InputMethodSubtype@10013 newSubtype = android.view.inputmethod.InputMethodSubtype@10013 force = false, intent received : false
02-03 22:20:32.515  5872  5872 I HBD     : a onBind 
02-03 22:20:32.515  5872  5872 I HBD     : b updateConfig: [LanguageItem] English(India) / [KeyboardViewTypeItem] 0 / [KeyboardInputTypeItem] mainType(0), subType(0) / [CurrentLanguageInputTypeItem] mainType(0), subType(0) / [KeyboardInputRangeItem] 1 / [SelectedLanguageItem] 1 / [TextOrNullInputClassItem] true / [NumberKeyFirstLineItem] true / [SpaceRowStyleCmItem] true / [SpaceRowStylePeriodItem] true / [SpaceRowStyleEmailURLPeriodItem] true /  
02-03 22:20:32.515  5872  5872 I HBD     : b updateConfig: [SpaceRowStyleEmailURLDotComItem] true / [SpaceRowStyleEmailURLPeriodItem] true / [SpaceRowStyleJapaneseArrowItem] true / [SpaceRowStyleJapanesePeriodItem] true / [TouchAndHoldSpaceBarTypeItem] cursor_control / [UseContinuousInputItem] true / [UseToolBarItem] true / [VoiceInputTypeItem] 1 / [DensityItem] 2.625 / [DisplayWidthItem] 840 / [DisplayHeightItem] 2289 /  
02-03 22:20:32.515  5872  5872 I HBD     : b updateConfig: [MainTextLabelItem] 1 / [LanguageSwitchingUsingKeyItem] true / [CoverDisplayModeItem] true / [VoiceEnabledItem] true / [PredictionStatusItem] true / [EditorEnterActionItem] -1 /  
02-03 22:20:32.515  5872  5872 I HBD     : f updateKeyboardViewHolder: INVALIDATE 
02-03 22:20:32.517  5872  5872 I HBD     : e [BoardScrapManager] sendBoardScrap 
02-03 22:20:32.517  5872  5872 I HBD     : r0 updateChangedBoard - [LC:false][TC:false][RC:false][RB:false] 
02-03 22:20:32.517  5872  5872 I HBD     : b update cached prediction status : true 
02-03 22:20:32.517  5872  5872 I HBD     : e updateCurrentEngine,  65555 ,  SWIFTKEY
02-03 22:20:32.517  5872  5872 I HBD     : e [SKE_TAM] Changed false
02-03 22:20:32.517  5872  5872 I HBD     : e [SKE_TAM] custom = false , useEngine = true
02-03 22:20:32.517  5872  5872 I HBD     : e [SKE_TAM] Changed false
02-03 22:20:32.517  5872  5872 I HBD     : h [SKE_LM] enable notTaggedWith:emoji, zh, yue_HK, nan_TW
02-03 22:20:32.518  5872  5872 I HBD     : a refresh(), mParameterMode,  0
02-03 22:20:32.518  1429  1429 W Layer   : gatherBufferInfo: Received unknown dataspace from gralloc
02-03 22:20:32.518  5872  5872 I HBD     : c [PF_EN] updateChangedBoard() 1 
02-03 22:20:32.518  5872  5872 I HBD     : k load enIN_0_0_1_0_true_true_true_normal_false_false 0 
02-03 22:20:32.519  5872  5872 I HBD     : a isValid - true. 
02-03 22:20:32.519  5872  5872 I HBD     : c TMST - update statistics 
02-03 22:20:32.519  5872  5872 I HBD     : k load enIN_0_0_1_0_true_true_true_normal_false_false 0 
02-03 22:20:32.519  5872  5872 I HBD     : d [PF_OP][updateKeyboardViewHolder]  4 ms 
02-03 22:20:32.519  1429  1429 W ComposerExtn: DisplayExtnImpl::SetActiveConfig: HWC Display 3 is not registered!
02-03 22:20:32.520  5872  5872 I HBD     : h [PF_OP][onStartInputViewActivate]  0 ms 
02-03 22:20:32.521  5872  5872 I HBD     : MultiModalSwitcher onStartInputView 
02-03 22:20:32.521  5872  5872 I HBD     : a color = [r : 1], [g : 1], [b : 2], [alpha : 255], rgb = -16711422, isDark = true 
02-03 22:20:32.521  2991  2991 D NavigationBarControllerImpl: setNavigationBarShortcut requestClass : com.samsung.android.honeyboard, remoteViews : null, position : 0, priority : 12
02-03 22:20:32.521  2991  2991 D RemoteViewPack: OnSetRemoteView RemoteViewShortcut(requestClass=com.samsung.android.honeyboard, remoteViews=null, position=0, priority=12)
02-03 22:20:32.521  2991  2991 D NavBarStateManager: NavBarStates(0) isGameMode: false
02-03 22:20:32.522  2991  2991 D TaskBarPack: OnSetRemoteView Bundle[{remoteViews=null, priority=12, position=0, requestClass=com.samsung.android.honeyboard}]
02-03 22:20:32.522  2991  2991 D TaskBarDelegate: handleNavigationBarEvent() TaskbarDelegate is not initialized.
02-03 22:20:32.522  2991  2991 D Navbar.Store: ----handleEvent(0) OnUpdateRemoteViewContainer(rotation=0, leftContainer=android.widget.LinearLayout{74d2ce6 I.E...... ......ID 64,0-181,126 #7f0a0625 app:id/left_remoteview}, rightContainer=android.widget.LinearLayout{511dcd4 I.E...... ......I. 659,0-776,126 #7f0a09e0 app:id/right_remoteview}, contextualButtonVisible=false, darkIntensity=0.0, displayId=0) [Module] SamsungNavigationBarView
02-03 22:20:32.522  2991  2991 D Navbar.Store: ------[Band]REMOTE_VIEW_PACK_SET_REMOTEVIEW_CONTAINER
02-03 22:20:32.522  2991  2991 D Navbar.Store: --------apply(0) NavBarStoreAction$UpdateRemoteViewContainer
02-03 22:20:32.522  2991  2991 D Navbar.Store: --------apply(0) NavBarStoreAction$UpdateRemoteViewDarkIntensity
02-03 22:20:32.522  5872  5872 I HBD     : a color = [r : 1], [g : 1], [b : 2], [alpha : 255], rgb = -16711422, isDark = true 
02-03 22:20:32.522  5872  5872 I HBD     : a color = [r : 1], [g : 1], [b : 2], [alpha : 255], rgb = -16711422, isDark = true 
02-03 22:20:32.524  5872  5872 I HBD     : HoneyBoardService [PF_OP][onStartInputView]  19 ms 
02-03 22:20:32.524  1630  5998 D InputMethodManagerService: isImeSwitcherDisabledPackage : false
02-03 22:20:32.524  1630  5998 I InputMethodManagerService: setImeWindowStatus: vis=3, backDisposition=0
02-03 22:20:32.525  1630  9600 I SemInputMotionHelper: setMotionControl: ALL: 11, client=com.samsung.android.hardware.secinputdev.SemInputDeviceManager, ret=-1
02-03 22:20:32.525  1630  9600 D SemInputDeviceManager: setProperty: (100) CMD,SIP,1
02-03 22:20:32.525  5872  5872 I HBD     : HoneyBoardService onWindowShown 
02-03 22:20:32.525  5872  5872 I HBD     : HoneyBoardService [PF_OP][onWindowShown]  0 ms 
02-03 22:20:32.525  1630  9600 I SemInputCommandService: setPropertyAllTouch: SIP,1 retDefault=1 retExtra=1
02-03 22:20:32.525  1630  9600 D TspStateManager: wrote command: cmd=1, type=5
02-03 22:20:32.525  1630  2671 D SemInputDevice:TSP_SUB: SetPropertyTask: CMD,set_sip_mode,1 [02-03 22:20:32.525]
02-03 22:20:32.526  5872  5872 I HBD     : c IIFO[r:90bc8aadb7][type:finish] 
02-03 22:20:32.526  1429  1429 W Layer   : gatherBufferInfo: Received unknown dataspace from gralloc
02-03 22:20:32.526  5872  5872 I HBD     : h [SKE_LM] enable notTaggedWith:emoji
02-03 22:20:32.526  1630  6140 D InputMethodManagerService: notifyUserActivity: canceled, displayId=0
02-03 22:20:32.526  1630  6140 V InputMethodManagerService: applyImeVisibility state=1
02-03 22:20:32.527  1369  1369 I sysinput:Touch: writeInformation:249, OK
02-03 22:20:32.527  1630  9569 D WifiConnectivityMonitor.DnsThread:  [|208]
02-03 22:20:32.527  1630  2671 D SysinputHAL_V1_3(V1_2): runTspCmdNoRead(TSP_SUB(2)): set_sip_mode,1 ret=0
02-03 22:20:32.527  1630  2671 D SemInputDevice:TSP: SetPropertyTask: CMD,set_sip_mode,1 [02-03 22:20:32.525]
02-03 22:20:32.527  1630  2855 D WifiConnectivityMonitor.NetworkStatsAnalyzer: DNS resultType : 0, responseTime : 208
02-03 22:20:32.527  1630  2853 D OpenNetworkQos[4.00]: updateBssidLatestDnsResultType - result: 0
02-03 22:20:32.527  1630  2853 D OpenNetworkQos[4.00]: updateBssidNoInternet: mBssidNoInternet = false
02-03 22:20:32.527  1630  2853 D OpenNetworkQos[4.00]: getOpenNetworkQosNoInternetStatus: false
02-03 22:20:32.527  1630  2853 D OpenNetworkQos[4.00]: getOpenNetworkQosScores: 26 26 23 
02-03 22:20:32.527  1630  2853 D KNOX_MDM_SettingsProvider: isChangeAllowed() : name = wifi_wcm_qos_sharing_score_summary
02-03 22:20:32.528  1630  2853 I WifiProfileShare: network QoS data was changed (internet), updateQoSData networkType: true, qosData: false
02-03 22:20:32.528  5872  5872 I HBD     : h [SKE_LM] enable notTaggedWith:emoji, zh, yue_HK, nan_TW
02-03 22:20:32.528  2991  2991 D NavigationBarControllerImpl: setNavigationBarShortcut requestClass : com.samsung.android.honeyboard, remoteViews : null, position : 0, priority : 12
02-03 22:20:32.528  5872  5872 W HBD     : d1 Engine Sync Finished by onStartInputView, check InputKey timing 
02-03 22:20:32.528  2991  2991 D RemoteViewPack: OnSetRemoteView RemoteViewShortcut(requestClass=com.samsung.android.honeyboard, remoteViews=null, position=0, priority=12)
02-03 22:20:32.528  2991  2991 D NavBarStateManager: NavBarStates(0) isGameMode: false
02-03 22:20:32.528  1369  1369 I sysinput:Touch: writeInformation:249, OK
02-03 22:20:32.528  2991  2991 D TaskBarPack: OnSetRemoteView Bundle[{remoteViews=null, priority=12, position=0, requestClass=com.samsung.android.honeyboard}]
02-03 22:20:32.528  5872  5872 I HBD     : E EBD si t 0 
02-03 22:20:32.528  2991  2991 D TaskBarDelegate: handleNavigationBarEvent() TaskbarDelegate is not initialized.
02-03 22:20:32.528  1630  2671 D SysinputHAL_V1_3(V1_2): runTspCmdNoRead(TSP(1)): set_sip_mode,1 ret=0
02-03 22:20:32.528  2991  2991 D Navbar.Store: ----handleEvent(0) OnUpdateRemoteViewContainer(rotation=0, leftContainer=android.widget.LinearLayout{74d2ce6 I.E...... ......ID 64,0-181,126 #7f0a0625 app:id/left_remoteview}, rightContainer=android.widget.LinearLayout{511dcd4 I.E...... ......I. 659,0-776,126 #7f0a09e0 app:id/right_remoteview}, contextualButtonVisible=false, darkIntensity=0.0, displayId=0) [Module] SamsungNavigationBarView
02-03 22:20:32.528  2991  2991 D Navbar.Store: ------[Band]REMOTE_VIEW_PACK_SET_REMOTEVIEW_CONTAINER
02-03 22:20:32.528  5872  5872 I HBD     : [DirectWriting] DirectWriting emitInputConnection : RemoteInputConnection{idHash=#ca78b24} 
02-03 22:20:32.528  2991  2991 D Navbar.Store: --------apply(0) NavBarStoreAction$UpdateRemoteViewContainer
02-03 22:20:32.528  2991  2991 D Navbar.Store: --------apply(0) NavBarStoreAction$UpdateRemoteViewDarkIntensity
02-03 22:20:32.529  2991  2991 D NavigationBarControllerImpl: setNavigationBarShortcut requestClass : com.samsung.android.honeyboard, remoteViews : android.widget.RemoteViews@6dd1d73, position : 0, priority : 12
02-03 22:20:32.529  2991  2991 D RemoteViewPack: OnSetRemoteView RemoteViewShortcut(requestClass=com.samsung.android.honeyboard, remoteViews=android.widget.RemoteViews@6dd1d73, position=0, priority=12)
02-03 22:20:32.529  1630  6140 D InputMethodManagerService: isImeSwitcherDisabledPackage : false
02-03 22:20:32.529  1630  6140 I InputMethodManagerService: setImeWindowStatus: vis=3, backDisposition=0
02-03 22:20:32.529  1630  4255 V WifiProfileShare.Caster: update wips network, size: 0
02-03 22:20:32.529  1630  4255 D WifiProfileShare: nearby scanning settings run
02-03 22:20:32.529  1630  4255 D WifiProfileShare: network score provider settings enabled
02-03 22:20:32.529  1630  4255 D OpenNetworkQos[4.00]: getOpenNetworkQosScores: 26 26 23 
02-03 22:20:32.529  1630  4255 D OpenNetworkQos[4.00]: getOpenNetworkQosNoInternetStatus: false
02-03 22:20:32.529  1630  4255 I WifiProfileShare.Caster: current network type: 0, score: [26, 26, 23]
02-03 22:20:32.530  1630  4255 V WifiProfileShare.Cache: update network score 78:32:1b:**:**:35
02-03 22:20:32.530  1630  4255 D WifiProfileShare.ScanMatcher: getMcfDataList size:1
02-03 22:20:32.530  1630  4255 I WifiProfileShare.Caster: qos data was updated , before:type:QOS, pBssid:60:45:4d, qosData:7b after:type:QOS, pBssid:60:45:4d, qosData:7b
02-03 22:20:32.530  1630  4255 I [MCFSDK_android_1.2.27006]_4_McfCasterImpl: isNetworkEnabled - type : 1 ret : true
02-03 22:20:32.530  1630  4255 D WifiProfileShare.McfCast: -ME--- mIsNetworkEnabled :true
02-03 22:20:32.530  1630  4255 D WifiProfileShare.McfCast: updateQoSData ignored, same contents
02-03 22:20:32.530  1630  4255 D WifiProfileShare.MCF: success update QosData !
02-03 22:20:32.530  1630  4255 I [MCFSDK_android_1.2.27006]_4_McfCasterImpl: isNetworkEnabled - type : 1 ret : true
02-03 22:20:32.530  1630  4255 D WifiProfileShare.McfCast: -ME--- mIsNetworkEnabled :true
02-03 22:20:32.531  1630  4255 D WifiProfileShare.McfCast: -ME--- updatePasswordDate pwdData size:1
02-03 22:20:32.531  1630  9601 D SemInputDeviceManager: setProperty: (0) CMD,GRIP_DATA,1,14,18,6,1543,18,1943
02-03 22:20:32.531  3245  3245 E SecMetadataEntity: getCache : SUPPORTED_FEATURES key can not get with other key. return only SUPPORTED_FEATURES
02-03 22:20:32.531  1630  9601 D TspStateManager: wrote command: cmd=1,14,18,6,1543,18,1943, type=1
02-03 22:20:32.532  1630  2671 D SemInputDevice:TSP_SUB: SetPropertyTask: CMD,set_grip_data,1,14,18,6,1543,18,1943 [02-03 22:20:32.531]
02-03 22:20:32.532  2991  2991 D NavBarStateManager: NavBarStates(0) isGameMode: false
02-03 22:20:32.532  2991  2991 D TaskBarPack: OnSetRemoteView Bundle[{remoteViews=android.widget.RemoteViews@6dd1d73, priority=12, position=0, requestClass=com.samsung.android.honeyboard}]
02-03 22:20:32.532  2991  2991 D TaskBarDelegate: handleNavigationBarEvent() TaskbarDelegate is not initialized.
02-03 22:20:32.532  2991  2991 D Navbar.Store: ----handleEvent(0) OnUpdateRemoteViewContainer(rotation=0, leftContainer=android.widget.LinearLayout{74d2ce6 V.E...... ......ID 64,0-181,126 #7f0a0625 app:id/left_remoteview}, rightContainer=android.widget.LinearLayout{511dcd4 I.E...... ......I. 659,0-776,126 #7f0a09e0 app:id/right_remoteview}, contextualButtonVisible=false, darkIntensity=0.0, displayId=0) [Module] SamsungNavigationBarView
02-03 22:20:32.532  2991  2991 D Navbar.Store: ------[Band]REMOTE_VIEW_PACK_SET_REMOTEVIEW_CONTAINER
02-03 22:20:32.532  2991  2991 D Navbar.Store: --------apply(0) NavBarStoreAction$UpdateRemoteViewContainer
02-03 22:20:32.532  2991  2991 D Navbar.Store: --------apply(0) NavBarStoreAction$UpdateRemoteViewDarkIntensity
02-03 22:20:32.533  6137  9602 I N0      : limitGPUFreq:: freq = -1
02-03 22:20:32.533  6137  9602 I N0      : limitCPUFreq:: freq = -1
02-03 22:20:32.533  6137  6137 I SemDvfsHyPerManager: acquire hyper - BaseTABoost/6137@19, type = -999
02-03 22:20:32.533  1369  1369 I sysinput:Touch: writeInformation:249, OK
02-03 22:20:32.534  1630  2671 D SysinputHAL_V1_3(V1_2): runTspCmdNoRead(TSP_SUB(2)): set_grip_data,1,14,18,6,1543,18,1943 ret=0
02-03 22:20:32.534  2991  2991 D NavBarStateManager: NavBarStates(0) canUseNavBarBackgroundFrame: true
02-03 22:20:32.534  1429  1429 W Layer   : gatherBufferInfo: Received unknown dataspace from gralloc
02-03 22:20:32.535  1237  1371 I HYPER-HAL: [RequestManager.cpp]releaseLocked(): Released ID : 18859015
02-03 22:20:32.535  1237  1371 I HYPER-HAL: [ResourceManager.cpp]removeResource(): [CPUMaxFreq] RemoveResource Request ID : 18846732
02-03 22:20:32.535  1237  1371 I HYPER-HAL: [RequestManager.cpp]releaseLocked(): Released ID : 18846732
02-03 22:20:32.536  2991  2991 D NavigationBar: setImeWindowStatus displayId=0 vis=3 backDisposition=0 showImeSwitcher=false imeShown=true
02-03 22:20:32.536  2991  2991 D Navbar.Store: handleEvent(0) OnNavBarIconHintChanged(iconHint=3) [Module] NavigationBar
02-03 22:20:32.536  2991  2991 D Navbar.Store: --[Band]SETUPWIZARD_PACK_SET_NAVBAR_ICON_HINT
02-03 22:20:32.536  2991  2991 D Navbar.Store: --[Band]VIS_PACK_REEVAULATE_NAVBAR
02-03 22:20:32.536  1237  1371 I HYPER-HAL: [RequestManager.cpp]acquire(): Acquired ID : 18951265  [6137 / 19]    HINT :      list : [TABoost / 1] 
02-03 22:20:32.536  2991  2991 D Navbar.Store: ----apply(0) NavBarStoreAction$ReevaluateNavBar
02-03 22:20:32.536  2991  2991 D Navbar.Store: ----handleEvent(0) OnUpdateRemoteViewContainer(rotation=0, leftContainer=android.widget.LinearLayout{74d2ce6 V.E...... ........ 64,0-181,126 #7f0a0625 app:id/left_remoteview}, rightContainer=android.widget.LinearLayout{511dcd4 I.E...... ......I. 659,0-776,126 #7f0a09e0 app:id/right_remoteview}, contextualButtonVisible=false, darkIntensity=0.0, displayId=0) [Module] SamsungNavigationBarView
02-03 22:20:32.536  2991  2991 D Navbar.Store: ------[Band]REMOTE_VIEW_PACK_SET_REMOTEVIEW_CONTAINER
02-03 22:20:32.536  2991  2991 D Navbar.Store: --------apply(0) NavBarStoreAction$UpdateRemoteViewContainer
02-03 22:20:32.537  2991  2991 D Navbar.Store: --------apply(0) NavBarStoreAction$UpdateRemoteViewDarkIntensity
02-03 22:20:32.537  2991  2991 D NavBarView: disableBack=false (useAltBack=true, handlingGestures=true, disabledFlagBack=false, isBottomGesture=false, isImeRenderingNavButtons=false)
02-03 22:20:32.538  2991  2991 D Navbar.Store: handleEvent(0) OnSetGestureHintVisibility(recentVisible=true, homeVisible=true, backVisible=true) [Module] SamsungNavigationBarView
02-03 22:20:32.538  2991  2991 D Navbar.Store: --[Band]GESTURE_PACK_SET_HINT_VISIBILITY
02-03 22:20:32.538  2991  2991 D Navbar.Store: --[Band] (afterAction) GESTURE_PACK_SET_HINT_VISIBILITY
02-03 22:20:32.538  2991  2991 D Navbar.Store: ----apply(0) NavBarStoreAction$UpdateGestureHintVisibility
02-03 22:20:32.538  2991  2991 D NavBarStateManager: NavBarStates(0) canShowGestureHint: true
02-03 22:20:32.538  2991  2991 D NavBarStateManager: NavBarStates(0) supportLargeCoverScreenNavBar: false
02-03 22:20:32.538  2991  2991 D NavBarStateManager: NavBarStates(0) canShowKeyboardButtonForRotation(0): true
02-03 22:20:32.538  2991  2991 D Navbar.Store: handleEvent(0) OnUpdateSysUiStateFlag(noArguments=true) [Module] SamsungNavigationBarView
02-03 22:20:32.538  2991  2991 D Navbar.Store: --[Band]GESTURE_PACK_UPDATE_SYSTEMUI_STATE_FLAG
02-03 22:20:32.538  2991  2991 D Navbar.Store: --[Band] (afterAction) GESTURE_PACK_UPDATE_SYSTEMUI_STATE_FLAG
02-03 22:20:32.538  2991  2991 D NavBarStateManager: NavBarStates(0) isGameMode: false
02-03 22:20:32.538  2991  2991 D Navbar.Store: ----apply(0) NavBarStoreAction$UpdateSysUiFlags
02-03 22:20:32.538  2991  2991 D Navbar.Store: ----set 274877906944 : false
02-03 22:20:32.538  2991  2991 D Navbar.Store: ----set 17179869184 : false
02-03 22:20:32.538  2991  2991 D SysUiState: SysUiState changed: old=0x10020000 new=0x10060000
02-03 22:20:32.538  2991  2991 D FlexPanelStartController: startFloatingIcon: extra=display_floating_icon_clear
02-03 22:20:32.539  3474  3988 I HoneySpace.SystemUiRepository: systemUiFlags: allow_gesture|ime_visible|awake
02-03 22:20:32.539  3474  3647 I HoneySpace.TaskbarEventTracker: invokeEvent() called with: event = SystemUiStateChanged(stateFlags=268828672)
02-03 22:20:32.539  3474  3474 I HoneySpace.TaskbarVisibilityController: updateTaskbarEvent needToHide:true stateFlags:268828672,keyguardShowing:false, quickPanelVisibilityChanged:false
02-03 22:20:32.539  1630  6140 D KNOX_MDM_SettingsProvider: isChangeAllowed() : name = task_bar_current_size
02-03 22:20:32.539  1630  6140 D KNOX_MDM_SettingsProvider: edmUri: content://com.sec.knox.provider/RestrictionPolicy3
02-03 22:20:32.539  1630  6140 D KNOX_MDM_SettingsProvider: projectionArgs: isSettingsChangesAllowed
02-03 22:20:32.539  1630  6140 D KNOX_MDM_SettingsProvider: selectionArgs: false
02-03 22:20:32.539  1630  6140 D KNOX_MDM_SettingsProvider: selectionArgs: 10143
02-03 22:20:32.540  3474  6650 I HoneySpace.TaskbarVisibilityController: updateVisibility(0) isDock:false occlude:true needToHide:true hideFlag:true forceMinusOnePage:false launcher:false recent:false minus:false homePackage:false AppPicker:false :: state 0 -> 0
02-03 22:20:32.540  1630  6140 D SecContentProvider: query(), uri = 17 selection = isSettingsChangesAllowed
02-03 22:20:32.540  1630  6140 D SecContentProvider: called from com.sec.android.app.launcher
02-03 22:20:32.540  1630  6140 D RestrictionPolicy: isSettingsChangesAllowedAsUser, userId 0 : true
02-03 22:20:32.540  1630  6140 D KNOX_MDM_SettingsProvider: ret = 1
02-03 22:20:32.541  2991  2991 D NavBarStateManager: NavBarStates(0) canUseNavBarBackgroundFrame: true
02-03 22:20:32.542  1429  1429 W Layer   : gatherBufferInfo: Received unknown dataspace from gralloc
02-03 22:20:32.543  1429  1429 W Layer   : gatherBufferInfo: Received unknown dataspace from gralloc
02-03 22:20:32.543  2991  2991 I ControlPanelService: startId : 8834
02-03 22:20:32.543  2991  2991 D NavigationBarControllerImpl: setNavigationBarShortcut requestClass : com.android.wm.shell.controlpanel.activity.FlexPanelActivity, remoteViews : null, position : 0, priority : 11
02-03 22:20:32.543  2991  2991 D RemoteViewPack: OnSetRemoteView RemoteViewShortcut(requestClass=com.android.wm.shell.controlpanel.activity.FlexPanelActivity, remoteViews=null, position=0, priority=11)
02-03 22:20:32.543  2991  2991 D NavBarStateManager: NavBarStates(0) isGameMode: false
02-03 22:20:32.543  2991  2991 D TaskBarPack: OnSetRemoteView Bundle[{remoteViews=null, priority=11, position=0, requestClass=com.android.wm.shell.controlpanel.activity.FlexPanelActivity}]
02-03 22:20:32.543  2991  2991 D TaskBarDelegate: handleNavigationBarEvent() TaskbarDelegate is not initialized.
02-03 22:20:32.544  1429  1429 W ComposerExtn: DisplayExtnImpl::SetActiveConfig: HWC Display 3 is not registered!
02-03 22:20:32.544  2991  2991 D Navbar.Store: ----handleEvent(0) OnUpdateRemoteViewContainer(rotation=0, leftContainer=android.widget.LinearLayout{74d2ce6 V.E...... ........ 64,0-181,126 #7f0a0625 app:id/left_remoteview}, rightContainer=android.widget.LinearLayout{511dcd4 I.E...... ......I. 659,0-776,126 #7f0a09e0 app:id/right_remoteview}, contextualButtonVisible=false, darkIntensity=0.0, displayId=0) [Module] SamsungNavigationBarView
02-03 22:20:32.544  2991  2991 D Navbar.Store: ------[Band]REMOTE_VIEW_PACK_SET_REMOTEVIEW_CONTAINER
02-03 22:20:32.544  2991  2991 D Navbar.Store: --------apply(0) NavBarStoreAction$UpdateRemoteViewContainer
02-03 22:20:32.544  2991  2991 D Navbar.Store: --------apply(0) NavBarStoreAction$UpdateRemoteViewDarkIntensity
02-03 22:20:32.544  1630  2680 V WindowManager: Relayout Window{431914a u0 TaskbarWindow}: viewVisibility=0 req=1768x168 ty=2024 d0
02-03 22:20:32.546  1630  2680 V WindowManager: Relayout hash=431914a, pid=3474, syncId=-1: mAttrs={(0,0)(fillx168) gr=BOTTOM CENTER_VERTICAL sim={adjust=nothing} layoutInDisplayCutoutMode=always ty=NAVIGATION_BAR_PANEL fmt=TRANSLUCENT
02-03 22:20:32.546  1630  2680 V WindowManager:   fl=21840008
02-03 22:20:32.546  1630  2680 V WindowManager:   pfl=90001040
02-03 22:20:32.546  1630  2680 V WindowManager:   bhv=1
02-03 22:20:32.546  1630  2680 V WindowManager:   providedInsets:
02-03 22:20:32.546  1630  2680 V WindowManager:     InsetsFrameProvider: {id=#4df90001, index=0, type=navigationBars, source=FRAME, flags=[], insetsSize=Insets{left=0, top=0, right=0, bottom=168}, insetsSizeOverrides=[TypedInsetsSize: {windowType=INPUT_METHOD, insetsSize=Insets{left=0, top=0, right=0, bottom=168}}]}
02-03 22:20:32.546  1630  2680 V WindowManager:     InsetsFrameProvider: {id=#4df90006, index=0, type=tappableElement, source=FRAME, flags=[], insetsSize=Insets{left=0, top=0, right=0, bottom=168}, insetsSizeOverrides=[TypedInsetsSize: {windowType=INPUT_METHOD, insetsSize=Insets{left=0, top=0, right=0, bottom=168}}]}
02-03 22:20:32.546  1630  2680 V WindowManager:     InsetsFrameProvider: {id=#4df90005, index=0, type=mandatorySystemGestures, source=FRAME, flags=[], insetsSize=Insets{left=0, top=0, right=0, bottom=168}}
02-03 22:20:32.546  1630  2680 V WindowManager:     InsetsFrameProvider: {id=#4df90004, index=0, type=systemGestures, source=DISPLAY, flags=[], insetsSize=Insets{left=78, top=0, right=0, bottom=0}, mMinimalInsetsSizeInDisplayCutoutSafe=Insets{left=78, top=0, right=0, bottom=0}}
02-03 22:20:32.546  1630  2680 V WindowManager:     InsetsFrameProvider: {id=#4df90024, index=1, type=systemGestures, source=DISPLAY, flags=[], insetsSize=Insets{left=0, top=0, right=78, bottom=0}, mMinimalInsetsSizeInDisplayCutoutSafe=Insets{left=0, top=0, right=78, bottom=0}}
