02-03 21:38:40.475  1630  2061 I ActivityManager: Changes in 10111 5 to 15, 16 to 0
02-03 21:38:40.490  1429  1429 W Layer   : gatherBufferInfo: Received unknown dataspace from gralloc
02-03 21:38:40.507  1429  1429 W Layer   : gatherBufferInfo: Received unknown dataspace from gralloc
02-03 21:38:40.524  1429  1429 W Layer   : gatherBufferInfo: Received unknown dataspace from gralloc
02-03 21:38:40.540  2991  2991 D Bubbles : onEntryUpdated : shouldBubbleUp=false ,key=-1|com.android.systemui|2131363875|charging_state|10051
02-03 21:38:40.540  1630  1630 I Telecom : SamsungTelecomServiceImpl : isInManagedCall - callingPackage : android / callingUser : UserHandle{0} / hasCrossUserAccess : true
02-03 21:38:40.540  2991  2991 D InterruptionStateProvider:  no Heads up : edgelighting enabled app. -1|com.android.systemui|2131363875|charging_state|10051
02-03 21:38:40.541  2991  2991 D InsignificantCoordinator: onEntryUpdated :-1|com.android.systemui|2131363875|charging_state|10051 flags: 200000 updateSummary entrySize:1
02-03 21:38:40.541  1429  1429 W Layer   : gatherBufferInfo: Received unknown dataspace from gralloc
02-03 21:38:40.541  2991  2991 D InsignificantCoordinator: update summary with firstEntry : -1|com.android.systemui|2131363875|charging_state|10051 size: 1
02-03 21:38:40.542  2991  2991 I NotificationManager: com.android.systemui: notify(123, INSIGNIFICANT, Notification(channel=INSIGNIFICANT shortcut=null contentView=null vibrate=null sound=null defaults=0 flags=0 color=0x00000000 groupKey=INSIGNIFICANT vis=PUBLIC semFlags=0x0 semPriority=0 semMissedCount=0)) as user
02-03 21:38:40.544  1630  1630 D NotificationManagerService$NotificationListeners: skip send NotificationListenerService - isn't visible, ManagedServiceInfo = ManagedServiceInfo[component=ComponentInfo{com.google.android.ext.services/android.ext.services.notification.Assistant},userid=150,isSystem=false,targetSdkVersion=36,connection=<connection>,service=android.service.notification.INotificationListener$Stub$Proxy@d8bca30]
02-03 21:38:40.544  1630  1630 D NotificationService: isVisibleToListenerForLog() notiType = 4, sbn = StatusBarNotification(pkg=com.android.systemui user=UserHandle{0} id=123 tag=INSIGNIFICANT key=0|com.android.systemui|123|INSIGNIFICANT|10051: Notification(channel=INSIGNIFICANT shortcut=null contentView=null vibrate=null sound=null defaults=0 flags=0 color=0x00000000 groupKey=INSIGNIFICANT vis=PUBLIC semFlags=0x0 semPriority=0 semMissedCount=0))
02-03 21:38:40.544  1630  1630 D NotificationService: isInteractionVisibleToListener is false,   UserId = 0
02-03 21:38:40.544  1630  1630 D NotificationService: isVisibleToListenerForLog() notiType = 4, sbn = StatusBarNotification(pkg=com.android.systemui user=UserHandle{0} id=123 tag=INSIGNIFICANT key=0|com.android.systemui|123|INSIGNIFICANT|10051: Notification(channel=INSIGNIFICANT shortcut=null contentView=null vibrate=null sound=null defaults=0 flags=0 color=0x00000000 groupKey=INSIGNIFICANT vis=PUBLIC semFlags=0x0 semPriority=0 semMissedCount=0))
02-03 21:38:40.544  1630  1630 D NotificationService: isInteractionVisibleToListener is false,   UserId = 0
02-03 21:38:40.544  1630  1630 D NotificationManagerService$NotificationListeners: skip send NotificationListenerService - isn't visible, ManagedServiceInfo = ManagedServiceInfo[component=ComponentInfo{com.google.android.ext.services/android.ext.services.notification.Assistant},userid=10,isSystem=false,targetSdkVersion=36,connection=<connection>,service=android.service.notification.INotificationListener$Stub$Proxy@f31020c]
02-03 21:38:40.544  1630  1630 D NotificationService: isVisibleToListenerForLog() notiType = 4, sbn = StatusBarNotification(pkg=com.android.systemui user=UserHandle{0} id=123 tag=INSIGNIFICANT key=0|com.android.systemui|123|INSIGNIFICANT|10051: Notification(channel=INSIGNIFICANT shortcut=null contentView=null vibrate=null sound=null defaults=0 flags=0 color=0x00000000 groupKey=INSIGNIFICANT vis=PUBLIC semFlags=0x0 semPriority=0 semMissedCount=0))
02-03 21:38:40.544  1630  1630 D NotificationService: isInteractionVisibleToListener is false,   UserId = 0
02-03 21:38:40.544  1630  1630 D NotificationService: isVisibleToListenerForLog() notiType = 4, sbn = StatusBarNotification(pkg=com.android.systemui user=UserHandle{0} id=123 tag=INSIGNIFICANT key=0|com.android.systemui|123|INSIGNIFICANT|10051: Notification(channel=INSIGNIFICANT shortcut=null contentView=null vibrate=null sound=null defaults=0 flags=0 color=0x00000000 groupKey=INSIGNIFICANT vis=PUBLIC semFlags=0x0 semPriority=0 semMissedCount=0))
02-03 21:38:40.544  1630  1630 D NotificationService: isInteractionVisibleToListener is false,   UserId = 0
02-03 21:38:40.549  6784  6784 I NeoBean_NotificationListener: onNotificationPosted()::sbn.getPackageName() = com.android.systemui
02-03 21:38:40.549  6784  6784 I NeoBean_Util: isEmulator() : false
02-03 21:38:40.549  6784  6784 I NeoBean_NotificationListener: sendAudioNotification()
02-03 21:38:40.549  6784  6784 I NeoBean_NotificationListener: uid = 0
02-03 21:38:40.549  6784  6784 I NeoBean_NotificationListener: Usage = 5
02-03 21:38:40.549  6784  6784 I NeoBean_NotificationUtil: noti.sound :null
02-03 21:38:40.549  6784  6784 I NeoBean_NotificationUtil: noti.vibrate :null true
02-03 21:38:40.549  6784  6784 I NeoBean_NotificationUtil: noti.defaults :0
02-03 21:38:40.549  6784  6784 I NeoBean_NotificationUtil: noti.ledARGB :0
02-03 21:38:40.549  6784  6784 I NeoBean_NotificationUtil: noti.ledOffMS :0
02-03 21:38:40.549  6784  6784 I NeoBean_NotificationUtil: noti.ledOnMS :0
02-03 21:38:40.549  6784  6784 I NeoBean_NotificationUtil: isAlertNeed1 :false
02-03 21:38:40.549  6784  6784 I NeoBean_NotificationUtil: noti.sound :content://settings/system/notification_sound
02-03 21:38:40.549  6784  6784 I NeoBean_NotificationUtil: noti.vibe :false
02-03 21:38:40.549  6784  6784 I NeoBean_NotificationUtil: noti.importanceVal :2
02-03 21:38:40.549  6784  6784 I NeoBean_NotificationUtil: noti.isGrouping :false
02-03 21:38:40.550  6784  6784 W System.err: java.lang.NullPointerException: Attempt to invoke virtual method 'boolean android.app.Notification$BubbleMetadata.isNotificationSuppressed()' on a null object reference
02-03 21:38:40.550  6784  6784 W System.err: 	at V6.b.s(SourceFile:1)
02-03 21:38:40.550  6784  6784 W System.err: 	at r2.c.run(SourceFile:668)
02-03 21:38:40.550  6784  6784 W System.err: 	at android.os.Handler.handleCallback(Handler.java:959)
02-03 21:38:40.550  6784  6784 W System.err: 	at android.os.Handler.dispatchMessage(Handler.java:100)
02-03 21:38:40.550  6784  6784 W System.err: 	at android.os.Looper.loopOnce(Looper.java:257)
02-03 21:38:40.550  6784  6784 W System.err: 	at android.os.Looper.loop(Looper.java:342)
02-03 21:38:40.550  6784  6784 W System.err: 	at android.app.ActivityThread.main(ActivityThread.java:9634)
02-03 21:38:40.550  6784  6784 W System.err: 	at java.lang.reflect.Method.invoke(Native Method)
02-03 21:38:40.550  6784  6784 W System.err: 	at com.android.internal.os.RuntimeInit$MethodAndArgsCaller.run(RuntimeInit.java:619)
02-03 21:38:40.550  6784  6784 W System.err: 	at com.android.internal.os.ZygoteInit.main(ZygoteInit.java:929)
02-03 21:38:40.550  6784  6784 I NeoBean_NotificationUtil: isAlertNeed2 :false
02-03 21:38:40.551  3474  8340 I HoneySpace.NotificationListener: onNotificationPosted com.android.systemui: 0|com.android.systemui|123|INSIGNIFICANT|10051: 0
02-03 21:38:40.551  3474  8340 I HoneySpace.BadgeDataSourceImpl: Get notification count. PK(p='com.android.systemui', u=UserHandle{0}) - forceBadgeCount: false, notification listener: 1, badge provider: 0
02-03 21:38:40.552  3474 30630 I HoneySpace.BadgeDataSourceImpl: Get notification count. PK(p='com.google.android.apps.photos', u=UserHandle{0}) - forceBadgeCount: false, notification listener: 1, badge provider: 0
02-03 21:38:40.552  3474 30608 I HoneySpace.BadgeDataSourceImpl: Get notification count. PK(p='com.google.android.apps.photos', u=UserHandle{0}) - forceBadgeCount: false, notification listener: 1, badge provider: 0
02-03 21:38:40.557  1429  1429 W Layer   : gatherBufferInfo: Received unknown dataspace from gralloc
02-03 21:38:40.560 31979  5483 I okhttp.OkHttpClient: <-- 200 https://pricehunt-hklm.onrender.com/api/smart-search (690ms, unknown-length body)
02-03 21:38:40.562  2991  2991 D InterruptionStateProvider:  no Heads up : edgelighting enabled app. -1|com.android.systemui|2131363875|charging_state|10051
02-03 21:38:40.563 31979 31979 I System.out:  Per-platform AI: Flipkart - success in 699ms (aiPowered=false, 0/3 kept, 3 filtered)
02-03 21:38:40.563 31979 31979 I System.out:  AI returned 0 items for Flipkart; keeping raw results
02-03 21:38:40.564 31979 31979 I System.out:  Best Deal Search: 'banana fresh'  Primary keyword: 'banana'
02-03 21:38:40.568 31979 31979 I System.out:  Relevance: HIGH=3, MEDIUM=6, LOW=1
02-03 21:38:40.568 31979 31979 I System.out:    HIGH [20]: Rare Variety/Elakki/Yellow Sweet Fruit B = 140.0
02-03 21:38:40.568 31979 31979 I System.out:    HIGH [50]: Banana Plant - Musa Velutin, Banana G-9, = 299.0
02-03 21:38:40.568 31979 31979 I System.out:    HIGH [30]: Haldiram's Yellow Banana Chips (Pack of  = 450.0
02-03 21:38:40.568 31979 31979 I System.out:    MED [10]: Fresh, 0 mg = 34.0
02-03 21:38:40.568 31979 31979 I System.out:    MED [10]: Fresh, 0 mg = 40.0
02-03 21:38:40.568 31979 31979 I System.out:    MED [10]: Fresh, 0 mg = 53.0
02-03 21:38:40.568 31979 31979 I System.out:    LOW [-40]: Bansiram Namkeen Mari Kela Wafers Stande = 209.0
02-03 21:38:40.569 31979 31979 I System.out: SearchIntelligence:  Banana Plant - Musa Velutin, B  1.0/m
02-03 21:38:40.569 31979 31979 I System.out: SearchIntelligence:  Haldiram's Yellow Banana Chips  75.0/pack
02-03 21:38:40.569 31979 31979 I System.out:    Per-unit comparison: 2 products have calculable unit price
02-03 21:38:40.569 31979 31979 I System.out:      Banana Plant - Musa Velutin, Banana = 299.0 (1.0/m)
02-03 21:38:40.569 31979 31979 I System.out:      Haldiram's Yellow Banana Chips (Pac = 450.0 (75/pack)
02-03 21:38:40.569 31979 31979 I System.out:    Raw cheapest: Rare Variety/Elakki/Yellow Sweet Fruit B (per-unit best too expensive)
02-03 21:38:40.570 31979 31979 I System.out:  Best Deal: Rare Variety/Elakki/Yellow Sweet Fruit Banana Live = 140.0
02-03 21:38:40.573  2991  2991 I LockscreenNotificationIconsOnlyController: onNotificationInfoUpdated 21
02-03 21:38:40.574  1429  1429 W Layer   : gatherBufferInfo: Received unknown dataspace from gralloc
02-03 21:38:40.576  2991  2991 I AODNotificationManager: updateNotification() 
02-03 21:38:40.579  1630  2680 I BatteryService_BatteryPropertiesRegistrar: [getProperty]id:4
02-03 21:38:40.579  1630  2680 I BatteryService_BatteryPropertiesRegistrar: [getProperty]prop.long:-9223372036854775808 ,prop.string:null
02-03 21:38:40.580  1630  2680 I BatteryService_BatteryPropertiesRegistrar: [getProperty]id:1
02-03 21:38:40.581  1630  2680 I BatteryService_BatteryPropertiesRegistrar: [getProperty]prop.long:-9223372036854775808 ,prop.string:null
02-03 21:38:40.581  2991  3535 D LocalImageResolver: Couldn't use ImageDecoder for drawable, falling back to non-resized load.
02-03 21:38:40.582  1630  2680 I BatteryService_BatteryPropertiesRegistrar: [getProperty]id:3
02-03 21:38:40.582  1630  2680 I BatteryService_BatteryPropertiesRegistrar: [getProperty]prop.long:-9223372036854775808 ,prop.string:null
02-03 21:38:40.583  2991  3535 D LocalImageResolver: Couldn't use ImageDecoder for drawable, falling back to non-resized load.
02-03 21:38:40.584  2991  2991 D LocalImageResolver: Couldn't use ImageDecoder for drawable, falling back to non-resized load.
02-03 21:38:40.590  1429  1429 W Layer   : gatherBufferInfo: Received unknown dataspace from gralloc
02-03 21:38:40.591  1429  1429 W Layer   : gatherBufferInfo: Received unknown dataspace from gralloc
02-03 21:38:40.596 32101   528 I .gms.persistent: Explicit concurrent copying GC freed 30MB AllocSpace bytes, 35(956KB) LOS objects, 66% free, 23MB/69MB, paused 262us,36us total 99.856ms
02-03 21:38:40.600  2991  2991 D LocalImageResolver: Couldn't use ImageDecoder for drawable, falling back to non-resized load.
02-03 21:38:40.601 32101 32106 I BpBinder: onLastStrongRef automatically unlinking death recipients: 
02-03 21:38:40.602 32101 32107 D BluetoothSocket: close() this: XX:XX:XX:XX:00:00, channel: 7, mSocketIS: android.net.LocalSocketImpl$SocketInputStream@ef2109, mSocketOS: android.net.LocalSocketImpl$SocketOutputStream@7d7ff0e, mSocket: null, mSocketState: CLOSED
02-03 21:38:40.603 32101 32107 W .gms.persistent: ApkAssets: Deleting an ApkAssets object '<empty> and /data/app/~~YjKUXUsFsJi0QkRxFAKffQ==/com.facebook.services-x7zYGbAp2r4KLDxAYR5_fw==/base.apk' with 1 weak references
02-03 21:38:40.613  2991  2991 I LockscreenNotificationIconsOnlyController: onNotificationInfoUpdated 21
02-03 21:38:40.616  2991  2991 I AODNotificationManager: updateNotification() 
02-03 21:38:40.624  1429  1429 W Layer   : gatherBufferInfo: Received unknown dataspace from gralloc
02-03 21:38:40.624  1429  1429 W Layer   : gatherBufferInfo: Received unknown dataspace from gralloc
02-03 21:38:40.641  1429  1429 W Layer   : gatherBufferInfo: Received unknown dataspace from gralloc
02-03 21:38:40.653  1630  2851 D SemWifiSwitchForIndividualAppsService: isSkipTcpMonitorInfo - result:1
02-03 21:38:40.658  1429  1429 W Layer   : gatherBufferInfo: Received unknown dataspace from gralloc
02-03 21:38:40.675  1429  1429 W Layer   : gatherBufferInfo: Received unknown dataspace from gralloc
02-03 21:38:40.691  1429  1429 W Layer   : gatherBufferInfo: Received unknown dataspace from gralloc
02-03 21:38:40.708  1429  1429 W Layer   : gatherBufferInfo: Received unknown dataspace from gralloc
02-03 21:38:40.712  1630  2890 D NetdEventListenerService: DNS Requested by 491, 10418(com.pricehunt), SUCCESS, 53ms
02-03 21:38:40.725  1429  1429 W Layer   : gatherBufferInfo: Received unknown dataspace from gralloc
02-03 21:38:40.741  1429  1429 W Layer   : gatherBufferInfo: Received unknown dataspace from gralloc
02-03 21:38:40.751  1630  1630 I Telecom : SamsungTelecomServiceImpl : isInManagedCall - callingPackage : android / callingUser : UserHandle{0} / hasCrossUserAccess : true
02-03 21:38:40.756  1630  1630 D NotificationManagerService$NotificationListeners: skip send NotificationListenerService - isn't visible, ManagedServiceInfo = ManagedServiceInfo[component=ComponentInfo{com.google.android.ext.services/android.ext.services.notification.Assistant},userid=150,isSystem=false,targetSdkVersion=36,connection=<connection>,service=android.service.notification.INotificationListener$Stub$Proxy@d8bca30]
02-03 21:38:40.757  1630  1630 D NotificationService: isVisibleToListenerForLog() notiType = 4, sbn = StatusBarNotification(pkg=com.android.systemui user=UserHandle{0} id=123 tag=INSIGNIFICANT key=0|com.android.systemui|123|INSIGNIFICANT|10051: Notification(channel=INSIGNIFICANT shortcut=null contentView=null vibrate=null sound=null defaults=0 flags=0 color=0x00000000 groupKey=INSIGNIFICANT vis=PUBLIC semFlags=0x0 semPriority=0 semMissedCount=0))
02-03 21:38:40.757  1630  1630 D NotificationService: isInteractionVisibleToListener is false,   UserId = 0
02-03 21:38:40.757  1630  1630 D NotificationService: isVisibleToListenerForLog() notiType = 4, sbn = StatusBarNotification(pkg=com.android.systemui user=UserHandle{0} id=123 tag=INSIGNIFICANT key=0|com.android.systemui|123|INSIGNIFICANT|10051: Notification(channel=INSIGNIFICANT shortcut=null contentView=null vibrate=null sound=null defaults=0 flags=0 color=0x00000000 groupKey=INSIGNIFICANT vis=PUBLIC semFlags=0x0 semPriority=0 semMissedCount=0))
02-03 21:38:40.757  1630  1630 D NotificationService: isInteractionVisibleToListener is false,   UserId = 0
02-03 21:38:40.757  1630  1630 D NotificationManagerService$NotificationListeners: skip send NotificationListenerService - isn't visible, ManagedServiceInfo = ManagedServiceInfo[component=ComponentInfo{com.google.android.ext.services/android.ext.services.notification.Assistant},userid=10,isSystem=false,targetSdkVersion=36,connection=<connection>,service=android.service.notification.INotificationListener$Stub$Proxy@f31020c]
02-03 21:38:40.757  1630  1630 D NotificationService: isVisibleToListenerForLog() notiType = 4, sbn = StatusBarNotification(pkg=com.android.systemui user=UserHandle{0} id=123 tag=INSIGNIFICANT key=0|com.android.systemui|123|INSIGNIFICANT|10051: Notification(channel=INSIGNIFICANT shortcut=null contentView=null vibrate=null sound=null defaults=0 flags=0 color=0x00000000 groupKey=INSIGNIFICANT vis=PUBLIC semFlags=0x0 semPriority=0 semMissedCount=0))
02-03 21:38:40.757  1630  1630 D NotificationService: isInteractionVisibleToListener is false,   UserId = 0
02-03 21:38:40.757  1630  1630 D NotificationService: isVisibleToListenerForLog() notiType = 4, sbn = StatusBarNotification(pkg=com.android.systemui user=UserHandle{0} id=123 tag=INSIGNIFICANT key=0|com.android.systemui|123|INSIGNIFICANT|10051: Notification(channel=INSIGNIFICANT shortcut=null contentView=null vibrate=null sound=null defaults=0 flags=0 color=0x00000000 groupKey=INSIGNIFICANT vis=PUBLIC semFlags=0x0 semPriority=0 semMissedCount=0))
02-03 21:38:40.757  1630  1630 D NotificationService: isInteractionVisibleToListener is false,   UserId = 0
02-03 21:38:40.758  1429  1429 W Layer   : gatherBufferInfo: Received unknown dataspace from gralloc
02-03 21:38:40.765  6784  6784 I NeoBean_NotificationListener: onNotificationPosted()::sbn.getPackageName() = com.android.systemui
02-03 21:38:40.765  6784  6784 I NeoBean_Util: isEmulator() : false
02-03 21:38:40.765  6784  6784 I NeoBean_NotificationListener: sendAudioNotification()
02-03 21:38:40.765  6784  6784 I NeoBean_NotificationListener: uid = 0
02-03 21:38:40.765  6784  6784 I NeoBean_NotificationListener: Usage = 5
02-03 21:38:40.765  6784  6784 I NeoBean_NotificationUtil: noti.sound :null
02-03 21:38:40.765  6784  6784 I NeoBean_NotificationUtil: noti.vibrate :null true
02-03 21:38:40.766  6784  6784 I NeoBean_NotificationUtil: noti.defaults :0
02-03 21:38:40.766  6784  6784 I NeoBean_NotificationUtil: noti.ledARGB :0
02-03 21:38:40.766  6784  6784 I NeoBean_NotificationUtil: noti.ledOffMS :0
02-03 21:38:40.766  6784  6784 I NeoBean_NotificationUtil: noti.ledOnMS :0
02-03 21:38:40.766  3474  8340 I HoneySpace.NotificationListener: onNotificationPosted com.android.systemui: 0|com.android.systemui|123|INSIGNIFICANT|10051: 0
02-03 21:38:40.766  6784  6784 I NeoBean_NotificationUtil: isAlertNeed1 :false
02-03 21:38:40.766  6784  6784 I NeoBean_NotificationUtil: noti.sound :content://settings/system/notification_sound
02-03 21:38:40.766  6784  6784 I NeoBean_NotificationUtil: noti.vibe :false
02-03 21:38:40.766  6784  6784 I NeoBean_NotificationUtil: noti.importanceVal :2
02-03 21:38:40.766  6784  6784 I NeoBean_NotificationUtil: noti.isGrouping :false
02-03 21:38:40.766  3474  8340 I HoneySpace.BadgeDataSourceImpl: Get notification count. PK(p='com.android.systemui', u=UserHandle{0}) - forceBadgeCount: false, notification listener: 1, badge provider: 0
02-03 21:38:40.766  6784  6784 W System.err: java.lang.NullPointerException: Attempt to invoke virtual method 'boolean android.app.Notification$BubbleMetadata.isNotificationSuppressed()' on a null object reference
02-03 21:38:40.766  6784  6784 W System.err: 	at V6.b.s(SourceFile:1)
02-03 21:38:40.766  6784  6784 W System.err: 	at r2.c.run(SourceFile:668)
02-03 21:38:40.766  6784  6784 W System.err: 	at android.os.Handler.handleCallback(Handler.java:959)
02-03 21:38:40.766  6784  6784 W System.err: 	at android.os.Handler.dispatchMessage(Handler.java:100)
02-03 21:38:40.766  6784  6784 W System.err: 	at android.os.Looper.loopOnce(Looper.java:257)
02-03 21:38:40.766  6784  6784 W System.err: 	at android.os.Looper.loop(Looper.java:342)
02-03 21:38:40.766  6784  6784 W System.err: 	at android.app.ActivityThread.main(ActivityThread.java:9634)
02-03 21:38:40.766  6784  6784 W System.err: 	at java.lang.reflect.Method.invoke(Native Method)
02-03 21:38:40.766  6784  6784 W System.err: 	at com.android.internal.os.RuntimeInit$MethodAndArgsCaller.run(RuntimeInit.java:619)
02-03 21:38:40.766  6784  6784 W System.err: 	at com.android.internal.os.ZygoteInit.main(ZygoteInit.java:929)
02-03 21:38:40.766  6784  6784 I NeoBean_NotificationUtil: isAlertNeed2 :false
02-03 21:38:40.766  3474 27558 I HoneySpace.BadgeDataSourceImpl: Get notification count. PK(p='com.google.android.apps.photos', u=UserHandle{0}) - forceBadgeCount: false, notification listener: 1, badge provider: 0
02-03 21:38:40.767  3474 26557 I HoneySpace.BadgeDataSourceImpl: Get notification count. PK(p='com.google.android.apps.photos', u=UserHandle{0}) - forceBadgeCount: false, notification listener: 1, badge provider: 0
02-03 21:38:40.770  2991  2991 D Bubbles : onEntryUpdated : shouldBubbleUp=false ,key=0|com.android.systemui|123|INSIGNIFICANT|10051
02-03 21:38:40.770  2991  2991 D InterruptionStateProvider:  no Heads up : edgelighting enabled app. 0|com.android.systemui|123|INSIGNIFICANT|10051
02-03 21:38:40.774  1429  1429 W Layer   : gatherBufferInfo: Received unknown dataspace from gralloc
02-03 21:38:40.778  2991  2991 D InterruptionStateProvider:  no Heads up : edgelighting enabled app. 0|com.android.systemui|123|INSIGNIFICANT|10051
02-03 21:38:40.778  2991  2991 D InterruptionStateProvider:  no Heads up : edgelighting enabled app. -1|com.android.systemui|2131363875|charging_state|10051
02-03 21:38:40.791  1429  1429 W Layer   : gatherBufferInfo: Received unknown dataspace from gralloc
02-03 21:38:40.793  2991  2991 I LockscreenNotificationIconsOnlyController: onNotificationInfoUpdated 21
02-03 21:38:40.796  2991  2991 I AODNotificationManager: updateNotification() 
02-03 21:38:40.799  2991  3535 D LocalImageResolver: Couldn't use ImageDecoder for drawable, falling back to non-resized load.
02-03 21:38:40.801  2991  3535 D LocalImageResolver: Couldn't use ImageDecoder for drawable, falling back to non-resized load.
02-03 21:38:40.801  2991  2991 D LocalImageResolver: Couldn't use ImageDecoder for drawable, falling back to non-resized load.
02-03 21:38:40.806   830   830 D io_stats: !@   8,0 r 30780283 936663224 w 9312175 149140696 d 3399947 361461912 f 0 0 iot 16387108 0 th 0 0 0 pt 0 inp 0 0 152022.910
02-03 21:38:40.807   830   830 D io_stats: !@ Read_top(KB): com.pricehunt(31979) 6124 ocessService0:0(5216) 1176 ndroid.systemui(2991) 160
02-03 21:38:40.807   830   830 D io_stats: !@ Write_top(KB): kworker/u16:14(29779) 20100 com.pricehunt(31979) 724 system_server(1630) 192
02-03 21:38:40.808  1429  1429 W Layer   : gatherBufferInfo: Received unknown dataspace from gralloc
02-03 21:38:40.808  1429  1429 W Layer   : gatherBufferInfo: Received unknown dataspace from gralloc
02-03 21:38:40.826  1429  1429 W Layer   : gatherBufferInfo: Received unknown dataspace from gralloc
02-03 21:38:40.830  2991  2991 D LocalImageResolver: Couldn't use ImageDecoder for drawable, falling back to non-resized load.
02-03 21:38:40.840  2991  2991 I LockscreenNotificationIconsOnlyController: onNotificationInfoUpdated 21
02-03 21:38:40.841  1429  1429 W Layer   : gatherBufferInfo: Received unknown dataspace from gralloc
02-03 21:38:40.842  2991  2991 I AODNotificationManager: updateNotification() 
02-03 21:38:40.858  1429  1429 W Layer   : gatherBufferInfo: Received unknown dataspace from gralloc
02-03 21:38:40.858  1429  1429 W Layer   : gatherBufferInfo: Received unknown dataspace from gralloc
02-03 21:38:40.864 31979  5158 I System.out: DirectApiScraper: JioMart: HTTP 500
02-03 21:38:40.875  1429  1429 W Layer   : gatherBufferInfo: Received unknown dataspace from gralloc
02-03 21:38:40.892  1429  1429 W Layer   : gatherBufferInfo: Received unknown dataspace from gralloc
02-03 21:38:40.908  1429  1429 W Layer   : gatherBufferInfo: Received unknown dataspace from gralloc
02-03 21:38:40.925  1429  1429 W Layer   : gatherBufferInfo: Received unknown dataspace from gralloc
02-03 21:38:40.942  1429  1429 W Layer   : gatherBufferInfo: Received unknown dataspace from gralloc
02-03 21:38:40.958  1429  1429 W Layer   : gatherBufferInfo: Received unknown dataspace from gralloc
02-03 21:38:40.974  1429  1429 W Layer   : gatherBufferInfo: Received unknown dataspace from gralloc
02-03 21:38:40.978  2991  2991 D Bubbles : onEntryUpdated : shouldBubbleUp=false ,key=0|com.android.systemui|123|INSIGNIFICANT|10051
02-03 21:38:40.979  2991  2991 D InterruptionStateProvider:  no Heads up : edgelighting enabled app. 0|com.android.systemui|123|INSIGNIFICANT|10051
02-03 21:38:40.983  1630  4668 D SemWifiUsabilityStatsMonitor: onWifiUsabilityStats - seqNum 17925, isSameBssidAndFreq true
02-03 21:38:40.983  1630  2828 I SemWifiLinkQualityMonitor: Link stat: 2914 / 228 / 1.04 (1295) / 144 / -49.0 || 100.0 : 144.00 / 0.5 : 0.96 / 0.55 : 0.08 / G (G) || 1b525e352457: 0.134 / 59.850 /  / N || N N / 0 / N 2.0 / N 0 / 152023086 0
02-03 21:38:40.991  1429  1429 W Layer   : gatherBufferInfo: Received unknown dataspace from gralloc
02-03 21:38:41.008  1429  1429 W Layer   : gatherBufferInfo: Received unknown dataspace from gralloc
02-03 21:38:41.020  1231  8673 I sensors-hal: handle_sns_client_event:540, [0][10073] accel_sample [-0.245,  1.586,  9.872] 340077458136681
02-03 21:38:41.024  2991  2991 I LockscreenNotificationIconsOnlyController: onNotificationInfoUpdated 21
02-03 21:38:41.025  1429  1429 W Layer   : gatherBufferInfo: Received unknown dataspace from gralloc
02-03 21:38:41.028  2991  2991 I AODNotificationManager: updateNotification() 
02-03 21:38:41.030  2991  3535 D LocalImageResolver: Couldn't use ImageDecoder for drawable, falling back to non-resized load.
02-03 21:38:41.032  2991  3535 D LocalImageResolver: Couldn't use ImageDecoder for drawable, falling back to non-resized load.
02-03 21:38:41.035  2991  2991 D LocalImageResolver: Couldn't use ImageDecoder for drawable, falling back to non-resized load.
02-03 21:38:41.041  1429  1429 W Layer   : gatherBufferInfo: Received unknown dataspace from gralloc
02-03 21:38:41.042  1429  1429 W Layer   : gatherBufferInfo: Received unknown dataspace from gralloc
02-03 21:38:41.055  2991  2991 D LocalImageResolver: Couldn't use ImageDecoder for drawable, falling back to non-resized load.
02-03 21:38:41.058  1429  1429 W Layer   : gatherBufferInfo: Received unknown dataspace from gralloc
02-03 21:38:41.064  2991  2991 I LockscreenNotificationIconsOnlyController: onNotificationInfoUpdated 21
02-03 21:38:41.067  2991  2991 I AODNotificationManager: updateNotification() 
02-03 21:38:41.075  1429  1429 W Layer   : gatherBufferInfo: Received unknown dataspace from gralloc
02-03 21:38:41.075  1429  1429 W Layer   : gatherBufferInfo: Received unknown dataspace from gralloc
02-03 21:38:41.092  1429  1429 W Layer   : gatherBufferInfo: Received unknown dataspace from gralloc
02-03 21:38:41.108  1429  1429 W Layer   : gatherBufferInfo: Received unknown dataspace from gralloc
02-03 21:38:41.125  1429  1429 W Layer   : gatherBufferInfo: Received unknown dataspace from gralloc
02-03 21:38:41.133  1231  1231 I sensors-hal: set_config:71, sample_period_ns is adjusted to 200000000 based on min/max delay_ns
02-03 21:38:41.133  1231  1231 I sensors-hal: batch:518, com.samsung.sensor.light_cct/1511, period=200000000, max_latency=0 request completed
02-03 21:38:41.133  1231  1231 I sensors-hal: activate:434, com.samsung.sensor.light_cct/1511 en=1
02-03 21:38:41.134  1187  1309 E minksocket: MinkIPC_QRTR_Service: client with node 1 port 4849 went down
02-03 21:38:41.135  1187  1309 E minksocket: MinkIPC_QRTR_Service: client with node 1 port 484a went down
02-03 21:38:41.136  1187  1309 E minksocket: MinkIPC_QRTR_Service: client with node 1 port 484b went down
02-03 21:38:41.136  1187  1309 E minksocket: MinkIPC_QRTR_Service: client with node 1 port 484c went down
02-03 21:38:41.137  1231  1231 I sensors-hal: activate:452, com.samsung.sensor.light_cct/1511 en=1 completed
02-03 21:38:41.138  1630  2755 D SensorManager: registerListener :: 1511, TMD4907 Light CCT  Non-wakeup, 200000, 0, com.samsung.android.displaysolution.EyeComfortSolutionService$1@86ce9c9
02-03 21:38:41.142  1429  1429 W Layer   : gatherBufferInfo: Received unknown dataspace from gralloc
02-03 21:38:41.158  1429  1429 W Layer   : gatherBufferInfo: Received unknown dataspace from gralloc
02-03 21:38:41.175  1429  1429 W Layer   : gatherBufferInfo: Received unknown dataspace from gralloc
02-03 21:38:41.192  1429  1429 W Layer   : gatherBufferInfo: Received unknown dataspace from gralloc
02-03 21:38:41.203  1231  5495 I sensors-hal: handle_indication_realtime:471,  SCHED_FIFO(10) for qmi_cbk
02-03 21:38:41.203  1231  5495 I sensors-hal: handle_sns_std_sensor_event:90, light_cct: ts = 340077742383192 ns; value = [35.000000, 35.000000, 33.000000, 33.000000, 21.000000, 63.000000, 0.204531, 0.000000, 216.000000, 234.000000, 1.000000]
02-03 21:38:41.204  1630  2755 V EyeComfortSolutionService: count : 518 , bopr_value : 33.0, platform_value : 63.0 , app_weighting : 1.0 , cal_value : 0.69493353 , sum_value : 1371.1993 , BOPR_MAX_VALUE : 21000
02-03 21:38:41.204  1231  1231 I sensors-hal: activate:434, com.samsung.sensor.light_cct/1511 en=0
02-03 21:38:41.205  1187  1309 E minksocket: MinkIPC_QRTR_Service: client with node 1 port 484d went down
02-03 21:38:41.205  1231  1231 I sensors-hal: deactivate:384, disconnect qmi to disable sensor
02-03 21:38:41.205  1231  1231 I sensors-hal: activate:452, com.samsung.sensor.light_cct/1511 en=0 completed
02-03 21:38:41.206  1630  2755 D SensorManager: unregisterListener :: com.samsung.android.displaysolution.EyeComfortSolutionService$1@86ce9c9
02-03 21:38:41.209  1429  1429 W Layer   : gatherBufferInfo: Received unknown dataspace from gralloc
02-03 21:38:41.226  1429  1429 W Layer   : gatherBufferInfo: Received unknown dataspace from gralloc
02-03 21:38:41.242  1429  1429 W Layer   : gatherBufferInfo: Received unknown dataspace from gralloc
02-03 21:38:41.255 31979 31979 I System.out: WebView: Selector ready (img[src*='cloudinary'], img[src*='swiggy']), extracting
02-03 21:38:41.259  1429  1429 W Layer   : gatherBufferInfo: Received unknown dataspace from gralloc
02-03 21:38:41.275  1429  1429 W Layer   : gatherBufferInfo: Received unknown dataspace from gralloc
02-03 21:38:41.287 31979  5159 I System.out: Instamart: Got 115031 chars
02-03 21:38:41.292  1429  1429 W Layer   : gatherBufferInfo: Received unknown dataspace from gralloc
02-03 21:38:41.308  1429  1429 W Layer   : gatherBufferInfo: Received unknown dataspace from gralloc
02-03 21:38:41.308  6716 12947 I ObjectPool@9791306: Ph_[checker Pool remains: , 9, ] [pool-94-thread-1] 
02-03 21:38:41.315 31979  5159 I System.out: Instamart: HTML Structure Monitor:
02-03 21:38:41.315 31979  5159 I System.out:   - __NEXT_DATA__: false
02-03 21:38:41.315 31979  5159 I System.out:   - Cloudinary/Swiggy images: 2
02-03 21:38:41.315 31979  5159 I System.out:   - Images with alt: 1
02-03 21:38:41.315 31979  5159 I System.out:   - data-* elements: 3
02-03 21:38:41.315 31979  5159 I System.out:   - Price occurrences: 0
02-03 21:38:41.315 31979  5159 I System.out: Instamart: Trying __NEXT_DATA__ extraction...
02-03 21:38:41.316 31979  5159 I System.out: Instamart: Trying Cloudinary image extraction...
02-03 21:38:41.321 31979  5159 I System.out: Instamart: Found 2 Cloudinary/Swiggy images
02-03 21:38:41.321 31979  5159 I System.out: Instamart: Trying general image extraction...
02-03 21:38:41.325  1429  1429 W Layer   : gatherBufferInfo: Received unknown dataspace from gralloc
02-03 21:38:41.326 31979  5158 I System.out: DirectApiScraper: JioMart: HTTP 400
02-03 21:38:41.326 31979  5158 I System.out: JioMart: Direct API failed (HTTP 400)
02-03 21:38:41.327 31979  5158 I System.out: JioMart: HTTP request to https://www.jiomart.com/search/banana+fresh
02-03 21:38:41.327 31979  5159 I System.out: Instamart: Found 1 images with alt
02-03 21:38:41.327 31979  5159 I System.out: Instamart: Trying data-* extraction...
02-03 21:38:41.331  1630  2890 D NetdEventListenerService: DNS Requested by 491, 10418(com.pricehunt), SUCCESS, 1ms
02-03 21:38:41.333 31979  5159 I System.out: Instamart: Found 3 data-* elements
02-03 21:38:41.334 31979  5159 I System.out: Instamart: Trying generic resilient extraction...
02-03 21:38:41.339 31979  5159 D ResilientExtractor: [Instamart] Starting extraction from 115031 chars
02-03 21:38:41.339 31979  5159 D ResilientExtractor: [Instamart] Page title: Instamart
02-03 21:38:41.339 31979  5159 D ResilientExtractor: [Instamart] Trying: Instamart-Specific
02-03 21:38:41.339 31979  5159 D ResilientExtractor: [Instamart] Trying Instamart-specific extraction
02-03 21:38:41.339 31979  5159 D ResilientExtractor: [Instamart] Found 0 Instamart product links
02-03 21:38:41.339 31979  5159 D ResilientExtractor: [Instamart] Found 3 data-testid elements
02-03 21:38:41.340 31979  5159 D ResilientExtractor: [Instamart] Instamart-specific found 0 products
02-03 21:38:41.340 31979  5159 D ResilientExtractor: [Instamart] Trying: JSON-LD Schema
02-03 21:38:41.340 31979  5159 D ResilientExtractor: [Instamart] Found 0 JSON-LD scripts
02-03 21:38:41.340 31979  5159 D ResilientExtractor: [Instamart] Trying: Microdata/itemprop
02-03 21:38:41.340 31979  5159 D ResilientExtractor: [Instamart] Found 0 microdata product containers
02-03 21:38:41.341 31979  5159 D ResilientExtractor: [Instamart] Trying: Open Graph
02-03 21:38:41.342  1429  1429 W Layer   : gatherBufferInfo: Received unknown dataspace from gralloc
02-03 21:38:41.342 31979  5159 D ResilientExtractor: [Instamart] Trying: Next.js Data
02-03 21:38:41.342 31979  5159 D ResilientExtractor: [Instamart] Trying: Data Attributes
02-03 21:38:41.344 31979  5159 D ResilientExtractor: [Instamart] Trying: ARIA/Semantic
02-03 21:38:41.345 31979  5159 D ResilientExtractor: [Instamart] Trying: Image Alt Text
02-03 21:38:41.346 31979  5159 D ResilientExtractor: [Instamart] Found 0 images with valid alt text
02-03 21:38:41.346 31979  5159 D ResilientExtractor: [Instamart] Trying: Link Patterns
02-03 21:38:41.347 31979  5159 D ResilientExtractor: [Instamart] Trying: Price Proximity
02-03 21:38:41.348 31979  5159 D ResilientExtractor: [Instamart] Price proximity found 0 candidates
02-03 21:38:41.348 31979  5159 D ResilientExtractor: [Instamart] Trying: DOM Structure
02-03 21:38:41.348 31979  5159 D ResilientExtractor: [Instamart] DOM structure found 0 grids
02-03 21:38:41.348 31979  5159 D ResilientExtractor: [Instamart] Trying: Sibling Analysis
02-03 21:38:41.349 31979  5159 D ResilientExtractor: [Instamart] Sibling analysis found 0 price elements
02-03 21:38:41.349 31979  5159 D ResilientExtractor: [Instamart] Trying: Grid Detection
02-03 21:38:41.350 31979  5159 D ResilientExtractor: [Instamart] Trying: Text Pattern
02-03 21:38:41.350 31979  5159 D ResilientExtractor: [Instamart] Trying text pattern extraction
02-03 21:38:41.350 31979  5159 D ResilientExtractor: [Instamart] Found 0 elements with prices
02-03 21:38:41.350 31979  5159 D ResilientExtractor: [Instamart] Text pattern found 0 products
02-03 21:38:41.350 31979  5159 W ResilientExtractor: [Instamart]  All 14 strategies failed
02-03 21:38:41.350 31979  5159 D ResilientExtractor: [Instamart] === Debug Info ===
02-03 21:38:41.350 31979  5159 D ResilientExtractor: [Instamart] JSON-LD scripts: 0
02-03 21:38:41.351 31979  5159 D ResilientExtractor: [Instamart] __NEXT_DATA__: false
02-03 21:38:41.351 31979  5159 D ResilientExtractor: [Instamart] Microdata items: 0
02-03 21:38:41.351 31979  5159 D ResilientExtractor: [Instamart] Data-testid elements: 3
02-03 21:38:41.351 31979  5159 D ResilientExtractor: [Instamart] Images: 4
02-03 21:38:41.351 31979  5159 D ResilientExtractor: [Instamart] Links: 0
02-03 21:38:41.351 31979  5159 D ResilientExtractor: [Instamart] Has price pattern: false
02-03 21:38:41.352 31979  5159 D ResilientExtractor: [Instamart] Sample img alt: 
02-03 21:38:41.352 31979  5159 I System.out: Instamart: Total extraction found 0 products
02-03 21:38:41.352 31979  5159 I System.out: Instamart: Attempt 1 - no valid products
02-03 21:38:41.352 31979  5159 I System.out: Instamart:  All attempts failed
02-03 21:38:41.352 31979  5159 I System.out: Instamart: [RAW] Got 0 products
02-03 21:38:41.352 31979  5159 I System.out: Instamart:  No products
02-03 21:38:41.352 31979  5159 I System.out: Instamart: Completed (4/10)
02-03 21:38:41.352 31979  5159 I System.out: Flipkart Minutes: Starting (WebView)
02-03 21:38:41.352 31979 31979 I System.out: [STREAM] Instamart: 0 products at 6840ms
02-03 21:38:41.353 31979 31979 I System.out:  Per-platform AI: Instamart - skipped (0 products)
02-03 21:38:41.353 31979 31979 I System.out:  Best Deal Search: 'banana fresh'  Primary keyword: 'banana'
02-03 21:38:41.353 31979  5159 I System.out: Flipkart Minutes: Searching for 'banana fresh'...
02-03 21:38:41.353 31979  5159 I System.out: Flipkart Minutes: HTTP request to https://m.flipkart.com/search?q=banana+fresh&marketplace=GROCERY
02-03 21:38:41.356 31979 31979 I System.out:  Relevance: HIGH=3, MEDIUM=6, LOW=1
02-03 21:38:41.356 31979 31979 I System.out:    HIGH [20]: Rare Variety/Elakki/Yellow Sweet Fruit B = 140.0
02-03 21:38:41.356 31979 31979 I System.out:    HIGH [50]: Banana Plant - Musa Velutin, Banana G-9, = 299.0
02-03 21:38:41.356 31979 31979 I System.out:    HIGH [30]: Haldiram's Yellow Banana Chips (Pack of  = 450.0
02-03 21:38:41.356 31979 31979 I System.out:    MED [10]: Fresh, 0 mg = 34.0
02-03 21:38:41.356 31979 31979 I System.out:    MED [10]: Fresh, 0 mg = 40.0
02-03 21:38:41.356 31979 31979 I System.out:    MED [10]: Fresh, 0 mg = 53.0
02-03 21:38:41.356 31979 31979 I System.out:    LOW [-40]: Bansiram Namkeen Mari Kela Wafers Stande = 209.0
02-03 21:38:41.357 31979 31979 I System.out: SearchIntelligence:  Banana Plant - Musa Velutin, B  1.0/m
02-03 21:38:41.357 31979 31979 I System.out: SearchIntelligence:  Haldiram's Yellow Banana Chips  75.0/pack
02-03 21:38:41.357 31979 31979 I System.out:    Per-unit comparison: 2 products have calculable unit price
02-03 21:38:41.357 31979 31979 I System.out:      Banana Plant - Musa Velutin, Banana = 299.0 (1.0/m)
02-03 21:38:41.357 31979 31979 I System.out:      Haldiram's Yellow Banana Chips (Pac = 450.0 (75/pack)
02-03 21:38:41.357 31979 31979 I System.out:    Raw cheapest: Rare Variety/Elakki/Yellow Sweet Fruit B (per-unit best too expensive)
02-03 21:38:41.357  1630  2890 D NetdEventListenerService: DNS Requested by 491, 10418(com.pricehunt), SUCCESS, 1ms
02-03 21:38:41.357 31979 31979 I System.out:  Best Deal: Rare Variety/Elakki/Yellow Sweet Fruit Banana Live = 140.0
02-03 21:38:41.358 31979 31979 I System.out:  Best Deal Search: 'banana fresh'  Primary keyword: 'banana'
02-03 21:38:41.358  1429  1429 W Layer   : gatherBufferInfo: Received unknown dataspace from gralloc
02-03 21:38:41.361 31979 31979 I System.out:  Relevance: HIGH=3, MEDIUM=6, LOW=1
02-03 21:38:41.361 31979 31979 I System.out:    HIGH [20]: Rare Variety/Elakki/Yellow Sweet Fruit B = 140.0
02-03 21:38:41.361 31979 31979 I System.out:    HIGH [50]: Banana Plant - Musa Velutin, Banana G-9, = 299.0
02-03 21:38:41.361 31979 31979 I System.out:    HIGH [30]: Haldiram's Yellow Banana Chips (Pack of  = 450.0
02-03 21:38:41.361 31979 31979 I System.out:    MED [10]: Fresh, 0 mg = 34.0
02-03 21:38:41.361 31979 31979 I System.out:    MED [10]: Fresh, 0 mg = 40.0
02-03 21:38:41.361 31979 31979 I System.out:    MED [10]: Fresh, 0 mg = 53.0
02-03 21:38:41.361 31979 31979 I System.out:    LOW [-40]: Bansiram Namkeen Mari Kela Wafers Stande = 209.0
02-03 21:38:41.361 31979 31979 I System.out: SearchIntelligence:  Banana Plant - Musa Velutin, B  1.0/m
02-03 21:38:41.362 31979 31979 I System.out: SearchIntelligence:  Haldiram's Yellow Banana Chips  75.0/pack
02-03 21:38:41.362 31979 31979 I System.out:    Per-unit comparison: 2 products have calculable unit price
02-03 21:38:41.362 31979 31979 I System.out:      Banana Plant - Musa Velutin, Banana = 299.0 (1.0/m)
02-03 21:38:41.362 31979 31979 I System.out:      Haldiram's Yellow Banana Chips (Pac = 450.0 (75/pack)
02-03 21:38:41.362 31979 31979 I System.out:    Raw cheapest: Rare Variety/Elakki/Yellow Sweet Fruit B (per-unit best too expensive)
02-03 21:38:41.362 31979 31979 I System.out:  Best Deal: Rare Variety/Elakki/Yellow Sweet Fruit Banana Live = 140.0
02-03 21:38:41.362 31979 31979 I System.out:  Scraping: 3/10 platforms, Total: 13
02-03 21:38:41.375  1429  1429 W Layer   : gatherBufferInfo: Received unknown dataspace from gralloc
02-03 21:38:41.409  1429  1429 W Layer   : gatherBufferInfo: Received unknown dataspace from gralloc
02-03 21:38:41.426  1429  1429 W Layer   : gatherBufferInfo: Received unknown dataspace from gralloc
02-03 21:38:41.431  6137  6137 I SDHMS:LOAD: type: LoadsFreqs, value: 0:162:4:2008704:2841600:844800:1784064:2419200:710400:341:443:315
02-03 21:38:41.442  1429  1429 W Layer   : gatherBufferInfo: Received unknown dataspace from gralloc
02-03 21:38:41.459  1429  1429 W Layer   : gatherBufferInfo: Received unknown dataspace from gralloc
02-03 21:38:41.476  1429  1429 W Layer   : gatherBufferInfo: Received unknown dataspace from gralloc
02-03 21:38:41.482  4182  4258 I RequestManager_FLP: onOpChanged, op=0 / packageName=com.osp.app.signin
02-03 21:38:41.483  1630  2890 D NetdEventListenerService: DNS Requested by 491, 10418(com.pricehunt), SUCCESS, 2ms
02-03 21:38:41.492  1429  1429 W Layer   : gatherBufferInfo: Received unknown dataspace from gralloc
02-03 21:38:41.509  1429  1429 W Layer   : gatherBufferInfo: Received unknown dataspace from gralloc
02-03 21:38:41.526  1429  1429 W Layer   : gatherBufferInfo: Received unknown dataspace from gralloc
02-03 21:38:41.542  1429  1429 W Layer   : gatherBufferInfo: Received unknown dataspace from gralloc
02-03 21:38:41.560  1429  1429 W Layer   : gatherBufferInfo: Received unknown dataspace from gralloc
02-03 21:38:41.575  1429  1429 W Layer   : gatherBufferInfo: Received unknown dataspace from gralloc
02-03 21:38:41.592  1429  1429 W Layer   : gatherBufferInfo: Received unknown dataspace from gralloc
02-03 21:38:41.609  1429  1429 W Layer   : gatherBufferInfo: Received unknown dataspace from gralloc
02-03 21:38:41.626  1429  1429 W Layer   : gatherBufferInfo: Received unknown dataspace from gralloc
02-03 21:38:41.643  1429  1429 W Layer   : gatherBufferInfo: Received unknown dataspace from gralloc
02-03 21:38:41.660  1429  1429 W Layer   : gatherBufferInfo: Received unknown dataspace from gralloc
02-03 21:38:41.669  1630  2851 D SemWifiSwitchForIndividualAppsService: isSkipTcpMonitorInfo - result:1
02-03 21:38:41.676  1429  1429 W Layer   : gatherBufferInfo: Received unknown dataspace from gralloc
02-03 21:38:41.693  1429  1429 W Layer   : gatherBufferInfo: Received unknown dataspace from gralloc
02-03 21:38:41.710  1429  1429 W Layer   : gatherBufferInfo: Received unknown dataspace from gralloc
02-03 21:38:41.726  1429  1429 W Layer   : gatherBufferInfo: Received unknown dataspace from gralloc
02-03 21:38:41.743  1429  1429 W Layer   : gatherBufferInfo: Received unknown dataspace from gralloc
02-03 21:38:41.760  1429  1429 W Layer   : gatherBufferInfo: Received unknown dataspace from gralloc
02-03 21:38:41.776  1429  1429 W Layer   : gatherBufferInfo: Received unknown dataspace from gralloc
02-03 21:38:41.793  1429  1429 W Layer   : gatherBufferInfo: Received unknown dataspace from gralloc
02-03 21:38:41.810  1429  1429 W Layer   : gatherBufferInfo: Received unknown dataspace from gralloc
02-03 21:38:41.822 31979  5158 I System.out: JioMart: HTTP 400
02-03 21:38:41.822 31979  5158 I System.out: JioMart: HTTP request to https://www.jiomart.com/catalogsearch/result/?q=banana+fresh
02-03 21:38:41.826  1429  1429 W Layer   : gatherBufferInfo: Received unknown dataspace from gralloc
02-03 21:38:41.842  1630  2890 D NetdEventListenerService: DNS Requested by 491, 10418(com.pricehunt), SUCCESS, 16ms
02-03 21:38:41.843  1429  1429 W Layer   : gatherBufferInfo: Received unknown dataspace from gralloc
02-03 21:38:41.860  1429  1429 W Layer   : gatherBufferInfo: Received unknown dataspace from gralloc
02-03 21:38:41.876  1429  1429 W Layer   : gatherBufferInfo: Received unknown dataspace from gralloc
02-03 21:38:41.893  1429  1429 W Layer   : gatherBufferInfo: Received unknown dataspace from gralloc
02-03 21:38:41.910  1429  1429 W Layer   : gatherBufferInfo: Received unknown dataspace from gralloc
02-03 21:38:41.927  1429  1429 W Layer   : gatherBufferInfo: Received unknown dataspace from gralloc
02-03 21:38:41.943  1429  1429 W Layer   : gatherBufferInfo: Received unknown dataspace from gralloc
02-03 21:38:41.960  1429  1429 W Layer   : gatherBufferInfo: Received unknown dataspace from gralloc
02-03 21:38:41.977  1429  1429 W Layer   : gatherBufferInfo: Received unknown dataspace from gralloc
02-03 21:38:41.984  1630  2853 I SemWifiEleStateTracker: Ele Parameters BD : 13 13 13 13 13 13 MD : -87 -87 -87 -87 -89 -89 WD : -46 -41 -46 -46 -47 -47 GC : false false false false false false SC : false false false false false false SH : false false false false false false TB : false false false false true true
02-03 21:38:41.993  1429  1429 W Layer   : gatherBufferInfo: Received unknown dataspace from gralloc
02-03 21:38:42.010  1429  1429 W Layer   : gatherBufferInfo: Received unknown dataspace from gralloc
02-03 21:38:42.027  1429  1429 W Layer   : gatherBufferInfo: Received unknown dataspace from gralloc
02-03 21:38:42.039 31979  5159 I System.out: Flipkart Minutes: Got 494638 chars via HTTP
02-03 21:38:42.043  1429  1429 W Layer   : gatherBufferInfo: Received unknown dataspace from gralloc
02-03 21:38:42.049 31979  5159 I System.out: Flipkart Minutes: No product cards found
02-03 21:38:42.049 31979  5159 I System.out: Flipkart Minutes: HTTP request to https://m.flipkart.com/grocery-supermart-store?q=banana+fresh
02-03 21:38:42.060  1429  1429 W Layer   : gatherBufferInfo: Received unknown dataspace from gralloc
02-03 21:38:42.077  1429  1429 W Layer   : gatherBufferInfo: Received unknown dataspace from gralloc
02-03 21:38:42.093  1429  1429 W Layer   : gatherBufferInfo: Received unknown dataspace from gralloc
02-03 21:38:42.110  1429  1429 W Layer   : gatherBufferInfo: Received unknown dataspace from gralloc
02-03 21:38:42.127  1429  1429 W Layer   : gatherBufferInfo: Received unknown dataspace from gralloc
02-03 21:38:42.143  1429  1429 W Layer   : gatherBufferInfo: Received unknown dataspace from gralloc
02-03 21:38:42.161  1429  1429 W Layer   : gatherBufferInfo: Received unknown dataspace from gralloc
02-03 21:38:42.177  1429  1429 W Layer   : gatherBufferInfo: Received unknown dataspace from gralloc
02-03 21:38:42.193  1429  1429 W Layer   : gatherBufferInfo: Received unknown dataspace from gralloc
02-03 21:38:42.204 31979 31979 I System.out: WebView Console: The resource https://www.jiomart.com/assets/version1766030765/ds2msite/fonts/jio/JioTypeW04-Black.woff2 was preloaded using link preload but not used within a few seconds from the window's load event. Please make sure it has an appropriate `as` value and it is preloaded intentionally. (https://www.jiomart.com/search/banana+fresh?deliveryType=express:0)
02-03 21:38:42.204 31979 31979 I System.out: WebView Console: The resource https://www.jiomart.com/assets/version1764779825/ds2msite/fonts/jio/JioTypeW04-Medium.woff2 was preloaded using link preload but not used within a few seconds from the window's load event. Please make sure it has an appropriate `as` value and it is preloaded intentionally. (https://www.jiomart.com/search/banana+fresh?deliveryType=express:0)
02-03 21:38:42.204 31979 31979 I System.out: WebView Console: The resource https://www.jiomart.com/assets/version1764779825/ds2msite/fonts/jio/JioTypeW04-Bold.woff2 was preloaded using link preload but not used within a few seconds from the window's load event. Please make sure it has an appropriate `as` value and it is preloaded intentionally. (https://www.jiomart.com/search/banana+fresh?deliveryType=express:0)
02-03 21:38:42.205 31979 31979 I System.out: WebView Console: The resource https://www.jiomart.com/assets/version1766030765/ds2msite/fonts/jio/JioTypeW04-Bold.woff2 was preloaded using link preload but not used within a few seconds from the window's load event. Please make sure it has an appropriate `as` value and it is preloaded intentionally. (https://www.jiomart.com/search/banana+fresh?deliveryType=express:0)
02-03 21:38:42.205 31979 31979 I System.out: WebView Console: The resource https://www.jiomart.com/assets/version1766030765/ds2msite/fonts/jio/JioTypeW04-Medium.woff2 was preloaded using link preload but not used within a few seconds from the window's load event. Please make sure it has an appropriate `as` value and it is preloaded intentionally. (https://www.jiomart.com/search/banana+fresh?deliveryType=express:0)
02-03 21:38:42.205 31979 31979 I System.out: WebView Console: The resource https://www.jiomart.com/assets/version1764779825/ds2msite/fonts/jio/JioTypeW04-Black.woff2 was preloaded using link preload but not used within a few seconds from the window's load event. Please make sure it has an appropriate `as` value and it is preloaded intentionally. (https://www.jiomart.com/search/banana+fresh?deliveryType=express:0)
02-03 21:38:42.210  1429  1429 W Layer   : gatherBufferInfo: Received unknown dataspace from gralloc
02-03 21:38:42.227  1429  1429 W Layer   : gatherBufferInfo: Received unknown dataspace from gralloc
02-03 21:38:42.244  1429  1429 W Layer   : gatherBufferInfo: Received unknown dataspace from gralloc
02-03 21:38:42.261  1429  1429 W Layer   : gatherBufferInfo: Received unknown dataspace from gralloc
02-03 21:38:42.278  1429  1429 W Layer   : gatherBufferInfo: Received unknown dataspace from gralloc
