02-03 21:56:03.882  1429  1429 W Layer   : gatherBufferInfo: Received unknown dataspace from gralloc
02-03 21:56:03.911  1630  2828 I SemWifiLinkQualityMonitor: Link stat: 2941 / 188 / 1.04 (1957) / 117 / -47.0 || 100.0 : 117.00 / 0.5 : 0.96 / 0.55 : 0.06 / G (G) || 1b525e352457: 0.145 / 55.061 /  / N || N N / 0 / N 2.0 / N 0 / 153066014 0
02-03 21:56:03.911  1630  2740 D ConnectivityService: notifyType CALLBACK_CAP_CHANGED for [491 WIFI]
02-03 21:56:03.911  1630  4668 D SemWifiUsabilityStatsMonitor: onWifiUsabilityStats - seqNum 18150, isSameBssidAndFreq true
02-03 21:56:03.915  2991  3297 D WifiPickerTracker: updateWifiEntries capabilities
02-03 21:56:03.917  2991  3297 D WifiPickerTracker: update AutoHotspot Entries() : bleAccessPoints -> 0
02-03 21:56:03.917  2991  3297 D WifiPickerTracker: handleNetworkCapabilitiesChanged
02-03 21:56:03.923  1630  2778 D SemWifiApNsd:Client: lpInterface:wlan0
02-03 21:56:03.923  1630  2778 I WifiConnectivityMonitor.NCC: sNetworkCallback(oCC) FULL : 491(valid: true/captive: false)
02-03 21:56:03.924  1630  2778 I WifiConnectivityMonitor.NCC: [ Transports: WIFI Capabilities: NOT_METERED&INTERNET&NOT_RESTRICTED&TRUSTED&NOT_VPN&VALIDATED&NOT_ROAMING&FOREGROUND&NOT_CONGESTED&NOT_SUSPENDED&NOT_VCN_MANAGED&NOT_BANDWIDTH_CONSTRAINED LinkUpBandwidth>=21013Kbps LinkDnBandwidth>=31860Kbps TransportInfo: <SSID: <unknown ssid>, BSSID: 02:00:00:**:**:00, MAC: 02:00:00:**:**:00, IP: /192.***.*.102, Security type: 2, Supplicant state: COMPLETED, Wi-Fi standard: 11n, RSSI: -47, Link speed: 117Mbps, Tx Link speed: 117Mbps, Max Supported Tx Link speed: 144Mbps, Rx Link speed: 144Mbps, Max Supported Rx Link speed: 144Mbps, Frequency: 2457MHz, Net ID: -1, Metered hint: false, score: 60, isUsable: true, CarrierMerged: false, SubscriptionId: -1, IsPrimary: 1, Trusted: true, Restricted: false, Ephemeral: false, OEM paid: false, OEM private: false, OSU AP: false, FQDN: <none>, Provider friendly name: <none>, Requesting package name: <none><none>MLO Information: , Is TID-To-Link negotiation supported by the AP: false, AP MLD Address: <none>, AP MLO Link Id: <none>, AP MLO Affiliated links: <none>, Vendor Data: <none>> SignalStrength: -47 AdminUids: [1000] SSID: "Kiwi2" UnderlyingNetworks: Null]
02-03 21:56:03.925  1630  2853 D WifiConnectivityMonitor: HANDLE_ON_CAPABILITIES_CHANGED
02-03 21:56:03.925  1630  2853 I WifiConnectivityMonitor: determineMode : MODE_AGG_BY_SWITCH_TO_MOBILE_DATA_OPTION
02-03 21:56:03.925  1630  2853 D OpenNetworkQos[4.00]: updateBssidNoInternet: mBssidNoInternet = false
02-03 21:56:03.925  1630  2853 D OpenNetworkQos[4.00]: getOpenNetworkQosNoInternetStatus: false
02-03 21:56:03.925  1630  2853 D OpenNetworkQos[4.00]: getOpenNetworkQosScores: 26 26 23 
02-03 21:56:03.925  1630  2853 D KNOX_MDM_SettingsProvider: isChangeAllowed() : name = wifi_wcm_qos_sharing_score_summary
02-03 21:56:03.925  1630  2853 I WifiProfileShare: network QoS data was changed (internet), updateQoSData networkType: true, qosData: false
02-03 21:56:03.925  1630  2853 D WifiConnectivityMonitor: VALIDATED_DETECTED
02-03 21:56:03.925  1630  4255 V WifiProfileShare.Caster: update wips network, size: 0
02-03 21:56:03.925  1630  4255 D WifiProfileShare: nearby scanning settings run
02-03 21:56:03.925  1630  4255 D WifiProfileShare: network score provider settings enabled
02-03 21:56:03.925  1630  4255 D OpenNetworkQos[4.00]: getOpenNetworkQosScores: 26 26 23 
02-03 21:56:03.925  1630  4255 D OpenNetworkQos[4.00]: getOpenNetworkQosNoInternetStatus: false
02-03 21:56:03.925  1630  4255 I WifiProfileShare.Caster: current network type: 0, score: [26, 26, 23]
02-03 21:56:03.925  1630  2778 D SemWifiApTrafficPriority: onCapabilitiesChanged Wifi:wlan0,mGapiValue:31.86Uplink: 21.013
02-03 21:56:03.926  1630  4255 V WifiProfileShare.Cache: update network score 78:32:1b:**:**:35
02-03 21:56:03.926  1630  4255 D WifiProfileShare.ScanMatcher: getMcfDataList size:1
02-03 21:56:03.926  1630  4255 I WifiProfileShare.Caster: qos data was updated , before:type:QOS, pBssid:60:45:4d, qosData:7b after:type:QOS, pBssid:60:45:4d, qosData:7b
02-03 21:56:03.926  1630  4255 I [MCFSDK_android_1.2.27006]_4_McfCasterImpl: isNetworkEnabled - type : 1 ret : true
02-03 21:56:03.926  1630  4255 D WifiProfileShare.McfCast: -ME--- mIsNetworkEnabled :true
02-03 21:56:03.926  1630  4255 D WifiProfileShare.McfCast: updateQoSData ignored, same contents
02-03 21:56:03.926  1630  4255 D WifiProfileShare.MCF: success update QosData !
02-03 21:56:03.926 32101 32227 I NullBinder: NullBinder for android.net.action.RECOMMEND_NETWORKS triggering remote TransactionTooLargeException due to Service without Chimera impl, calling uid: 1000, calling pid: 0
02-03 21:56:03.926  1630  4255 I [MCFSDK_android_1.2.27006]_4_McfCasterImpl: isNetworkEnabled - type : 1 ret : true
02-03 21:56:03.926  1630  4255 D WifiProfileShare.McfCast: -ME--- mIsNetworkEnabled :true
02-03 21:56:03.926 32101 32227 W .gms.persistent: Large reply transaction of 1056768 bytes, interface descriptor , code 1
02-03 21:56:03.926  1630  4255 D WifiProfileShare.McfCast: -ME--- updatePasswordDate pwdData size:1
02-03 21:56:03.936  5872  7208 I HBD     : i onCapabilitiesChanged network : 491 current network state : wifi 
02-03 21:56:03.957 19178 19178 I System.out: WebView: Error loading https://www.facebook.com/privacy_sandbox/pixel/register/trigger/?id=1685726148383397&ev=PageView&dl=https%3A%2F%2Fblinkit.com%2Fs%2F%3Fq%3Dmilk%2Bfull%2Bcream&rl=&if=false&ts=1770135963663&sw=320&sh=872&v=2.9.256&r=stable&ec=0&o=4126&fbp=fb.1.1770135963649.629292250516857776&eid=ob3_plugin-set_93dc1e1b511f871d7e3e00153aa7e7153dca44720d680135186e533b6c3a0644&ler=empty&cdl=API_unavailable&pmd[title]=Buy%20milk%20full%20cream%20Online%20%7C%20blinkit&pmd[keywords]=Buy%20Grocery%20Online%2C%20Online%20Grocery%2C%20Grofers%2C%20Groffers%2C%20Groferss%2C%20blinkit%20grofers%2C%20blinkit%2C%20blink%20it%2C%20Grocery%20Store%2C%20Online%20Grocery%20Shopping%2C%20Online%20Grocery%20Store%2C%20Online%20Supermarket%2C%20Free%20Delivery%2C%20Great%20Offers%2C%20Best%20Prices&pmd[description]=Buy%20milk%20full%20cream%20at%20best%20price%20and%20get%20it%20delivered%20at%20your%20doorstep.&plt=1008&it=1770135963183&coo=false&chmd=&chpv=&chfv=undefined&cf=1&expv2[0]=pl0&expv2[1]=el2&expv2[2]=bc1&expv2[3]=mr2&expv2[4]=ct3&expv2[5]=hf2&rqm=FGET: net::ERR_BLOCKED_BY_ORB
02-03 21:56:04.031  1630  2851 D SemWifiSwitchForIndividualAppsService: isSkipTcpMonitorInfo - result:1
02-03 21:56:04.037  5872  5872 I HBD     : i onCapabilityChanged  setNetworkState currentNetworkState : wifi 
02-03 21:56:04.062 19178 19178 I System.out: WebView Console: Anti-detection script injected successfully (https://blinkit.com/scripts/sentryvendor.df85f9ffd4f9be92831b.js:1)
02-03 21:56:04.102 19178 19178 I System.out: WebView: Content ready! Extracting immediately (attempt 1)
02-03 21:56:04.125  1429 21775 W ComposerExtn: DisplayExtnImpl::SetActiveConfig: HWC Display 3 is not registered!
02-03 21:56:04.192 19178 19178 I System.out: WebView: Content ready! Extracting immediately (attempt 1)
02-03 21:56:04.192 19178 19511 I System.out: Zepto: Got 278128 chars HTML
02-03 21:56:04.219 19178 19511 I System.out: Zepto: DEBUG - All prices in HTML: [30, 33, 3, 33, 37, 4, 95, 100, 5, 32, 25, 111, 117, 6, 31, 85, 95, 10, 140, 1]
02-03 21:56:04.221 19178 19511 I System.out: Zepto: DEBUG - Per-unit prices found: []
02-03 21:56:04.233 19178 19511 D ResilientExtractor: [Zepto] Starting extraction from 278128 chars
02-03 21:56:04.233 19178 19511 D ResilientExtractor: [Zepto] Page title: 
02-03 21:56:04.233 19178 19511 D ResilientExtractor: [Zepto] Trying: Zepto-Specific
02-03 21:56:04.233 19178 19511 D ResilientExtractor: [Zepto] Trying Zepto-specific extraction
02-03 21:56:04.234 19178 19511 D ResilientExtractor: [Zepto] Pattern 'a[href*='/pn/']' found 9 links
02-03 21:56:04.238 19178 19511 D ResilientExtractor: [Zepto] Selected price: 30.0 (candidates: [30.0, 33.0])
02-03 21:56:04.242 19178 19511 D ResilientExtractor: [Zepto]  Extracted: Amul Gold Full Cream Fresh Milk | Pouch, 500 ml = 30.0 (MRP: 33.0) -> https://www.zeptonow.com/pn/amul-gold-full-cream-fresh-milk-pouch/pvid/51d55eac-ca29-4532-9b32-9b7d317f346a
02-03 21:56:04.242 19178 19511 D ResilientExtractor: [Zepto]  Product URL: Amul Gold Full Cream Fresh Mil -> https://www.zeptonow.com/pn/amul-gold-full-cream-fresh-milk-pouch/pvid/51d55eac-ca29-4532-9b32-9b7d317f346a
02-03 21:56:04.245 19178 19511 D ResilientExtractor: [Zepto] Selected price: 33.0 (candidates: [33.0, 37.0])
02-03 21:56:04.248 19178 19511 D ResilientExtractor: [Zepto]  Extracted: Godrej Jersey Full Cream Fresh Milk | Pouch, 500 ml = 33.0 (MRP: 37.0) -> https://www.zeptonow.com/pn/godrej-jersey-full-cream-fresh-milk-pouch/pvid/d05f0bf0-be17-4f60-8321-9ad4f19f2ba1
02-03 21:56:04.248 19178 19511 D ResilientExtractor: [Zepto]  Product URL: Godrej Jersey Full Cream Fresh -> https://www.zeptonow.com/pn/godrej-jersey-full-cream-fresh-milk-pouch/pvid/d05f0bf0-be17-4f60-8321-9ad4f19f2ba1
02-03 21:56:04.251 19178 19511 D ResilientExtractor: [Zepto] Selected price: 95.0 (candidates: [95.0, 100.0])
02-03 21:56:04.254 19178 19511 D ResilientExtractor: [Zepto]  Extracted: Milky Mist Pure Cream, 250 ml = 95.0 (MRP: 100.0) -> https://www.zeptonow.com/pn/milky-mist-pure-cream/pvid/6c24ae9b-73f7-4a7c-975c-2616a53503e5
02-03 21:56:04.254 19178 19511 D ResilientExtractor: [Zepto]  Product URL: Milky Mist Pure Cream, 250 ml -> https://www.zeptonow.com/pn/milky-mist-pure-cream/pvid/6c24ae9b-73f7-4a7c-975c-2616a53503e5
02-03 21:56:04.257 19178 19511 D ResilientExtractor: [Zepto] Selected price: 32.0 (candidates: [32.0])
02-03 21:56:04.260 19178 19511 D ResilientExtractor: [Zepto]  Extracted: Sid's Farm Skim Fresh Milk | Pouch, 500 ml = 32.0 (MRP: N/A) -> https://www.zeptonow.com/pn/sids-farm-skim-fresh-milk-pouch/pvid/8e686c99-3292-4ee3-b45e-c8a0cb1e6884
02-03 21:56:04.260 19178 19511 D ResilientExtractor: [Zepto]  Product URL: Sid's Farm Skim Fresh Milk | P -> https://www.zeptonow.com/pn/sids-farm-skim-fresh-milk-pouch/pvid/8e686c99-3292-4ee3-b45e-c8a0cb1e6884
02-03 21:56:04.263 19178 19511 D ResilientExtractor: [Zepto] Selected price: 25.0 (candidates: [25.0])
02-03 21:56:04.266 19178 19511 D ResilientExtractor: [Zepto]  Extracted: Amul Lactose Free Milk (Tetra Pack), 250 ml = 25.0 (MRP: N/A) -> https://www.zeptonow.com/pn/amul-lactose-free-milk-tetra-pack/pvid/23037033-b0ab-4109-82b6-30f3a2a2cf84
02-03 21:56:04.266 19178 19511 D ResilientExtractor: [Zepto]  Product URL: Amul Lactose Free Milk (Tetra  -> https://www.zeptonow.com/pn/amul-lactose-free-milk-tetra-pack/pvid/23037033-b0ab-4109-82b6-30f3a2a2cf84
02-03 21:56:04.268  1209  3591 I vendor.qti.bluetooth@1.0-ibs_handler: DeviceSleep: TX Awake, Sending SLEEP_IND
02-03 21:56:04.269  1209  3591 D vendor.qti.bluetooth@1.0-ibs_handler: SerialClockVote: vote for UART CLK OFF
02-03 21:56:04.269 19178 19511 D ResilientExtractor: [Zepto] Selected price: 111.0 (candidates: [111.0, 117.0])
02-03 21:56:04.272 19178 19511 D ResilientExtractor: [Zepto]  Extracted: Country Delight - Taaza Paneer, 180 g = 111.0 (MRP: 117.0) -> https://www.zeptonow.com/pn/country-delight-taaza-paneer/pvid/d8ebbf8c-7b12-401d-a25b-b405b16f5125
02-03 21:56:04.272 19178 19511 D ResilientExtractor: [Zepto]  Product URL: Country Delight - Taaza Paneer -> https://www.zeptonow.com/pn/country-delight-taaza-paneer/pvid/d8ebbf8c-7b12-401d-a25b-b405b16f5125
02-03 21:56:04.274 19178 19511 D ResilientExtractor: [Zepto] Selected price: 31.0 (candidates: [31.0])
02-03 21:56:04.277 19178 19511 D ResilientExtractor: [Zepto]  Extracted: Nandini Goodlife Toned UHT Milk (Fino Pouch), 500 ml = 31.0 (MRP: N/A) -> https://www.zeptonow.com/pn/nandini-goodlife-toned-uht-milk-fino-pouch/pvid/b01c94d5-7fa9-4119-b157-5e401def1280
02-03 21:56:04.277 19178 19511 D ResilientExtractor: [Zepto]  Product URL: Nandini Goodlife Toned UHT Mil -> https://www.zeptonow.com/pn/nandini-goodlife-toned-uht-milk-fino-pouch/pvid/b01c94d5-7fa9-4119-b157-5e401def1280
02-03 21:56:04.280 19178 19511 D ResilientExtractor: [Zepto] Selected price: 85.0 (candidates: [85.0, 95.0])
02-03 21:56:04.283 19178 19511 D ResilientExtractor: [Zepto]  Extracted: Amul Calci+ High Calcium Milk, 1 L = 85.0 (MRP: 95.0) -> https://www.zeptonow.com/pn/amul-calci-high-calcium-milk/pvid/502db7d9-8407-418d-aeda-ceb511125a8a
02-03 21:56:04.283 19178 19511 D ResilientExtractor: [Zepto]  Product URL: Amul Calci+ High Calcium Milk, -> https://www.zeptonow.com/pn/amul-calci-high-calcium-milk/pvid/502db7d9-8407-418d-aeda-ceb511125a8a
02-03 21:56:04.286 19178 19511 D ResilientExtractor: [Zepto] Selected price: 140.0 (candidates: [140.0])
02-03 21:56:04.287  1223  1223 I android.hardware.health@2.1-service-samsung: updateLrpSysfs: write: 381
02-03 21:56:04.288  1630  2779 D [SS]BattFunctions: [sendRemainingChargingTimeChangedIntent]remainingChargingTime:3265 ,mLastRemainingChargingTime:3272
02-03 21:56:04.288  1630 14650 V [SS]SleepChargingTimeController: [isActivated]mSleepChargingStatus isNowSessionTime False => false
02-03 21:56:04.289 19178 19511 D ResilientExtractor: [Zepto]  Extracted: Sid's Farm A2 Buffalo Milk Tetra Pack, 1 L = 140.0 (MRP: N/A) -> https://www.zeptonow.com/pn/sids-farm-a2-buffalo-milk-tetra-pack/pvid/7db8bb3e-48dc-4853-b28c-66c5824557d2
02-03 21:56:04.289 19178 19511 D ResilientExtractor: [Zepto]  Product URL: Sid's Farm A2 Buffalo Milk Tet -> https://www.zeptonow.com/pn/sids-farm-a2-buffalo-milk-tetra-pack/pvid/7db8bb3e-48dc-4853-b28c-66c5824557d2
02-03 21:56:04.289 19178 19511 D ResilientExtractor: [Zepto] Zepto-specific found 9 products
02-03 21:56:04.290  2991  2991 I AODBatteryManager: updateBatteryData: ACTION_BATTERY_CHANGED
02-03 21:56:04.290  2991  2991 I ChargingInfoManager: updateChargingInfo: newState = AOD ChargingInfo [mState=BATTERY_AND_REMAIN_TIME, mIsCharging=true, mIsPlugged=true, mIsFullyCharged=false, mIsBatteryProtectMode=false, mBetteryLevel=61, mBetteryProtectModeType4, mIsSlowChargingfalse], oldState = AOD ChargingInfo [mState=BATTERY_AND_REMAIN_TIME, mIsCharging=true, mIsPlugged=true, mIsFullyCharged=false, mIsBatteryProtectMode=false, mBetteryLevel=61, mBetteryProtectModeType4, mIsSlowChargingfalse]
02-03 21:56:04.291  2991  2991 D PowerUI : Charging time is changed, check charging notification
02-03 21:56:04.292  2991  2991 D PowerUI.Notification: showChargingNotice - oldBatteryLevel : 60 , BatteryLevel : 61 / oldChargingType : 11 , ChargingType : 11 / oldChargingTime : 3272, ChargingTime : 3265 / oldMaximumEnabled : false , MaximumEnabled : false / oldMaximumThreshold : 80 , MaximumThreshold : 80
02-03 21:56:04.294  2991  2991 I NotificationManager: com.android.systemui: notify(2131363875, charging_state, Notification(channel=CHR shortcut=null contentView=null vibrate=null sound=null defaults=0 flags=ONGOING_EVENT|ONLY_ALERT_ONCE color=0x00000000 category=sys groupKey=CHARGING vis=PUBLIC semFlags=0x0 semPriority=0 semMissedCount=0)) as user
02-03 21:56:04.294 19178 19511 I ResilientExtractor: [Zepto]  Zepto-Specific SUCCESS - 9 products
02-03 21:56:04.294 19178 19511 D ResilientExtractor: [Zepto]   1. Amul Gold Full Cream Fresh Milk | Pouch, 500 ml - 30.0
02-03 21:56:04.294 19178 19511 D ResilientExtractor: [Zepto]   2. Godrej Jersey Full Cream Fresh Milk | Pouch, 500 m - 33.0
02-03 21:56:04.294 19178 19511 D ResilientExtractor: [Zepto]   3. Milky Mist Pure Cream, 250 ml - 95.0
02-03 21:56:04.294 19178 19511 I System.out: Zepto: DEBUG - Extracted: 'Amul Gold Full Cream Fresh Milk | Pouch, 500 ml' = 30.0 (original: 33.0)
02-03 21:56:04.294 19178 19511 I System.out: Zepto: DEBUG - Extracted: 'Godrej Jersey Full Cream Fresh Milk | Pouch, 500 ml' = 33.0 (original: 37.0)
02-03 21:56:04.294 19178 19511 I System.out: Zepto: DEBUG - Extracted: 'Milky Mist Pure Cream, 250 ml' = 95.0 (original: 100.0)
02-03 21:56:04.294 19178 19511 I System.out: Zepto: DEBUG - Extracted: 'Sid's Farm Skim Fresh Milk | Pouch, 500 ml' = 32.0 (original: null)
02-03 21:56:04.294 19178 19511 I System.out: Zepto: DEBUG - Extracted: 'Amul Lactose Free Milk (Tetra Pack), 250 ml' = 25.0 (original: null)
02-03 21:56:04.294 19178 19511 I System.out: Zepto: DEBUG - Extracted: 'Country Delight - Taaza Paneer, 180 g' = 111.0 (original: 117.0)
02-03 21:56:04.294 19178 19511 I System.out: Zepto: DEBUG - Extracted: 'Nandini Goodlife Toned UHT Milk (Fino Pouch), 500 ml' = 31.0 (original: null)
02-03 21:56:04.294 19178 19511 I System.out: Zepto: DEBUG - Extracted: 'Amul Calci+ High Calcium Milk, 1 L' = 85.0 (original: 95.0)
02-03 21:56:04.294 19178 19511 I System.out: Zepto: DEBUG - Extracted: 'Sid's Farm A2 Buffalo Milk Tetra Pack, 1 L' = 140.0 (original: null)
02-03 21:56:04.294 19178 19511 I System.out: Zepto: URL for 'Amul Gold Full Cream Fresh Milk | Pouch, 500 ml' -> https://www.zeptonow.com/pn/amul-gold-full-cream-fresh-milk-pouch/pvid/51d55eac-ca29-4532-9b32-9b7d317f346a?pincode=560001
02-03 21:56:04.295 19178 19511 I System.out: Zepto: URL for 'Godrej Jersey Full Cream Fresh Milk | Pouch, 500 ml' -> https://www.zeptonow.com/pn/godrej-jersey-full-cream-fresh-milk-pouch/pvid/d05f0bf0-be17-4f60-8321-9ad4f19f2ba1?pincode=560001
02-03 21:56:04.295 19178 19511 I System.out: Zepto: URL for 'Milky Mist Pure Cream, 250 ml' -> https://www.zeptonow.com/pn/milky-mist-pure-cream/pvid/6c24ae9b-73f7-4a7c-975c-2616a53503e5?pincode=560001
02-03 21:56:04.295 19178 19511 I System.out: Zepto: URL for 'Sid's Farm Skim Fresh Milk | Pouch, 500 ml' -> https://www.zeptonow.com/pn/sids-farm-skim-fresh-milk-pouch/pvid/8e686c99-3292-4ee3-b45e-c8a0cb1e6884?pincode=560001
02-03 21:56:04.295 19178 19511 I System.out: Zepto: URL for 'Amul Lactose Free Milk (Tetra Pack), 250 ml' -> https://www.zeptonow.com/pn/amul-lactose-free-milk-tetra-pack/pvid/23037033-b0ab-4109-82b6-30f3a2a2cf84?pincode=560001
02-03 21:56:04.295 19178 19511 I System.out: Zepto: URL for 'Country Delight - Taaza Paneer, 180 g' -> https://www.zeptonow.com/pn/country-delight-taaza-paneer/pvid/d8ebbf8c-7b12-401d-a25b-b405b16f5125?pincode=560001
02-03 21:56:04.295 19178 19511 I System.out: Zepto: URL for 'Nandini Goodlife Toned UHT Milk (Fino Pouch), 500 ml' -> https://www.zeptonow.com/pn/nandini-goodlife-toned-uht-milk-fino-pouch/pvid/b01c94d5-7fa9-4119-b157-5e401def1280?pincode=560001
02-03 21:56:04.295 19178 19511 I System.out: Zepto: URL for 'Amul Calci+ High Calcium Milk, 1 L' -> https://www.zeptonow.com/pn/amul-calci-high-calcium-milk/pvid/502db7d9-8407-418d-aeda-ceb511125a8a?pincode=560001
02-03 21:56:04.295 19178 19511 I System.out: Zepto: URL for 'Sid's Farm A2 Buffalo Milk Tetra Pack, 1 L' -> https://www.zeptonow.com/pn/sids-farm-a2-buffalo-milk-tetra-pack/pvid/7db8bb3e-48dc-4853-b28c-66c5824557d2?pincode=560001
02-03 21:56:04.295 19178 19511 I System.out: Zepto: [RAW] Got 9 products
02-03 21:56:04.298  1630  3476 W PermissionService: getPermissionFlags: Unknown user -1
02-03 21:56:04.298  1630  3476 W PermissionService: getPermissionFlags: Unknown user -1
02-03 21:56:04.298  1630  3476 D NotificationHighlightCore: isNonImportantNotification Importance low
02-03 21:56:04.299  1630  3476 W NotificationService: notificationHightlight enqu getNonImportantNotification, r= StatusBarNotification(pkg=com.android.systemui user=UserHandle{-1} id=2131363875 tag=charging_state key=-1|com.android.systemui|2131363875|charging_state|10051: Notification(channel=CHR shortcut=null contentView=null vibrate=null sound=null defaults=0 flags=ONGOING_EVENT|ONLY_ALERT_ONCE color=0x00000000 category=sys groupKey=CHARGING vis=PUBLIC semFlags=0x200000 semPriority=0 semMissedCount=0)), flags= SEM_FLAG_INSIGNIFICANT_MINIMIZED 
02-03 21:56:04.300 19178 19511 I System.out: Zepto:  9 products (raw, unfiltered)
02-03 21:56:04.300 19178 19511 I System.out: Zepto: Completed (3/10)
02-03 21:56:04.301 19178 19511 I System.out: BigBasket: Starting (WebView)
02-03 21:56:04.301 19178 19178 I System.out: [STREAM] Zepto: 9 products at 5847ms
02-03 21:56:04.301 19178 19178 I System.out:  Per-platform AI: Zepto - queued (9 products, timeout=4000ms, reason=fresh)
02-03 21:56:04.301 19178 19178 I System.out:  Per-platform AI: Zepto - started
02-03 21:56:04.302 19178 19510 I System.out: BigBasket: Searching for 'milk full cream'...
02-03 21:56:04.302 19178 19178 I System.out:  Best Deal Search: 'milk full cream'  Primary keyword: 'milk'
02-03 21:56:04.302 19178 19510 I System.out: DirectApiScraper: BigBasket: Starting API scrape for 'milk full cream'
02-03 21:56:04.310  1630  2890 D NetdEventListenerService: DNS Requested by 491, 10418(com.pricehunt), SUCCESS, 1ms
02-03 21:56:04.316 19178 19178 I System.out:  Relevance: HIGH=18, MEDIUM=1, LOW=1
02-03 21:56:04.316 19178 19178 I System.out:    HIGH [40]: Amul Lactose Free Milk (Tetra Pack), 250 = 25.0
02-03 21:56:04.317 19178 19178 I System.out:    HIGH [70]: Nandini Shubham Pasteurized Fresh Milk,  = 27.0
02-03 21:56:04.317 19178 19178 I System.out:    HIGH [50]: Amul Gold Full Cream Fresh Milk | Pouch, = 30.0
02-03 21:56:04.317 19178 19178 I System.out:    HIGH [40]: Nandini Goodlife Toned UHT Milk (Fino Po = 31.0
02-03 21:56:04.317 19178 19178 I System.out:    HIGH [70]: Heritage standardized Fresh Milk, 500ml = 31.0
02-03 21:56:04.317 19178 19178 I System.out:    MED [10]: Rainbow Condensed Milk Original | Rich & = 999.0
02-03 21:56:04.317 19178 19178 I System.out:    LOW [-10]: Ahuja Mart Milk Powder, EveryDay Dairy W = 849.0
02-03 21:56:04.317 19178 19178 I System.out: SearchIntelligence:  Amul Gold Full Cream Fresh Mil  6.0/100ml
02-03 21:56:04.318 19178 19178 I System.out: SearchIntelligence:  Godrej Jersey Full Cream Fresh  6.6/100ml
02-03 21:56:04.318 19178 19178 I System.out: SearchIntelligence:  Milky Mist Pure Cream, 250 ml  38.0/100ml
02-03 21:56:04.318 19178 19178 I System.out: SearchIntelligence:  Sid's Farm Skim Fresh Milk | P  6.4/100ml
02-03 21:56:04.318 19178 19560 I okhttp.OkHttpClient: --> POST https://pricehunt-hklm.onrender.com/api/smart-search (8236-byte body)
02-03 21:56:04.319 19178 19178 I System.out: SearchIntelligence:  Amul Lactose Free Milk (Tetra   10.0/100ml
02-03 21:56:04.319 19178 19178 I System.out: SearchIntelligence:  Country Delight - Taaza Paneer  61.7/100gm
02-03 21:56:04.319 19178 19178 I System.out: SearchIntelligence:  Nandini Goodlife Toned UHT Mil  6.2/100ml
02-03 21:56:04.319 19178 19178 I System.out: SearchIntelligence:  Amul Calci+ High Calcium Milk,  85.0/ltr
02-03 21:56:04.320 19178 19178 I System.out: SearchIntelligence:  Sid's Farm A2 Buffalo Milk Tet  140.0/ltr
02-03 21:56:04.320 19178 19178 I System.out: SearchIntelligence:  Nandini Shubham Pasteurized Fr  5.4/100ml
02-03 21:56:04.321 19178 19178 I System.out: SearchIntelligence:  Heritage standardized Fresh Mi  6.2/100ml
02-03 21:56:04.321 19178 19178 I System.out: SearchIntelligence:  Amul Full Fat Milk-Gold, 500ml  6.6/100ml
02-03 21:56:04.321 19178 19178 I System.out: SearchIntelligence:  Heritage Full Cream Milk, 500m  7.0/100ml
02-03 21:56:04.322 19178 19178 I System.out: SearchIntelligence:  Arokya Full cream milk 500 ml  8.0/100ml
02-03 21:56:04.322 19178 19178 I System.out: SearchIntelligence:  Rainbow Milk Original, Pack of  470.0/100gm
02-03 21:56:04.322 19178 19178 I System.out: SearchIntelligence:  Rainbow's Quality Milk Origina  470.0/100gm
02-03 21:56:04.323 19178 19178 I System.out: SearchIntelligence:  Couldn't parse quantity from 'Rainbow's Quality Milk Original  12s Convenience Pack  Long Shelf Life Evaporated Milk  Ideal for Tea, Coffee & Dess'
02-03 21:56:04.323 19178 19178 I System.out: SearchIntelligence:  Green Milk Pannir Rose Face Ge  1200.0/100ml
02-03 21:56:04.323 19178 19178 I System.out:    Per-unit comparison: 17 products have calculable unit price
02-03 21:56:04.323 19178 19178 I System.out:      Nandini Shubham Pasteurized Fresh M = 27.0 (5.4/100ml)
02-03 21:56:04.323 19178 19178 I System.out:      Amul Gold Full Cream Fresh Milk | P = 30.0 (6.0/100ml)
02-03 21:56:04.324 19178 19178 I System.out:      Nandini Goodlife Toned UHT Milk (Fi = 31.0 (6.2/100ml)
02-03 21:56:04.324 19178 19178 I System.out:      Heritage standardized Fresh Milk, 5 = 31.0 (6.2/100ml)
02-03 21:56:04.324 19178 19178 I System.out:      Sid's Farm Skim Fresh Milk | Pouch, = 32.0 (6.4/100ml)
02-03 21:56:04.324 19178 19178 I System.out:    Per-unit best: Nandini Shubham Pasteurized Fresh Milk,  (5.4/100ml)
02-03 21:56:04.324 19178 19178 I System.out:  Best Deal: Nandini Shubham Pasteurized Fresh Milk, 500ml = 27.0
02-03 21:56:04.324 19178 19178 I System.out:  Scraping: 4/10 platforms, Total: 19
02-03 21:56:04.358 19178 19756 W okhttp.OkHttpClient: A connection to https://www.jiomart.com/ was leaked. Did you forget to close a response body? To see where this was allocated, set the OkHttpClient logger level to FINE: Logger.getLogger(OkHttpClient.class.getName()).setLevel(Level.FINE);
02-03 21:56:04.359 19178 19756 W okhttp.OkHttpClient: A connection to https://www.jiomart.com/ was leaked. Did you forget to close a response body? To see where this was allocated, set the OkHttpClient logger level to FINE: Logger.getLogger(OkHttpClient.class.getName()).setLevel(Level.FINE);
02-03 21:56:04.359 19178 19756 W okhttp.OkHttpClient: A connection to https://www.zepto.com/ was leaked. Did you forget to close a response body? To see where this was allocated, set the OkHttpClient logger level to FINE: Logger.getLogger(OkHttpClient.class.getName()).setLevel(Level.FINE);
02-03 21:56:04.388  1429 21775 W ComposerExtn: DisplayExtnImpl::SetActiveConfig: HWC Display 3 is not registered!
02-03 21:56:04.400  1429  1429 W Layer   : gatherBufferInfo: Received unknown dataspace from gralloc
02-03 21:56:04.417  6716 12947 I ObjectPool@9791306: Ph_[checker Pool remains: , 9, ] [pool-94-thread-1] 
02-03 21:56:04.417  1429  1429 W Layer   : gatherBufferInfo: Received unknown dataspace from gralloc
02-03 21:56:04.419  1209  3325 D vendor.qti.bluetooth@1.0-wake_lock: Release wakelock is released 
02-03 21:56:04.428 19178 19510 I System.out: DirectApiScraper: BigBasket: HTTP 400
02-03 21:56:04.429 19178 19510 I System.out: BigBasket: Direct API failed (HTTP 400)
02-03 21:56:04.429 19178 19510 I System.out: BigBasket: Loading https://www.bigbasket.com/ps/?q=milk+full+cream (WebView)...
02-03 21:56:04.430 19178 19510 I System.out: WebView: Location set to pincode=560001, lat=12.9352, lon=77.6245
02-03 21:56:04.433 32101 19147 I NearbySharing: Network state changed: NetworkState(isRestricted=false, isOnline=true, isCongested=false, isMetered=false, isWifiConnected=true)
02-03 21:56:04.434  1429  1429 W Layer   : gatherBufferInfo: Received unknown dataspace from gralloc
02-03 21:56:04.435  1630  2061 I ActivityManager: Changes in 10111 5 to 15, 16 to 0
02-03 21:56:04.439  1630  3476 I AppsFilter: interaction: PackageSetting{7272e39 com.pricehunt/10418} -> PackageSetting{24451a5 com.touchtype.swiftkey/10294} BLOCKED
02-03 21:56:04.445 19178 19178 I System.out: WebView: Created with User-Agent: Mozilla/5.0 (Linux; Android 14; SM-G998B) AppleWebKit/537.36 (KHTML, like Gecko) Chrome/121.0.6167.101 Mobile Safari/537.36
02-03 21:56:04.449  1429  1429 W Layer   : gatherBufferInfo: Received unknown dataspace from gralloc
02-03 21:56:04.467 19178 19178 I System.out: WebView: Set location cookies for www.bigbasket.com with pincode=560001
02-03 21:56:04.481  1630  2890 D NetdEventListenerService: DNS Requested by 491, 10418(com.pricehunt), SUCCESS, 1ms
02-03 21:56:04.501  1429  1429 W Layer   : gatherBufferInfo: Received unknown dataspace from gralloc
02-03 21:56:04.508  1630  1630 I Telecom : SamsungTelecomServiceImpl : isInManagedCall - callingPackage : android / callingUser : UserHandle{0} / hasCrossUserAccess : true
02-03 21:56:04.516  1429  1429 W Layer   : gatherBufferInfo: Received unknown dataspace from gralloc
02-03 21:56:04.533  1429  1429 W Layer   : gatherBufferInfo: Received unknown dataspace from gralloc
02-03 21:56:04.533  6784  6784 I NeoBean_NotificationListener: onNotificationPosted()::sbn.getPackageName() = com.android.systemui
02-03 21:56:04.533  6784  6784 I NeoBean_Util: isEmulator() : false
02-03 21:56:04.533  6784  6784 I NeoBean_NotificationListener: This Notification is On-Going, let's skip it [ com.android.systemui]
02-03 21:56:04.533  3474  8340 I HoneySpace.NotificationListener: onNotificationPosted com.android.systemui: -1|com.android.systemui|2131363875|charging_state|10051: 0
02-03 21:56:04.533  3474  8340 I HoneySpace.NotificationListener: invalid notification: com.android.systemui UserHandle{-1}: canShowBadge is false
02-03 21:56:04.534  3474  7346 I HoneySpace.BadgeDataSourceImpl: Get notification count. PK(p='com.google.android.apps.photos', u=UserHandle{0}) - forceBadgeCount: false, notification listener: 1, badge provider: 0
02-03 21:56:04.534  3474 30629 I HoneySpace.BadgeDataSourceImpl: Get notification count. PK(p='com.google.android.apps.photos', u=UserHandle{0}) - forceBadgeCount: false, notification listener: 1, badge provider: 0
02-03 21:56:04.549  1429  1429 W Layer   : gatherBufferInfo: Received unknown dataspace from gralloc
02-03 21:56:04.562  2991  2991 I LockscreenNotificationIconsOnlyController: onNotificationInfoUpdated 21
02-03 21:56:04.566  1429  1429 W Layer   : gatherBufferInfo: Received unknown dataspace from gralloc
02-03 21:56:04.568  2991  2991 I AODNotificationManager: updateNotification() 
02-03 21:56:04.583  1429  1429 W Layer   : gatherBufferInfo: Received unknown dataspace from gralloc
02-03 21:56:04.584  1429  1429 W Layer   : gatherBufferInfo: Received unknown dataspace from gralloc
02-03 21:56:04.585  1429  1429 W ComposerExtn: DisplayExtnImpl::SetActiveConfig: HWC Display 3 is not registered!
02-03 21:56:04.600  1429  1429 W Layer   : gatherBufferInfo: Received unknown dataspace from gralloc
02-03 21:56:04.617  1429  1429 W Layer   : gatherBufferInfo: Received unknown dataspace from gralloc
02-03 21:56:04.634  1429  1429 W Layer   : gatherBufferInfo: Received unknown dataspace from gralloc
02-03 21:56:04.650  1429  1429 W Layer   : gatherBufferInfo: Received unknown dataspace from gralloc
02-03 21:56:04.667  1429  1429 W Layer   : gatherBufferInfo: Received unknown dataspace from gralloc
02-03 21:56:04.684  1429  1429 W Layer   : gatherBufferInfo: Received unknown dataspace from gralloc
02-03 21:56:04.700  1429  1429 W Layer   : gatherBufferInfo: Received unknown dataspace from gralloc
02-03 21:56:04.717  1429  1429 W Layer   : gatherBufferInfo: Received unknown dataspace from gralloc
02-03 21:56:04.733  1429  1429 W Layer   : gatherBufferInfo: Received unknown dataspace from gralloc
02-03 21:56:04.745  2991  2991 D Bubbles : onEntryUpdated : shouldBubbleUp=false ,key=-1|com.android.systemui|2131363875|charging_state|10051
02-03 21:56:04.746  2991  2991 D InterruptionStateProvider:  no Heads up : edgelighting enabled app. -1|com.android.systemui|2131363875|charging_state|10051
02-03 21:56:04.746  2991  2991 D InsignificantCoordinator: onEntryUpdated :-1|com.android.systemui|2131363875|charging_state|10051 flags: 200000 updateSummary entrySize:1
02-03 21:56:04.748  2991  2991 D InsignificantCoordinator: update summary with firstEntry : -1|com.android.systemui|2131363875|charging_state|10051 size: 1
02-03 21:56:04.748  2991  2991 I NotificationManager: com.android.systemui: notify(123, INSIGNIFICANT, Notification(channel=INSIGNIFICANT shortcut=null contentView=null vibrate=null sound=null defaults=0 flags=0 color=0x00000000 groupKey=INSIGNIFICANT vis=PUBLIC semFlags=0x0 semPriority=0 semMissedCount=0)) as user
02-03 21:56:04.749  1429  1429 W Layer   : gatherBufferInfo: Received unknown dataspace from gralloc
02-03 21:56:04.750 19178 19178 I System.out: WebView: Anti-detection script injected on page start
02-03 21:56:04.754  1630  2890 D NetdEventListenerService: DNS Requested by 491, 10418(com.pricehunt), SUCCESS, 3ms
02-03 21:56:04.754  1630  2890 D NetdEventListenerService: DNS Requested by 491, 10418(com.pricehunt), SUCCESS, 3ms
02-03 21:56:04.766  1429  1429 W Layer   : gatherBufferInfo: Received unknown dataspace from gralloc
02-03 21:56:04.768 19178 19178 I System.out: WebView Console: Anti-detection script injected successfully (:175)
02-03 21:56:04.775  2991  2991 I LockscreenNotificationIconsOnlyController: onNotificationInfoUpdated 21
02-03 21:56:04.780  2991  2991 I AODNotificationManager: updateNotification() 
02-03 21:56:04.780  1630  2890 D NetdEventListenerService: DNS Requested by 491, 10418(com.pricehunt), SUCCESS, 44ms
02-03 21:56:04.783  1429  1429 W Layer   : gatherBufferInfo: Received unknown dataspace from gralloc
02-03 21:56:04.783  1429  1429 W Layer   : gatherBufferInfo: Received unknown dataspace from gralloc
02-03 21:56:04.784  2991  3535 D LocalImageResolver: Couldn't use ImageDecoder for drawable, falling back to non-resized load.
02-03 21:56:04.786  2991  3535 D LocalImageResolver: Couldn't use ImageDecoder for drawable, falling back to non-resized load.
02-03 21:56:04.789  2991  2991 D LocalImageResolver: Couldn't use ImageDecoder for drawable, falling back to non-resized load.
02-03 21:56:04.800  1429  1429 W Layer   : gatherBufferInfo: Received unknown dataspace from gralloc
02-03 21:56:04.804  1630  2890 D NetdEventListenerService: DNS Requested by 491, 10418(com.pricehunt), SUCCESS, 41ms
02-03 21:56:04.817  1429  1429 W Layer   : gatherBufferInfo: Received unknown dataspace from gralloc
02-03 21:56:04.818  2991  2991 D LocalImageResolver: Couldn't use ImageDecoder for drawable, falling back to non-resized load.
02-03 21:56:04.828  2991  2991 I LockscreenNotificationIconsOnlyController: onNotificationInfoUpdated 21
02-03 21:56:04.830  2991  2991 I AODNotificationManager: updateNotification() 
02-03 21:56:04.833  1429  1429 W Layer   : gatherBufferInfo: Received unknown dataspace from gralloc
02-03 21:56:04.833  1429  1429 W Layer   : gatherBufferInfo: Received unknown dataspace from gralloc
02-03 21:56:04.850  1429  1429 W Layer   : gatherBufferInfo: Received unknown dataspace from gralloc
02-03 21:56:04.867  1429  1429 W Layer   : gatherBufferInfo: Received unknown dataspace from gralloc
02-03 21:56:04.883  1429  1429 W Layer   : gatherBufferInfo: Received unknown dataspace from gralloc
02-03 21:56:04.900  1429  1429 W Layer   : gatherBufferInfo: Received unknown dataspace from gralloc
02-03 21:56:04.916  1429  1429 W Layer   : gatherBufferInfo: Received unknown dataspace from gralloc
02-03 21:56:04.934  1429  1429 W Layer   : gatherBufferInfo: Received unknown dataspace from gralloc
02-03 21:56:04.950  1429  1429 W Layer   : gatherBufferInfo: Received unknown dataspace from gralloc
02-03 21:56:04.960  1630  1630 I Telecom : SamsungTelecomServiceImpl : isInManagedCall - callingPackage : android / callingUser : UserHandle{0} / hasCrossUserAccess : true
02-03 21:56:04.963  1630  1630 D NotificationManagerService$NotificationListeners: skip send NotificationListenerService - isn't visible, ManagedServiceInfo = ManagedServiceInfo[component=ComponentInfo{com.google.android.ext.services/android.ext.services.notification.Assistant},userid=150,isSystem=false,targetSdkVersion=36,connection=<connection>,service=android.service.notification.INotificationListener$Stub$Proxy@d8bca30]
02-03 21:56:04.964  1630  1630 D NotificationService: isVisibleToListenerForLog() notiType = 4, sbn = StatusBarNotification(pkg=com.android.systemui user=UserHandle{0} id=123 tag=INSIGNIFICANT key=0|com.android.systemui|123|INSIGNIFICANT|10051: Notification(channel=INSIGNIFICANT shortcut=null contentView=null vibrate=null sound=null defaults=0 flags=0 color=0x00000000 groupKey=INSIGNIFICANT vis=PUBLIC semFlags=0x0 semPriority=0 semMissedCount=0))
02-03 21:56:04.964  1630  1630 D NotificationService: isInteractionVisibleToListener is false,   UserId = 0
02-03 21:56:04.964  1630  1630 D NotificationService: isVisibleToListenerForLog() notiType = 4, sbn = StatusBarNotification(pkg=com.android.systemui user=UserHandle{0} id=123 tag=INSIGNIFICANT key=0|com.android.systemui|123|INSIGNIFICANT|10051: Notification(channel=INSIGNIFICANT shortcut=null contentView=null vibrate=null sound=null defaults=0 flags=0 color=0x00000000 groupKey=INSIGNIFICANT vis=PUBLIC semFlags=0x0 semPriority=0 semMissedCount=0))
02-03 21:56:04.964  1630  1630 D NotificationService: isInteractionVisibleToListener is false,   UserId = 0
02-03 21:56:04.964  1630  1630 D NotificationManagerService$NotificationListeners: skip send NotificationListenerService - isn't visible, ManagedServiceInfo = ManagedServiceInfo[component=ComponentInfo{com.google.android.ext.services/android.ext.services.notification.Assistant},userid=10,isSystem=false,targetSdkVersion=36,connection=<connection>,service=android.service.notification.INotificationListener$Stub$Proxy@f31020c]
02-03 21:56:04.964  1630  1630 D NotificationService: isVisibleToListenerForLog() notiType = 4, sbn = StatusBarNotification(pkg=com.android.systemui user=UserHandle{0} id=123 tag=INSIGNIFICANT key=0|com.android.systemui|123|INSIGNIFICANT|10051: Notification(channel=INSIGNIFICANT shortcut=null contentView=null vibrate=null sound=null defaults=0 flags=0 color=0x00000000 groupKey=INSIGNIFICANT vis=PUBLIC semFlags=0x0 semPriority=0 semMissedCount=0))
02-03 21:56:04.964  1630  1630 D NotificationService: isInteractionVisibleToListener is false,   UserId = 0
02-03 21:56:04.964  1630  1630 D NotificationService: isVisibleToListenerForLog() notiType = 4, sbn = StatusBarNotification(pkg=com.android.systemui user=UserHandle{0} id=123 tag=INSIGNIFICANT key=0|com.android.systemui|123|INSIGNIFICANT|10051: Notification(channel=INSIGNIFICANT shortcut=null contentView=null vibrate=null sound=null defaults=0 flags=0 color=0x00000000 groupKey=INSIGNIFICANT vis=PUBLIC semFlags=0x0 semPriority=0 semMissedCount=0))
02-03 21:56:04.964  1630  1630 D NotificationService: isInteractionVisibleToListener is false,   UserId = 0
02-03 21:56:04.965  1429  1429 W Layer   : gatherBufferInfo: Received unknown dataspace from gralloc
02-03 21:56:04.968  6137  6137 I SDHMS:LOAD: type: LoadsFreqs, value: 0:174:1:1460735:2841600:844800:1393151:2419200:710400:340:443:315
02-03 21:56:04.974  3474  8340 I HoneySpace.NotificationListener: onNotificationPosted com.android.systemui: 0|com.android.systemui|123|INSIGNIFICANT|10051: 0
02-03 21:56:04.974  3474  8340 I HoneySpace.BadgeDataSourceImpl: Get notification count. PK(p='com.android.systemui', u=UserHandle{0}) - forceBadgeCount: false, notification listener: 1, badge provider: 0
02-03 21:56:04.974  3474 17192 I HoneySpace.BadgeDataSourceImpl: Get notification count. PK(p='com.google.android.apps.photos', u=UserHandle{0}) - forceBadgeCount: false, notification listener: 1, badge provider: 0
02-03 21:56:04.975  3474 17192 I HoneySpace.BadgeDataSourceImpl: Get notification count. PK(p='com.google.android.apps.photos', u=UserHandle{0}) - forceBadgeCount: false, notification listener: 1, badge provider: 0
02-03 21:56:04.975  6784  6784 I NeoBean_NotificationListener: onNotificationPosted()::sbn.getPackageName() = com.android.systemui
02-03 21:56:04.975  6784  6784 I NeoBean_Util: isEmulator() : false
02-03 21:56:04.975  6784  6784 I NeoBean_NotificationListener: sendAudioNotification()
02-03 21:56:04.975  6784  6784 I NeoBean_NotificationListener: uid = 0
02-03 21:56:04.975  6784  6784 I NeoBean_NotificationListener: Usage = 5
02-03 21:56:04.975  6784  6784 I NeoBean_NotificationUtil: noti.sound :null
02-03 21:56:04.975  6784  6784 I NeoBean_NotificationUtil: noti.vibrate :null true
02-03 21:56:04.975  6784  6784 I NeoBean_NotificationUtil: noti.defaults :0
02-03 21:56:04.975  6784  6784 I NeoBean_NotificationUtil: noti.ledARGB :0
02-03 21:56:04.975  6784  6784 I NeoBean_NotificationUtil: noti.ledOffMS :0
02-03 21:56:04.975  6784  6784 I NeoBean_NotificationUtil: noti.ledOnMS :0
02-03 21:56:04.975  6784  6784 I NeoBean_NotificationUtil: isAlertNeed1 :false
02-03 21:56:04.975  6784  6784 I NeoBean_NotificationUtil: noti.sound :content://settings/system/notification_sound
02-03 21:56:04.975  6784  6784 I NeoBean_NotificationUtil: noti.vibe :false
02-03 21:56:04.975  6784  6784 I NeoBean_NotificationUtil: noti.importanceVal :2
02-03 21:56:04.975  6784  6784 I NeoBean_NotificationUtil: noti.isGrouping :false
02-03 21:56:04.975  6784  6784 W System.err: java.lang.NullPointerException: Attempt to invoke virtual method 'boolean android.app.Notification$BubbleMetadata.isNotificationSuppressed()' on a null object reference
02-03 21:56:04.975  6784  6784 W System.err: 	at V6.b.s(SourceFile:1)
02-03 21:56:04.975  6784  6784 W System.err: 	at r2.c.run(SourceFile:668)
02-03 21:56:04.975  6784  6784 W System.err: 	at android.os.Handler.handleCallback(Handler.java:959)
02-03 21:56:04.975  6784  6784 W System.err: 	at android.os.Handler.dispatchMessage(Handler.java:100)
02-03 21:56:04.975  6784  6784 W System.err: 	at android.os.Looper.loopOnce(Looper.java:257)
02-03 21:56:04.975  6784  6784 W System.err: 	at android.os.Looper.loop(Looper.java:342)
02-03 21:56:04.975  6784  6784 W System.err: 	at android.app.ActivityThread.main(ActivityThread.java:9634)
02-03 21:56:04.975  6784  6784 W System.err: 	at java.lang.reflect.Method.invoke(Native Method)
02-03 21:56:04.975  6784  6784 W System.err: 	at com.android.internal.os.RuntimeInit$MethodAndArgsCaller.run(RuntimeInit.java:619)
02-03 21:56:04.976  6784  6784 W System.err: 	at com.android.internal.os.ZygoteInit.main(ZygoteInit.java:929)
02-03 21:56:04.976  6784  6784 I NeoBean_NotificationUtil: isAlertNeed2 :false
02-03 21:56:04.984  1429  1429 W Layer   : gatherBufferInfo: Received unknown dataspace from gralloc
02-03 21:56:04.993  2991  2991 D InterruptionStateProvider:  no Heads up : edgelighting enabled app. -1|com.android.systemui|2131363875|charging_state|10051
02-03 21:56:05.000  1429  1429 W Layer   : gatherBufferInfo: Received unknown dataspace from gralloc
02-03 21:56:05.005  2991  2991 I LockscreenNotificationIconsOnlyController: onNotificationInfoUpdated 21
02-03 21:56:05.009  2991  2991 I AODNotificationManager: updateNotification() 
02-03 21:56:05.016  1429  1429 W Layer   : gatherBufferInfo: Received unknown dataspace from gralloc
02-03 21:56:05.017  1429  1429 W Layer   : gatherBufferInfo: Received unknown dataspace from gralloc
02-03 21:56:05.034  1429  1429 W Layer   : gatherBufferInfo: Received unknown dataspace from gralloc
02-03 21:56:05.047  1630  2851 D SemWifiSwitchForIndividualAppsService: isSkipTcpMonitorInfo - result:1
02-03 21:56:05.050  1429  1429 W Layer   : gatherBufferInfo: Received unknown dataspace from gralloc
02-03 21:56:05.067  1429  1429 W Layer   : gatherBufferInfo: Received unknown dataspace from gralloc
02-03 21:56:05.084  1429  1429 W Layer   : gatherBufferInfo: Received unknown dataspace from gralloc
02-03 21:56:05.100  1429  1429 W Layer   : gatherBufferInfo: Received unknown dataspace from gralloc
02-03 21:56:05.117  1429  1429 W Layer   : gatherBufferInfo: Received unknown dataspace from gralloc
02-03 21:56:05.130 32101 19147 I NearbyMediums: No BLE Fast/GATT advertisements found in the latest cycle.
02-03 21:56:05.130 32101 19147 I NearbyMediums: Current Tracked Scanning Clients are : {NearbyConnections.EnvironmentMonitor, NearbySharing, NearbyConnections.TxAdvertisement}
02-03 21:56:05.133  1429  1429 W Layer   : gatherBufferInfo: Received unknown dataspace from gralloc
02-03 21:56:05.151  1429  1429 W Layer   : gatherBufferInfo: Received unknown dataspace from gralloc
02-03 21:56:05.167  1429  1429 W Layer   : gatherBufferInfo: Received unknown dataspace from gralloc
02-03 21:56:05.184  1429  1429 W Layer   : gatherBufferInfo: Received unknown dataspace from gralloc
02-03 21:56:05.187  1209  3586 I vendor.qti.bluetooth@1.0-ibs_handler: ProcessIbsCmd: Received IBS_WAKE_IND: 0xFD
02-03 21:56:05.187  1209  3586 D vendor.qti.bluetooth@1.0-ibs_handler: SerialClockVote: vote for UART CLK ON
02-03 21:56:05.187  1209  3586 D vendor.qti.bluetooth@1.0-wake_lock: Acquire wakelock is acquired 
02-03 21:56:05.187  1209  3586 I vendor.qti.bluetooth@1.0-ibs_handler: ProcessIbsCmd: Writing IBS_WAKE_ACK
02-03 21:56:05.194  2991  2991 D Bubbles : onEntryUpdated : shouldBubbleUp=false ,key=0|com.android.systemui|123|INSIGNIFICANT|10051
02-03 21:56:05.195  2991  2991 D InterruptionStateProvider:  no Heads up : edgelighting enabled app. 0|com.android.systemui|123|INSIGNIFICANT|10051
02-03 21:56:05.200  1429  1429 W Layer   : gatherBufferInfo: Received unknown dataspace from gralloc
02-03 21:56:05.217  1429  1429 W Layer   : gatherBufferInfo: Received unknown dataspace from gralloc
02-03 21:56:05.230  2991  2991 I LockscreenNotificationIconsOnlyController: onNotificationInfoUpdated 21
02-03 21:56:05.234  2991  2991 I AODNotificationManager: updateNotification() 
02-03 21:56:05.234  1429  1429 W Layer   : gatherBufferInfo: Received unknown dataspace from gralloc
02-03 21:56:05.234  1429  1429 W Layer   : gatherBufferInfo: Received unknown dataspace from gralloc
02-03 21:56:05.236  1209  3586 I vendor.qti.bluetooth@1.0-ibs_handler: ProcessIbsCmd: Received IBS_SLEEP_IND: 0xFE
02-03 21:56:05.236  1209  3586 D vendor.qti.bluetooth@1.0-ibs_handler: SerialClockVote: vote for UART CLK OFF
02-03 21:56:05.236 19178 19178 I System.out: WebView Console: Anti-detection script injected successfully (:175)
02-03 21:56:05.236  2991  3535 D LocalImageResolver: Couldn't use ImageDecoder for drawable, falling back to non-resized load.
02-03 21:56:05.238  2991  3535 D LocalImageResolver: Couldn't use ImageDecoder for drawable, falling back to non-resized load.
02-03 21:56:05.239  2991  2991 D LocalImageResolver: Couldn't use ImageDecoder for drawable, falling back to non-resized load.
02-03 21:56:05.250  1429  1429 W Layer   : gatherBufferInfo: Received unknown dataspace from gralloc
02-03 21:56:05.266  1209  3586 I vendor.qti.bluetooth@1.0-ibs_handler: ProcessIbsCmd: Received IBS_WAKE_IND: 0xFD
02-03 21:56:05.266  1209  3586 D vendor.qti.bluetooth@1.0-ibs_handler: SerialClockVote: vote for UART CLK ON
02-03 21:56:05.266  1209  3586 I vendor.qti.bluetooth@1.0-ibs_handler: ProcessIbsCmd: Writing IBS_WAKE_ACK
02-03 21:56:05.267  1429  1429 W Layer   : gatherBufferInfo: Received unknown dataspace from gralloc
02-03 21:56:05.267  2991  2991 D LocalImageResolver: Couldn't use ImageDecoder for drawable, falling back to non-resized load.
02-03 21:56:05.272  3245  3607 I BtGatt.ScanHelper: onScanResult to scannerId: 4- eventType=0x1a, addressType=1, address=XX:XX:XX:XX:E0:48, primaryPhy=1, secondaryPhy=0, advertisingSid=0xff, txPower=127, rssi=-92, periodicAdvInt=0x0
02-03 21:56:05.279  2991  2991 I LockscreenNotificationIconsOnlyController: onNotificationInfoUpdated 21
02-03 21:56:05.282  2991  2991 I AODNotificationManager: updateNotification() 
02-03 21:56:05.284  1429  1429 W Layer   : gatherBufferInfo: Received unknown dataspace from gralloc
02-03 21:56:05.291 19178 19178 I System.out: WebView Console: Anti-detection script injected successfully (:175)
02-03 21:56:05.301  1429  1429 W Layer   : gatherBufferInfo: Received unknown dataspace from gralloc
02-03 21:56:05.301  1429  1429 W Layer   : gatherBufferInfo: Received unknown dataspace from gralloc
02-03 21:56:05.310  1209  3586 I vendor.qti.bluetooth@1.0-ibs_handler: ProcessIbsCmd: Received IBS_SLEEP_IND: 0xFE
02-03 21:56:05.310  1209  3586 D vendor.qti.bluetooth@1.0-ibs_handler: SerialClockVote: vote for UART CLK OFF
02-03 21:56:05.317  1429  1429 W Layer   : gatherBufferInfo: Received unknown dataspace from gralloc
02-03 21:56:05.334  1429  1429 W Layer   : gatherBufferInfo: Received unknown dataspace from gralloc
02-03 21:56:05.351  1429  1429 W Layer   : gatherBufferInfo: Received unknown dataspace from gralloc
02-03 21:56:05.367  1429  1429 W Layer   : gatherBufferInfo: Received unknown dataspace from gralloc
02-03 21:56:05.377  1630  4226 D MARs:ActiveTrafficFilter: filter : com.samsung.android.displayassistant(0)
02-03 21:56:05.377  1630  4226 D FreecessController: com.samsung.android.displayassistant(10408) is important[8]
02-03 21:56:05.384  1429  1429 W Layer   : gatherBufferInfo: Received unknown dataspace from gralloc
02-03 21:56:05.401  1429  1429 W Layer   : gatherBufferInfo: Received unknown dataspace from gralloc
02-03 21:56:05.417  1429  1429 W Layer   : gatherBufferInfo: Received unknown dataspace from gralloc
02-03 21:56:05.434  1429  1429 W Layer   : gatherBufferInfo: Received unknown dataspace from gralloc
02-03 21:56:05.438 19178 19560 I okhttp.OkHttpClient: <-- 200 https://pricehunt-hklm.onrender.com/api/smart-search (1119ms, unknown-length body)
02-03 21:56:05.440  4182  4258 I RequestManager_FLP: onOpChanged, op=0 / packageName=com.osp.app.signin
02-03 21:56:05.450  1231  8673 I sensors-hal: handle_sns_client_event:540, [0][17214] accel_sample [-0.099,  1.391,  9.784] 341121887791712
02-03 21:56:05.451  1429  1429 W Layer   : gatherBufferInfo: Received unknown dataspace from gralloc
02-03 21:56:05.460  1209  3325 D vendor.qti.bluetooth@1.0-wake_lock: Release wakelock is released 
02-03 21:56:05.467  1429  1429 W Layer   : gatherBufferInfo: Received unknown dataspace from gralloc
02-03 21:56:05.485  1429  1429 W Layer   : gatherBufferInfo: Received unknown dataspace from gralloc
02-03 21:56:05.501  1429  1429 W Layer   : gatherBufferInfo: Received unknown dataspace from gralloc
02-03 21:56:05.510 19178 19178 I chromium: [INFO:CONSOLE:1] "Uncaught (in promise) bad-precaching-response: bad-precaching-response :: [{"url":"https://www.bigbasket.com/bb2-pwa-assets/images/Search.png","status":403}]", source: https://www.bigbasket.com/workbox-f1770938.js (1)
02-03 21:56:05.518  1429  1429 W Layer   : gatherBufferInfo: Received unknown dataspace from gralloc
02-03 21:56:05.518   830   830 D io_stats: !@   8,0 r 30960317 940725756 w 9352303 149990940 d 3414841 362309944 f 0 0 iot 16472388 0 th 0 0 0 pt 0 inp 0 0 153067.622
02-03 21:56:05.518   830   830 D io_stats: !@ Read_top(KB): com.pricehunt(19178) 10988 ocessService0:0(19606) 176 system_server(1630) 148
