--------- beginning of main
02-03 21:55:57.006  1231 17641 I sensors-hal: handle_sns_std_sensor_event:141, [SSC_LIGHT] P: 31(31),ch0:3136,ch1:0,c:0,w:0,l:16,m:2,br:62,c1:85,c2:123,i:1
02-03 21:55:57.006  1231 19323 I sensors-hal: handle_sns_std_sensor_event:124, [SSC_LIGHT] A: 31(31),ch0:3136,ch1:0,c:0,w:0,l:16,m:2,br:62,c1:85,c2:123,i:1
02-03 21:55:57.012  1231  1231 I sensors-hal: set_config:71, sample_period_ns is adjusted to 0 based on min/max delay_ns
02-03 21:55:57.012  1231  1231 I sensors-hal: batch:518, android.sensor.light/51, period=200000000, max_latency=0 request completed
02-03 21:55:57.014  1630  3158 E SensorService: BigData:Pakage) 5 already disabled. 
02-03 21:55:57.015  1231  1231 I sensors-hal: activate:434, android.sensor.light/51 en=0
02-03 21:55:57.016  1187  1309 E minksocket: MinkIPC_QRTR_Service: client with node 1 port 4bc9 went down
02-03 21:55:57.016  1231  1231 I sensors-hal: deactivate:384, disconnect qmi to disable sensor
02-03 21:55:57.016  1231  1231 I sensors-hal: activate:452, android.sensor.light/51 en=0 completed
02-03 21:55:57.177  1630  3158 D InputDispatcher: Inject motion (19340/2000): action=0x0, time=153059280000000, f=0x0, d=0 dsdx=1.000000 dtdx=0.000000
02-03 21:55:57.178  1630  2660 I InputDispatcher: Delivering touch to (3474): action: 0x4, f=0x0, d=0, '431914a', t=1 
02-03 21:55:57.179  1630  2660 I InputDispatcher: Delivering touch to (2991): action: 0x4, f=0x0, d=0, '8f7d129', t=1 
02-03 21:55:57.179  1630  2660 I InputDispatcher: Delivering touch to (19178): action: 0x0, f=0x0, d=0, '9011711', t=1 *(1.01)
02-03 21:55:57.181  3474  3474 I HoneySpace.GestureInputHandler: inputConsumers = [com.honeyspace.gesture.inputconsumer.InputConsumer$Companion$NO_OP$1@49e45c5]
02-03 21:55:57.181  1630  1951 I GestureDetector: obtain mCurrentDownEvent. id: -935030558 caller: com.android.server.wm.SystemGesturesPointerEventListener.onPointerEvent:17 com.android.server.wm.PointerEventDispatcher.onInputEvent:51 android.view.InputEventReceiver.dispatchInputEvent:385 
--------- beginning of system
02-03 21:55:57.182  1630  2660 D PowerManagerService: [api] userActivityFromNative : touch displayId=0 eventTime=153059280
02-03 21:55:57.182  1630  1951 I GestureDetector: obtain mCurrentDownEvent. id: -935030558 caller: com.android.server.wm.SystemPerformancePointerEventListener.onPointerEvent:13 com.android.server.wm.PointerEventDispatcher.onInputEvent:51 android.view.InputEventReceiver.dispatchInputEvent:385 
02-03 21:55:57.182  3474  3474 I HoneySpace.InputSession: inputConsumers = NO_OP
02-03 21:55:57.182 19178 19178 I VRI[MainActivity]@5832a1f: ViewPostIme pointer 0
02-03 21:55:57.182  3474  3474 I HoneySpace.InputSession: open
02-03 21:55:57.183  1630  2660 D PowerManagerService: UserActivityStateListenerState: 1
02-03 21:55:57.183  1429  1561 W ComposerExtn: DisplayExtnImpl::SetActiveConfig: HWC Display 3 is not registered!
02-03 21:55:57.186  6137  6137 I SemDvfsHyPerManager: acquire hyper - TABoost/6137@20, type = -999
02-03 21:55:57.186  1237  1371 I HYPER-HAL: [RequestManager.cpp]acquire(): Acquired ID : 18957423  [6137 / 20]    HINT :      list : [TABoost / 1] [TIMEOUT / 1500] 
02-03 21:55:57.187  1429  1429 W ComposerExtn: DisplayExtnImpl::SetActiveConfig: HWC Display 3 is not registered!
02-03 21:55:57.187  1429  1429 I SurfaceFlinger: Touch Boost - choose 120.00 Hz
02-03 21:55:57.188  1429  1429 I HWComposer: [4630947232161729155] ActiveConfigToHWC, ID : 0
02-03 21:55:57.189  1304  1304 I SDM     : HWCDisplay::SubmitDisplayConfig: [DispConfigs] config 2 => 0, hs_mode 3 => 3
02-03 21:55:57.189  1630  1955 D LocalDisplayAdapter: updateActiveModeLocked for d=4630947232161729155, mActiveModeId=5, mActiveSfDisplayMode=DisplayMode{id=0, width=832, height=2268, xDpi=391.348, yDpi=389.237, peakRefreshRate=120.00001, vsyncRate=120.00001, appVsyncOffsetNanos=100000, presentationDeadlineNanos=9233333, supportedHdrTypes=[2, 3, 4], group=832}
02-03 21:55:57.189  1304  1304 I SDM     : DisplayBase::SetActiveConfig: [DispConfigs] 3 => 0 or hs mode is changed if same config
02-03 21:55:57.189  1304  1304 I SDM     : HWDeviceDRM::SetDisplaySwitchMode: POMS Switching to Mode	0
02-03 21:55:57.189  1304  1304 I SDM     : HWDeviceDRM::SetDisplaySwitchMode: [DispConfigs] check hs_mode 3
02-03 21:55:57.189  1304  1304 I SDM     : HWDeviceDRM::SetDisplaySwitchMode: [DispConfigs] Set mode index:0 832x2268x120x127680cmdHS, hs_mode(3), found_mode(0)
02-03 21:55:57.189  1630  1955 I DisplayDeviceRepository: Display device changed render timings: "Built-in Screen", renderFrameRate=120.00001, presentationDeadlineNanos=9233333, appVsyncOffsetNanos=100000
02-03 21:55:57.189  1304  1304 I SDM     : HWDeviceDRM::UpdateMixerAttributes: Mixer WxH 832x2268-1 for Peripheral
02-03 21:55:57.189  1304  1304 I SDM     : HWCDisplay::SubmitDisplayConfig: Active configuration changed to: 0
02-03 21:55:57.191  1630  2114 D BrightnessThermalClamper: Thermal status observer already started
02-03 21:55:57.192  1405 28166 D AudioFlinger: setParameters: filtered dev setParameters keyvalue screen_state=on
02-03 21:55:57.192  1630  1630 D SGM:GameManager: onDisplayChanged. displyId: 0, state: 2
02-03 21:55:57.192  1630  4873 D LiftUpHandler: [LTW] Stopped already.
02-03 21:55:57.192  1630  1630 D AODManagerService: requestReCalToTSP IsSingleTouchMode = falserequestedReCalToTSP = false / previousDisplayState = ON
02-03 21:55:57.192  1630  2685 D SGM:FgCheckThread: onLooperPrepared(), msg: MSG_LCD_ON
02-03 21:55:57.193  1206  2517 D audio_hw_primary: adev_set_parameters: enter: screen_state=on
02-03 21:55:57.193  1206  2517 V audio_hw_sec: sec_set_parameters: enter
02-03 21:55:57.193  1206  2517 D sound_trigger_hw: handle_screen_status_change: screen on
02-03 21:55:57.193  1206  2517 D audio_hw_primary: adev_set_parameters: exit with code(0)
02-03 21:55:57.196  1630  1951 W LocalDisplayAdapter: Ignoring request for invalid base mode id 5
02-03 21:55:57.196  1429  1459 I VSyncReactor: Current= 60, Period= 120, hwcPeriod= 60
02-03 21:55:57.196  2991  3068 I VRI[ShellDropTarget]@1cdbaf5: onDisplayChanged oldDisplayState=2 newDisplayState=2
02-03 21:55:57.196  2991  3068 I VRI[SplitDecorManager]@ca2ee62: onDisplayChanged oldDisplayState=2 newDisplayState=2
02-03 21:55:57.196  2991  3126 D StackScroller: onDisplayChanged for predraw skip to 2
02-03 21:55:57.196  5872  5872 I SPenContext: virtual void SPen::Context::SetDisplayRefreshRate(float) framerate=120
02-03 21:55:57.197  1630  8498 D WifiDisplayAdapter: isFitToActiveDisplayLocked : false
02-03 21:55:57.197 18854 18854 I VRI[HintService]@dfeec42: onDisplayChanged oldDisplayState=2 newDisplayState=2
02-03 21:55:57.197  3474  3474 I VRI[RecentsTransitionOverlay]@ea10469: onDisplayChanged oldDisplayState=2 newDisplayState=2
02-03 21:55:57.197  2991  2991 D DisplayLifecycle: updateDisplay id = 0
02-03 21:55:57.197  3474 27174 I HoneySpace.RefreshRateSource: singleFrameMs 8
02-03 21:55:57.197  3474 31802 I HoneySpace.Memory-Monitor: current state = 2, didTrim = false
02-03 21:55:57.197  3474  3474 I VRI[LauncherActivity]@ea4152a: onDisplayChanged oldDisplayState=2 newDisplayState=2
02-03 21:55:57.197  3474  3474 I VRI[CocktailBarService]@fe8030d: onDisplayChanged oldDisplayState=2 newDisplayState=2
02-03 21:55:57.197  3474  3474 I VRI[TaskbarWindow]@498413e: onDisplayChanged oldDisplayState=2 newDisplayState=2
02-03 21:55:57.197  3474  3474 I VRI[RecentsActivity]@6199a4a: onDisplayChanged oldDisplayState=2 newDisplayState=2
02-03 21:55:57.197  2991  3068 I VRI[SplitDecorManager]@2d19661: onDisplayChanged oldDisplayState=2 newDisplayState=2
02-03 21:55:57.198  1206  2517 I Audio_a2dpsink_hw: adev_set_parameters: kevpairs=[screen_state=on]
02-03 21:55:57.197  5872  5872 I LatencyConfiguration: void SPen::LatencyConfiguration::UpdateRefreshRate(float) RefreshRate=120.000008
02-03 21:55:57.198  5872  5872 I LatencyConfiguration: void SPen::LatencyConfiguration::UpdateRefreshRate(float) RefreshRateCallback 0xb400007c408e4ed0
02-03 21:55:57.198  5872  5872 I PredictorBase: virtual void SPen::PredictorBase::SetRefreshRate(float) Refresh rate: 120.000
02-03 21:55:57.198  5872  5872 I spe_log : virtual void SPen::FbrDrawPad::SetRefreshRate(float) = 120.000
02-03 21:55:57.198  5872  5872 I spe_log : virtual void SPen::FbrDrawPad::SetRefreshRate(float) mFrameDurationNano=8333333, mDisplayRefreshDurationNano: 8333333
02-03 21:55:57.198  5872  5872 I spe_log : virtual void SPen::LowLatencyStrokeView::SetRefreshRate(float) refresh rate=120.000
02-03 21:55:57.198  5872  5872 I VRI[InputMethod]@307b30c: onDisplayChanged oldDisplayState=2 newDisplayState=2
02-03 21:55:57.199  6139  6139 I SPenContext: virtual void SPen::Context::SetDisplayRefreshRate(float) framerate=120
02-03 21:55:57.199  6139  6139 I LatencyConfiguration: void SPen::LatencyConfiguration::UpdateRefreshRate(float) RefreshRate=120.000008
02-03 21:55:57.199  6139  6139 I LatencyConfiguration: void SPen::LatencyConfiguration::UpdateRefreshRate(float) RefreshRateCallback 0xb400007c408ced50
02-03 21:55:57.199  6139  6139 I PredictorBase: virtual void SPen::PredictorBase::SetRefreshRate(float) Refresh rate: 120.000
02-03 21:55:57.199  6139  6139 I spe_log : virtual void SPen::FbrDrawPad::SetRefreshRate(float) = 120.000
02-03 21:55:57.199  6139  6139 I spe_log : virtual void SPen::FbrDrawPad::SetRefreshRate(float) mFrameDurationNano=8333333, mDisplayRefreshDurationNano: 8333333
02-03 21:55:57.199  6139  6139 I spe_log : virtual void SPen::LowLatencyStrokeView::SetRefreshRate(float) refresh rate=120.000
02-03 21:55:57.200  6909  6909 I VRI[MainActivity]@30c10b3: onDisplayChanged oldDisplayState=2 newDisplayState=2
02-03 21:55:57.200  2991  2991 I VRI[LockscreenShortcutBlur]@6238849: onDisplayChanged oldDisplayState=2 newDisplayState=2
02-03 21:55:57.201  2991  2991 I VRI[NavigationBar0]@c1db22d: onDisplayChanged oldDisplayState=2 newDisplayState=2
02-03 21:55:57.201  2991  2991 I VRI[EdgeBackGestureHandler0]@5a548e3: onDisplayChanged oldDisplayState=2 newDisplayState=2
02-03 21:55:57.201  2991  2991 I VRI[NotificationShade]@aaab015: onDisplayChanged oldDisplayState=2 newDisplayState=2
02-03 21:55:57.201  2991  2991 I VRI[StatusBar]@8e980d0: onDisplayChanged oldDisplayState=2 newDisplayState=2
02-03 21:55:57.201  2991  2991 I VRI[Bouncer]@a1623f9: onDisplayChanged oldDisplayState=2 newDisplayState=2
02-03 21:55:57.201 22801 22801 I VRI[Settings]@c9346: onDisplayChanged oldDisplayState=2 newDisplayState=2
02-03 21:55:57.201  2991  2991 I VRI[SecondaryHomeHandle0]@df10a88: onDisplayChanged oldDisplayState=2 newDisplayState=2
02-03 21:55:57.201  2991  2991 I VRI[KeyguardBiometricToastView]@e132782: onDisplayChanged oldDisplayState=2 newDisplayState=2
02-03 21:55:57.202  1630  1955 D RefreshRateModeManager: updateDefaultDisplayToken: android.os.BinderProxy@99b4f37, isChanged: false
02-03 21:55:57.202 21273 21273 I VRI[InternalGoogleAppActivityEntrypoint]@e63bb3e: onDisplayChanged oldDisplayState=2 newDisplayState=2
02-03 21:55:57.202 21273 21273 I VRI[LauncherActivity]@66e68da: onDisplayChanged oldDisplayState=2 newDisplayState=2
02-03 21:55:57.203 22801 22801 I VRI[SubSettings]@dd1c099: onDisplayChanged oldDisplayState=2 newDisplayState=2
02-03 21:55:57.203 22801 22801 I VRI[SubSettings]@11d5252: onDisplayChanged oldDisplayState=2 newDisplayState=2
02-03 21:55:57.204  1429  1459 I VSyncReactor: Current= 60, Period= 120, hwcPeriod= 60
02-03 21:55:57.207 19178 19178 I VRI[MainActivity]@5832a1f: call setFrameRateCategory for touch hint category=high hint, reason=touch, vri=VRI[MainActivity]@5832a1f
02-03 21:55:57.207  1429 21775 W ComposerExtn: DisplayExtnImpl::SetActiveConfig: HWC Display 3 is not registered!
02-03 21:55:57.207 19178 19178 I VRI[MainActivity]@5832a1f: onDisplayChanged oldDisplayState=2 newDisplayState=2
02-03 21:55:57.208  1630  3158 D InputDispatcher: Inject motion (19340/2000): action=0x1, time=153059280000000, f=0x0, d=0 dsdx=1.000000 dtdx=0.000000
02-03 21:55:57.208  1630  2660 I InputDispatcher: Delivering touch to (19178): action: 0x1, f=0x0, d=0, '9011711', t=1 *(1.01)
02-03 21:55:57.209  1630  1951 I GestureDetector: obtain mCurrentMotionEventRaw. action: 1 id: -491375775
02-03 21:55:57.209  3474  3474 I HoneySpace.GestureInputHandler: reset
02-03 21:55:57.209  1630  1951 I GestureDetector: obtain mCurrentMotionEventRaw. action: 1 id: -491375775
02-03 21:55:57.209  3474  3474 I HoneySpace.InputSession: close
02-03 21:55:57.212  1429  1459 I VSyncReactor: Current= 60, Period= 120, hwcPeriod= 120
02-03 21:55:57.213 19178 19178 I VRI[MainActivity]@5832a1f: ViewPostIme pointer 1
02-03 21:55:57.221 19178 19178 D Compose Focus: Owner FocusChanged(true)
02-03 21:55:57.221  1429  1429 I SurfaceFlinger: [com.pricehunt/com.pricehunt.presentation.MainActivity$_19178#52380] setFrameRateCategory: HighHint
02-03 21:55:57.224  1429  1429 W ComposerExtn: DisplayExtnImpl::SetActiveConfig: HWC Display 3 is not registered!
02-03 21:55:57.281 19178 19178 D InputMethodManagerUtils: startInputInner - Id : 0
02-03 21:55:57.281 19178 19178 I InputMethodManager: startInputInner - IInputMethodManagerGlobalInvoker.startInputOrWindowGainedFocus
02-03 21:55:57.283 19178 19178 D InputMethodManagerUtils: startInputInner - Id : 0
02-03 21:55:57.283 19178 19178 I InputMethodManager: startInputInner - IInputMethodManagerGlobalInvoker.startInputOrWindowGainedFocus
02-03 21:55:57.284 19178 19178 D InsetsController: show(ime(), fromIme=false)
02-03 21:55:57.284  1630  2675 V InputMethodManagerService: startInputOrWindowGainedFocusInternalLocked: reason=CHECK_FOCUS clientState=21c1f0a editorInfo=android.view.inputmethod.EditorInfo@c11b9aa startInputFlags=VIEW_HAS_FOCUS|IS_TEXT_EDITOR|INITIAL_CONNECTION softInputMode=STATE_UNSPECIFIED|ADJUST_PAN windowFlags=#81810100 sameWindowFocused=true
02-03 21:55:57.284  1630  2675 D InputMethodManagerService: setWindowStateInner, windowToken=android.os.BinderProxy@35b5b38, state=ImeTargetWindowState{ imeToken null imeFocusChanged false hasEditorFocused true requestedImeVisible false imeDisplayId 0 softInputModeState STATE_UNSPECIFIED|ADJUST_PAN isStartInputByGainFocus false}
02-03 21:55:57.284  1630  2675 D InputMethodManagerService: DESKTOP MODE! : 2
02-03 21:55:57.284  1630  2675 D InputMethodManagerService: NOT IN KNOX DESKTOP MODE!
02-03 21:55:57.284  1630  2675 V InputMethodManagerService: semComputeImeDisplayIdForTarget: displayId=0
02-03 21:55:57.285  1630  2675 D InputMethodManagerService: isImeSwitcherDisabledPackage : false
02-03 21:55:57.285  1630  2675 D InputMethodManagerService: checkDisplayOfStartInputAndUpdateKeyboard: displayId=0, mFocusedDisplayId=0
02-03 21:55:57.286  1630  2675 D InputTransport: Input channel constructed: 'ClientS', fd=958
02-03 21:55:57.286  1630  2675 D InputTransport: Input channel destroyed: 'ClientS', fd=958
02-03 21:55:57.287  5872  5872 I HBD     : HoneyBoardService onFinishInput 
02-03 21:55:57.287 19178 19195 D InputTransport: Input channel constructed: 'ClientS', fd=151
02-03 21:55:57.287  5872  5872 I HBD     : a IC have been unbinding,  RemoteInputConnection{idHash=#a50908b}
02-03 21:55:57.287  5872  5872 I HBD     : HoneyBoardService [PF_CL][onFinishInput]  0 ms 
02-03 21:55:57.287  5872  5872 I HBD     : HoneyBoardService [IMI] onStartInput - caller pid : 19178 , caller uid : 10418 
02-03 21:55:57.287  5872  5872 I HBD     : t updateConfigs 
02-03 21:55:57.287  1630  2675 V InputMethodManagerService: startInputOrWindowGainedFocusInternalLocked: reason=APP_CALLED_RESTART_INPUT_API clientState=21c1f0a editorInfo=android.view.inputmethod.EditorInfo@2658138 startInputFlags=VIEW_HAS_FOCUS|IS_TEXT_EDITOR softInputMode=STATE_UNSPECIFIED|ADJUST_PAN windowFlags=#81810100 sameWindowFocused=true
02-03 21:55:57.287  5872  5872 I HBD     : t isEnabledNightMode : true 
02-03 21:55:57.287  5872  5872 I HBD     : a IC have been binding, RemoteInputConnection{idHash=#26c67c8} 
02-03 21:55:57.287  5872  5872 I HBD     : g [EditorInputType]setPrivateImeOptionsToTable privateImeOptions ( null )
02-03 21:55:57.287  5872  5872 I HBD     : b incognitoMode : false 
02-03 21:55:57.287  5872  5872 I HBD     : b [CPS]isPredictionOnByLanguage :false, isForceOff : false, isPredictionOn : true , isOnPref : true 
02-03 21:55:57.287  5872  5872 I HBD     : g getDefaultInputRange : UNKNOWN 
02-03 21:55:57.287  5872  5872 I HBD     : g getDefaultInputRange : UNKNOWN 
02-03 21:55:57.287  5872  5872 I HBD     : g getDefaultInputRange : UNKNOWN 
02-03 21:55:57.288  1630  2675 D InputMethodManagerService: setWindowStateInner, windowToken=android.os.BinderProxy@35b5b38, state=ImeTargetWindowState{ imeToken null imeFocusChanged false hasEditorFocused true requestedImeVisible false imeDisplayId 0 softInputModeState STATE_UNSPECIFIED|ADJUST_PAN isStartInputByGainFocus false}
02-03 21:55:57.288  1630  2675 D InputMethodManagerService: DESKTOP MODE! : 2
02-03 21:55:57.288  1630  2675 D InputMethodManagerService: NOT IN KNOX DESKTOP MODE!
02-03 21:55:57.288  1630  2675 V InputMethodManagerService: semComputeImeDisplayIdForTarget: displayId=0
02-03 21:55:57.288  5872  5872 I HBD     : b update cached prediction status : true 
02-03 21:55:57.288  1630  2675 D InputMethodManagerService: isImeSwitcherDisabledPackage : false
02-03 21:55:57.288  5872  5872 I HBD     : g getDefaultInputRange : UNKNOWN 
02-03 21:55:57.288  5872  5872 I HBD     : a currentState : 4 
02-03 21:55:57.288 19178 19178 I ImeTracker: com.pricehunt:d8da381c: onRequestShow at ORIGIN_CLIENT reason SHOW_SOFT_INPUT_BY_INSETS_API fromUser false
02-03 21:55:57.289  5872  5872 I HBD     : g isCoverDisplay : true, cached selected json info : SelectedLanguageInfo(languageVersion=4.1, currentLanguageOrder=0, selectedLanguageList=[SelectedLanguage(id=65555, isUsed=true, engName=English(India), inputType=qwerty, activeOptionList=[auto_spacing], bilingualId=-1, isUsedBilingual=false)]) 
02-03 21:55:57.289  1630  2675 D InputMethodManagerService: checkDisplayOfStartInputAndUpdateKeyboard: displayId=0, mFocusedDisplayId=0
02-03 21:55:57.289  1630  2675 D InputTransport: Input channel constructed: 'ClientS', fd=958
02-03 21:55:57.289  5872  5872 I HBD     : a [UpdatePolicy] [post] a: 0 cl: 65555 kit: [0/0] vt: 0 ir: 1 
02-03 21:55:57.289  1630  2675 D InputTransport: Input channel destroyed: 'ClientS', fd=958
02-03 21:55:57.289 19178 19178 I InsetsController: setRequestedVisibleTypes: visible=true, mask=ime, host=com.pricehunt/com.pricehunt.presentation.MainActivity, from=android.view.InsetsController.controlAnimationUnchecked:1498 android.view.InsetsController.applyAnimation:2228 android.view.InsetsController.applyAnimation:2159 android.view.InsetsController.show:1340 android.view.InsetsController.show:1255 androidx.compose.ui.platform.coreshims.SoftwareKeyboardControllerCompat$Impl30.show:193 androidx.compose.ui.platform.coreshims.SoftwareKeyboardControllerCompat.show:71 androidx.compose.ui.text.input.InputMethodManagerImpl.showSoftInput:68 androidx.compose.ui.text.input.TextInputServiceAndroid.setKeyboardVisibleImmediately:403 androidx.compose.ui.text.input.TextInputServiceAndroid.processInputCommands:310 
02-03 21:55:57.289 19178 19178 I InputMethodManager_LC: ris()
02-03 21:55:57.289 19178 19191 D InputTransport: Input channel constructed: 'ClientS', fd=155
02-03 21:55:57.290 19178 19178 I InputMethodManager_LC: ssi(): flags=0 view=com.pricehunt reason=SHOW_SOFT_INPUT_BY_INSETS_API
02-03 21:55:57.290 19178 19178 I InputMethodManager_LC: ssi() view is not EditText
02-03 21:55:57.290 19178 19178 D InputMethodManager: showSoftInput() view=androidx.compose.ui.platform.AndroidComposeView{1ea5521 VFED..... .F....ID 0,0-840,2289 aid=1073741824} flags=0 reason=SHOW_SOFT_INPUT_BY_INSETS_API
02-03 21:55:57.291  1630  2675 V InputMethodManagerService: Client requesting input be shown, flags : 0
02-03 21:55:57.291  1630  2675 D InputMethodManagerService: ACCESS_CONTROL_ENABLED = false, ACCESS_CONTROL_KEYBOARD_BLOCK = true
02-03 21:55:57.291  1630  2675 D InputMethodManagerService: setWindowStateInner, windowToken=android.os.BinderProxy@35b5b38, state=ImeTargetWindowState{ imeToken android.os.Binder@c05a477 imeFocusChanged false hasEditorFocused true requestedImeVisible true imeDisplayId 0 softInputModeState STATE_UNSPECIFIED|ADJUST_PAN isStartInputByGainFocus false}
02-03 21:55:57.291  1630  2675 D InputMethodBindingController: bindCurrentInputMethodService: caller=com.android.server.inputmethod.InputMethodBindingController.bindCurrentInputMethodService:20 com.android.server.inputmethod.InputMethodManagerService.showCurrentInputLocked:130 com.android.server.inputmethod.InputMethodManagerService.showSoftInput:150 com.android.server.inputmethod.ZeroJankProxy$$ExternalSyntheticLambda11.get:24 java.util.concurrent.CompletableFuture$AsyncSupply.run:1744 com.android.server.inputmethod.ZeroJankProxy$$ExternalSyntheticLambda13.run:12 android.os.Handler.handleCallback:959 android.os.Handler.dispatchMessage:100 android.os.Looper.loopOnce:257 android.os.Looper.loop:342 
02-03 21:55:57.293  1630  2675 I ActivityManager: Changes in 1010205 7 to 5, 0 to 56
02-03 21:55:57.294  1630  2675 I ActivityManager: Changes in 10205 7 to 5, 0 to 127
02-03 21:55:57.294  1700 21054 I CameraService: onUidStateChanged: uid=1010205, procState is changed. (7 -> 5)
02-03 21:55:57.294  1630  2675 I ActivityManager: Changes in 10116 7 to 5, 0 to 56
02-03 21:55:57.295  1630  2675 V InputMethodManagerService: Calling com.android.server.inputmethod.IInputMethodInvoker@cb8dc71.showSoftInput(android.os.BinderProxy@35b5b38, 1, null) for reason: SHOW_SOFT_INPUT_BY_INSETS_API
02-03 21:55:57.296  1700 21054 I CameraService: onUidStateChanged: uid=10205, procState is changed. (7 -> 5)
02-03 21:55:57.296 19178 19178 I InsetsController: setRequestedVisibleTypes: visible=false, mask=ime, host=com.pricehunt/com.pricehunt.presentation.MainActivity, from=android.view.InsetsController.controlAnimationUncheckedInner:1633 android.view.InsetsController.controlAnimationUnchecked:1502 android.view.InsetsController.applyAnimation:2228 android.view.InsetsController.applyAnimation:2159 android.view.InsetsController.show:1340 android.view.InsetsController.show:1255 androidx.compose.ui.platform.coreshims.SoftwareKeyboardControllerCompat$Impl30.show:193 androidx.compose.ui.platform.coreshims.SoftwareKeyboardControllerCompat.show:71 androidx.compose.ui.text.input.InputMethodManagerImpl.showSoftInput:68 androidx.compose.ui.text.input.TextInputServiceAndroid.setKeyboardVisibleImmediately:403 
02-03 21:55:57.299 25715 26112 I dyom    : (REDACTED) appOpsListener %s %s
02-03 21:55:57.299 25715 26112 I dyom    : (REDACTED) Ignoring irrelevant audio permission changes for package %s
02-03 21:55:57.299 25715 26112 I dyom    : (REDACTED) appOpsListener %s %s
02-03 21:55:57.299 25715 26112 I dyom    : (REDACTED) Ignoring irrelevant audio permission changes for package %s
02-03 21:55:57.300 25715 26112 I dyom    : (REDACTED) appOpsListener %s %s
02-03 21:55:57.300 25715 26112 I dyom    : (REDACTED) Ignoring irrelevant audio permission changes for package %s
02-03 21:55:57.305  1630  8498 D InputDispatcher: Inject key (19350/2000): action=0, f=0x0, d=-1, time=153059408000000
02-03 21:55:57.305  1630  8498 D SingleKeyGesture: interceptKeyDown, info : KeyCode=KEYCODE_UNKNOWN, size=0
02-03 21:55:57.305  1630  8498 D WindowManager: interceptKeyTq interceptKeyResult=1
02-03 21:55:57.306  6137  6137 I SemDvfsHyPerManager: acquire hyper - TABoost/6137@20, type = -999
02-03 21:55:57.306  1630  2660 I InputDispatcher: Delivering key to (19178): action: 0x0 (0), f=0x0, m=0x0, d=0, '9011711'
02-03 21:55:57.306  1237  1371 I HYPER-HAL: [RequestManager.cpp]releaseLocked(): Released ID : 18957423
02-03 21:55:57.306  1237  1371 I HYPER-HAL: [RequestManager.cpp]acquire(): Acquired ID : 18957423  [6137 / 20]    HINT :      list : [TABoost / 1] [TIMEOUT / 1500] 
02-03 21:55:57.323  1429  1429 W Layer   : gatherBufferInfo: Received unknown dataspace from gralloc
02-03 21:55:57.323  1429  1429 W ComposerExtn: DisplayExtnImpl::SetActiveConfig: HWC Display 3 is not registered!
02-03 21:55:57.325 19178 19178 W RemoteInputConnectionImpl: getExtractedText on inactive InputConnection
02-03 21:55:57.325  5872  5872 I HBD     : a [NRIC] resetNoResponseState 
02-03 21:55:57.325  5872  5872 I HBD     : b update cached prediction status : true 
02-03 21:55:57.326  5872  5872 I HBD     : c [AiWriter] setContact : com.pricehunt
02-03 21:55:57.326  5872  5872 I HBD     : HoneyBoardService [PF_OP][onStartInput]  39 ms 
02-03 21:55:57.326  5872  5872 I HBD     : e resetMotionDetector: reason=onKeyDown 
02-03 21:55:57.326  5872  5872 I HBD     : c skip onKeyDown as physical keyboard not connected 
02-03 21:55:57.326  5872  5872 I HBD     : HoneyBoardService onKeyDown r:8714c7f7 consumed:false 0 
02-03 21:55:57.327  5872  5872 I HBD     : HoneyBoardService [IMI] onStartInput - caller pid : 19178 , caller uid : 10418 
02-03 21:55:57.327  5872  5872 I HBD     : t updateConfigs 
02-03 21:55:57.327  5872  5872 I HBD     : t isEnabledNightMode : true 
02-03 21:55:57.327  5872  5872 I HBD     : a IC have been binding, RemoteInputConnection{idHash=#c775061} 
02-03 21:55:57.327  5872  5872 I HBD     : g [EditorInputType]setPrivateImeOptionsToTable privateImeOptions ( null )
02-03 21:55:57.327  5872  5872 I HBD     : b incognitoMode : false 
02-03 21:55:57.327  5872  5872 I HBD     : g getDefaultInputRange : UNKNOWN 
02-03 21:55:57.327  5872  5872 I HBD     : g getDefaultInputRange : UNKNOWN 
02-03 21:55:57.327  5872  5872 I HBD     : g getDefaultInputRange : UNKNOWN 
02-03 21:55:57.327  5872  5872 I HBD     : b update cached prediction status : true 
02-03 21:55:57.328  5872  5872 I HBD     : g getDefaultInputRange : UNKNOWN 
02-03 21:55:57.328  5872  5872 I HBD     : a currentState : 4 
02-03 21:55:57.328  5872  5872 I HBD     : g isCoverDisplay : true, cached selected json info : SelectedLanguageInfo(languageVersion=4.1, currentLanguageOrder=0, selectedLanguageList=[SelectedLanguage(id=65555, isUsed=true, engName=English(India), inputType=qwerty, activeOptionList=[auto_spacing], bilingualId=-1, isUsedBilingual=false)]) 
02-03 21:55:57.328  5872  5872 I HBD     : a [UpdatePolicy] [post] a: 0 cl: 65555 kit: [0/0] vt: 0 ir: 1 
02-03 21:55:57.342 19178 19178 I VRI[MainActivity]@5832a1f: setInTouchMode(false), android.view.ViewRootImpl.checkForLeavingTouchModeAndConsume:10678 android.view.ViewRootImpl.-$$Nest$mcheckForLeavingTouchModeAndConsume:0 android.view.ViewRootImpl$EarlyPostImeInputStage.processKeyEvent:9134 android.view.ViewRootImpl$EarlyPostImeInputStage.onProcess:9118 android.view.ViewRootImpl$InputStage.deliver:8590 android.view.ViewRootImpl$InputStage.onDeliverToNext:8647 android.view.ViewRootImpl$InputStage.forward:8613 android.view.ViewRootImpl$AsyncInputStage.forward:8846 android.view.ViewRootImpl$ImeInputStage.onFinishedInputEvent:9103 android.view.inputmethod.InputMethodManager$PendingEvent.run:5181 
02-03 21:55:57.346 19178 19178 I VRI[MainActivity]@5832a1f: ViewPostIme key 0
02-03 21:55:57.348  1429  1429 W Layer   : gatherBufferInfo: Received unknown dataspace from gralloc
02-03 21:55:57.352  1630  8498 D InputDispatcher: Inject key (19350/2000): action=1, f=0x0, d=-1, time=153059408000000
02-03 21:55:57.352  1630  8498 D WindowManager: interceptKeyTq interceptKeyResult=1
02-03 21:55:57.354  1630  2660 I InputDispatcher: Delivering key to (19178): action: 0x1 (0), f=0x0, m=0x0, d=0, '9011711'
02-03 21:55:57.354  5872  5872 I HBD     : a [NRIC] resetNoResponseState 
02-03 21:55:57.354  5872  5872 I HBD     : b update cached prediction status : true 
02-03 21:55:57.354  5872  5872 I HBD     : HoneyBoardService [PF_OP][onStartInput]  27 ms 
02-03 21:55:57.354  5872  5872 I HBD     : c showInputView requested current = true, applyNow = true 
02-03 21:55:57.355  5872  5872 I InputMethod: showSoftInput(): flags=1
02-03 21:55:57.355  1630  3155 I InputMethodManagerService: isAccessoryKeyboard 0
02-03 21:55:57.355  5872  5872 I HBD     : HoneyBoardService onEvaluateInputViewShown: true 
02-03 21:55:57.356  1630  3155 I InputMethodManagerService: isAccessoryKeyboard 0
02-03 21:55:57.356  5872  5872 I HBD     : HoneyBoardService onEvaluateInputViewShown: true 
02-03 21:55:57.356  5872  5872 I HBD     : HoneyBoardService onStartInputView : restarting=false, client=com.pricehunt, pid=19178 
02-03 21:55:57.356  5872  5872 I HBD     : g [EditorInputType]setPrivateImeOptionsToTable privateImeOptions ( null )
02-03 21:55:57.356  5872  7125 I SemDvfsHyPerManager: acquire hyper - SKBD_RE_ENTER_SHOW/5872@1, type = -999
02-03 21:55:57.356  5872  5872 I HBD     : b incognitoMode : false 
02-03 21:55:57.356  5872  5872 I HBD     : g getDefaultInputRange : UNKNOWN 
02-03 21:55:57.356  5872  5872 I HBD     : g getDefaultInputRange : UNKNOWN 
02-03 21:55:57.356  5872  5872 I HBD     : g getDefaultInputRange : UNKNOWN 
02-03 21:55:57.356  5872  5872 I HBD     : HoneyBoardService onStartInputViewInternal: inputType=0x8001, imeOptions=0x2000003, initialSelStart=0, initialSelEnd=0 
02-03 21:55:57.356  5872  5872 I HBD     : e applyThemesPolicy 
02-03 21:55:57.357  5872  5872 I HBD     : d mIsGalaxyTheme = false mIsDexDesktopDisplay : false IsRequiredDarkTypeTheme = true night mode : true mIsEnabledHighContrast = false mIsOpenThemeForHoneyBoardInstalled = false mIsWallpaperThemeInstalled = false mIsThemeParkTheme = false
02-03 21:55:57.357  5872  5872 I HBD     : a theme : Dark mode and no theme park 
02-03 21:55:57.357  5872  5872 I HBD     : e required dark type theme, isCoverDisplayTheme :  false
02-03 21:55:57.358  5872  5872 I HBD     : e update KeyboardTheme themeIndex : 0x 12000000  theme :  Dark
02-03 21:55:57.358  5872  5872 I HBD     : a set Theme convertedIndex : 4 
02-03 21:55:57.358  5872  5872 I HBD     : a onThemeChanged: currTheme = 4, nextTheme = 4 
02-03 21:55:57.358  5872  5872 I HBD     : e onUpdate: mThemeStyle = 4 
02-03 21:55:57.358  5872  5872 I HBD     : b updatePredictionStatus : 1, editorOpt 
02-03 21:55:57.358  5872  5872 I HBD     : b updateForEditorClass isPredictionOn = true 
02-03 21:55:57.358  5872  7178 I HBD     : E EBD tb start :1 
02-03 21:55:57.358  5872  7178 I HBD     : h [SKE_LM] enable notTaggedWith:emoji
02-03 21:55:57.360  1237  1371 I HYPER-HAL: [RequestManager.cpp]acquire(): Acquired ID : 17249002  [5872 / 1]    HINT : KBD_APP_RE_ENTER_VIEW    list : [TIMEOUT / 400] 
02-03 21:55:57.360  1237  1371 I HYPER-HAL: [ResourceManager.cpp]updateResource(): [CPUMinFreq] UpdateResource Request ID : 17249002    Value : 2265600
02-03 21:55:57.362  5872  7178 I HBD     : h [SKE_LM] enable notTaggedWith:emoji, zh, yue_HK, nan_TW
02-03 21:55:57.362  5872  7178 I HBD     : E EBD tb end :1 
02-03 21:55:57.363  5872  5872 I HBD     : C [EmojiCandidate] getEmoji from EmojiCore-[0]
02-03 21:55:57.363  5872  5872 I HBD     : Z [SCV] (9) 4 3 10 5 5 7 3 7 1 
02-03 21:55:57.363  5872  5872 I HBD     : E EBD ssu f 1 
02-03 21:55:57.363  5872  5872 I HBD     : a [UpdatePolicy] [post] a: 1 cl: 65555 kit: [0/0] vt: 0 ir: 1 
02-03 21:55:57.364  1630  3700 D KNOX_MDM_SettingsProvider: isChangeAllowed() : name = enabled_input_methods
02-03 21:55:57.364  1630  3700 D KNOX_MDM_SettingsProvider: edmUri: content://com.sec.knox.provider/RestrictionPolicy3
02-03 21:55:57.364  1630  3700 D KNOX_MDM_SettingsProvider: projectionArgs: isSettingsChangesAllowed
02-03 21:55:57.364  1630  3700 D KNOX_MDM_SettingsProvider: selectionArgs: false
02-03 21:55:57.364  1630  3700 D KNOX_MDM_SettingsProvider: selectionArgs: 10205
02-03 21:55:57.364  1630  3700 D SecContentProvider: query(), uri = 17 selection = isSettingsChangesAllowed
02-03 21:55:57.364  1630  3700 D SecContentProvider: called from android.uid.honeyboard:10205
02-03 21:55:57.364  1630  3700 D RestrictionPolicy: isSettingsChangesAllowedAsUser, userId 0 : true
02-03 21:55:57.364  1630  3700 D KNOX_MDM_SettingsProvider: ret = 1
02-03 21:55:57.364  5872  5872 I HBD     : b update cached prediction status : true 
02-03 21:55:57.365  1429  1429 W Layer   : gatherBufferInfo: Received unknown dataspace from gralloc
02-03 21:55:57.365  1630  3700 D KNOX_MDM_SettingsProvider: isChangeAllowed() : name = default_input_method
02-03 21:55:57.365  1630  3700 D KNOX_MDM_SettingsProvider: edmUri: content://com.sec.knox.provider/RestrictionPolicy3
02-03 21:55:57.365  1630  3700 D KNOX_MDM_SettingsProvider: projectionArgs: isSettingsChangesAllowed
02-03 21:55:57.365  1630  3700 D KNOX_MDM_SettingsProvider: selectionArgs: false
02-03 21:55:57.365  1630  3700 D KNOX_MDM_SettingsProvider: selectionArgs: 10205
02-03 21:55:57.365  5872  5872 I HBD     : e [SKE_TAM] Changed false
02-03 21:55:57.365  1630  3700 D SecContentProvider: query(), uri = 17 selection = isSettingsChangesAllowed
02-03 21:55:57.365  1429  1429 W Layer   : gatherBufferInfo: Received unknown dataspace from gralloc
02-03 21:55:57.365  1630  3700 D SecContentProvider: called from android.uid.honeyboard:10205
02-03 21:55:57.365  1630  3700 D RestrictionPolicy: isSettingsChangesAllowedAsUser, userId 0 : true
02-03 21:55:57.365  1630  3700 D KNOX_MDM_SettingsProvider: ret = 1
02-03 21:55:57.365  5872  5872 I HBD     : b update cached prediction status : true 
02-03 21:55:57.365  5872  5872 I HBD     : a updateMultiTapTimeValue 
02-03 21:55:57.365  5872 31873 I HBD     : p updated Sub Types. English(India) 
02-03 21:55:57.365  5872  5872 I HBD     : a getMultiTapTimeoutValue 
02-03 21:55:57.365  5872  5872 I HBD     : a getSingleVowelMultiTapTimeoutValue 
02-03 21:55:57.366  5872 19360 I HBD     : a [HBIC] requestCursorUpdates 2 
02-03 21:55:57.366  1429  1429 W ComposerExtn: DisplayExtnImpl::SetActiveConfig: HWC Display 3 is not registered!
02-03 21:55:57.366  5872 19358 I HBD     : a refresh(), mParameterMode,  0
02-03 21:55:57.366  5872 19361 I HBD     : a InputMethodSubtype is set as local:en_IN 
02-03 21:55:57.366  5872 19358 I HBD     : a [AiWriter] setContact : com.pricehunt
02-03 21:55:57.367  1630  1630 I InputMethodManagerService: subtype state: oldSubtype = android.view.inputmethod.InputMethodSubtype@10013 newSubtype = android.view.inputmethod.InputMethodSubtype@10013 force = false, intent received : false
02-03 21:55:57.367  5872  5872 I HBD     : a onBind 
02-03 21:55:57.367  5872  5872 I HBD     : b updateConfig: [LanguageItem] English(India) / [KeyboardViewTypeItem] 0 / [KeyboardInputTypeItem] mainType(0), subType(0) / [CurrentLanguageInputTypeItem] mainType(0), subType(0) / [KeyboardInputRangeItem] 1 / [SelectedLanguageItem] 1 / [TextOrNullInputClassItem] true / [NumberKeyFirstLineItem] true / [SpaceRowStyleCmItem] true / [SpaceRowStylePeriodItem] true / [SpaceRowStyleEmailURLPeriodItem] true /  
02-03 21:55:57.367  5872  5872 I HBD     : b updateConfig: [SpaceRowStyleEmailURLDotComItem] true / [SpaceRowStyleEmailURLPeriodItem] true / [SpaceRowStyleJapaneseArrowItem] true / [SpaceRowStyleJapanesePeriodItem] true / [TouchAndHoldSpaceBarTypeItem] cursor_control / [UseContinuousInputItem] true / [UseToolBarItem] true / [VoiceInputTypeItem] 1 / [DensityItem] 2.625 / [DisplayWidthItem] 840 / [DisplayHeightItem] 2289 /  
02-03 21:55:57.367  5872  5872 I HBD     : b updateConfig: [MainTextLabelItem] 1 / [LanguageSwitchingUsingKeyItem] true / [CoverDisplayModeItem] true / [VoiceEnabledItem] true / [PredictionStatusItem] true / [EditorEnterActionItem] -1 /  
02-03 21:55:57.367  5872  5872 I HBD     : f updateKeyboardViewHolder: INVALIDATE 
02-03 21:55:57.371  5872  5872 I HBD     : e [BoardScrapManager] sendBoardScrap 
02-03 21:55:57.371  5872  5872 I HBD     : r0 updateChangedBoard - [LC:false][TC:false][RC:false][RB:false] 
02-03 21:55:57.371  5872  5872 I HBD     : b update cached prediction status : true 
02-03 21:55:57.371  5872  5872 I HBD     : e updateCurrentEngine,  65555 ,  SWIFTKEY
02-03 21:55:57.371  5872  5872 I HBD     : e [SKE_TAM] Changed false
02-03 21:55:57.371  5872  5872 I HBD     : e [SKE_TAM] custom = false , useEngine = true
02-03 21:55:57.371  5872  5872 I HBD     : e [SKE_TAM] Changed false
02-03 21:55:57.371  5872  5872 I HBD     : h [SKE_LM] enable notTaggedWith:emoji, zh, yue_HK, nan_TW
02-03 21:55:57.372  5872  5872 I HBD     : a refresh(), mParameterMode,  0
02-03 21:55:57.372  5872  5872 I HBD     : c [PF_EN] updateChangedBoard() 1 
02-03 21:55:57.373  1429  1429 W Layer   : gatherBufferInfo: Received unknown dataspace from gralloc
02-03 21:55:57.373  1429  1429 W Layer   : gatherBufferInfo: Received unknown dataspace from gralloc
02-03 21:55:57.373  5872  5872 I HBD     : k load enIN_0_0_1_0_true_true_true_normal_false_false 0 
02-03 21:55:57.373  5872  5872 I HBD     : a isValid - true. 
02-03 21:55:57.373  5872  5872 I HBD     : c TMST - update statistics 
02-03 21:55:57.373  5872  5872 I HBD     : k load enIN_0_0_1_0_true_true_true_normal_false_false 0 
02-03 21:55:57.373  5872  5872 I HBD     : d [PF_OP][updateKeyboardViewHolder]  6 ms 
02-03 21:55:57.377  5872  5872 I HBD     : h [PF_OP][onStartInputViewActivate]  0 ms 
02-03 21:55:57.377  5872  5872 I HBD     : MultiModalSwitcher onStartInputView 
02-03 21:55:57.378  2991  2991 D NavigationBarControllerImpl: setNavigationBarShortcut requestClass : com.samsung.android.honeyboard, remoteViews : null, position : 0, priority : 12
02-03 21:55:57.378  5872  5872 I HBD     : a color = [r : 1], [g : 1], [b : 2], [alpha : 255], rgb = -16711422, isDark = true 
02-03 21:55:57.378  2991  2991 D RemoteViewPack: OnSetRemoteView RemoteViewShortcut(requestClass=com.samsung.android.honeyboard, remoteViews=null, position=0, priority=12)
02-03 21:55:57.378  2991  2991 D NavBarStateManager: NavBarStates(0) isGameMode: false
02-03 21:55:57.378  2991  2991 D TaskBarPack: OnSetRemoteView Bundle[{remoteViews=null, priority=12, position=0, requestClass=com.samsung.android.honeyboard}]
02-03 21:55:57.378  2991  2991 D TaskBarDelegate: handleNavigationBarEvent() TaskbarDelegate is not initialized.
02-03 21:55:57.378  2991  2991 D Navbar.Store: ----handleEvent(0) OnUpdateRemoteViewContainer(rotation=0, leftContainer=android.widget.LinearLayout{c5b3f03 I.E...... ......ID 64,0-181,126 #7f0a0625 app:id/left_remoteview}, rightContainer=android.widget.LinearLayout{f16bcb9 I.E...... ......I. 659,0-776,126 #7f0a09e0 app:id/right_remoteview}, contextualButtonVisible=false, darkIntensity=0.0, displayId=0) [Module] SamsungNavigationBarView
02-03 21:55:57.378  2991  2991 D Navbar.Store: ------[Band]REMOTE_VIEW_PACK_SET_REMOTEVIEW_CONTAINER
02-03 21:55:57.378  2991  2991 D Navbar.Store: --------apply(0) NavBarStoreAction$UpdateRemoteViewContainer
02-03 21:55:57.378  5872  5872 I HBD     : a color = [r : 1], [g : 1], [b : 2], [alpha : 255], rgb = -16711422, isDark = true 
02-03 21:55:57.378  2991  2991 D Navbar.Store: --------apply(0) NavBarStoreAction$UpdateRemoteViewDarkIntensity
02-03 21:55:57.379  5872  5872 I HBD     : a color = [r : 1], [g : 1], [b : 2], [alpha : 255], rgb = -16711422, isDark = true 
02-03 21:55:57.381  1429  1429 W Layer   : gatherBufferInfo: Received unknown dataspace from gralloc
02-03 21:55:57.381  1630  2848 V SemStrongRssiRoaming: EVENT_GET_WIFI_INFO_POLL (-46)
02-03 21:55:57.381  5872  5872 I HBD     : HoneyBoardService [PF_OP][onStartInputView]  25 ms 
02-03 21:55:57.382 20149 20149 I wpa_sslib: cmd: GETNCHOMODE
02-03 21:55:57.382 19178 19178 W RecordingIC: requestCursorUpdates is not supported
02-03 21:55:57.383  5872  5872 I HBD     : HoneyBoardService onWindowShown 
02-03 21:55:57.383 20149 20149 I wpa_sslib: Response: GETNCHOMODE 0
02-03 21:55:57.383  5872  5872 I HBD     : HoneyBoardService [PF_OP][onWindowShown]  0 ms 
02-03 21:55:57.384  5872  5872 I HBD     : HoneyBoardService onKeyUp r:7334f500 consumed:false 1 
02-03 21:55:57.384  5872 19360 I HBD     : b requestCursorUpdates returned  false ,  18
02-03 21:55:57.384  5872  5872 I HBD     : c IIFO[r:1e6c986314][type:finish] 
02-03 21:55:57.384 19178 19178 I VRI[MainActivity]@5832a1f: ViewPostIme key 1
02-03 21:55:57.384  5872  5872 I HBD     : h [SKE_LM] enable notTaggedWith:emoji
02-03 21:55:57.386  1630  3700 D InputMethodManagerService: isImeSwitcherDisabledPackage : false
02-03 21:55:57.386  1630  3700 I InputMethodManagerService: setImeWindowStatus: vis=3, backDisposition=0
02-03 21:55:57.386  3245  3245 E SecMetadataEntity: getCache : SUPPORTED_FEATURES key can not get with other key. return only SUPPORTED_FEATURES
02-03 21:55:57.386  5872  5872 I HBD     : h [SKE_LM] enable notTaggedWith:emoji, zh, yue_HK, nan_TW
02-03 21:55:57.386  6137  6137 I SemDvfsHyPerManager: acquire hyper - BaseTABoost/6137@19, type = -999
02-03 21:55:57.387  5872  5872 W HBD     : d1 Engine Sync Finished by onStartInputView, check InputKey timing 
02-03 21:55:57.387  1630  3700 D InputMethodManagerService: notifyUserActivity: canceled, displayId=0
02-03 21:55:57.387  5872  5872 I HBD     : E EBD si t 0 
02-03 21:55:57.387  1630  3700 V InputMethodManagerService: applyImeVisibility state=1
02-03 21:55:57.387  5872  5872 I HBD     : [DirectWriting] DirectWriting emitInputConnection : RemoteInputConnection{idHash=#26c67c8} 
02-03 21:55:57.388  1630  2731 V SemStrongRssiRoaming: Partial scan success
02-03 21:55:57.388  1429  1429 W Layer   : gatherBufferInfo: Received unknown dataspace from gralloc
02-03 21:55:57.388  1429  1429 W Layer   : gatherBufferInfo: Received unknown dataspace from gralloc
02-03 21:55:57.389  1630  3700 D InputMethodManagerService: isImeSwitcherDisabledPackage : false
02-03 21:55:57.389  1630  3700 I InputMethodManagerService: setImeWindowStatus: vis=3, backDisposition=0
02-03 21:55:57.389  2991  2991 D NavigationBarControllerImpl: setNavigationBarShortcut requestClass : com.samsung.android.honeyboard, remoteViews : null, position : 0, priority : 12
02-03 21:55:57.389  2991  2991 D RemoteViewPack: OnSetRemoteView RemoteViewShortcut(requestClass=com.samsung.android.honeyboard, remoteViews=null, position=0, priority=12)
02-03 21:55:57.389  2991  2991 D NavBarStateManager: NavBarStates(0) isGameMode: false
02-03 21:55:57.389  2991  2991 D TaskBarPack: OnSetRemoteView Bundle[{remoteViews=null, priority=12, position=0, requestClass=com.samsung.android.honeyboard}]
02-03 21:55:57.389  2991  2991 D TaskBarDelegate: handleNavigationBarEvent() TaskbarDelegate is not initialized.
02-03 21:55:57.389  6137 19363 I N0      : limitGPUFreq:: freq = -1
02-03 21:55:57.389  2991  2991 D Navbar.Store: ----handleEvent(0) OnUpdateRemoteViewContainer(rotation=0, leftContainer=android.widget.LinearLayout{c5b3f03 I.E...... ......ID 64,0-181,126 #7f0a0625 app:id/left_remoteview}, rightContainer=android.widget.LinearLayout{f16bcb9 I.E...... ......I. 659,0-776,126 #7f0a09e0 app:id/right_remoteview}, contextualButtonVisible=false, darkIntensity=0.0, displayId=0) [Module] SamsungNavigationBarView
02-03 21:55:57.389  6137 19363 I N0      : limitCPUFreq:: freq = -1
02-03 21:55:57.389  2991  2991 D Navbar.Store: ------[Band]REMOTE_VIEW_PACK_SET_REMOTEVIEW_CONTAINER
02-03 21:55:57.390  1630 19365 D SemInputDeviceManager: setProperty: (0) CMD,GRIP_DATA,1,14,18,6,1543,18,1943
02-03 21:55:57.390  2991  2991 D Navbar.Store: --------apply(0) NavBarStoreAction$UpdateRemoteViewContainer
02-03 21:55:57.390  2991  2991 D Navbar.Store: --------apply(0) NavBarStoreAction$UpdateRemoteViewDarkIntensity
02-03 21:55:57.390  2991  2991 D NavigationBarControllerImpl: setNavigationBarShortcut requestClass : com.samsung.android.honeyboard, remoteViews : android.widget.RemoteViews@61dbfba, position : 0, priority : 12
02-03 21:55:57.391  2991  2991 D RemoteViewPack: OnSetRemoteView RemoteViewShortcut(requestClass=com.samsung.android.honeyboard, remoteViews=android.widget.RemoteViews@61dbfba, position=0, priority=12)
02-03 21:55:57.391  1237  1371 I HYPER-HAL: [RequestManager.cpp]acquire(): Acquired ID : 18951265  [6137 / 19]    HINT :      list : [TABoost / 1] 
02-03 21:55:57.392  1744  1744 W wificond: Failed to get NL80211_ATTR_MAX_NUM_AKM_SUITES
02-03 21:55:57.392  1237  1371 I HYPER-HAL: [RequestManager.cpp]releaseLocked(): Released ID : 18859015
02-03 21:55:57.392  1237  1371 I HYPER-HAL: [ResourceManager.cpp]removeResource(): [CPUMaxFreq] RemoveResource Request ID : 18846732
02-03 21:55:57.392  1237  1371 I HYPER-HAL: [RequestManager.cpp]releaseLocked(): Released ID : 18846732
02-03 21:55:57.393  1630 19365 D TspStateManager: wrote command: cmd=1,14,18,6,1543,18,1943, type=1
02-03 21:55:57.394  1630 19364 I SemInputMotionHelper: setMotionControl: ALL: 11, client=com.samsung.android.hardware.secinputdev.SemInputDeviceManager, ret=-1
02-03 21:55:57.394  1630 19364 D SemInputDeviceManager: setProperty: (100) CMD,SIP,1
02-03 21:55:57.394  1630  2671 D SemInputDevice:TSP_SUB: SetPropertyTask: CMD,set_grip_data,1,14,18,6,1543,18,1943 [02-03 21:55:57.390]
02-03 21:55:57.394  1630 19364 I SemInputCommandService: setPropertyAllTouch: SIP,1 retDefault=1 retExtra=1
02-03 21:55:57.394  1630 19364 D TspStateManager: wrote command: cmd=1, type=5
02-03 21:55:57.395  1744  1744 W wificond: Failed to get NL80211_ATTR_MAX_NUM_AKM_SUITES
02-03 21:55:57.396  2991  2991 D NavBarStateManager: NavBarStates(0) isGameMode: false
02-03 21:55:57.396  2991  2991 D TaskBarPack: OnSetRemoteView Bundle[{remoteViews=android.widget.RemoteViews@61dbfba, priority=12, position=0, requestClass=com.samsung.android.honeyboard}]
02-03 21:55:57.395  1369  1369 I sysinput:Touch: writeInformation:249, OK
02-03 21:55:57.396  2991  2991 D TaskBarDelegate: handleNavigationBarEvent() TaskbarDelegate is not initialized.
02-03 21:55:57.396  1630  2671 D SysinputHAL_V1_3(V1_2): runTspCmdNoRead(TSP_SUB(2)): set_grip_data,1,14,18,6,1543,18,1943 ret=0
02-03 21:55:57.396  1630  2671 D SemInputDevice:TSP_SUB: SetPropertyTask: CMD,set_sip_mode,1 [02-03 21:55:57.394]
02-03 21:55:57.396  2991  2991 D Navbar.Store: ----handleEvent(0) OnUpdateRemoteViewContainer(rotation=0, leftContainer=android.widget.LinearLayout{c5b3f03 V.E...... ......ID 64,0-181,126 #7f0a0625 app:id/left_remoteview}, rightContainer=android.widget.LinearLayout{f16bcb9 I.E...... ......I. 659,0-776,126 #7f0a09e0 app:id/right_remoteview}, contextualButtonVisible=false, darkIntensity=0.0, displayId=0) [Module] SamsungNavigationBarView
02-03 21:55:57.396  2991  2991 D Navbar.Store: ------[Band]REMOTE_VIEW_PACK_SET_REMOTEVIEW_CONTAINER
02-03 21:55:57.396  2991  2991 D Navbar.Store: --------apply(0) NavBarStoreAction$UpdateRemoteViewContainer
02-03 21:55:57.396  2991  2991 D Navbar.Store: --------apply(0) NavBarStoreAction$UpdateRemoteViewDarkIntensity
02-03 21:55:57.396  2991  2991 D FlexPanelStartController: startFloatingIcon: extra=display_floating_icon_clear
02-03 21:55:57.397  1369  1369 I sysinput:Touch: writeInformation:249, OK
02-03 21:55:57.397  1630  2671 D SysinputHAL_V1_3(V1_2): runTspCmdNoRead(TSP_SUB(2)): set_sip_mode,1 ret=0
02-03 21:55:57.397  1630  2671 D SemInputDevice:TSP: SetPropertyTask: CMD,set_sip_mode,1 [02-03 21:55:57.394]
02-03 21:55:57.398  1744  1744 W wificond: Failed to get NL80211_ATTR_MAX_NUM_AKM_SUITES
02-03 21:55:57.398  2991  2991 D NavBarStateManager: NavBarStates(0) canUseNavBarBackgroundFrame: true
02-03 21:55:57.399  1369  1369 I sysinput:Touch: writeInformation:249, OK
02-03 21:55:57.399  1630  2671 D SysinputHAL_V1_3(V1_2): runTspCmdNoRead(TSP(1)): set_sip_mode,1 ret=0
02-03 21:55:57.400  1744  1744 W wificond: Failed to get NL80211_ATTR_MAX_NUM_AKM_SUITES
02-03 21:55:57.402  2991  2991 D NavigationBar: setImeWindowStatus displayId=0 vis=3 backDisposition=0 showImeSwitcher=false imeShown=true
02-03 21:55:57.402  2991  2991 D Navbar.Store: handleEvent(0) OnNavBarIconHintChanged(iconHint=3) [Module] NavigationBar
02-03 21:55:57.402  2991  2991 D Navbar.Store: --[Band]SETUPWIZARD_PACK_SET_NAVBAR_ICON_HINT
02-03 21:55:57.402  2991  2991 D Navbar.Store: --[Band]VIS_PACK_REEVAULATE_NAVBAR
02-03 21:55:57.402  2991  2991 D Navbar.Store: ----apply(0) NavBarStoreAction$ReevaluateNavBar
02-03 21:55:57.403  2991  2991 D Navbar.Store: ----handleEvent(0) OnUpdateRemoteViewContainer(rotation=0, leftContainer=android.widget.LinearLayout{c5b3f03 V.E...... ........ 64,0-181,126 #7f0a0625 app:id/left_remoteview}, rightContainer=android.widget.LinearLayout{f16bcb9 I.E...... ......I. 659,0-776,126 #7f0a09e0 app:id/right_remoteview}, contextualButtonVisible=false, darkIntensity=0.0, displayId=0) [Module] SamsungNavigationBarView
02-03 21:55:57.403  2991  2991 D Navbar.Store: ------[Band]REMOTE_VIEW_PACK_SET_REMOTEVIEW_CONTAINER
02-03 21:55:57.403  2991  2991 D Navbar.Store: --------apply(0) NavBarStoreAction$UpdateRemoteViewContainer
02-03 21:55:57.403  2991  2991 D Navbar.Store: --------apply(0) NavBarStoreAction$UpdateRemoteViewDarkIntensity
02-03 21:55:57.404  2991  2991 D NavBarView: disableBack=false (useAltBack=true, handlingGestures=true, disabledFlagBack=false, isBottomGesture=false, isImeRenderingNavButtons=false)
02-03 21:55:57.405  2991  2991 D Navbar.Store: handleEvent(0) OnSetGestureHintVisibility(recentVisible=true, homeVisible=true, backVisible=true) [Module] SamsungNavigationBarView
02-03 21:55:57.405  2991  2991 D Navbar.Store: --[Band]GESTURE_PACK_SET_HINT_VISIBILITY
02-03 21:55:57.405  2991  2991 D Navbar.Store: --[Band] (afterAction) GESTURE_PACK_SET_HINT_VISIBILITY
02-03 21:55:57.405  2991  2991 D Navbar.Store: ----apply(0) NavBarStoreAction$UpdateGestureHintVisibility
02-03 21:55:57.405  2991  2991 D NavBarStateManager: NavBarStates(0) canShowGestureHint: true
02-03 21:55:57.405  2991  2991 D NavBarStateManager: NavBarStates(0) supportLargeCoverScreenNavBar: false
02-03 21:55:57.405  2991  2991 D NavBarStateManager: NavBarStates(0) canShowKeyboardButtonForRotation(0): true
02-03 21:55:57.405  2991  2991 D Navbar.Store: handleEvent(0) OnUpdateSysUiStateFlag(noArguments=true) [Module] SamsungNavigationBarView
02-03 21:55:57.405  2991  2991 D Navbar.Store: --[Band]GESTURE_PACK_UPDATE_SYSTEMUI_STATE_FLAG
02-03 21:55:57.405  2991  2991 D Navbar.Store: --[Band] (afterAction) GESTURE_PACK_UPDATE_SYSTEMUI_STATE_FLAG
