02-03 21:39:09.001  5872  5872 I HBD     : HoneyBoardService onKeyDown r:39a4016e consumed:false 0 
02-03 21:39:09.002 31979 31979 I VRI[MainActivity]@5832a1f: ViewPostIme key 0
02-03 21:39:09.003  1630  2677 D InputDispatcher: Inject key (5782/2000): action=1, f=0x0, d=-1, time=152051095393505
02-03 21:39:09.003  1429  1429 W Layer   : gatherBufferInfo: Received unknown dataspace from gralloc
02-03 21:39:09.003  1630  2677 D WindowManager: interceptKeyTq interceptKeyResult=1
02-03 21:39:09.004  1630  2660 I InputDispatcher: Delivering key to (31979): action: 0x1 (0), f=0x0, m=0x0, d=0, '86ecbb5'
02-03 21:39:09.011  1429  1429 W Layer   : gatherBufferInfo: Received unknown dataspace from gralloc
02-03 21:39:09.019  1429  1429 W Layer   : gatherBufferInfo: Received unknown dataspace from gralloc
02-03 21:39:09.047  5872  5872 I HBD     : b ous -  0 ,  0 ,  1 ,  1 ,  -1 ,  -1
02-03 21:39:09.048  5872  5872 I HBD     : c IIFO[r:92668178d2][type:finish] 
02-03 21:39:09.053  1429  1429 W Layer   : gatherBufferInfo: Received unknown dataspace from gralloc
02-03 21:39:09.058  5872  7178 I HBD     : E EBD tb start :1 
02-03 21:39:09.058  5872  7178 I HBD     : E EBD tb end :1 
02-03 21:39:09.060  5872  5872 I HBD     : C [EmojiCandidate] getEmoji from EmojiCore-[0]
02-03 21:39:09.060  5872  5872 I HBD     : Z [SCV] (8) 4 7 5 2 5 4 5 2 
02-03 21:39:09.060  5872  5872 I HBD     : E EBD cm f 1 
02-03 21:39:09.060  5872  5872 I HBD     : HoneyBoardService onKeyUp r:e05dd60a consumed:false 0 
02-03 21:39:09.061  1429  1429 W Layer   : gatherBufferInfo: Received unknown dataspace from gralloc
02-03 21:39:09.064 31979 31979 I VRI[MainActivity]@5832a1f: ViewPostIme key 1
02-03 21:39:09.065  1630  2677 D InputDispatcher: Inject key (5782/2000): action=0, f=0x0, d=-1, time=152051095393505
02-03 21:39:09.065  1630  2677 D SingleKeyGesture: interceptKeyDown, info : KeyCode=KEYCODE_UNKNOWN, size=0
02-03 21:39:09.065  1630  2677 D WindowManager: interceptKeyTq interceptKeyResult=1
02-03 21:39:09.066  1630  2660 I InputDispatcher: Delivering key to (31979): action: 0x0 (0), f=0x0, m=0x0, d=0, '86ecbb5'
02-03 21:39:09.069  1429  1429 W Layer   : gatherBufferInfo: Received unknown dataspace from gralloc
02-03 21:39:09.071  5872  5872 I HBD     : e resetMotionDetector: reason=onKeyDown 
02-03 21:39:09.071  5872  5872 I HBD     : c skip onKeyDown as physical keyboard not connected 
02-03 21:39:09.072  5872  5872 I HBD     : HoneyBoardService onKeyDown r:4846b794 consumed:false 1 
02-03 21:39:09.078 31979 31979 I VRI[MainActivity]@5832a1f: ViewPostIme key 0
02-03 21:39:09.078  1429  1429 W Layer   : gatherBufferInfo: Received unknown dataspace from gralloc
02-03 21:39:09.080  1630  2677 D InputDispatcher: Inject key (5782/2000): action=1, f=0x0, d=-1, time=152051095393505
02-03 21:39:09.080  1630  2677 D WindowManager: interceptKeyTq interceptKeyResult=1
02-03 21:39:09.081  1630  2660 I InputDispatcher: Delivering key to (31979): action: 0x1 (0), f=0x0, m=0x0, d=0, '86ecbb5'
02-03 21:39:09.086  1429  1429 W Layer   : gatherBufferInfo: Received unknown dataspace from gralloc
02-03 21:39:09.145  5872  5872 I HBD     : b ous -  1 ,  1 ,  2 ,  2 ,  -1 ,  -1
02-03 21:39:09.146  5872  5872 I HBD     : c IIFO[r:521e6bfbd9][type:finish] 
02-03 21:39:09.151  5872  7178 I HBD     : E EBD tb start :1 
02-03 21:39:09.151  5872  7178 I HBD     : E EBD tb end :1 
02-03 21:39:09.152  5872  5872 I HBD     : C [EmojiCandidate] getEmoji from EmojiCore-[0]
02-03 21:39:09.152  5872  5872 I HBD     : Z [SCV] (9) 4 4 2 5 7 4 3 4 4 
02-03 21:39:09.152  5872  5872 I HBD     : E EBD cm f 1 
02-03 21:39:09.153  5872  5872 I HBD     : HoneyBoardService onKeyUp r:b43ed9cc consumed:false 1 
02-03 21:39:09.153  1429  1429 W Layer   : gatherBufferInfo: Received unknown dataspace from gralloc
02-03 21:39:09.154 31979 31979 I VRI[MainActivity]@5832a1f: ViewPostIme key 1
02-03 21:39:09.154  1429  1429 W ComposerExtn: DisplayExtnImpl::SetActiveConfig: HWC Display 3 is not registered!
02-03 21:39:09.155  1630  2677 D InputDispatcher: Inject key (5782/2000): action=0, f=0x0, d=-1, time=152051095393505
02-03 21:39:09.156  1630  2677 D SingleKeyGesture: interceptKeyDown, info : KeyCode=KEYCODE_UNKNOWN, size=0
02-03 21:39:09.156  1630  2677 D WindowManager: interceptKeyTq interceptKeyResult=1
02-03 21:39:09.157  1630  2660 I InputDispatcher: Delivering key to (31979): action: 0x0 (0), f=0x0, m=0x0, d=0, '86ecbb5'
02-03 21:39:09.161  1429  1429 W Layer   : gatherBufferInfo: Received unknown dataspace from gralloc
02-03 21:39:09.167  1630  4226 D FreecessController: com.Slack(1010350) is important[2]
02-03 21:39:09.168  5872  5872 I HBD     : e resetMotionDetector: reason=onKeyDown 
02-03 21:39:09.168  5872  5872 I HBD     : c skip onKeyDown as physical keyboard not connected 
02-03 21:39:09.168  5872  5872 I HBD     : HoneyBoardService onKeyDown r:78c2eaaa consumed:false 0 
02-03 21:39:09.169 31979 31979 I VRI[MainActivity]@5832a1f: ViewPostIme key 0
02-03 21:39:09.171  1630  2677 D InputDispatcher: Inject key (5782/2000): action=1, f=0x0, d=-1, time=152051095393505
02-03 21:39:09.171  1630  2677 D WindowManager: interceptKeyTq interceptKeyResult=1
02-03 21:39:09.172  1630  2660 I InputDispatcher: Delivering key to (31979): action: 0x1 (0), f=0x0, m=0x0, d=0, '86ecbb5'
02-03 21:39:09.178  1429  1429 W Layer   : gatherBufferInfo: Received unknown dataspace from gralloc
02-03 21:39:09.212  5872  5872 I HBD     : b ous -  2 ,  2 ,  3 ,  3 ,  -1 ,  -1
02-03 21:39:09.213  5872  5872 I HBD     : c IIFO[r:4a46ae4a0e][type:finish] 
02-03 21:39:09.219  5872  7178 I HBD     : E EBD tb start :1 
02-03 21:39:09.219  5872  7178 I HBD     : E EBD tb end :1 
02-03 21:39:09.220  1429  1429 W Layer   : gatherBufferInfo: Received unknown dataspace from gralloc
02-03 21:39:09.220  5872  5872 I HBD     : C [EmojiCandidate] getEmoji from EmojiCore-[0]
02-03 21:39:09.220  5872  5872 I HBD     : Z [SCV] (8) 4 5 4 4 5 4 5 8 
02-03 21:39:09.220  5872  5872 I HBD     : E EBD cm f 1 
02-03 21:39:09.221  5872  5872 I HBD     : HoneyBoardService onKeyUp r:23d19a8c consumed:false 0 
02-03 21:39:09.221 31979 31979 I VRI[MainActivity]@5832a1f: ViewPostIme key 1
02-03 21:39:09.222  1630  2677 D InputDispatcher: Inject key (5782/2000): action=0, f=0x0, d=-1, time=152051095393505
02-03 21:39:09.222  1630  2677 D SingleKeyGesture: interceptKeyDown, info : KeyCode=KEYCODE_UNKNOWN, size=0
02-03 21:39:09.223  1630  2677 D WindowManager: interceptKeyTq interceptKeyResult=1
02-03 21:39:09.223  1630  2660 I InputDispatcher: Delivering key to (31979): action: 0x0 (0), f=0x0, m=0x0, d=0, '86ecbb5'
02-03 21:39:09.228  1429  1429 W Layer   : gatherBufferInfo: Received unknown dataspace from gralloc
02-03 21:39:09.235  5872  5872 I HBD     : e resetMotionDetector: reason=onKeyDown 
02-03 21:39:09.235  5872  5872 I HBD     : c skip onKeyDown as physical keyboard not connected 
02-03 21:39:09.235  5872  5872 I HBD     : HoneyBoardService onKeyDown r:930c9dea consumed:false 0 
02-03 21:39:09.236 31979 31979 I VRI[MainActivity]@5832a1f: ViewPostIme key 0
02-03 21:39:09.238  1630  2677 D InputDispatcher: Inject key (5782/2000): action=1, f=0x0, d=-1, time=152051095393505
02-03 21:39:09.238  1630  2677 D WindowManager: interceptKeyTq interceptKeyResult=1
02-03 21:39:09.239  1630  2660 I InputDispatcher: Delivering key to (31979): action: 0x1 (0), f=0x0, m=0x0, d=0, '86ecbb5'
02-03 21:39:09.245  1429  1429 W Layer   : gatherBufferInfo: Received unknown dataspace from gralloc
02-03 21:39:09.277  5872  5872 I HBD     : b ous -  3 ,  3 ,  4 ,  4 ,  -1 ,  -1
02-03 21:39:09.277  5872  5872 I HBD     : c IIFO[r:ad84de9187][type:finish] 
02-03 21:39:09.282  5872  7178 I HBD     : E EBD tb start :1 
02-03 21:39:09.282  5872  7178 I HBD     : E EBD tb end :1 
02-03 21:39:09.283  1231 29796 I sensors-hal: handle_sns_std_sensor_event:141, [SSC_LIGHT] P: 27(27),ch0:2736,ch1:0,c:0,w:0,l:15,m:2,br:63,c1:85,c2:123,i:1
02-03 21:39:09.283  5872  5872 I HBD     : C [EmojiCandidate] getEmoji from EmojiCore-[3]
02-03 21:39:09.283  5872  5872 I HBD     : Z [SCV] (8) 5 9 7 10 7 8 5 6 
02-03 21:39:09.284  5872  5872 I HBD     : E EBD cm f 1 
02-03 21:39:09.284  5872  5872 I HBD     : HoneyBoardService onKeyUp r:014c79f7 consumed:false 0 
02-03 21:39:09.285 31979 31979 I VRI[MainActivity]@5832a1f: ViewPostIme key 1
02-03 21:39:09.287  1429  1429 W Layer   : gatherBufferInfo: Received unknown dataspace from gralloc
02-03 21:39:09.295  1429  1429 W Layer   : gatherBufferInfo: Received unknown dataspace from gralloc
02-03 21:39:09.303  1429  1429 W Layer   : gatherBufferInfo: Received unknown dataspace from gralloc
02-03 21:39:09.310  1630  2851 D SemWifiSwitchForIndividualAppsService: isSkipTcpMonitorInfo - result:1
02-03 21:39:09.312  1429  1429 W Layer   : gatherBufferInfo: Received unknown dataspace from gralloc
02-03 21:39:09.320  1429  1429 W Layer   : gatherBufferInfo: Received unknown dataspace from gralloc
02-03 21:39:09.329  1429  1429 W Layer   : gatherBufferInfo: Received unknown dataspace from gralloc
02-03 21:39:09.337  1429  1429 W Layer   : gatherBufferInfo: Received unknown dataspace from gralloc
02-03 21:39:09.338  1429  1429 W ComposerExtn: DisplayExtnImpl::SetActiveConfig: HWC Display 3 is not registered!
02-03 21:39:09.343  1630  2677 D InputDispatcher: Inject key (5788/2000): action=0, f=0x0, d=-1, time=152051446000000
02-03 21:39:09.343  1630  2677 D SingleKeyGesture: interceptKeyDown, info : KeyCode=KEYCODE_UNKNOWN, size=0
02-03 21:39:09.343  1630  2677 D WindowManager: interceptKeyTq interceptKeyResult=1
02-03 21:39:09.344  1630  2660 I InputDispatcher: Delivering key to (31979): action: 0x0 (0), f=0x0, m=0x0, d=0, '86ecbb5'
02-03 21:39:09.345  6137  6137 I SemDvfsHyPerManager: acquire hyper - TABoost/6137@20, type = -999
02-03 21:39:09.345  1429  1429 W Layer   : gatherBufferInfo: Received unknown dataspace from gralloc
02-03 21:39:09.345  1237  1371 I HYPER-HAL: [RequestManager.cpp]releaseLocked(): Released ID : 18957423
02-03 21:39:09.345  1237  1371 I HYPER-HAL: [RequestManager.cpp]acquire(): Acquired ID : 18957423  [6137 / 20]    HINT :      list : [TABoost / 1] [TIMEOUT / 1500] 
02-03 21:39:09.350  5872  5872 I HBD     : e resetMotionDetector: reason=onKeyDown 
02-03 21:39:09.350  5872  5872 I HBD     : c skip onKeyDown as physical keyboard not connected 
02-03 21:39:09.350  5872  5872 I HBD     : HoneyBoardService onKeyDown r:79dd7ed8 consumed:false 0 
02-03 21:39:09.350 31979 31979 I VRI[MainActivity]@5832a1f: ViewPostIme key 0
02-03 21:39:09.352  1630  2660 W ContextImpl: Calling a method in the system process without a qualified user: android.app.ContextImpl.sendBroadcast:1413 android.app.ContextImpl.closeSystemDialogs:3914 com.android.server.policy.PhoneWindowManager.interceptUnhandledKey:215 com.android.server.wm.InputManagerCallback.dispatchUnhandledKey:132 com.android.server.input.InputManagerService.dispatchUnhandledKey:5 
02-03 21:39:09.354  1429  1429 W Layer   : gatherBufferInfo: Received unknown dataspace from gralloc
02-03 21:39:09.355  1630  2677 D InputDispatcher: Inject key (5788/2000): action=1, f=0x0, d=-1, time=152051446000000
02-03 21:39:09.356  2991  2991 V ShellDragAndDrop: Receive android.intent.action.CLOSE_SYSTEM_DIALOGS
02-03 21:39:09.357  2991  3068 V ShellDragAndDrop: Do not update drop target window visibility: window is already set to 4.
02-03 21:39:09.357  2991  2991 D LocationControllerImpl: onReceive() = android.intent.action.CLOSE_SYSTEM_DIALOGS
02-03 21:39:09.357  2991  2991 D PopupUI.PopupUI: PopupUIReceiver.onReceive() action : android.intent.action.CLOSE_SYSTEM_DIALOGS
02-03 21:39:09.358  3474  3474 I HoneySpace.AppsEdgePanel.FolderViewModel: endDrag:  [id:14] [title:] [color:-1727987454] [items:2] [container:6]
02-03 21:39:09.358  3474 27567 I HoneySpace.OneUiSpace: received close system dialog reason=null
02-03 21:39:09.359 18854 18854 I SAMSUNGWALLET: [Hint_PayHintService] onReceive() action=android.intent.action.CLOSE_SYSTEM_DIALOGS
02-03 21:39:09.359  2991  2991 D SimTrayProtectionViewModel: dismiss : isFoldedState()trueisRemoveSimtray() : true
02-03 21:39:09.360  1630  2677 D WindowManager: interceptKeyTq interceptKeyResult=1
02-03 21:39:09.360  2991  2991 D SecVolume.VolumePanelStore: dispatch [ACTION_DISMISS_REQUESTED with [STATE_NO_DISPATCH], currentAction={isFromOutside : true}, currentState={activeStream=3(vol=1400), stream=3(vol=1400) } isCaptionComponentEnabled : true, isSetupWizardComplete : true, isHasVibrator : true, isMediaDefaultEnabled : true, isVoiceCapable : true, pinDevice : 0, iconTargetState : 2, earProtectLevel : 909, timeOutControlsText : 0, timeOut : 3000, cutoutHeight : 62, iconCurrentState : 2, activeStream : 3, ringerModeInternal : 2, timeOutControls : 0, stream : 3, systemTimeNow : 150139024}
02-03 21:39:09.360  1429  1429 W Layer   : gatherBufferInfo: Received unknown dataspace from gralloc
02-03 21:39:09.360  2991  2991 D SecVolume.VolumePanelStore:   > New State : [STATE_NO_DISPATCH]
02-03 21:39:09.361  1630  2660 I InputDispatcher: Delivering key to (31979): action: 0x1 (0), f=0x0, m=0x0, d=0, '86ecbb5'
02-03 21:39:09.365  6036  6036 W ContextImpl: Calling a method in the system process without a qualified user: android.app.ContextImpl.startService:1993 android.content.ContextWrapper.startService:844 android.content.ContextWrapper.startService:844 com.sec.android.diagmonagent.sa.receiver.CFLogReceiver.onReceive:56 android.app.ActivityThread.handleReceiver:5377 
02-03 21:39:09.369  5872  5872 I HBD     : HoneyBoardService onKeyUp r:9af479bb consumed:false 0 
02-03 21:39:09.369 31979 31979 I VRI[MainActivity]@5832a1f: ViewPostIme key 1
02-03 21:39:09.370  1429  1429 W Layer   : gatherBufferInfo: Received unknown dataspace from gralloc
02-03 21:39:09.377  1429  1429 W Layer   : gatherBufferInfo: Received unknown dataspace from gralloc
02-03 21:39:09.386  1429  1429 W Layer   : gatherBufferInfo: Received unknown dataspace from gralloc
02-03 21:39:09.395  1429  1429 W Layer   : gatherBufferInfo: Received unknown dataspace from gralloc
02-03 21:39:09.404  1429  1429 W Layer   : gatherBufferInfo: Received unknown dataspace from gralloc
02-03 21:39:09.412  1429  1429 W Layer   : gatherBufferInfo: Received unknown dataspace from gralloc
02-03 21:39:09.420  1429  1429 W Layer   : gatherBufferInfo: Received unknown dataspace from gralloc
02-03 21:39:09.423  3142 15217 D ApfFilter: (wlan0): Adding RA fe80::1 -> ff02::1 60s 
02-03 21:39:09.424  3142 15217 E ProcfsParsingUtils: failed to read /sys/class/net/wlan0/mtu
02-03 21:39:09.424  3142 15217 E ProcfsParsingUtils: java.nio.file.AccessDeniedException: /sys/class/net/wlan0/mtu
02-03 21:39:09.424  3142 15217 E ProcfsParsingUtils: 	at sun.nio.fs.UnixFileSystemProvider.newByteChannel(UnixFileSystemProvider.java:220)
02-03 21:39:09.424  3142 15217 E ProcfsParsingUtils: 	at java.nio.file.Files.newByteChannel(Files.java:371)
02-03 21:39:09.424  3142 15217 E ProcfsParsingUtils: 	at java.nio.file.Files.newByteChannel(Files.java:422)
02-03 21:39:09.424  3142 15217 E ProcfsParsingUtils: 	at java.nio.file.spi.FileSystemProvider.newInputStream(FileSystemProvider.java:420)
02-03 21:39:09.424  3142 15217 E ProcfsParsingUtils: 	at java.nio.file.Files.newInputStream(Files.java:156)
02-03 21:39:09.424  3142 15217 E ProcfsParsingUtils: 	at java.nio.file.Files.newBufferedReader(Files.java:2844)
02-03 21:39:09.424  3142 15217 E ProcfsParsingUtils: 	at com.android.networkstack.com.android.net.module.util.ProcfsParsingUtils.readFile(ProcfsParsingUtils.java:75)
02-03 21:39:09.424  3142 15217 E ProcfsParsingUtils: 	at com.android.networkstack.com.android.net.module.util.ProcfsParsingUtils.getInterfaceMtu(ProcfsParsingUtils.java:350)
02-03 21:39:09.424  3142 15217 E ProcfsParsingUtils: 	at com.android.networkstack.android.net.apf.ApfFilter$Dependencies.getInterfaceMtu(ApfFilter.java:823)
02-03 21:39:09.424  3142 15217 E ProcfsParsingUtils: 	at com.android.networkstack.android.net.apf.ApfFilter.installNewProgram(ApfFilter.java:4004)
02-03 21:39:09.424  3142 15217 E ProcfsParsingUtils: 	at com.android.networkstack.android.net.apf.ApfFilter.processRa(ApfFilter.java:4215)
02-03 21:39:09.424  3142 15217 E ProcfsParsingUtils: 	at com.android.networkstack.android.net.apf.ApfFilter$RaPacketReader.handlePacket(ApfFilter.java:374)
02-03 21:39:09.424  3142 15217 E ProcfsParsingUtils: 	at com.android.networkstack.android.net.apf.ApfFilter$RaPacketReader.handlePacket(ApfFilter.java:358)
02-03 21:39:09.424  3142 15217 E ProcfsParsingUtils: 	at com.android.networkstack.com.android.net.module.util.FdEventsReader.handleInput(FdEventsReader.java:277)
02-03 21:39:09.424  3142 15217 E ProcfsParsingUtils: 	at com.android.networkstack.com.android.net.module.util.FdEventsReader.lambda$createAndRegisterFd$0(FdEventsReader.java:233)
02-03 21:39:09.424  3142 15217 E ProcfsParsingUtils: 	at com.android.networkstack.com.android.net.module.util.FdEventsReader.$r8$lambda$jjSC4hVD2AlVH3T-DbWnF2T3fK8(FdEventsReader.java:0)
02-03 21:39:09.424  3142 15217 E ProcfsParsingUtils: 	at com.android.networkstack.com.android.net.module.util.FdEventsReader$$ExternalSyntheticLambda0.onFileDescriptorEvents(R8$$SyntheticClass:0)
02-03 21:39:09.424  3142 15217 E ProcfsParsingUtils: 	at android.os.MessageQueue.dispatchEvents(MessageQueue.java:304)
02-03 21:39:09.424  3142 15217 E ProcfsParsingUtils: 	at android.os.MessageQueue.nativePollOnce(Native Method)
02-03 21:39:09.424  3142 15217 E ProcfsParsingUtils: 	at android.os.MessageQueue.next(MessageQueue.java:346)
02-03 21:39:09.424  3142 15217 E ProcfsParsingUtils: 	at android.os.Looper.loopOnce(Looper.java:214)
02-03 21:39:09.424  3142 15217 E ProcfsParsingUtils: 	at android.os.Looper.loop(Looper.java:342)
02-03 21:39:09.424  3142 15217 E ProcfsParsingUtils: 	at android.os.HandlerThread.run(HandlerThread.java:85)
02-03 21:39:09.429  1429  1429 W Layer   : gatherBufferInfo: Received unknown dataspace from gralloc
02-03 21:39:09.434  1630  2677 D InputDispatcher: Inject motion (5795/2000): action=0x0, time=152051538000000, f=0x0, d=0 dsdx=1.000000 dtdx=0.000000
02-03 21:39:09.436  1630  2660 I InputDispatcher: Delivering touch to (3474): action: 0x4, f=0x0, d=0, '431914a', t=1 
02-03 21:39:09.436  1630  2660 I InputDispatcher: Delivering touch to (2991): action: 0x4, f=0x0, d=0, '8f7d129', t=1 
02-03 21:39:09.436  1630  2660 I InputDispatcher: Delivering touch to (31979): action: 0x0, f=0x0, d=0, '86ecbb5', t=1 *(1.01)
02-03 21:39:09.437  3474  3474 I HoneySpace.GestureInputHandler: inputConsumers = [com.honeyspace.gesture.inputconsumer.InputConsumer$Companion$NO_OP$1@49e45c5]
02-03 21:39:09.437  1429  1429 W Layer   : gatherBufferInfo: Received unknown dataspace from gralloc
02-03 21:39:09.437  3474  3474 I HoneySpace.InputSession: inputConsumers = NO_OP
02-03 21:39:09.438  1630  1951 I GestureDetector: obtain mCurrentDownEvent. id: -729746068 caller: com.android.server.wm.SystemGesturesPointerEventListener.onPointerEvent:17 com.android.server.wm.PointerEventDispatcher.onInputEvent:51 android.view.InputEventReceiver.dispatchInputEvent:385 
02-03 21:39:09.438  1630  1951 I GestureDetector: obtain mCurrentDownEvent. id: -729746068 caller: com.android.server.wm.SystemPerformancePointerEventListener.onPointerEvent:13 com.android.server.wm.PointerEventDispatcher.onInputEvent:51 android.view.InputEventReceiver.dispatchInputEvent:385 
02-03 21:39:09.438  1429  1561 W ComposerExtn: DisplayExtnImpl::SetActiveConfig: HWC Display 3 is not registered!
02-03 21:39:09.438  3474  3474 I HoneySpace.InputSession: open
02-03 21:39:09.439 31979 31979 I VRI[MainActivity]@5832a1f: ViewPostIme pointer 0
02-03 21:39:09.443  1630  2677 D InputDispatcher: Inject motion (5795/2000): action=0x1, time=152051538000000, f=0x0, d=0 dsdx=1.000000 dtdx=0.000000
02-03 21:39:09.445  1630  2660 I InputDispatcher: Delivering touch to (31979): action: 0x1, f=0x0, d=0, '86ecbb5', t=1 *(1.01)
02-03 21:39:09.445  1630  1951 I GestureDetector: obtain mCurrentMotionEventRaw. action: 1 id: -419298281
02-03 21:39:09.445  1630  1951 I GestureDetector: obtain mCurrentMotionEventRaw. action: 1 id: -419298281
02-03 21:39:09.445  1429  1429 W Layer   : gatherBufferInfo: Received unknown dataspace from gralloc
02-03 21:39:09.446  1231  8673 I sensors-hal: handle_sns_client_event:540, [0][10216] accel_sample [-0.248,  1.596,  9.692] 340105884394077
02-03 21:39:09.447  3474  3474 I HoneySpace.GestureInputHandler: reset
02-03 21:39:09.447  3474  3474 I HoneySpace.InputSession: close
02-03 21:39:09.450 31979 31979 I VRI[MainActivity]@5832a1f: ViewPostIme pointer 1
02-03 21:39:09.452 31979 31979 I System.out:  HYBRID SEARCH: Starting for 'milk full cream'
02-03 21:39:09.452  1429  1429 W Layer   : gatherBufferInfo: Received unknown dataspace from gralloc
02-03 21:39:09.452  1429  1429 W Layer   : gatherBufferInfo: Received unknown dataspace from gralloc
02-03 21:39:09.452  1429  1429 W Layer   : gatherBufferInfo: Received unknown dataspace from gralloc
02-03 21:39:09.452  1429  1429 W Layer   : gatherBufferInfo: Received unknown dataspace from gralloc
02-03 21:39:09.453  1429  1429 W ComposerExtn: DisplayExtnImpl::SetActiveConfig: HWC Display 3 is not registered!
02-03 21:39:09.458  1429  4096 D NativeSemDvfsManager: acquire:: timeout = 2000 mIsAcquired = 1  mTagName : SurfaceFlinger 
02-03 21:39:09.458 31979 31979 D InputMethodManagerUtils: startInputInner - Id : 0
02-03 21:39:09.458 31979 31979 I InputMethodManager: startInputInner - IInputMethodManagerGlobalInvoker.startInputOrWindowGainedFocus
02-03 21:39:09.458  1429  4096 E NativeCustomFrequencyManager: [NativeCFMS] BpCustomFrequencyManager::acquire()
02-03 21:39:09.458  1237  1371 I HYPER-HAL: [RequestManager.cpp]acquire(): Acquired ID : 2952235  [1429 / 1000]    HINT : SF_GPU_MINLOCK    list : [TIMEOUT / 2000] 
02-03 21:39:09.460  1429  1429 W Layer   : gatherBufferInfo: Received unknown dataspace from gralloc
02-03 21:39:09.460  1429  1429 W Layer   : gatherBufferInfo: Received unknown dataspace from gralloc
02-03 21:39:09.461  1429  1429 W ComposerExtn: DisplayExtnImpl::SetActiveConfig: HWC Display 3 is not registered!
02-03 21:39:09.461  1429  1429 D SurfaceFlinger: GPIS:: requestGPISForClientComposition
02-03 21:39:09.461  1630  2675 V InputMethodManagerService: startInputOrWindowGainedFocusInternalLocked: reason=APP_CALLED_RESTART_INPUT_API clientState=3381aae editorInfo=android.view.inputmethod.EditorInfo@eb612bb startInputFlags=VIEW_HAS_FOCUS|IS_TEXT_EDITOR softInputMode=STATE_UNSPECIFIED|ADJUST_PAN windowFlags=#81810100 sameWindowFocused=true
02-03 21:39:09.461  1630  2675 D InputMethodManagerService: setWindowStateInner, windowToken=android.os.BinderProxy@fa2bec, state=ImeTargetWindowState{ imeToken null imeFocusChanged false hasEditorFocused true requestedImeVisible true imeDisplayId 0 softInputModeState STATE_UNSPECIFIED|ADJUST_PAN isStartInputByGainFocus false}
02-03 21:39:09.461  1630  2675 D InputMethodManagerService: DESKTOP MODE! : 2
02-03 21:39:09.461  1630  2675 D InputMethodManagerService: NOT IN KNOX DESKTOP MODE!
02-03 21:39:09.461  1630  2675 V InputMethodManagerService: semComputeImeDisplayIdForTarget: displayId=0
02-03 21:39:09.462  1630  2675 D InputMethodManagerService: isImeSwitcherDisabledPackage : false
02-03 21:39:09.462  1630  2675 D InputMethodManagerService: checkDisplayOfStartInputAndUpdateKeyboard: displayId=0, mFocusedDisplayId=0
02-03 21:39:09.462  1630  2675 I ImeTracker: com.pricehunt:57764da5: onRequestShow at ORIGIN_SERVER reason ATTACH_NEW_INPUT fromUser false
02-03 21:39:09.462  1630  2675 D InputMethodManagerService: ACCESS_CONTROL_ENABLED = false, ACCESS_CONTROL_KEYBOARD_BLOCK = true
02-03 21:39:09.462  1630  2675 D InputMethodManagerService: setWindowStateInner, windowToken=android.os.BinderProxy@fa2bec, state=ImeTargetWindowState{ imeToken android.os.Binder@4eca584 imeFocusChanged false hasEditorFocused true requestedImeVisible true imeDisplayId 0 softInputModeState STATE_UNSPECIFIED|ADJUST_PAN isStartInputByGainFocus false}
02-03 21:39:09.462  1630  2675 V InputMethodManagerService: Calling com.android.server.inputmethod.IInputMethodInvoker@cb8dc71.showSoftInput(android.os.BinderProxy@fa2bec, 1, null) for reason: ATTACH_NEW_INPUT
02-03 21:39:09.463  1630  2675 D InputTransport: Input channel constructed: 'ClientS', fd=1183
02-03 21:39:09.463  1630  2675 D InputTransport: Input channel destroyed: 'ClientS', fd=1183
02-03 21:39:09.463  5872  5872 I HBD     : HoneyBoardService [IMI] onStartInput - caller pid : 31979 , caller uid : 10418 
02-03 21:39:09.463  5872  5872 I HBD     : t updateConfigs 
02-03 21:39:09.463  5872  5872 I HBD     : t isEnabledNightMode : true 
02-03 21:39:09.463 31979  5272 D InputTransport: Input channel constructed: 'ClientS', fd=347
02-03 21:39:09.463  5872  5872 I HBD     : a IC have been binding, RemoteInputConnection{idHash=#c750eb} 
02-03 21:39:09.463  5872  5872 I HBD     : g [EditorInputType]setPrivateImeOptionsToTable privateImeOptions ( null )
02-03 21:39:09.463  5872  5872 I HBD     : b incognitoMode : false 
02-03 21:39:09.463  5872  5872 I HBD     : g getDefaultInputRange : UNKNOWN 
02-03 21:39:09.463  5872  5872 I HBD     : g getDefaultInputRange : UNKNOWN 
02-03 21:39:09.463  5872  5872 I HBD     : g getDefaultInputRange : UNKNOWN 
02-03 21:39:09.464  5872  5872 I HBD     : b update cached prediction status : true 
02-03 21:39:09.464  5872  5872 I HBD     : g getDefaultInputRange : UNKNOWN 
02-03 21:39:09.464  1630  2855 D WifiConnectivityMonitor.NetworkStatsAnalyzer: Backhaul result - RSSI:-39, CE:102, PE:103, TI:121, PTI:121, TW:4, PTW:4, Tx:24, Rx:18, TxS:9, RxS:9, RESULT:true, IC:0, ICT:5, WC:0, WCT:5, R:1, RC:0, IE:0, EC:0
02-03 21:39:09.464  5872  5872 I HBD     : a currentState : 4 
02-03 21:39:09.464  5872  5872 I HBD     : g isCoverDisplay : true, cached selected json info : SelectedLanguageInfo(languageVersion=4.1, currentLanguageOrder=0, selectedLanguageList=[SelectedLanguage(id=65555, isUsed=true, engName=English(India), inputType=qwerty, activeOptionList=[auto_spacing], bilingualId=-1, isUsedBilingual=false)]) 
02-03 21:39:09.465  5872  5872 I HBD     : a [UpdatePolicy] [post] a: 0 cl: 65555 kit: [0/0] vt: 0 ir: 1 
02-03 21:39:09.469  1429  1429 W Layer   : gatherBufferInfo: Received unknown dataspace from gralloc
02-03 21:39:09.477  1429  1429 W Layer   : gatherBufferInfo: Received unknown dataspace from gralloc
02-03 21:39:09.485  1429  1429 W Layer   : gatherBufferInfo: Received unknown dataspace from gralloc
02-03 21:39:09.494  1429  1429 W Layer   : gatherBufferInfo: Received unknown dataspace from gralloc
02-03 21:39:09.494  1429  1429 W Layer   : gatherBufferInfo: Received unknown dataspace from gralloc
02-03 21:39:09.499  5872  5872 I HBD     : a [NRIC] resetNoResponseState 
02-03 21:39:09.499  5872  5872 I HBD     : b update cached prediction status : true 
02-03 21:39:09.500  5872  5872 I HBD     : HoneyBoardService [PF_OP][onStartInput]  37 ms 
02-03 21:39:09.500  5872  5872 I HBD     : HoneyBoardService onStartInputView : restarting=true, client=com.pricehunt, pid=31979 
02-03 21:39:09.500  5872  5872 I HBD     : g [EditorInputType]setPrivateImeOptionsToTable privateImeOptions ( null )
02-03 21:39:09.500  5872  5872 I HBD     : b incognitoMode : false 
02-03 21:39:09.500  5872  7125 I SemDvfsHyPerManager: acquire hyper - SKBD_RE_ENTER_SHOW/5872@1, type = -999
02-03 21:39:09.500  5872  5872 I HBD     : g getDefaultInputRange : UNKNOWN 
02-03 21:39:09.500  5872  5872 I HBD     : g getDefaultInputRange : UNKNOWN 
02-03 21:39:09.500  5872  5872 I HBD     : g getDefaultInputRange : UNKNOWN 
02-03 21:39:09.500  5872  5872 I HBD     : HoneyBoardService onStartInputViewInternal: inputType=0x8001, imeOptions=0x2000003, initialSelStart=4, initialSelEnd=4 
02-03 21:39:09.500  5872  5872 I HBD     : e applyThemesPolicy 
02-03 21:39:09.501  5872  5872 I HBD     : d mIsGalaxyTheme = false mIsDexDesktopDisplay : false IsRequiredDarkTypeTheme = true night mode : true mIsEnabledHighContrast = false mIsOpenThemeForHoneyBoardInstalled = false mIsWallpaperThemeInstalled = false mIsThemeParkTheme = false
02-03 21:39:09.501  5872  5872 I HBD     : a theme : Dark mode and no theme park 
02-03 21:39:09.501  5872  5872 I HBD     : e required dark type theme, isCoverDisplayTheme :  false
02-03 21:39:09.501  5872  5872 I HBD     : e update KeyboardTheme themeIndex : 0x 12000000  theme :  Dark
02-03 21:39:09.501  5872  5872 I HBD     : a set Theme convertedIndex : 4 
02-03 21:39:09.501  1237  1371 I HYPER-HAL: [RequestManager.cpp]acquire(): Acquired ID : 17249002  [5872 / 1]    HINT : KBD_APP_RE_ENTER_VIEW    list : [TIMEOUT / 400] 
02-03 21:39:09.501  5872  5872 I HBD     : a onThemeChanged: currTheme = 4, nextTheme = 4 
02-03 21:39:09.501  5872  5872 I HBD     : e onUpdate: mThemeStyle = 4 
02-03 21:39:09.501  5872  5872 I HBD     : b updatePredictionStatus : 1, editorOpt 
02-03 21:39:09.501  5872  5872 I HBD     : b updateForEditorClass isPredictionOn = true 
02-03 21:39:09.501  5872  7178 I HBD     : E EBD tb start :1 
02-03 21:39:09.501  1237  1371 I HYPER-HAL: [ResourceManager.cpp]updateResource(): [CPUMinFreq] UpdateResource Request ID : 17249002    Value : 2265600
02-03 21:39:09.501  5872  7178 I HBD     : E EBD tb end :1 
02-03 21:39:09.502  1429  1429 W Layer   : gatherBufferInfo: Received unknown dataspace from gralloc
02-03 21:39:09.502  1429  1429 W Layer   : gatherBufferInfo: Received unknown dataspace from gralloc
02-03 21:39:09.504  5872  5872 I HBD     : C [EmojiCandidate] getEmoji from EmojiCore-[3]
02-03 21:39:09.504  5872  5872 I HBD     : Z [SCV] (8) 5 9 7 10 7 8 5 6 
02-03 21:39:09.504  5872  5872 I HBD     : E EBD ssu f 1 
02-03 21:39:09.504  5872  5872 I HBD     : a [UpdatePolicy] [post] a: 1 cl: 65555 kit: [0/0] vt: 0 ir: 1 
02-03 21:39:09.507  5872  5872 I HBD     : b update cached prediction status : true 
02-03 21:39:09.507  5872  5872 I HBD     : b updateConfig: [LanguageItem] English(India) / [KeyboardViewTypeItem] 0 / [KeyboardInputTypeItem] mainType(0), subType(0) / [CurrentLanguageInputTypeItem] mainType(0), subType(0) / [KeyboardInputRangeItem] 1 / [SelectedLanguageItem] 1 / [TextOrNullInputClassItem] true / [NumberKeyFirstLineItem] true / [SpaceRowStyleCmItem] true / [SpaceRowStylePeriodItem] true / [SpaceRowStyleEmailURLPeriodItem] true /  
02-03 21:39:09.507  5872  5872 I HBD     : b updateConfig: [SpaceRowStyleEmailURLDotComItem] true / [SpaceRowStyleEmailURLPeriodItem] true / [SpaceRowStyleJapaneseArrowItem] true / [SpaceRowStyleJapanesePeriodItem] true / [TouchAndHoldSpaceBarTypeItem] cursor_control / [UseContinuousInputItem] true / [UseToolBarItem] true / [VoiceInputTypeItem] 1 / [DensityItem] 2.625 / [DisplayWidthItem] 840 / [DisplayHeightItem] 2289 /  
02-03 21:39:09.507  5872  5872 I HBD     : b updateConfig: [MainTextLabelItem] 1 / [LanguageSwitchingUsingKeyItem] true / [CoverDisplayModeItem] true / [VoiceEnabledItem] true / [PredictionStatusItem] true / [EditorEnterActionItem] -1 /  
02-03 21:39:09.507  5872  5872 I HBD     : b update cached prediction status : true 
02-03 21:39:09.506  1630  2677 D KNOX_MDM_SettingsProvider: isChangeAllowed() : name = enabled_input_methods
02-03 21:39:09.507  1630  2677 D KNOX_MDM_SettingsProvider: edmUri: content://com.sec.knox.provider/RestrictionPolicy3
02-03 21:39:09.507  1630  2677 D KNOX_MDM_SettingsProvider: projectionArgs: isSettingsChangesAllowed
02-03 21:39:09.507  1630  2677 D KNOX_MDM_SettingsProvider: selectionArgs: false
02-03 21:39:09.507  1630  2677 D KNOX_MDM_SettingsProvider: selectionArgs: 10205
02-03 21:39:09.507  1630  2677 D SecContentProvider: query(), uri = 17 selection = isSettingsChangesAllowed
02-03 21:39:09.507  5872  5872 I HBD     : a updateMultiTapTimeValue 
02-03 21:39:09.507  5872  5872 I HBD     : a getMultiTapTimeoutValue 
02-03 21:39:09.507  1630  2677 D SecContentProvider: called from android.uid.honeyboard:10205
02-03 21:39:09.508  1630  2677 D RestrictionPolicy: isSettingsChangesAllowedAsUser, userId 0 : true
02-03 21:39:09.508  1630  2677 D KNOX_MDM_SettingsProvider: ret = 1
02-03 21:39:09.508  5872  5803 I HBD     : a [HBIC] requestCursorUpdates 2 
02-03 21:39:09.508  1630  2677 D KNOX_MDM_SettingsProvider: isChangeAllowed() : name = default_input_method
02-03 21:39:09.508  1630  2677 D KNOX_MDM_SettingsProvider: edmUri: content://com.sec.knox.provider/RestrictionPolicy3
02-03 21:39:09.508  1630  2677 D KNOX_MDM_SettingsProvider: projectionArgs: isSettingsChangesAllowed
02-03 21:39:09.508  1630  2677 D KNOX_MDM_SettingsProvider: selectionArgs: false
02-03 21:39:09.508  1630  2677 D KNOX_MDM_SettingsProvider: selectionArgs: 10205
02-03 21:39:09.508  5872  5872 I HBD     : a getSingleVowelMultiTapTimeoutValue 
02-03 21:39:09.508  1630  2677 D SecContentProvider: query(), uri = 17 selection = isSettingsChangesAllowed
02-03 21:39:09.508  1630  2677 D SecContentProvider: called from android.uid.honeyboard:10205
02-03 21:39:09.508  1630  2677 D RestrictionPolicy: isSettingsChangesAllowedAsUser, userId 0 : true
02-03 21:39:09.508  1630  2677 D KNOX_MDM_SettingsProvider: ret = 1
02-03 21:39:09.508  5872  5872 I HBD     : h [PF_OP][onStartInputViewActivate]  0 ms 
02-03 21:39:09.508  5872  5872 I HBD     : MultiModalSwitcher onStartInputView 
02-03 21:39:09.508  5872  8862 I HBD     : p updated Sub Types. English(India) 
02-03 21:39:09.509  2991  2991 D NavigationBarControllerImpl: setNavigationBarShortcut requestClass : com.samsung.android.honeyboard, remoteViews : null, position : 0, priority : 12
02-03 21:39:09.509  5872  5872 I HBD     : a color = [r : 1], [g : 1], [b : 2], [alpha : 255], rgb = -16711422, isDark = true 
02-03 21:39:09.509  5872  5804 I HBD     : a InputMethodSubtype is set as local:en_IN 
02-03 21:39:09.509  2991  2991 D RemoteViewPack: OnSetRemoteView RemoteViewShortcut(requestClass=com.samsung.android.honeyboard, remoteViews=null, position=0, priority=12)
02-03 21:39:09.509  2991  2991 D NavBarStateManager: NavBarStates(0) isGameMode: false
02-03 21:39:09.510  1630  1630 I InputMethodManagerService: subtype state: oldSubtype = android.view.inputmethod.InputMethodSubtype@10013 newSubtype = android.view.inputmethod.InputMethodSubtype@10013 force = false, intent received : false
02-03 21:39:09.510  5872  5872 I HBD     : a color = [r : 1], [g : 1], [b : 2], [alpha : 255], rgb = -16711422, isDark = true 
02-03 21:39:09.510  2991  2991 D TaskBarPack: OnSetRemoteView Bundle[{remoteViews=null, priority=12, position=0, requestClass=com.samsung.android.honeyboard}]
02-03 21:39:09.510  2991  2991 D TaskBarDelegate: handleNavigationBarEvent() TaskbarDelegate is not initialized.
02-03 21:39:09.510  1429  1429 W Layer   : gatherBufferInfo: Received unknown dataspace from gralloc
02-03 21:39:09.510  5872  5872 I HBD     : a color = [r : 1], [g : 1], [b : 2], [alpha : 255], rgb = -16711422, isDark = true 
02-03 21:39:09.511  2991  2991 D Navbar.Store: ----handleEvent(0) OnUpdateRemoteViewContainer(rotation=0, leftContainer=android.widget.LinearLayout{c5b3f03 V.E...... .......D 64,0-181,126 #7f0a0625 app:id/left_remoteview}, rightContainer=android.widget.LinearLayout{f16bcb9 I.E...... ......I. 659,0-776,126 #7f0a09e0 app:id/right_remoteview}, contextualButtonVisible=false, darkIntensity=0.0, displayId=0) [Module] SamsungNavigationBarView
02-03 21:39:09.511  2991  2991 D Navbar.Store: ------[Band]REMOTE_VIEW_PACK_SET_REMOTEVIEW_CONTAINER
02-03 21:39:09.511  2991  2991 D Navbar.Store: --------apply(0) NavBarStoreAction$UpdateRemoteViewContainer
02-03 21:39:09.511  2991  2991 D Navbar.Store: --------apply(0) NavBarStoreAction$UpdateRemoteViewDarkIntensity
02-03 21:39:09.512  5872  5872 I HBD     : HoneyBoardService [PF_OP][onStartInputView]  12 ms 
02-03 21:39:09.512  5872  5872 I HBD     : c IIFO[r:b060db64c1][type:finish] 
02-03 21:39:09.513  2991  2991 D NavBarStateManager: NavBarStates(0) canUseNavBarBackgroundFrame: true
02-03 21:39:09.513  1630  4226 D FreecessController: com.microsoft.office.outlook(1010335) is important[2]
02-03 21:39:09.515  2991  2991 D NavigationBarControllerImpl: setNavigationBarShortcut requestClass : com.samsung.android.honeyboard, remoteViews : null, position : 0, priority : 12
02-03 21:39:09.515  2991  2991 D RemoteViewPack: OnSetRemoteView RemoteViewShortcut(requestClass=com.samsung.android.honeyboard, remoteViews=null, position=0, priority=12)
02-03 21:39:09.515  2991  2991 D NavBarStateManager: NavBarStates(0) isGameMode: false
02-03 21:39:09.515  5872  5872 W HBD     : d1 Engine Sync Finished by onStartInputView, check InputKey timing 
02-03 21:39:09.515  2991  2991 D TaskBarPack: OnSetRemoteView Bundle[{remoteViews=null, priority=12, position=0, requestClass=com.samsung.android.honeyboard}]
02-03 21:39:09.515  2991  2991 D TaskBarDelegate: handleNavigationBarEvent() TaskbarDelegate is not initialized.
02-03 21:39:09.515  5872  5872 I HBD     : E EBD si t 0 
02-03 21:39:09.515  5872  5872 I InputMethod: showSoftInput(): flags=1
02-03 21:39:09.515  1630  6020 I InputMethodManagerService: isAccessoryKeyboard 0
02-03 21:39:09.515  2991  2991 D Navbar.Store: ----handleEvent(0) OnUpdateRemoteViewContainer(rotation=0, leftContainer=android.widget.LinearLayout{c5b3f03 I.E...... ......ID 64,0-181,126 #7f0a0625 app:id/left_remoteview}, rightContainer=android.widget.LinearLayout{f16bcb9 I.E...... ......I. 659,0-776,126 #7f0a09e0 app:id/right_remoteview}, contextualButtonVisible=false, darkIntensity=0.0, displayId=0) [Module] SamsungNavigationBarView
02-03 21:39:09.515  2991  2991 D Navbar.Store: ------[Band]REMOTE_VIEW_PACK_SET_REMOTEVIEW_CONTAINER
02-03 21:39:09.515  2991  2991 D Navbar.Store: --------apply(0) NavBarStoreAction$UpdateRemoteViewContainer
02-03 21:39:09.515  5872  5872 I HBD     : HoneyBoardService onEvaluateInputViewShown: true 
02-03 21:39:09.516  1630  5997 I InputMethodManagerService: isAccessoryKeyboard 0
02-03 21:39:09.516  2991  2991 D Navbar.Store: --------apply(0) NavBarStoreAction$UpdateRemoteViewDarkIntensity
02-03 21:39:09.516  5872  5872 I HBD     : HoneyBoardService onEvaluateInputViewShown: true 
02-03 21:39:09.516  5872  5872 I InputMethodService: startViews: mShowInputRequested=true, mInputViewStarted=true, mCandidatesViewStarted= false
02-03 21:39:09.516  2991  2991 D NavigationBarControllerImpl: setNavigationBarShortcut requestClass : com.samsung.android.honeyboard, remoteViews : android.widget.RemoteViews@eaedce0, position : 0, priority : 12
02-03 21:39:09.516  2991  2991 D RemoteViewPack: OnSetRemoteView RemoteViewShortcut(requestClass=com.samsung.android.honeyboard, remoteViews=android.widget.RemoteViews@eaedce0, position=0, priority=12)
02-03 21:39:09.516  5872  5872 I HBD     : HoneyBoardService onWindowShown 
02-03 21:39:09.517  5872  5872 I HBD     : HoneyBoardService [PF_OP][onWindowShown]  0 ms 
02-03 21:39:09.517  5872  5872 I HBD     : [DirectWriting] DirectWriting emitInputConnection : RemoteInputConnection{idHash=#c750eb} 
02-03 21:39:09.518  1630  6020 D InputMethodManagerService: notifyUserActivity: canceled, displayId=0
02-03 21:39:09.518  1630  6020 V InputMethodManagerService: applyImeVisibility state=1
02-03 21:39:09.518 31979 31979 W RecordingIC: requestCursorUpdates is not supported
02-03 21:39:09.518  3245  3245 E SecMetadataEntity: getCache : SUPPORTED_FEATURES key can not get with other key. return only SUPPORTED_FEATURES
02-03 21:39:09.519  1429  1429 W Layer   : gatherBufferInfo: Received unknown dataspace from gralloc
02-03 21:39:09.519  1429  1429 W Layer   : gatherBufferInfo: Received unknown dataspace from gralloc
02-03 21:39:09.519  1429  1429 W Layer   : gatherBufferInfo: Received unknown dataspace from gralloc
02-03 21:39:09.520  5872  5803 I HBD     : b requestCursorUpdates returned  false ,  12
02-03 21:39:09.521  1630  6020 D InputMethodManagerService: isImeSwitcherDisabledPackage : false
02-03 21:39:09.521  2991  2991 D NavBarStateManager: NavBarStates(0) isGameMode: false
02-03 21:39:09.521  2991  2991 D TaskBarPack: OnSetRemoteView Bundle[{remoteViews=android.widget.RemoteViews@eaedce0, priority=12, position=0, requestClass=com.samsung.android.honeyboard}]
02-03 21:39:09.521  2991  2991 D TaskBarDelegate: handleNavigationBarEvent() TaskbarDelegate is not initialized.
02-03 21:39:09.521  2991  2991 D Navbar.Store: ----handleEvent(0) OnUpdateRemoteViewContainer(rotation=0, leftContainer=android.widget.LinearLayout{c5b3f03 V.E...... ......ID 64,0-181,126 #7f0a0625 app:id/left_remoteview}, rightContainer=android.widget.LinearLayout{f16bcb9 I.E...... ......I. 659,0-776,126 #7f0a09e0 app:id/right_remoteview}, contextualButtonVisible=false, darkIntensity=0.0, displayId=0) [Module] SamsungNavigationBarView
02-03 21:39:09.521  2991  2991 D Navbar.Store: ------[Band]REMOTE_VIEW_PACK_SET_REMOTEVIEW_CONTAINER
02-03 21:39:09.521  2991  2991 D Navbar.Store: --------apply(0) NavBarStoreAction$UpdateRemoteViewContainer
02-03 21:39:09.521  2991  2991 D Navbar.Store: --------apply(0) NavBarStoreAction$UpdateRemoteViewDarkIntensity
02-03 21:39:09.521  1630  6020 I InputMethodManagerService: setImeWindowStatus: vis=3, backDisposition=0
02-03 21:39:09.522  2991  2991 D NavBarStateManager: NavBarStates(0) canUseNavBarBackgroundFrame: true
02-03 21:39:09.524  2991  2991 D FlexPanelStartController: startFloatingIcon: extra=display_floating_icon_clear
02-03 21:39:09.525  2991  2991 D NavigationBar: setImeWindowStatus displayId=0 vis=3 backDisposition=0 showImeSwitcher=false imeShown=true
02-03 21:39:09.525  2991  2991 I ControlPanelService: startId : 8751
02-03 21:39:09.525  2991  2991 D NavigationBarControllerImpl: setNavigationBarShortcut requestClass : com.android.wm.shell.controlpanel.activity.FlexPanelActivity, remoteViews : null, position : 0, priority : 11
02-03 21:39:09.525  2991  2991 D RemoteViewPack: OnSetRemoteView RemoteViewShortcut(requestClass=com.android.wm.shell.controlpanel.activity.FlexPanelActivity, remoteViews=null, position=0, priority=11)
02-03 21:39:09.525  2991  2991 D NavBarStateManager: NavBarStates(0) isGameMode: false
02-03 21:39:09.525  2991  2991 D TaskBarPack: OnSetRemoteView Bundle[{remoteViews=null, priority=11, position=0, requestClass=com.android.wm.shell.controlpanel.activity.FlexPanelActivity}]
02-03 21:39:09.525  2991  2991 D TaskBarDelegate: handleNavigationBarEvent() TaskbarDelegate is not initialized.
02-03 21:39:09.526  2991  2991 D Navbar.Store: ----handleEvent(0) OnUpdateRemoteViewContainer(rotation=0, leftContainer=android.widget.LinearLayout{c5b3f03 V.E...... ........ 64,0-181,126 #7f0a0625 app:id/left_remoteview}, rightContainer=android.widget.LinearLayout{f16bcb9 I.E...... ......I. 659,0-776,126 #7f0a09e0 app:id/right_remoteview}, contextualButtonVisible=false, darkIntensity=0.0, displayId=0) [Module] SamsungNavigationBarView
02-03 21:39:09.526  2991  2991 D Navbar.Store: ------[Band]REMOTE_VIEW_PACK_SET_REMOTEVIEW_CONTAINER
02-03 21:39:09.526  2991  2991 D Navbar.Store: --------apply(0) NavBarStoreAction$UpdateRemoteViewContainer
02-03 21:39:09.526  2991  2991 D Navbar.Store: --------apply(0) NavBarStoreAction$UpdateRemoteViewDarkIntensity
02-03 21:39:09.527  1429  1429 W Layer   : gatherBufferInfo: Received unknown dataspace from gralloc
02-03 21:39:09.527  1429  1429 W Layer   : gatherBufferInfo: Received unknown dataspace from gralloc
02-03 21:39:09.527  1429  1429 W Layer   : gatherBufferInfo: Received unknown dataspace from gralloc
02-03 21:39:09.527 31979 31979 W RecordingIC: requestCursorUpdates is not supported
02-03 21:39:09.528  2991  2991 D NavBarStateManager: NavBarStates(0) canUseNavBarBackgroundFrame: true
02-03 21:39:09.528 31979 31979 D InsetsController: show(ime(), fromIme=true)
02-03 21:39:09.529 31979 31979 I ImeTracker: com.pricehunt:57764da5: onCancelled at PHASE_CLIENT_APPLY_ANIMATION
02-03 21:39:09.533  1630  6140 I ActivityManager: Changes in 10111 15 to 5, 0 to 16
02-03 21:39:09.533  1630  6020 D SecContentProvider: query(), uri = 15 selection = isClipboardAllowedAsUser
02-03 21:39:09.533  1630  6020 D SecContentProvider: called from android.uid.honeyboard:10205
02-03 21:39:09.533  1630  6020 D RestrictionPolicy: isClipboardAllowed : true
02-03 21:39:09.533  1630  6020 D SecContentProvider: SemKnoxPolicyContract.RestrictionPolicy.CLIPBOARD_ALLOWED_AS_USER return = true
02-03 21:39:09.534  4023  5489 I SamsungAccount: [AccountManagerProvider] isChildAccount
02-03 21:39:09.534  5872 20688 I ScsApi@Feature: checkFeature() : FEATURE_SPEECH_RECOGNITION, sdk : 4.0.20
02-03 21:39:09.534  5872 20688 I ScsApi@FeatureHolder: setStatus() : FEATURE_SPEECH_RECOGNITION : 0
02-03 21:39:09.534  5872 20688 I HBD     : l HoneyVoice checkFeature() 0 time: 0
02-03 21:39:09.534  5872 20688 I HBD     : a HoneyVoice isSCSSpeechFeatureEnabled : true 0 ms 
02-03 21:39:09.534  4023  5489 I SamsungAccount: [AccountManagerProvider] Calling package : android.honeyboard.
02-03 21:39:09.535  1429  1429 W Layer   : gatherBufferInfo: Received unknown dataspace from gralloc
02-03 21:39:09.535  1429  1429 W Layer   : gatherBufferInfo: Received unknown dataspace from gralloc
02-03 21:39:09.535  1429  1429 W Layer   : gatherBufferInfo: Received unknown dataspace from gralloc
02-03 21:39:09.536  1630  9889 D PerProcessNandswap$NandswapHandler: nandswap start for non-activity com.osp.app.signin(pid 4023) action:6 adj:100 type:2
02-03 21:39:09.537  4182  4258 I RequestManager_FLP: onOpChanged, op=0 / packageName=com.osp.app.signin
02-03 21:39:09.538  1630  9889 D PerProcessNandswap$NandswapHandler: nandswap end for non-activity com.osp.app.signin(pid 4023) ret:1 adj:100
02-03 21:39:09.540  4023  5489 I SamsungAccount: [SignatureInfoDbHelper] searchOnUser(fromDb) - [10/lfgff][android.honeyboard.][64/3291d] => matched
02-03 21:39:09.540  4023  5489 I SamsungAccount: [AccountManagerProvider] This is the access of the allowed application
02-03 21:39:09.540  4023  5489 I SamsungAccount: [AccountManagerUtil] isSamsungAccountSignedIn : true
02-03 21:39:09.540  4023  5489 I SamsungAccount: [TPMU]  SIMState     :SIM_STATE_READY
02-03 21:39:09.540  4023  5489 I SamsungAccount: [CountryCodeUtil] isChinaCountryCode : false
02-03 21:39:09.541  4023  5489 I SamsungAccount: [TPMU] getMccFromUsim
02-03 21:39:09.541  4023  5489 I SamsungAccount: [MccManager] saveMccToPreference Start
02-03 21:39:09.541  4023  5489 I SamsungAccount: [MccManager] saveMccToPreference, mcc is same with previous mcc
02-03 21:39:09.541  4023  5489 I SamsungAccount: [ChildAccountSupportedListManager] getSupportedListFromPreference from cache
02-03 21:39:09.542  4023  5489 E SamsungAccount: [FamilyGroupUtil] getCountryCodeListWithRegionMcc - no country code with region mcc
02-03 21:39:09.542  4023  5489 I SamsungAccount: [FamilyGroupUtil] isSupportFamilyService: false
02-03 21:39:09.542  4023  5489 I SamsungAccount: [AccountManagerProvider] makeResultBundle - resultCode : 1
02-03 21:39:09.542  5872 31873 I HBD     : i [AiWriter] updateChildAccountInfo reset
02-03 21:39:09.542  5872 31873 I HBD     : i [AiWriter] setCurrentCc resetCcAndLegalAge
02-03 21:39:09.544  1429  1429 W Layer   : gatherBufferInfo: Received unknown dataspace from gralloc
02-03 21:39:09.544  1429  1429 W Layer   : gatherBufferInfo: Received unknown dataspace from gralloc
02-03 21:39:09.544  1429  1429 W ComposerExtn: DisplayExtnImpl::SetActiveConfig: HWC Display 3 is not registered!
02-03 21:39:09.552  1429  1429 W Layer   : gatherBufferInfo: Received unknown dataspace from gralloc
02-03 21:39:09.560  1429  1429 W Layer   : gatherBufferInfo: Received unknown dataspace from gralloc
02-03 21:39:09.566 31979 31979 I System.out:  CACHE: Found cached results for 0 platforms (0 products)
02-03 21:39:09.566 31979 31979 I System.out: === STARTING RAW SCRAPE: milk full cream (pincode: 560001) ===
02-03 21:39:09.566 31979 31979 I System.out: === NO LOCAL FILTERING - All intelligence handled by backend AI ===
02-03 21:39:09.566 31979  5164 I System.out: === Launching all scrapers ===
02-03 21:39:09.567 31979  5159 I System.out: Amazon: Starting (HTTP)
02-03 21:39:09.567 31979  5170 I System.out: Amazon Fresh: Starting (HTTP)
02-03 21:39:09.568 31979  5168 I System.out: Instamart: Starting (WebView)
02-03 21:39:09.568 31979  5160 I System.out: Flipkart Minutes: Starting (WebView)
02-03 21:39:09.568 31979  5158 I System.out: Blinkit: Starting (WebView)
02-03 21:39:09.569 31979  5171 I System.out: Amazon Fresh: Searching for 'milk full cream'...
02-03 21:39:09.569  1429  1429 W Layer   : gatherBufferInfo: Received unknown dataspace from gralloc
02-03 21:39:09.569 31979  5158 I System.out: Amazon: Searching for 'milk full cream'...
02-03 21:39:09.569 31979  5171 I System.out: Amazon Fresh: Fetching https://www.amazon.in/s?k=milk+full+cream&i=nowstore (pincode: 560001)
02-03 21:39:09.569 31979  5160 I System.out: Instamart: Searching for 'milk full cream'...
02-03 21:39:09.569 31979  5158 I System.out: Amazon: Fetching https://www.amazon.in/s?k=milk+full+cream (pincode: 560001)
02-03 21:39:09.569 31979  5161 I System.out: Flipkart Minutes: Searching for 'milk full cream'...
02-03 21:39:09.569 31979  5165 I System.out: Blinkit: Searching for 'milk full cream'...
02-03 21:39:09.570 31979  5160 I System.out: DirectApiScraper: Instamart: Starting API scrape for 'milk full cream'
02-03 21:39:09.570 31979  5165 I System.out: WebView: Location set to pincode=560001, lat=12.9352, lon=77.6245
02-03 21:39:09.571 31979  5168 I System.out: JioMart Quick: Starting (WebView)
02-03 21:39:09.572 31979  5161 I System.out: Flipkart Minutes: HTTP request to https://m.flipkart.com/search?q=milk+full+cream&marketplace=GROCERY
02-03 21:39:09.577  1429  1429 W Layer   : gatherBufferInfo: Received unknown dataspace from gralloc
02-03 21:39:09.577 31979  5167 I System.out: JioMart Quick: Searching for 'milk full cream'...
02-03 21:39:09.578 31979  5167 I System.out: DirectApiScraper: JioMart Quick: Starting API scrape for 'milk full cream'
02-03 21:39:09.581  1630  2890 D NetdEventListenerService: DNS Requested by 491, 10418(com.pricehunt), SUCCESS, 0ms
