--------- beginning of main
02-03 20:03:41.477 10132 10132 I System.out: PlatformHealth: Loaded health data for 0 platforms
02-03 20:03:49.722 10132 10132 I System.out: 📝 HYBRID SEARCH: Starting for 'banana'
02-03 20:03:49.839 10132 10132 I System.out: 💾 CACHE: Found cached results for 0 platforms (0 products)
02-03 20:03:49.840 10132 10132 I System.out: === STARTING RAW SCRAPE: banana (pincode: 560001) ===
02-03 20:03:49.840 10132 10132 I System.out: === NO LOCAL FILTERING - All intelligence handled by backend AI ===
02-03 20:03:49.841 10132 10804 I System.out: === Launching all scrapers ===
02-03 20:03:49.842 10132 10803 I System.out: Amazon: Starting (HTTP)
02-03 20:03:49.842 10132 10805 I System.out: Amazon: Searching for 'banana'...
02-03 20:03:49.849 10132 10805 I System.out: Amazon: Fetching https://www.amazon.in/s?k=banana (pincode: 560001)
02-03 20:03:49.851 10132 10806 I System.out: Amazon Fresh: Starting (HTTP)
02-03 20:03:49.858 10132 10804 I System.out: JioMart: Starting (WebView)
02-03 20:03:49.859 10132 10803 I System.out: Amazon Fresh: Searching for 'banana'...
02-03 20:03:49.859 10132 10803 I System.out: Amazon Fresh: Fetching https://www.amazon.in/s?k=banana&i=nowstore (pincode: 560001)
02-03 20:03:49.861 10132 10804 I System.out: JioMart: Searching for 'banana'...
02-03 20:03:49.861 10132 10804 I System.out: DirectApiScraper: JioMart: Starting API scrape for 'banana'
02-03 20:03:49.872 10132 10807 I System.out: Blinkit: Starting (WebView)
02-03 20:03:49.875 10132 10808 I System.out: Instamart: Starting (WebView)
02-03 20:03:49.878 10132 10808 I System.out: Blinkit: Searching for 'banana'...
02-03 20:03:49.879 10132 10808 I System.out: WebView: Location set to pincode=560001, lat=12.9352, lon=77.6245
02-03 20:03:49.888 10132 10807 I System.out: Instamart: Searching for 'banana'...
02-03 20:03:49.888 10132 10807 I System.out: DirectApiScraper: Instamart: Starting API scrape for 'banana'
02-03 20:03:49.890 10132 10809 I System.out: Zepto: Starting (WebView)
02-03 20:03:49.895 10132 10809 I System.out: Zepto: Searching for 'banana'...
02-03 20:03:49.895 10132 10809 I System.out: DirectApiScraper: Zepto: Starting API scrape for 'banana'
02-03 20:03:50.014 10132 10809 I System.out: DirectApiScraper: Zepto: API error: Unable to resolve host "api.zeptonow.com": No address associated with hostname
02-03 20:03:50.367 10132 10807 I System.out: DirectApiScraper: Instamart: storeId fetch HTTP 404
02-03 20:03:50.449 10132 10807 I System.out: DirectApiScraper: Instamart: HTTP 404
02-03 20:03:50.449 10132 10807 I System.out: Instamart: Direct API failed (HTTP 404)
02-03 20:03:50.449 10132 10807 I System.out: WebView: Location set to pincode=560001, lat=12.9716, lon=77.5946
02-03 20:03:50.640 10132 10809 I System.out: DirectApiScraper: Zepto: HTTP 404
02-03 20:03:50.640 10132 10809 I System.out: Zepto: Direct API failed (HTTP 404)
02-03 20:03:50.640 10132 10809 I System.out: Zepto: Loading https://www.zeptonow.com/search?query=banana
02-03 20:03:50.640 10132 10809 I System.out: WebView: Location set to pincode=560001, lat=12.9352, lon=77.6245
02-03 20:03:50.922 10132 10132 I System.out: WebView: Created with User-Agent: Mozilla/5.0 (Linux; Android 13; Pixel 7 Pro) AppleWebKit/537.36 (KHTML, like Gecko) Chrome/120.0.6099.230 Mobile Safari/537.36
02-03 20:03:50.935 10132 10808 I System.out: Blinkit: Starting Blinkit-specific extraction...
02-03 20:03:50.944 10132 10808 I System.out: Blinkit: Found 0 product images
02-03 20:03:50.952 10132 10132 I System.out: WebView: Set location cookies for www.zeptonow.com with pincode=560001
02-03 20:03:50.954 10132 10808 I System.out: Blinkit: Found 0 data-* elements
02-03 20:03:50.955 10132 10808 I System.out: Blinkit: Found 0 product links
02-03 20:03:50.959 10132 10808 I System.out: Blinkit: Blinkit extraction found 0 products
02-03 20:03:51.147 10132 10807 I System.out: Instamart: Trying __NEXT_DATA__ extraction...
02-03 20:03:51.200 10132 10807 I System.out: Instamart: Trying Cloudinary image extraction...
02-03 20:03:51.273 10132 10807 I System.out: Instamart: Found 0 Cloudinary/Swiggy images
02-03 20:03:51.276 10132 10807 I System.out: Instamart: Trying general image extraction...
02-03 20:03:51.340 10132 10807 I System.out: Instamart: Found 1 images with alt
02-03 20:03:51.340 10132 10807 I System.out: Instamart: Trying data-* extraction...
02-03 20:03:51.457 10132 10807 I System.out: Instamart: Found 4 data-* elements
02-03 20:03:51.465 10132 10807 I System.out: Instamart: Trying generic resilient extraction...
02-03 20:03:51.715 10132 10803 I System.out: Amazon Fresh: Received HTML (762707 bytes)
02-03 20:03:51.761 10132 10132 I System.out: WebView Console: Error with Permissions-Policy header: Unrecognized feature: 'browsing-topics'. (:0)
02-03 20:03:51.794 10132 10132 I System.out: WebView Console: Error with Permissions-Policy header: Unrecognized feature: 'web-share'. (:0)
02-03 20:03:51.801 10132 10807 I System.out: Instamart: Total extraction found 0 products
02-03 20:03:51.806 10132 10132 I System.out: WebView: Anti-detection script injected on page start
02-03 20:03:51.853 10132 10132 I System.out: WebView Console: Anti-detection script injected successfully (:175)
02-03 20:03:52.076 10132 10804 I System.out: DirectApiScraper: JioMart: HTTP 500
02-03 20:03:52.364 10132 10807 I System.out: Instamart: Trying __NEXT_DATA__ extraction...
02-03 20:03:52.364 10132 10807 I System.out: Instamart: Trying Cloudinary image extraction...
02-03 20:03:52.455 10132 10807 I System.out: Instamart: Found 0 Cloudinary/Swiggy images
02-03 20:03:52.500 10132 10807 I System.out: Instamart: Trying general image extraction...
02-03 20:03:52.560 10132 10807 I System.out: Instamart: Found 1 images with alt
02-03 20:03:52.560 10132 10807 I System.out: Instamart: Trying data-* extraction...
02-03 20:03:52.718 10132 10807 I System.out: Instamart: Found 4 data-* elements
02-03 20:03:52.780 10132 10807 I System.out: Instamart: Trying generic resilient extraction...
02-03 20:03:53.025 10132 10132 I System.out: WebView Console: Anti-detection script injected successfully (:175)
02-03 20:03:53.142 10132 10804 I System.out: JioMart: Direct API returned no products
02-03 20:03:53.142 10132 10804 I System.out: JioMart: HTTP request to https://www.jiomart.com/search/banana
02-03 20:03:53.143 10132 10132 I System.out: WebView Console: Anti-detection script injected successfully (:175)
02-03 20:03:53.252 10132 10807 I System.out: Instamart: Total extraction found 0 products
02-03 20:03:53.252 10132 10807 I System.out: Instamart: Attempt 1/3 with 9s timeout
02-03 20:03:53.259 10132 10132 I System.out: WebView: Created with User-Agent: Mozilla/5.0 (Linux; Android 13; OnePlus 11) AppleWebKit/537.36 (KHTML, like Gecko) Chrome/120.0.6099.144 Mobile Safari/537.36
02-03 20:03:53.285 10132 10132 I System.out: WebView: Set comprehensive Swiggy cookies for pincode=560001
02-03 20:03:53.288 10132 10132 I System.out: WebView: Set location cookies for www.swiggy.com with pincode=560001
02-03 20:03:53.798 10132 10132 I System.out: WebView: Anti-detection script injected on page start
02-03 20:03:53.899 10132 10132 I System.out: WebView Console: Anti-detection script injected successfully (:175)
02-03 20:03:54.916 10132 10804 I System.out: JioMart: Got 259694 chars via HTTP
02-03 20:03:54.920 10132 10808 I System.out: Blinkit: Attempt 1/3 with 9s timeout
02-03 20:03:54.946 10132 10132 I System.out: WebView: Created with User-Agent: Mozilla/5.0 (Linux; Android 14; SM-S918B) AppleWebKit/537.36 (KHTML, like Gecko) Chrome/121.0.6167.143 Mobile Safari/537.36
02-03 20:03:54.976 10132 10132 I System.out: WebView: Set location cookies for blinkit.com with pincode=560001
02-03 20:03:55.141 10132 10805 I System.out: Amazon: Found 14 product cards
02-03 20:03:55.372 10132 10805 I System.out: Amazon: ✓ Found 0 products
02-03 20:03:55.372 10132 10805 I System.out: Amazon: [RAW] Got 0 products
02-03 20:03:55.372 10132 10805 I System.out: Amazon: ✗ No products
02-03 20:03:55.377 10132 10805 I System.out: Amazon: Completed (1/10)
02-03 20:03:55.378 10132 10132 I System.out: [STREAM] Amazon: 0 products at 5537ms
02-03 20:03:55.378 10132 10132 I System.out: 🔍 Per-platform AI: Amazon - skipped (0 products)
02-03 20:03:55.378 10132 10132 I System.out: 📊 Scraping: 0/10 platforms, Total: 0
02-03 20:03:55.585 10132 10804 I System.out: JioMart: No product cards in HTTP response
02-03 20:03:55.599 10132 10804 I System.out: JioMart: HTTP request to https://www.jiomart.com/catalogsearch/result/?q=banana
02-03 20:03:55.718 10132 10803 I System.out: Amazon Fresh: Found 14 product cards
02-03 20:03:55.747 10132 10803 I System.out: Amazon Fresh: Using ASIN: B07BG8WX37
02-03 20:03:55.756 10132 10803 I System.out: Amazon Fresh: Product URL for 'Fresh Banana Robusta, 1kg' = https://www.amazon.in/dp/B07BG8WX37?pincode=560001&i=nowstore
02-03 20:03:55.757 10132 10803 I System.out: Amazon Fresh: ✓ Added Fresh Banana Robusta, 1kg at ₹54.0 -> https://www.amazon.in/dp/B07BG8WX37?pincode=560001&i=nowstore
02-03 20:03:55.792 10132 10803 I System.out: Amazon Fresh: Using ASIN: B07NXZWCX7
02-03 20:03:55.808 10132 10803 I System.out: Amazon Fresh: Product URL for 'Fresh Banana Yelakki, 500 g' = https://www.amazon.in/dp/B07NXZWCX7?pincode=560001&i=nowstore
02-03 20:03:55.808 10132 10803 I System.out: Amazon Fresh: ✓ Added Fresh Banana Yelakki, 500 g at ₹62.0 -> https://www.amazon.in/dp/B07NXZWCX7?pincode=560001&i=nowstore
02-03 20:03:55.829 10132 10132 I System.out: WebView: Anti-detection script injected on page start
02-03 20:03:55.841 10132 10132 I System.out: WebView Console: hide header timeout (https://instamart-media-assets.swiggy.com/swiggy/raw/upload/dash-front-assets/js/app.es6.cd83c1c300ead98d.js:88)
02-03 20:03:55.857 10132 10803 I System.out: Amazon Fresh: Using ASIN: B07BG6QLP8
02-03 20:03:55.882 10132 10803 I System.out: Amazon Fresh: Product URL for 'Fresh Banana - Nendran, 500g' = https://www.amazon.in/dp/B07BG6QLP8?pincode=560001&i=nowstore
02-03 20:03:55.882 10132 10803 I System.out: Amazon Fresh: ✓ Added Fresh Banana - Nendran, 500g at ₹45.0 -> https://www.amazon.in/dp/B07BG6QLP8?pincode=560001&i=nowstore
02-03 20:03:55.922 10132 10803 I System.out: Amazon Fresh: Using ASIN: B07BG8F1FN
02-03 20:03:55.940 10132 10803 I System.out: Amazon Fresh: Product URL for 'Fresh Sapota, 250g' = https://www.amazon.in/dp/B07BG8F1FN?pincode=560001&i=nowstore
02-03 20:03:55.940 10132 10803 I System.out: Amazon Fresh: ✓ Added Fresh Sapota, 250g at ₹18.0 -> https://www.amazon.in/dp/B07BG8F1FN?pincode=560001&i=nowstore
02-03 20:03:55.963 10132 10803 I System.out: Amazon Fresh: Using ASIN: B07KKJWF6K
02-03 20:03:56.005 10132 10803 I System.out: Amazon Fresh: Product URL for 'Fresh Guava (Amrudh) Fresh,500' = https://www.amazon.in/dp/B07KKJWF6K?pincode=560001&i=nowstore
02-03 20:03:56.005 10132 10803 I System.out: Amazon Fresh: ✓ Added Fresh Guava (Amrudh) Fresh,500 at ₹85.0 -> https://www.amazon.in/dp/B07KKJWF6K?pincode=560001&i=nowstore
02-03 20:03:56.068 10132 10803 I System.out: Amazon Fresh: Using ASIN: B07L8HNL7X
02-03 20:03:56.068 10132 10803 I System.out: Amazon Fresh: Product URL for 'Fresh Kinnow Orange, 1 kg' = https://www.amazon.in/dp/B07L8HNL7X?pincode=560001&i=nowstore
02-03 20:03:56.068 10132 10803 I System.out: Amazon Fresh: ✓ Added Fresh Kinnow Orange, 1 kg at ₹114.0 -> https://www.amazon.in/dp/B07L8HNL7X?pincode=560001&i=nowstore
02-03 20:03:56.108 10132 10803 I System.out: Amazon Fresh: Using ASIN: B07HN6SNDL
02-03 20:03:56.109 10132 10803 I System.out: Amazon Fresh: Product URL for 'Fresh Banana Raw, 500g' = https://www.amazon.in/dp/B07HN6SNDL?pincode=560001&i=nowstore
02-03 20:03:56.109 10132 10803 I System.out: Amazon Fresh: ✓ Added Fresh Banana Raw, 500g at ₹34.0 -> https://www.amazon.in/dp/B07HN6SNDL?pincode=560001&i=nowstore
02-03 20:03:56.173 10132 10803 I System.out: Amazon Fresh: Using ASIN: B07BG8J69S
02-03 20:03:56.190 10132 10803 I System.out: Amazon Fresh: Product URL for 'Fresh Mosambi, 1kg' = https://www.amazon.in/dp/B07BG8J69S?pincode=560001&i=nowstore
02-03 20:03:56.190 10132 10803 I System.out: Amazon Fresh: ✓ Added Fresh Mosambi, 1kg at ₹70.0 -> https://www.amazon.in/dp/B07BG8J69S?pincode=560001&i=nowstore
02-03 20:03:56.218 10132 10803 I System.out: Amazon Fresh: Using ASIN: B07CPFQWW2
02-03 20:03:56.278 10132 10803 I System.out: Amazon Fresh: Product URL for 'Fresh Organic Banana, Raw, 500' = https://www.amazon.in/dp/B07CPFQWW2?pincode=560001&i=nowstore
02-03 20:03:56.278 10132 10803 I System.out: Amazon Fresh: ✓ Added Fresh Organic Banana, Raw, 500 at ₹53.0 -> https://www.amazon.in/dp/B07CPFQWW2?pincode=560001&i=nowstore
02-03 20:03:56.375 10132 10803 I System.out: Amazon Fresh: Using ASIN: B07BG65QLK
02-03 20:03:56.375 10132 10803 I System.out: Amazon Fresh: Product URL for 'Fresh Banana, Stem, 1 Piece' = https://www.amazon.in/dp/B07BG65QLK?pincode=560001&i=nowstore
02-03 20:03:56.376 10132 10803 I System.out: Amazon Fresh: ✓ Added Fresh Banana, Stem, 1 Piece at ₹20.0 -> https://www.amazon.in/dp/B07BG65QLK?pincode=560001&i=nowstore
02-03 20:03:56.412 10132 10132 I System.out: WebView Console: Anti-detection script injected successfully (:175)
02-03 20:03:56.430 10132 10803 I System.out: Amazon Fresh: Using ASIN: B07BG6X1QH
02-03 20:03:56.438 10132 10803 I System.out: Amazon Fresh: Product URL for 'Fresh Water Melon - Kiran, 1 P' = https://www.amazon.in/dp/B07BG6X1QH?pincode=560001&i=nowstore
02-03 20:03:56.439 10132 10803 I System.out: Amazon Fresh: ✓ Added Fresh Water Melon - Kiran, 1 P at ₹153.0 -> https://www.amazon.in/dp/B07BG6X1QH?pincode=560001&i=nowstore
02-03 20:03:56.454 10132 10803 I System.out: Amazon Fresh: Using ASIN: B0BS6FXQQW
02-03 20:03:56.471 10132 10803 I System.out: Amazon Fresh: Product URL for 'Fresh Banana Leaf, 1 Piece' = https://www.amazon.in/dp/B0BS6FXQQW?pincode=560001&i=nowstore
02-03 20:03:56.471 10132 10803 I System.out: Amazon Fresh: ✓ Added Fresh Banana Leaf, 1 Piece at ₹6.0 -> https://www.amazon.in/dp/B0BS6FXQQW?pincode=560001&i=nowstore
02-03 20:03:56.491 10132 10803 I System.out: Amazon Fresh: Using ASIN: B07BG7YLLV
02-03 20:03:56.502 10132 10803 I System.out: Amazon Fresh: Product URL for 'Fresh Muskmelon 1 Piece, (500 ' = https://www.amazon.in/dp/B07BG7YLLV?pincode=560001&i=nowstore
02-03 20:03:56.503 10132 10803 I System.out: Amazon Fresh: ✓ Added Fresh Muskmelon 1 Piece, (500  at ₹34.0 -> https://www.amazon.in/dp/B07BG7YLLV?pincode=560001&i=nowstore
02-03 20:03:56.536 10132 10803 I System.out: Amazon Fresh: Using ASIN: B0FG39CVZR
02-03 20:03:56.536 10132 10803 I System.out: Amazon Fresh: Product URL for 'Too Yumm! Banana Chips Classic' = https://www.amazon.in/dp/B0FG39CVZR?pincode=560001&i=nowstore
02-03 20:03:56.536 10132 10803 I System.out: Amazon Fresh: ✓ Added Too Yumm! Banana Chips Classic at ₹55.0 -> https://www.amazon.in/dp/B0FG39CVZR?pincode=560001&i=nowstore
02-03 20:03:56.536 10132 10803 I System.out: Amazon Fresh: ✓ Found 14 products
02-03 20:03:56.536 10132 10803 I System.out: Amazon Fresh: Returning 5 products: [Fresh Banana Robusta, Fresh Banana Yelakki, Fresh Banana - Nendr, Fresh Sapota, 250g, Fresh Guava (Amrudh)]
02-03 20:03:56.536 10132 10803 I System.out: Amazon Fresh: [RAW] Got 5 products
02-03 20:03:56.555 10132 10803 I System.out: Amazon Fresh: ✓ 5 products (raw, unfiltered)
02-03 20:03:56.555 10132 10803 I System.out: Amazon Fresh: Completed (2/10)
02-03 20:03:56.671 10132 10804 I System.out: JioMart: HTTP 500
02-03 20:03:56.673 10132 10804 I System.out: JioMart: Using WebView (SPA site)...
02-03 20:03:56.673 10132 10804 I System.out: JioMart: Loading https://www.jiomart.com/search/banana
02-03 20:03:56.673 10132 10804 I System.out: WebView: Location set to pincode=560001, lat=12.9352, lon=77.6245
02-03 20:03:56.691 10132 10132 I System.out: WebView: Created with User-Agent: Mozilla/5.0 (Linux; Android 13; OnePlus 11) AppleWebKit/537.36 (KHTML, like Gecko) Chrome/120.0.6099.144 Mobile Safari/537.36
02-03 20:03:56.718 10132 10132 I System.out: WebView: Set location cookies for www.jiomart.com with pincode=560001
02-03 20:03:57.576 10132 10132 I System.out: WebView Console: Unrecognized feature: 'browsing-topics'. (https://connect.facebook.net/signals/config/1149898238733621?v=2.9.256&r=stable&domain=www.swiggy.com&hme=18f1088ef3e8892a74f943ddaee05e3bbd28c980d3b65c4c57d9fe86969d4bce&ex_m=95%2C158%2C135%2C20%2C67%2C68%2C128%2C63%2C42%2C129%2C72%2C62%2C10%2C142%2C81%2C15%2C94%2C123%2C116%2C70%2C73%2C122%2C139%2C103%2C144%2C7%2C3%2C4%2C6%2C5%2C2%2C82%2C92%2C145%2C226%2C170%2C56%2C228%2C229%2C49%2C185%2C27%2C69%2C234%2C233%2C173%2C29%2C55%2C9%2C58%2C88%2C89%2C90%2C96%2C119%2C28%2C26%2C121%2C118%2C117%2C136%2C71%2C138%2C137%2C44%2C54%2C112%2C14%2C141%2C39%2C215%2C217%2C180%2C23%2C24%2C25%2C17%2C18%2C38%2C34%2C36%2C35%2C77%2C83%2C87%2C101%2C127%2C130%2C40%2C102%2C21%2C19%2C108%2C64%2C32%2C132%2C131%2C133%2C124%2C22%2C31%2C53%2C100%2C140%2C65%2C16%2C134%2C105%2C76%2C61%2C30%2C195%2C165%2C285%2C213%2C156%2C198%2C191%2C166%2C98%2C120%2C75%2C110%2C48%2C41%2C43%2C104%2C109%2C115%2C52%2C59%2C114%2C47%2C50%2C46%2C91%2C143%2C0%2C113%2C13%2C111%2C11%2C1%2C51%2C84%2C57%2C60%2C107%2C80%2C79%2C146%2C147%2C85%2C86%2C8%2C93%2C45%2C125%2C78%2C74%2C66%2C106%2C97%2C37%2C126%2C33%2C99%2C12%2C148:134)
02-03 20:03:58.311 10132 10132 I System.out: WebView: Anti-detection script injected on page start
02-03 20:03:58.604 10132 10132 I System.out: WebView Console: Anti-detection script injected successfully (:175)
02-03 20:03:59.137 10132 10132 I System.out: WebView: Error loading https://www.facebook.com/privacy_sandbox/pixel/register/trigger/?id=1149898238733621&ev=PageView&dl=https%3A%2F%2Fwww.swiggy.com%2Finstamart%2Fsearch%3Fcustom_back%3Dtrue%26query%3Dbanana&rl=&if=false&ts=1770129237702&sw=412&sh=915&v=2.9.256&r=stable&ec=0&o=4126&fbp=fb.1.1770129237654.884777311574940383&eid=ob3_plugin-set_af7e269ef23a328207b7235ad0eda3af3f2eca766921dfa613fc6e10c17cf980&ler=empty&cdl=API_unavailable&pmd[title]=Instamart&plt=1673.6999999999534&it=1770129237137&coo=false&chmd=&chpv=&chfv=undefined&cf=1&expv2[0]=pl0&expv2[1]=el3&expv2[2]=bc1&expv2[3]=mr2&expv2[4]=ct3&expv2[5]=hf3&rqm=FGET: net::ERR_BLOCKED_BY_ORB
02-03 20:03:59.891 10132 10804 I System.out: Blinkit: Attempt 1 error: Timed out waiting for 10000 ms
02-03 20:03:59.891 10132 10804 I System.out: Blinkit: ✗ All 3 attempts failed
02-03 20:03:59.891 10132 10804 I System.out: Blinkit: [TIMEOUT]
02-03 20:03:59.891 10132 10804 I System.out: Blinkit: ✗ No products
02-03 20:03:59.891 10132 10804 I System.out: Blinkit: Completed (3/10)
02-03 20:03:59.891 10132 10804 I System.out: Flipkart Minutes: Starting (WebView)
02-03 20:03:59.893 10132 10805 I System.out: Flipkart Minutes: Searching for 'banana'...
02-03 20:03:59.901 10132 10805 I System.out: Flipkart Minutes: HTTP request to https://m.flipkart.com/search?q=banana&marketplace=GROCERY
02-03 20:04:00.454 10132 10803 I System.out: Instamart: Attempt 1 error: Timed out waiting for 10000 ms
02-03 20:04:00.454 10132 10803 I System.out: Instamart: ✗ All attempts failed
02-03 20:04:00.454 10132 10803 I System.out: Instamart: [TIMEOUT]
02-03 20:04:00.455 10132 10803 I System.out: Instamart: ✗ No products
02-03 20:04:00.455 10132 10803 I System.out: Instamart: Completed (4/10)
02-03 20:04:00.455 10132 10803 I System.out: JioMart Quick: Starting (WebView)
02-03 20:04:00.457 10132 10132 I System.out: [STREAM] Instamart: 0 products at 10614ms
02-03 20:04:00.457 10132 10132 I System.out: 🔍 Per-platform AI: Instamart - skipped (0 products)
02-03 20:04:00.457 10132 10132 I System.out: 📊 Scraping: 0/10 platforms, Total: 0
02-03 20:04:00.458 10132 10807 I System.out: JioMart Quick: Searching for 'banana'...
02-03 20:04:00.458 10132 10807 I System.out: DirectApiScraper: JioMart Quick: Starting API scrape for 'banana'
02-03 20:04:00.515 10132 10132 I System.out: WebView Console: You are running a development build of Vue.
02-03 20:04:00.515 10132 10132 I System.out: Make sure to use the production build (*.prod.js) when deploying for production. (https://www.jiomart.com/assets/global/js/vue_global.min.js:13)
02-03 20:04:00.617 10132 10805 I System.out: Flipkart Minutes: Got 496504 chars via HTTP
02-03 20:04:00.651 10132 10804 I System.out: Zepto: ✗ Error - Timed out waiting for 10000 ms
02-03 20:04:00.651 10132 10804 I System.out: Zepto: [TIMEOUT]
02-03 20:04:00.651 10132 10804 I System.out: Zepto: ✗ No products
02-03 20:04:00.651 10132 10804 I System.out: Zepto: Completed (5/10)
02-03 20:04:00.651 10132 10804 I System.out: BigBasket: Starting (WebView)
02-03 20:04:00.653 10132 10803 I System.out: BigBasket: Searching for 'banana'...
02-03 20:04:00.653 10132 10803 I System.out: DirectApiScraper: BigBasket: Starting API scrape for 'banana'
02-03 20:04:00.667 10132 10132 I System.out: WebView Console: Unrecognized feature: 'browsing-topics'. (https://connect.facebook.net/signals/config/1685726148383397?v=2.9.256&r=stable&domain=blinkit.com&hme=18f1088ef3e8892a74f943ddaee05e3bbd28c980d3b65c4c57d9fe86969d4bce&ex_m=95%2C158%2C135%2C20%2C67%2C68%2C128%2C63%2C42%2C129%2C72%2C62%2C10%2C142%2C81%2C15%2C94%2C123%2C116%2C70%2C73%2C122%2C139%2C103%2C144%2C7%2C3%2C4%2C6%2C5%2C2%2C82%2C92%2C145%2C226%2C170%2C56%2C228%2C229%2C49%2C185%2C27%2C69%2C234%2C233%2C173%2C29%2C55%2C9%2C58%2C88%2C89%2C90%2C96%2C119%2C28%2C26%2C121%2C118%2C117%2C136%2C71%2C138%2C137%2C44%2C54%2C112%2C14%2C141%2C39%2C215%2C217%2C180%2C23%2C24%2C25%2C17%2C18%2C38%2C34%2C36%2C35%2C77%2C83%2C87%2C101%2C127%2C130%2C40%2C102%2C21%2C19%2C108%2C64%2C32%2C132%2C131%2C133%2C124%2C22%2C31%2C53%2C100%2C140%2C65%2C16%2C134%2C105%2C76%2C61%2C30%2C195%2C165%2C285%2C213%2C156%2C198%2C191%2C166%2C98%2C120%2C75%2C110%2C48%2C41%2C43%2C104%2C109%2C115%2C52%2C59%2C114%2C47%2C50%2C46%2C91%2C143%2C0%2C113%2C13%2C111%2C11%2C1%2C51%2C84%2C57%2C60%2C107%2C80%2C79%2C146%2C147%2C85%2C86%2C8%2C93%2C45%2C125%2C78%2C74%2C66%2C106%2C97%2C37%2C126%2C33%2C99%2C12%2C148:134)
02-03 20:04:00.914 10132 10132 I System.out: WebView: Backup extraction triggered
02-03 20:04:00.958 10132 10803 I System.out: DirectApiScraper: BigBasket: HTTP 400
02-03 20:04:00.958 10132 10803 I System.out: BigBasket: Direct API failed (HTTP 400)
02-03 20:04:00.958 10132 10803 I System.out: BigBasket: Loading https://www.bigbasket.com/ps/?q=banana (WebView)...
02-03 20:04:00.959 10132 10803 I System.out: WebView: Location set to pincode=560001, lat=12.9352, lon=77.6245
02-03 20:04:00.976 10132 10132 I System.out: WebView: Created with User-Agent: Mozilla/5.0 (Linux; Android 13; Pixel 7 Pro) AppleWebKit/537.36 (KHTML, like Gecko) Chrome/120.0.6099.230 Mobile Safari/537.36
02-03 20:04:00.991 10132 10805 I System.out: Flipkart Minutes: No product cards found
02-03 20:04:00.995 10132 10805 I System.out: Flipkart Minutes: HTTP request to https://m.flipkart.com/grocery-supermart-store?q=banana
02-03 20:04:01.167 10132 10132 I System.out: WebView: Set location cookies for www.bigbasket.com with pincode=560001
02-03 20:04:01.182 10132 10132 I System.out: WebView: Backup extraction triggered
02-03 20:04:01.365 10132 10805 I System.out: Flipkart Minutes: Got 523588 chars via HTTP
02-03 20:04:01.471 10132 10807 I System.out: DirectApiScraper: JioMart: HTTP 500
02-03 20:04:01.779 10132 10132 I System.out: WebView: Anti-detection script injected on page start
02-03 20:04:01.881 10132 10805 I System.out: Flipkart Minutes: Using WebView (SPA site)...
02-03 20:04:01.904 10132 10805 I System.out: WebView: Location set to pincode=560001, lat=12.9352, lon=77.6245
02-03 20:04:01.904 10132 10805 I System.out: Flipkart Minutes: Trying URL 1/1: https://m.flipkart.com/search?q=banana&marketplace=GROCERY
02-03 20:04:01.907 10132 10132 I System.out: WebView: Created with User-Agent: Mozilla/5.0 (Linux; Android 14; SM-G998B) AppleWebKit/537.36 (KHTML, like Gecko) Chrome/121.0.6167.101 Mobile Safari/537.36
02-03 20:04:02.139 10132 10132 I System.out: WebView: Set location cookies for m.flipkart.com with pincode=560001
02-03 20:04:02.140 10132 10132 I System.out: WebView Console: Anti-detection script injected successfully (:175)
02-03 20:04:02.221 10132 10807 I System.out: JioMart Quick: Direct API returned no products
02-03 20:04:02.237 10132 10807 I System.out: JioMart Quick: HTTP request to https://www.jiomart.com/search/banana?deliveryType=express
02-03 20:04:02.392 10132 10807 I System.out: JioMart Quick: HTTP 403
02-03 20:04:02.437 10132 10132 I System.out: WebView: Content ready! Extracting immediately (attempt 7)
02-03 20:04:02.437 10132 10132 I System.out: WebView: Content ready! Extracting immediately (attempt 7)
02-03 20:04:02.538 10132 10807 I System.out: JioMart Quick: HTTP 403
02-03 20:04:02.538 10132 10807 I System.out: JioMart Quick: Using WebView (SPA site)...
02-03 20:04:02.538 10132 10807 I System.out: JioMart Quick: Loading https://www.jiomart.com/search/banana?deliveryType=express
02-03 20:04:02.538 10132 10807 I System.out: WebView: Location set to pincode=560001, lat=12.9352, lon=77.6245
02-03 20:04:02.545 10132 10132 I System.out: WebView: Created with User-Agent: Mozilla/5.0 (Linux; Android 14; SM-S918B) AppleWebKit/537.36 (KHTML, like Gecko) Chrome/121.0.6167.143 Mobile Safari/537.36
02-03 20:04:02.747 10132 10132 I System.out: WebView: Set location cookies for www.jiomart.com with pincode=560001
02-03 20:04:02.764 10132 10132 I System.out: WebView Console: del msg  (https://www.jiomart.com/assets/version1768913331/ds2msite/js/ds2/ds2_delivery.min.js:5)
02-03 20:04:03.143 10132 10807 I System.out: JioMart: ✗ WebView error - Timed out waiting for 10000 ms
02-03 20:04:03.143 10132 10807 I System.out: JioMart: [TIMEOUT]
02-03 20:04:03.143 10132 10807 I System.out: JioMart: ✗ No products
02-03 20:04:03.143 10132 10807 I System.out: JioMart: Completed (6/10)
02-03 20:04:03.144 10132 10132 I System.out: [STREAM] JioMart: 0 products at 13302ms
02-03 20:04:03.144 10132 10132 I System.out: 🔍 Per-platform AI: JioMart - skipped (0 products)
02-03 20:04:03.144 10132 10132 I System.out: 📊 Scraping: 0/10 platforms, Total: 0
02-03 20:04:03.149 10132 10807 I System.out: Flipkart: Starting (WebView)
02-03 20:04:03.150 10132 10803 I System.out: Flipkart: Searching for 'banana'...
02-03 20:04:03.150 10132 10803 I System.out: Flipkart: Using WebView (SPA site)...
02-03 20:04:03.150 10132 10803 I System.out: WebView: Location set to pincode=560001, lat=12.9352, lon=77.6245
02-03 20:04:03.150 10132 10803 I System.out: Flipkart: Trying URL 1/3: https://m.flipkart.com/search?q=banana
02-03 20:04:03.164 10132 10132 I System.out: WebView: Created with User-Agent: Mozilla/5.0 (Linux; Android 13; OnePlus 11) AppleWebKit/537.36 (KHTML, like Gecko) Chrome/120.0.6099.144 Mobile Safari/537.36
02-03 20:04:03.178 10132 10132 I System.out: WebView: Set location cookies for m.flipkart.com with pincode=560001
02-03 20:04:04.055 10132 10132 I System.out: WebView Console: del msg  (https://www.jiomart.com/assets/version1768913331/ds2msite/js/ds2/ds2_delivery.min.js:5)
02-03 20:04:04.070 10132 10132 I System.out: WebView: Anti-detection script injected on page start
02-03 20:04:04.086 10132 10132 I System.out: WebView: Anti-detection script injected on page start
02-03 20:04:04.100 10132 10132 I System.out: WebView: Anti-detection script injected on page start
02-03 20:04:04.141 10132 10132 I System.out: WebView Console: show_normal_payment_banner without_loggedIn 0 (https://www.jiomart.com/assets/version1768913331/ds2msite/js/cart.min.js:5)
02-03 20:04:04.258 10132 10132 I System.out: WebView Console: Anti-detection script injected successfully (:175)
02-03 20:04:04.361 10132 10132 I System.out: WebView Console: Anti-detection script injected successfully (:175)
02-03 20:04:04.518 10132 10132 I System.out: WebView Console: Anti-detection script injected successfully (:175)
02-03 20:04:04.588 10132 10132 I System.out: WebView Console: init jioads (https://www.jiomart.com/search/banana:2163)
02-03 20:04:04.588 10132 10132 I System.out: WebView Console: jioads set config (https://www.jiomart.com/search/banana:2431)
02-03 20:04:04.589 10132 10132 I System.out: WebView Console: %cWebsdk log%csetConfiguration called with options: [object Object] color: white; background-color: #095aac; padding:1px 3px; border-radius: 3px; margin-right: 7px  (https://jioadsweb.akamaized.net/jioads/retargeting/default/stable/v2/jioAds.js:2)
02-03 20:04:04.590 10132 10132 I System.out: WebView Console: %cWebsdk log%cuid fetched: 34947687-f752-49e6-bf90-36c33b01361e color: white; background-color: #095aac; padding:1px 3px; border-radius: 3px; margin-right: 7px  (https://jioadsweb.akamaized.net/jioads/retargeting/default/stable/v2/jioAds.js:2)
02-03 20:04:04.590 10132 10132 I System.out: WebView Console: %cWebsdk log%cPartner IDs fetched: null color: white; background-color: #095aac; padding:1px 3px; border-radius: 3px; margin-right: 7px  (https://jioadsweb.akamaized.net/jioads/retargeting/default/stable/v2/jioAds.js:2)
02-03 20:04:04.600 10132 10132 I System.out: WebView Console: %cWebsdk log%cResponse from FETCH color: white; background-color: #095aac; padding:1px 3px; border-radius: 3px; margin-right: 7px  (https://jioadsweb.akamaized.net/jioads/retargeting/default/stable/v2/jioAds.js:2)
02-03 20:04:04.880 10132 10132 I System.out: BigBasket: Timeout
02-03 20:04:04.880 10132 10132 I System.out: 🔍 Per-platform AI: BigBasket - skipped (0 products)
02-03 20:04:04.880 10132 10132 I System.out: 📊 Scraping: 0/10 platforms, Total: 0
02-03 20:04:04.880 10132 10132 I System.out: Flipkart Minutes: Timeout
02-03 20:04:04.880 10132 10132 I System.out: 🔍 Per-platform AI: Flipkart Minutes - skipped (0 products)
02-03 20:04:04.880 10132 10132 I System.out: 📊 Scraping: 0/10 platforms, Total: 0
02-03 20:04:04.880 10132 10132 I System.out: JioMart Quick: Timeout
02-03 20:04:04.880 10132 10132 I System.out: 🔍 Per-platform AI: JioMart Quick - skipped (0 products)
02-03 20:04:04.881 10132 10132 I System.out: 📊 Scraping: 0/10 platforms, Total: 0
02-03 20:04:04.881 10132 10132 I System.out: Flipkart: Timeout
02-03 20:04:04.881 10132 10132 I System.out: 🔍 Per-platform AI: Flipkart - skipped (0 products)
02-03 20:04:04.882 10132 10132 I System.out: 📊 Scraping: 0/10 platforms, Total: 0
02-03 20:04:04.882 10132 10132 I System.out: === RAW SCRAPE COMPLETED ===
02-03 20:04:04.882 10132 10132 I System.out: ✅ Fresh scraping complete. Total: 0 products
02-03 20:04:04.882 10132 10132 I System.out: 🤖 Applying AI smart search...
02-03 20:04:04.883 10132 10132 I System.out: 🤖 Final AI request started (timeout=120000ms, products=0)
02-03 20:04:04.944 10132 10805 I System.out: Flipkart Minutes: URL 1 error: Job was cancelled
02-03 20:04:04.944 10132 10805 I System.out: Flipkart Minutes: ✗ All URLs failed
02-03 20:04:04.944 10132 10805 I System.out: Flipkart Minutes: ✗ Error - Job was cancelled
02-03 20:04:04.944 10132 10805 I System.out: Flipkart Minutes: Completed (7/10)
02-03 20:04:04.946 10132 10808 I System.out: JioMart Quick: ✗ WebView error - Job was cancelled
02-03 20:04:04.946 10132 10808 I System.out: JioMart Quick: ✗ Error - Job was cancelled
02-03 20:04:04.946 10132 10808 I System.out: JioMart Quick: Completed (8/10)
02-03 20:04:04.946 10132 10808 I System.out: Flipkart: URL 1 error: Job was cancelled
02-03 20:04:04.946 10132 10808 I System.out: Flipkart: Trying URL 2/3: https://www.flipkart.com/search?q=banana
02-03 20:04:04.946 10132 10808 I System.out: Flipkart: URL 2 error: Job was cancelled
02-03 20:04:04.946 10132 10808 I System.out: Flipkart: Trying URL 3/3: https://m.flipkart.com/search?q=banana&otracker=search
02-03 20:04:04.946 10132 10808 I System.out: Flipkart: URL 3 error: Job was cancelled
02-03 20:04:04.946 10132 10808 I System.out: Flipkart: ✗ All 3 URLs failed
02-03 20:04:04.946 10132 10808 I System.out: Flipkart: ✗ Error - Job was cancelled
02-03 20:04:04.946 10132 10808 I System.out: Flipkart: Completed (9/10)
02-03 20:04:04.946 10132 10814 I System.out: BigBasket: ✗ Error - Job was cancelled
02-03 20:04:04.946 10132 10814 I System.out: BigBasket: ✗ Error - Job was cancelled
02-03 20:04:04.946 10132 10814 I System.out: BigBasket: Completed (10/10)
02-03 20:04:05.884 10132 10132 I System.out: ✅ Final AI success in 1001ms (aiPowered=false, products=0)
02-03 20:04:06.014 10132 10132 I System.out: WebView Console: %cWebsdk log%cHTTP Call Status: 404 | State: 4 color: white; background-color: #095aac; padding:1px 3px; border-radius: 3px; margin-right: 7px  (https://jioadsweb.akamaized.net/jioads/retargeting/default/stable/v2/jioAds.js:2)
02-03 20:04:06.015 10132 10132 I System.out: WebView Console: %cWebsdk log%c[object Object] color: white; background-color: #095aac; padding:1px 3px; border-radius: 3px; margin-right: 7px  (https://jioadsweb.akamaized.net/jioads/retargeting/default/stable/v2/jioAds.js:2)
02-03 20:04:06.537 10132 10132 I System.out: WebView Console: You are running a development build of Vue.
02-03 20:04:06.538 10132 10132 I System.out: Make sure to use the production build (*.prod.js) when deploying for production. (https://www.jiomart.com/assets/global/js/vue_global.min.js:13)
02-03 20:04:06.917 10132 10132 I System.out: WebView Console: Anti-detection script injected successfully (:175)
02-03 20:04:06.936 10132 10132 I System.out: WebView Console: ServiceWorker registration successful with scope:  https://www.flipkart.com/ (https://www.flipkart.com/search?q=banana:1742)
02-03 20:04:06.937 10132 10132 I System.out: WebView Console: ServiceWorker is active and sending message :  https://www.flipkart.com/ (https://www.flipkart.com/search?q=banana:1751)
02-03 20:04:07.000 10132 10132 I System.out: WebView Console: Anti-detection script injected successfully (:175)
02-03 20:04:07.436 10132 10132 I System.out: WebView Console: Warning: Component with name Placeholderis not available. Returning a fallback View (https://static-assets-web.flixcart.com/batman-returns/batman-returns/p/0dabfea1025c670ad99726ae9939d123/CrossCommon.js:1)
02-03 20:04:07.484 10132 10132 I System.out: WebView Console: Warning: Component with name RNShimmeringViewis not available. Returning a fallback View (https://static-assets-web.flixcart.com/batman-returns/batman-returns/p/0dabfea1025c670ad99726ae9939d123/CrossCommon.js:1)
02-03 20:04:07.509 10132 10132 I System.out: WebView Console: Warning: Component with name GifViewis not available. Returning a fallback View (https://static-assets-web.flixcart.com/batman-returns/batman-returns/p/0dabfea1025c670ad99726ae9939d123/CrossCommon.js:1)
02-03 20:04:07.509 10132 10132 I System.out: WebView Console: Warning: Component with name LiveVideoViewis not available. Returning a fallback View (https://static-assets-web.flixcart.com/batman-returns/batman-returns/p/0dabfea1025c670ad99726ae9939d123/CrossCommon.js:1)
02-03 20:04:07.548 10132 10132 I System.out: WebView Console: A preload for 'https://www.jiomart.com/assets/ds2msite/js/jquery-3.4.1.min.js' is found, but is not used because the request credentials mode does not match. Consider taking a look at crossorigin attribute. (https://www.jiomart.com/search/banana?deliveryType=express:0)
02-03 20:04:07.623 10132 10132 I System.out: WebView Console: del msg  (https://www.jiomart.com/assets/version1768913331/ds2msite/js/ds2/ds2_delivery.min.js:5)
02-03 20:04:07.623 10132 10132 I System.out: WebView Console: app obj [object Object] (https://www.jiomart.com/assets/version1768913331/ds2msite/js/mapp.min.js:5)
02-03 20:04:07.768 10132 10132 I System.out: WebView Console: Warning: Component with name Placeholderis not available. Returning a fallback View (https://static-assets-web.flixcart.com/batman-returns/batman-returns/p/0dabfea1025c670ad99726ae9939d123/CrossCommon.js:1)
02-03 20:04:07.819 10132 10132 I System.out: WebView Console: Warning: Component with name RNShimmeringViewis not available. Returning a fallback View (https://static-assets-web.flixcart.com/batman-returns/batman-returns/p/0dabfea1025c670ad99726ae9939d123/CrossCommon.js:1)
02-03 20:04:07.839 10132 10132 I System.out: WebView Console: Warning: Component with name GifViewis not available. Returning a fallback View (https://static-assets-web.flixcart.com/batman-returns/batman-returns/p/0dabfea1025c670ad99726ae9939d123/CrossCommon.js:1)
02-03 20:04:07.839 10132 10132 I System.out: WebView Console: Warning: Component with name LiveVideoViewis not available. Returning a fallback View (https://static-assets-web.flixcart.com/batman-returns/batman-returns/p/0dabfea1025c670ad99726ae9939d123/CrossCommon.js:1)
02-03 20:04:07.886 10132 10132 I System.out: WebView Console: Sync registration failed for web push Heart beat: UnknownError: Background Sync is disabled. (https://www.flipkart.com/search?q=banana:1773)
02-03 20:04:07.971 10132 10132 I System.out: WebView Console: Page Load Time (sec): 11.25 (https://www.jiomart.com/search/banana:3941)
02-03 20:04:08.240 10132 10132 I System.out: WebView Console: Anti-detection script injected successfully (:175)
02-03 20:04:08.255 10132 10132 I System.out: WebView Console: ServiceWorker registration successful with scope:  https://www.flipkart.com/ (https://www.flipkart.com/search?q=banana&marketplace=GROCERY:1727)
02-03 20:04:08.255 10132 10132 I System.out: WebView Console: ServiceWorker is active and sending message :  https://www.flipkart.com/ (https://www.flipkart.com/search?q=banana&marketplace=GROCERY:1736)
02-03 20:04:08.282 10132 10132 I System.out: WebView Console: Anti-detection script injected successfully (:175)
02-03 20:04:08.333 10132 10132 I System.out: WebView Console: A preload for 'https://www.jiomart.com/assets/version1768913331/ds2msite/js/ds2/buybox_algolia_filters.min.js' is found, but is not used because the request credentials mode does not match. Consider taking a look at crossorigin attribute. (https://www.jiomart.com/search/banana?deliveryType=express:3970)
02-03 20:04:08.338 10132 10132 I System.out: WebView Console: A preload for 'https://www.jiomart.com/assets/version1768913331/ds2msite/js/autocomplete_vertex.min.js' is found, but is not used because the request credentials mode does not match. Consider taking a look at crossorigin attribute. (https://www.jiomart.com/search/banana?deliveryType=express:3970)
02-03 20:04:08.405 10132 10132 I System.out: WebView Console: Sync registration failed for web push Heart beat: UnknownError: Background Sync is disabled. (https://www.flipkart.com/search?q=banana&marketplace=GROCERY:1758)
02-03 20:04:08.509 10132 10132 I System.out: WebView Console: init jioads (https://www.jiomart.com/search/banana?deliveryType=express:2163)
02-03 20:04:08.509 10132 10132 I System.out: WebView Console: jioads set config (https://www.jiomart.com/search/banana?deliveryType=express:2431)
02-03 20:04:08.509 10132 10132 I System.out: WebView Console: %cWebsdk log%csetConfiguration called with options: [object Object] color: white; background-color: #095aac; padding:1px 3px; border-radius: 3px; margin-right: 7px  (https://jioadsweb.akamaized.net/jioads/retargeting/default/stable/v2/jioAds.js:2)
02-03 20:04:08.509 10132 10132 I System.out: WebView Console: %cWebsdk log%cuid fetched: 34947687-f752-49e6-bf90-36c33b01361e color: white; background-color: #095aac; padding:1px 3px; border-radius: 3px; margin-right: 7px  (https://jioadsweb.akamaized.net/jioads/retargeting/default/stable/v2/jioAds.js:2)
02-03 20:04:08.509 10132 10132 I System.out: WebView Console: %cWebsdk log%cPartner IDs fetched: null color: white; background-color: #095aac; padding:1px 3px; border-radius: 3px; margin-right: 7px  (https://jioadsweb.akamaized.net/jioads/retargeting/default/stable/v2/jioAds.js:2)
02-03 20:04:08.513 10132 10132 I System.out: WebView Console: %cWebsdk log%cResponse from FETCH color: white; background-color: #095aac; padding:1px 3px; border-radius: 3px; margin-right: 7px  (https://jioadsweb.akamaized.net/jioads/retargeting/default/stable/v2/jioAds.js:2)
02-03 20:04:08.718 10132 10132 I System.out: WebView Console: %cWebsdk log%cHTTP Call Status: 404 | State: 4 color: white; background-color: #095aac; padding:1px 3px; border-radius: 3px; margin-right: 7px  (https://jioadsweb.akamaized.net/jioads/retargeting/default/stable/v2/jioAds.js:2)
02-03 20:04:08.718 10132 10132 I System.out: WebView Console: %cWebsdk log%c[object Object] color: white; background-color: #095aac; padding:1px 3px; border-radius: 3px; margin-right: 7px  (https://jioadsweb.akamaized.net/jioads/retargeting/default/stable/v2/jioAds.js:2)
02-03 20:04:08.768 10132 10132 I System.out: WebView Console: Anti-detection script injected successfully (:175)
02-03 20:04:08.850 10132 10132 I System.out: WebView Console: del msg  (https://www.jiomart.com/assets/version1768913331/ds2msite/js/ds2/ds2_delivery.min.js:5)
02-03 20:04:08.886 10132 10132 I System.out: WebView Console: show_normal_payment_banner without_loggedIn 0 (https://www.jiomart.com/assets/version1768913331/ds2msite/js/cart.min.js:5)
02-03 20:04:09.267 10132 10132 I System.out: WebView Console: del msg  (https://www.jiomart.com/assets/version1768913331/ds2msite/js/ds2/ds2_delivery.min.js:5)
02-03 20:04:09.271 10132 10132 I System.out: WebView Console: app obj [object Object] (https://www.jiomart.com/assets/version1768913331/ds2msite/js/mapp.min.js:5)
02-03 20:04:09.342 10132 10132 I System.out: WebView Console: Page Load Time (sec): 6.59 (https://www.jiomart.com/search/banana?deliveryType=express:3941)
02-03 20:04:09.897 10132 10132 I System.out: WebView Console: localshops  [object Proxy] [object Proxy] (https://www.jiomart.com/assets/version1768913331/ds2msite/js/ds2/vertex_search_vue.min.js:5)
02-03 20:04:10.470 10132 10132 I System.out: WebView Console: selected product undefined (https://www.jiomart.com/assets/version1768913331/ds2msite/js/ds2/vertex_search_vue.min.js:5)
02-03 20:04:10.485 10132 10132 I System.out: WebView Console: selected product undefined (https://www.jiomart.com/assets/version1768913331/ds2msite/js/ds2/vertex_search_vue.min.js:5)
02-03 20:04:10.485 10132 10132 I System.out: WebView Console: selected product undefined (https://www.jiomart.com/assets/version1768913331/ds2msite/js/ds2/vertex_search_vue.min.js:5)
02-03 20:04:10.486 10132 10132 I System.out: WebView Console: selected product undefined (https://www.jiomart.com/assets/version1768913331/ds2msite/js/ds2/vertex_search_vue.min.js:5)
02-03 20:04:10.499 10132 10132 I System.out: WebView Console: selected product undefined (https://www.jiomart.com/assets/version1768913331/ds2msite/js/ds2/vertex_search_vue.min.js:5)
02-03 20:04:10.504 10132 10132 I System.out: WebView Console: selected product undefined (https://www.jiomart.com/assets/version1768913331/ds2msite/js/ds2/vertex_search_vue.min.js:5)
02-03 20:04:10.504 10132 10132 I System.out: WebView Console: selected product undefined (https://www.jiomart.com/assets/version1768913331/ds2msite/js/ds2/vertex_search_vue.min.js:5)
02-03 20:04:10.504 10132 10132 I System.out: WebView Console: selected product undefined (https://www.jiomart.com/assets/version1768913331/ds2msite/js/ds2/vertex_search_vue.min.js:5)
02-03 20:04:10.504 10132 10132 I System.out: WebView Console: selected product undefined (https://www.jiomart.com/assets/version1768913331/ds2msite/js/ds2/vertex_search_vue.min.js:5)
02-03 20:04:10.504 10132 10132 I System.out: WebView Console: selected product undefined (https://www.jiomart.com/assets/version1768913331/ds2msite/js/ds2/vertex_search_vue.min.js:5)
02-03 20:04:10.517 10132 10132 I System.out: WebView Console: selected product undefined (https://www.jiomart.com/assets/version1768913331/ds2msite/js/ds2/vertex_search_vue.min.js:5)
02-03 20:04:10.521 10132 10132 I System.out: WebView Console: selected product undefined (https://www.jiomart.com/assets/version1768913331/ds2msite/js/ds2/vertex_search_vue.min.js:5)
02-03 20:04:10.533 10132 10132 I System.out: WebView Console: selected product undefined (https://www.jiomart.com/assets/version1768913331/ds2msite/js/ds2/vertex_search_vue.min.js:5)
02-03 20:04:10.534 10132 10132 I System.out: WebView Console: selected product undefined (https://www.jiomart.com/assets/version1768913331/ds2msite/js/ds2/vertex_search_vue.min.js:5)
02-03 20:04:10.536 10132 10132 I System.out: WebView Console: selected product undefined (https://www.jiomart.com/assets/version1768913331/ds2msite/js/ds2/vertex_search_vue.min.js:5)
02-03 20:04:10.542 10132 10132 I System.out: WebView Console: selected product undefined (https://www.jiomart.com/assets/version1768913331/ds2msite/js/ds2/vertex_search_vue.min.js:5)
02-03 20:04:10.543 10132 10132 I System.out: WebView Console: selected product undefined (https://www.jiomart.com/assets/version1768913331/ds2msite/js/ds2/vertex_search_vue.min.js:5)
02-03 20:04:10.549 10132 10132 I System.out: WebView Console: selected product undefined (https://www.jiomart.com/assets/version1768913331/ds2msite/js/ds2/vertex_search_vue.min.js:5)
02-03 20:04:10.554 10132 10132 I System.out: WebView Console: selected product undefined (https://www.jiomart.com/assets/version1768913331/ds2msite/js/ds2/vertex_search_vue.min.js:5)
02-03 20:04:10.555 10132 10132 I System.out: WebView Console: selected product undefined (https://www.jiomart.com/assets/version1768913331/ds2msite/js/ds2/vertex_search_vue.min.js:5)
02-03 20:04:10.556 10132 10132 I System.out: WebView Console: selected product undefined (https://www.jiomart.com/assets/version1768913331/ds2msite/js/ds2/vertex_search_vue.min.js:5)
02-03 20:04:10.557 10132 10132 I System.out: WebView Console: selected product undefined (https://www.jiomart.com/assets/version1768913331/ds2msite/js/ds2/vertex_search_vue.min.js:5)
02-03 20:04:10.558 10132 10132 I System.out: WebView Console: selected product undefined (https://www.jiomart.com/assets/version1768913331/ds2msite/js/ds2/vertex_search_vue.min.js:5)
02-03 20:04:10.569 10132 10132 I System.out: WebView Console: selected product undefined (https://www.jiomart.com/assets/version1768913331/ds2msite/js/ds2/vertex_search_vue.min.js:5)
02-03 20:04:10.573 10132 10132 I System.out: WebView Console: selected product undefined (https://www.jiomart.com/assets/version1768913331/ds2msite/js/ds2/vertex_search_vue.min.js:5)
02-03 20:04:10.580 10132 10132 I System.out: WebView Console: selected product undefined (https://www.jiomart.com/assets/version1768913331/ds2msite/js/ds2/vertex_search_vue.min.js:5)
02-03 20:04:10.583 10132 10132 I System.out: WebView Console: selected product undefined (https://www.jiomart.com/assets/version1768913331/ds2msite/js/ds2/vertex_search_vue.min.js:5)
02-03 20:04:10.584 10132 10132 I System.out: WebView Console: selected product undefined (https://www.jiomart.com/assets/version1768913331/ds2msite/js/ds2/vertex_search_vue.min.js:5)
02-03 20:04:10.587 10132 10132 I System.out: WebView Console: selected product undefined (https://www.jiomart.com/assets/version1768913331/ds2msite/js/ds2/vertex_search_vue.min.js:5)
02-03 20:04:10.588 10132 10132 I System.out: WebView Console: selected product undefined (https://www.jiomart.com/assets/version1768913331/ds2msite/js/ds2/vertex_search_vue.min.js:5)
02-03 20:04:10.588 10132 10132 I System.out: WebView Console: selected product undefined (https://www.jiomart.com/assets/version1768913331/ds2msite/js/ds2/vertex_search_vue.min.js:5)
02-03 20:04:10.592 10132 10132 I System.out: WebView Console: selected product undefined (https://www.jiomart.com/assets/version1768913331/ds2msite/js/ds2/vertex_search_vue.min.js:5)
02-03 20:04:10.605 10132 10132 I System.out: WebView Console: selected product undefined (https://www.jiomart.com/assets/version1768913331/ds2msite/js/ds2/vertex_search_vue.min.js:5)
02-03 20:04:10.605 10132 10132 I System.out: WebView Console: selected product undefined (https://www.jiomart.com/assets/version1768913331/ds2msite/js/ds2/vertex_search_vue.min.js:5)
02-03 20:04:10.605 10132 10132 I System.out: WebView Console: selected product undefined (https://www.jiomart.com/assets/version1768913331/ds2msite/js/ds2/vertex_search_vue.min.js:5)
02-03 20:04:10.605 10132 10132 I System.out: WebView Console: selected product undefined (https://www.jiomart.com/assets/version1768913331/ds2msite/js/ds2/vertex_search_vue.min.js:5)
02-03 20:04:10.606 10132 10132 I System.out: WebView Console: selected product undefined (https://www.jiomart.com/assets/version1768913331/ds2msite/js/ds2/vertex_search_vue.min.js:5)
02-03 20:04:10.607 10132 10132 I System.out: WebView Console: selected product undefined (https://www.jiomart.com/assets/version1768913331/ds2msite/js/ds2/vertex_search_vue.min.js:5)
02-03 20:04:10.608 10132 10132 I System.out: WebView Console: selected product undefined (https://www.jiomart.com/assets/version1768913331/ds2msite/js/ds2/vertex_search_vue.min.js:5)
02-03 20:04:10.609 10132 10132 I System.out: WebView Console: selected product undefined (https://www.jiomart.com/assets/version1768913331/ds2msite/js/ds2/vertex_search_vue.min.js:5)
02-03 20:04:10.619 10132 10132 I System.out: WebView Console: selected product undefined (https://www.jiomart.com/assets/version1768913331/ds2msite/js/ds2/vertex_search_vue.min.js:5)
02-03 20:04:10.619 10132 10132 I System.out: WebView Console: selected product undefined (https://www.jiomart.com/assets/version1768913331/ds2msite/js/ds2/vertex_search_vue.min.js:5)
02-03 20:04:10.620 10132 10132 I System.out: WebView Console: selected product undefined (https://www.jiomart.com/assets/version1768913331/ds2msite/js/ds2/vertex_search_vue.min.js:5)
02-03 20:04:10.621 10132 10132 I System.out: WebView Console: selected product undefined (https://www.jiomart.com/assets/version1768913331/ds2msite/js/ds2/vertex_search_vue.min.js:5)
02-03 20:04:10.622 10132 10132 I System.out: WebView Console: selected product undefined (https://www.jiomart.com/assets/version1768913331/ds2msite/js/ds2/vertex_search_vue.min.js:5)
02-03 20:04:10.622 10132 10132 I System.out: WebView Console: selected product undefined (https://www.jiomart.com/assets/version1768913331/ds2msite/js/ds2/vertex_search_vue.min.js:5)
