--------- beginning of main
02-03 19:48:15.814  8000  8000 I System.out: PlatformHealth: Loaded health data for 0 platforms
02-03 19:48:29.523  8000  8000 I System.out: ğŸ“ HYBRID SEARCH: Starting for 'milk full cream'
02-03 19:48:29.676  8000  8000 I System.out: ğŸ’¾ CACHE: Found cached results for 0 platforms (0 products)
02-03 19:48:29.679  8000  8000 I System.out: === STARTING RAW SCRAPE: milk full cream (pincode: 560001) ===
02-03 19:48:29.679  8000  8000 I System.out: === NO LOCAL FILTERING - All intelligence handled by backend AI ===
02-03 19:48:29.681  8000  8981 I System.out: === Launching all scrapers ===
02-03 19:48:29.681  8000  8982 I System.out: Amazon: Starting (HTTP)
02-03 19:48:29.681  8000  8983 I System.out: Amazon Fresh: Starting (HTTP)
02-03 19:48:29.682  8000  8983 I System.out: Blinkit: Starting (WebView)
02-03 19:48:29.683  8000  8982 I System.out: Zepto: Starting (WebView)
02-03 19:48:29.683  8000  8987 I System.out: Instamart: Starting (WebView)
02-03 19:48:29.683  8000  8986 I System.out: Flipkart Minutes: Starting (WebView)
02-03 19:48:29.684  8000  8989 I System.out: Amazon Fresh: Searching for 'milk full cream'...
02-03 19:48:29.684  8000  8987 I System.out: Instamart: Searching for 'milk full cream'...
02-03 19:48:29.685  8000  8983 I System.out: Amazon: Searching for 'milk full cream'...
02-03 19:48:29.685  8000  8993 I System.out: Zepto: Searching for 'milk full cream'...
02-03 19:48:29.686  8000  8988 I System.out: Flipkart Minutes: Searching for 'milk full cream'...
02-03 19:48:29.686  8000  8989 I System.out: Amazon Fresh: Fetching https://www.amazon.in/s?k=milk+full+cream&i=nowstore (pincode: 560001)
02-03 19:48:29.687  8000  8993 I System.out: DirectApiScraper: Zepto: Starting API scrape for 'milk full cream'
02-03 19:48:29.687  8000  8982 I System.out: Blinkit: Searching for 'milk full cream'...
02-03 19:48:29.688  8000  8982 I System.out: WebView: Location set to pincode=560001, lat=12.9352, lon=77.6245
02-03 19:48:29.688  8000  8983 I System.out: Amazon: Fetching https://www.amazon.in/s?k=milk+full+cream (pincode: 560001)
02-03 19:48:29.690  8000  8988 I System.out: Flipkart Minutes: HTTP request to https://m.flipkart.com/search?q=milk+full+cream&marketplace=GROCERY
02-03 19:48:29.690  8000  8987 I System.out: DirectApiScraper: Instamart: Starting API scrape for 'milk full cream'
02-03 19:48:29.699  8000  8993 I System.out: DirectApiScraper: Zepto: API error: Unable to resolve host "api.zeptonow.com": No address associated with hostname
02-03 19:48:30.104  8000  8987 I System.out: DirectApiScraper: Instamart: storeId fetch HTTP 404
02-03 19:48:30.190  8000  8987 I System.out: DirectApiScraper: Instamart: HTTP 404
02-03 19:48:30.190  8000  8987 I System.out: Instamart: Direct API failed (HTTP 404)
02-03 19:48:30.191  8000  8987 I System.out: WebView: Location set to pincode=560001, lat=12.9716, lon=77.5946
02-03 19:48:30.335  8000  8993 I System.out: DirectApiScraper: Zepto: HTTP 404
02-03 19:48:30.335  8000  8993 I System.out: Zepto: Direct API failed (HTTP 404)
02-03 19:48:30.336  8000  8993 I System.out: Zepto: Loading https://www.zeptonow.com/search?query=milk+full+cream
02-03 19:48:30.336  8000  8993 I System.out: WebView: Location set to pincode=560001, lat=12.9352, lon=77.6245
02-03 19:48:30.526  8000  8988 I System.out: Flipkart Minutes: Got 496568 chars via HTTP
02-03 19:48:30.595  8000  8987 I System.out: Instamart: Trying __NEXT_DATA__ extraction...
02-03 19:48:30.595  8000  8987 I System.out: Instamart: Trying Cloudinary image extraction...
02-03 19:48:30.598  8000  8000 I System.out: WebView: Created with User-Agent: Mozilla/5.0 (Linux; Android 14; SM-S918B) AppleWebKit/537.36 (KHTML, like Gecko) Chrome/121.0.6167.143 Mobile Safari/537.36
02-03 19:48:30.607  8000  8982 I System.out: Blinkit: Starting Blinkit-specific extraction...
02-03 19:48:30.620  8000  8982 I System.out: Blinkit: Found 0 product images
02-03 19:48:30.629  8000  8000 I System.out: WebView: Set location cookies for www.zeptonow.com with pincode=560001
02-03 19:48:30.637  8000  8982 I System.out: Blinkit: Found 0 data-* elements
02-03 19:48:30.640  8000  8987 I System.out: Instamart: Found 0 Cloudinary/Swiggy images
02-03 19:48:30.640  8000  8987 I System.out: Instamart: Trying general image extraction...
02-03 19:48:30.648  8000  8982 I System.out: Blinkit: Found 0 product links
02-03 19:48:30.648  8000  8982 I System.out: Blinkit: Blinkit extraction found 0 products
02-03 19:48:30.676  8000  8987 I System.out: Instamart: Found 1 images with alt
02-03 19:48:30.676  8000  8987 I System.out: Instamart: Trying data-* extraction...
02-03 19:48:30.729  8000  8988 I System.out: Flipkart Minutes: No product cards found
02-03 19:48:30.729  8000  8988 I System.out: Flipkart Minutes: HTTP request to https://m.flipkart.com/grocery-supermart-store?q=milk+full+cream
02-03 19:48:30.750  8000  8987 I System.out: Instamart: Found 4 data-* elements
02-03 19:48:30.763  8000  8987 I System.out: Instamart: Trying generic resilient extraction...
02-03 19:48:30.913  8000  8987 I System.out: Instamart: Total extraction found 0 products
02-03 19:48:31.006  8000  8988 I System.out: Flipkart Minutes: Got 523384 chars via HTTP
02-03 19:48:31.058  8000  8988 I System.out: Flipkart Minutes: Using WebView (SPA site)...
02-03 19:48:31.058  8000  8988 I System.out: WebView: Location set to pincode=560001, lat=12.9352, lon=77.6245
02-03 19:48:31.058  8000  8988 I System.out: Flipkart Minutes: Trying URL 1/1: https://m.flipkart.com/search?q=milk+full+cream&marketplace=GROCERY
02-03 19:48:31.091  8000  8000 I System.out: WebView: Created with User-Agent: Mozilla/5.0 (Linux; Android 13; OnePlus 11) AppleWebKit/537.36 (KHTML, like Gecko) Chrome/120.0.6099.144 Mobile Safari/537.36
02-03 19:48:31.101  8000  8982 I System.out: Blinkit: Attempt 1/3 with 9s timeout
02-03 19:48:31.115  8000  8000 I System.out: WebView: Set location cookies for m.flipkart.com with pincode=560001
02-03 19:48:31.152  8000  8000 I System.out: WebView Console: Error with Permissions-Policy header: Unrecognized feature: 'browsing-topics'. (:0)
02-03 19:48:31.152  8000  8000 I System.out: WebView Console: Error with Permissions-Policy header: Unrecognized feature: 'web-share'. (:0)
02-03 19:48:31.171  8000  8000 I System.out: WebView: Created with User-Agent: Mozilla/5.0 (Linux; Android 14; SM-S918B) AppleWebKit/537.36 (KHTML, like Gecko) Chrome/121.0.6167.143 Mobile Safari/537.36
02-03 19:48:31.185  8000  8987 I System.out: Instamart: Trying __NEXT_DATA__ extraction...
02-03 19:48:31.185  8000  8987 I System.out: Instamart: Trying Cloudinary image extraction...
02-03 19:48:31.193  8000  8987 I System.out: Instamart: Found 0 Cloudinary/Swiggy images
02-03 19:48:31.193  8000  8987 I System.out: Instamart: Trying general image extraction...
02-03 19:48:31.194  8000  8000 I System.out: WebView: Set location cookies for blinkit.com with pincode=560001
02-03 19:48:31.201  8000  8987 I System.out: Instamart: Found 1 images with alt
02-03 19:48:31.201  8000  8987 I System.out: Instamart: Trying data-* extraction...
02-03 19:48:31.209  8000  8987 I System.out: Instamart: Found 4 data-* elements
02-03 19:48:31.211  8000  8987 I System.out: Instamart: Trying generic resilient extraction...
02-03 19:48:31.223  8000  8000 I System.out: WebView: Anti-detection script injected on page start
02-03 19:48:31.240  8000  8987 I System.out: Instamart: Total extraction found 0 products
02-03 19:48:31.240  8000  8987 I System.out: Instamart: Attempt 1/3 with 9s timeout
02-03 19:48:31.241  8000  8000 I System.out: WebView Console: Anti-detection script injected successfully (:175)
02-03 19:48:31.263  8000  8000 I System.out: WebView: Created with User-Agent: Mozilla/5.0 (Linux; Android 14; SM-S918B) AppleWebKit/537.36 (KHTML, like Gecko) Chrome/121.0.6167.143 Mobile Safari/537.36
02-03 19:48:31.282  8000  8000 I System.out: WebView: Set comprehensive Swiggy cookies for pincode=560001
02-03 19:48:31.284  8000  8000 I System.out: WebView: Set location cookies for www.swiggy.com with pincode=560001
02-03 19:48:31.310  8000  8989 I System.out: Amazon Fresh: Received HTML (735767 bytes)
02-03 19:48:31.590  8000  8000 I System.out: WebView: Anti-detection script injected on page start
02-03 19:48:31.631  8000  8989 I System.out: Amazon Fresh: Found 14 product cards
02-03 19:48:31.640  8000  8989 I System.out: Amazon Fresh: Using ASIN: B0784M5P9B
02-03 19:48:31.640  8000  8989 I System.out: Amazon Fresh: Product URL for 'Mother Dairy Uht Milk Carton, ' = https://www.amazon.in/dp/B0784M5P9B?pincode=560001&i=nowstore
02-03 19:48:31.641  8000  8989 I System.out: Amazon Fresh: âœ“ Added Mother Dairy Uht Milk Carton,  at â‚¹75.0 -> https://www.amazon.in/dp/B0784M5P9B?pincode=560001&i=nowstore
02-03 19:48:31.651  8000  8989 I System.out: Amazon Fresh: Using ASIN: B07MBZF196
02-03 19:48:31.651  8000  8989 I System.out: Amazon Fresh: Product URL for 'Heritage Special UHT Milk, 450' = https://www.amazon.in/dp/B07MBZF196?pincode=560001&i=nowstore
02-03 19:48:31.652  8000  8989 I System.out: Amazon Fresh: âœ“ Added Heritage Special UHT Milk, 450 at â‚¹31.0 -> https://www.amazon.in/dp/B07MBZF196?pincode=560001&i=nowstore
02-03 19:48:31.661  8000  8989 I System.out: Amazon Fresh: Using ASIN: B08C88189G
02-03 19:48:31.661  8000  8989 I System.out: Amazon Fresh: Product URL for 'Milky Mist Double Toned Milk U' = https://www.amazon.in/dp/B08C88189G?pincode=560001&i=nowstore
02-03 19:48:31.662  8000  8989 I System.out: Amazon Fresh: âœ“ Added Milky Mist Double Toned Milk U at â‚¹35.0 -> https://www.amazon.in/dp/B08C88189G?pincode=560001&i=nowstore
02-03 19:48:31.669  8000  8989 I System.out: Amazon Fresh: Using ASIN: B0129KE4WS
02-03 19:48:31.669  8000  8989 I System.out: Amazon Fresh: Product URL for 'Nandini Good Life Toned Milk, ' = https://www.amazon.in/dp/B0129KE4WS?pincode=560001&i=nowstore
02-03 19:48:31.669  8000  8989 I System.out: Amazon Fresh: âœ“ Added Nandini Good Life Toned Milk,  at â‚¹68.0 -> https://www.amazon.in/dp/B0129KE4WS?pincode=560001&i=nowstore
02-03 19:48:31.673  8000  8989 I System.out: Amazon Fresh: Using ASIN: B00ZCKDXKC
02-03 19:48:31.673  8000  8989 I System.out: Amazon Fresh: Product URL for 'Nandini Goodlife Toned Milk, 5' = https://www.amazon.in/dp/B00ZCKDXKC?pincode=560001&i=nowstore
02-03 19:48:31.675  8000  8989 I System.out: Amazon Fresh: âœ“ Added Nandini Goodlife Toned Milk, 5 at â‚¹35.0 -> https://www.amazon.in/dp/B00ZCKDXKC?pincode=560001&i=nowstore
02-03 19:48:31.677  8000  8000 I System.out: WebView Console: Anti-detection script injected successfully (:175)
02-03 19:48:31.685  8000  8989 I System.out: Amazon Fresh: Using ASIN: B08C86Z92K
02-03 19:48:31.685  8000  8989 I System.out: Amazon Fresh: Product URL for 'Milky Mist UHT Milk Cream Pouc' = https://www.amazon.in/dp/B08C86Z92K?pincode=560001&i=nowstore
02-03 19:48:31.686  8000  8989 I System.out: Amazon Fresh: âœ“ Added Milky Mist UHT Milk Cream Pouc at â‚¹320.0 -> https://www.amazon.in/dp/B08C86Z92K?pincode=560001&i=nowstore
02-03 19:48:31.691  8000  8989 I System.out: Amazon Fresh: Using ASIN: B0177F3YIK
02-03 19:48:31.691  8000  8989 I System.out: Amazon Fresh: Product URL for 'Nandini Good Life Uht Milk, 50' = https://www.amazon.in/dp/B0177F3YIK?pincode=560001&i=nowstore
02-03 19:48:31.692  8000  8989 I System.out: Amazon Fresh: âœ“ Added Nandini Good Life Uht Milk, 50 at â‚¹31.0 -> https://www.amazon.in/dp/B0177F3YIK?pincode=560001&i=nowstore
02-03 19:48:31.698  8000  8000 I System.out: WebView: Anti-detection script injected on page start
02-03 19:48:31.705  8000  8989 I System.out: Amazon Fresh: Using ASIN: B015QZI2LC
02-03 19:48:31.705  8000  8989 I System.out: Amazon Fresh: Product URL for 'Dabur Hommade Coconut Milk- Go' = https://www.amazon.in/dp/B015QZI2LC?pincode=560001&i=nowstore
02-03 19:48:31.706  8000  8989 I System.out: Amazon Fresh: âœ“ Added Dabur Hommade Coconut Milk- Go at â‚¹75.0 -> https://www.amazon.in/dp/B015QZI2LC?pincode=560001&i=nowstore
02-03 19:48:31.715  8000  8989 I System.out: Amazon Fresh: Using ASIN: B00O8X9B3W
02-03 19:48:31.715  8000  8989 I System.out: Amazon Fresh: Product URL for 'Milkmaid Nestle Partly Skimmed' = https://www.amazon.in/dp/B00O8X9B3W?pincode=560001&i=nowstore
02-03 19:48:31.716  8000  8989 I System.out: Amazon Fresh: âœ“ Added Milkmaid Nestle Partly Skimmed at â‚¹127.0 -> https://www.amazon.in/dp/B00O8X9B3W?pincode=560001&i=nowstore
02-03 19:48:31.720  8000  8989 I System.out: Amazon Fresh: Using ASIN: B0D7CTQ9BW
02-03 19:48:31.720  8000  8989 I System.out: Amazon Fresh: Product URL for 'Heritage LITE FIT UHT MILK 1LT' = https://www.amazon.in/dp/B0D7CTQ9BW?pincode=560001&i=nowstore
02-03 19:48:31.720  8000  8989 I System.out: Amazon Fresh: âœ“ Added Heritage LITE FIT UHT MILK 1LT at â‚¹72.0 -> https://www.amazon.in/dp/B0D7CTQ9BW?pincode=560001&i=nowstore
02-03 19:48:31.726  8000  8989 I System.out: Amazon Fresh: Using ASIN: B07BFNG2XM
02-03 19:48:31.726  8000  8989 I System.out: Amazon Fresh: Product URL for 'Thums Up Soft Drink Pet Bottle' = https://www.amazon.in/dp/B07BFNG2XM?pincode=560001&i=nowstore
02-03 19:48:31.726  8000  8989 I System.out: Amazon Fresh: âœ“ Added Thums Up Soft Drink Pet Bottle at â‚¹36.0 -> https://www.amazon.in/dp/B07BFNG2XM?pincode=560001&i=nowstore
02-03 19:48:31.732  8000  8989 I System.out: Amazon Fresh: Using ASIN: B08VFYZ2HJ
02-03 19:48:31.733  8000  8989 I System.out: Amazon Fresh: Product URL for 'HERSHEY'S Vanilla Ice Cream Fl' = https://www.amazon.in/dp/B08VFYZ2HJ?pincode=560001&i=nowstore
02-03 19:48:31.733  8000  8989 I System.out: Amazon Fresh: âœ“ Added HERSHEY'S Vanilla Ice Cream Fl at â‚¹34.0 -> https://www.amazon.in/dp/B08VFYZ2HJ?pincode=560001&i=nowstore
02-03 19:48:31.739  8000  8989 I System.out: Amazon Fresh: Using ASIN: B00TIK8WO4
02-03 19:48:31.739  8000  8989 I System.out: Amazon Fresh: Product URL for 'A+ Toned Milk, 1L, Tetra Pack.' = https://www.amazon.in/dp/B00TIK8WO4?pincode=560001&i=nowstore
02-03 19:48:31.739  8000  8989 I System.out: Amazon Fresh: âœ“ Added A+ Toned Milk, 1L, Tetra Pack. at â‚¹108.0 -> https://www.amazon.in/dp/B00TIK8WO4?pincode=560001&i=nowstore
02-03 19:48:31.744  8000  8989 I System.out: Amazon Fresh: Using ASIN: B01FQXADJI
02-03 19:48:31.744  8000  8989 I System.out: Amazon Fresh: Product URL for 'A+ Slim Skimmed Milk, 1L, Tetr' = https://www.amazon.in/dp/B01FQXADJI?pincode=560001&i=nowstore
02-03 19:48:31.745  8000  8989 I System.out: Amazon Fresh: âœ“ Added A+ Slim Skimmed Milk, 1L, Tetr at â‚¹97.0 -> https://www.amazon.in/dp/B01FQXADJI?pincode=560001&i=nowstore
02-03 19:48:31.745  8000  8989 I System.out: Amazon Fresh: âœ“ Found 14 products
02-03 19:48:31.745  8000  8989 I System.out: Amazon Fresh: Returning 5 products: [Mother Dairy Uht Mil, Heritage Special UHT, Milky Mist Double To, Nandini Good Life To, Nandini Goodlife Ton]
02-03 19:48:31.745  8000  8989 I System.out: Amazon Fresh: [RAW] Got 5 products
02-03 19:48:31.764  8000  8989 I System.out: Amazon Fresh: âœ“ 5 products (raw, unfiltered)
02-03 19:48:31.765  8000  8989 I System.out: Amazon Fresh: Completed (1/10)
02-03 19:48:31.780  8000  8983 I System.out: Amazon: Found 20 product cards
02-03 19:48:31.784  8000  8983 I System.out: Amazon: Using ASIN: B0FK2QSY4D
02-03 19:48:31.785  8000  8983 I System.out: Amazon: âœ“ Added Carnation Evaporated Milk â€“ Ri at â‚¹294.0 -> https://www.amazon.in/dp/B0FK2QSY4D?pincode=560001
02-03 19:48:31.787  8000  8000 I System.out: WebView Console: Anti-detection script injected successfully (:175)
02-03 19:48:31.788  8000  8983 I System.out: Amazon: Using ASIN: B0GG6Z52BN
02-03 19:48:31.789  8000  8983 I System.out: Amazon: âœ“ Added Ahuja Mart Milk Powder, EveryD at â‚¹849.0 -> https://www.amazon.in/dp/B0GG6Z52BN?pincode=560001
02-03 19:48:31.792  8000  8983 I System.out: Amazon: Using ASIN: B01IBTD4HC
02-03 19:48:31.793  8000  8983 I System.out: Amazon: âœ“ Added Amul Full Fat Milk-Gold, 500ml at â‚¹33.0 -> https://www.amazon.in/dp/B01IBTD4HC?pincode=560001
02-03 19:48:31.796  8000  8983 I System.out: Amazon: Using ASIN: B0CR3TZV3P
02-03 19:48:31.797  8000  8983 I System.out: Amazon: âœ“ Added Arokya Full cream milk 500 ml at â‚¹40.0 -> https://www.amazon.in/dp/B0CR3TZV3P?pincode=560001
02-03 19:48:31.801  8000  8983 I System.out: Amazon: Using ASIN: B0FMPFH7MT
02-03 19:48:31.802  8000  8983 I System.out: Amazon: âœ“ Added Rainbow Condensed Milk Origina at â‚¹999.0 -> https://www.amazon.in/dp/B0FMPFH7MT?pincode=560001
02-03 19:48:31.806  8000  8983 I System.out: Amazon: Using ASIN: B0F3JR3BP2
02-03 19:48:31.806  8000  8983 I System.out: Amazon: âœ“ Added Rainbow Milk Original, Pack of at â‚¹799.0 -> https://www.amazon.in/dp/B0F3JR3BP2?pincode=560001
02-03 19:48:31.809  8000  8000 I System.out: WebView: Anti-detection script injected on page start
02-03 19:48:31.809  8000  8983 I System.out: Amazon: Using ASIN: B07HDCY3PG
02-03 19:48:31.810  8000  8983 I System.out: Amazon: âœ“ Added Heritage Full Cream Milk, 500m at â‚¹35.0 -> https://www.amazon.in/dp/B07HDCY3PG?pincode=560001
02-03 19:48:31.813  8000  8983 I System.out: Amazon: Using ASIN: B0DQXPM7L7
02-03 19:48:31.814  8000  8983 I System.out: Amazon: âœ“ Added Nandini Shubham Pasteurized Fr at â‚¹27.0 -> https://www.amazon.in/dp/B0DQXPM7L7?pincode=560001
02-03 19:48:31.818  8000  8983 I System.out: Amazon: Using ASIN: B0FF1VZVZK
02-03 19:48:31.818  8000  8983 I System.out: Amazon: âœ“ Added XLR8 More than Milk Ultra-Filt at â‚¹460.0 -> https://www.amazon.in/dp/B0FF1VZVZK?pincode=560001
02-03 19:48:31.822  8000  8983 I System.out: Amazon: Using ASIN: B09G3KK5CM
02-03 19:48:31.823  8000  8983 I System.out: Amazon: âœ“ Added GAVYRATAN A2 Cow Skimmed Milk  at â‚¹559.0 -> https://www.amazon.in/dp/B09G3KK5CM?pincode=560001
02-03 19:48:31.823  8000  8983 I System.out: Amazon: âœ“ Found 10 products
02-03 19:48:31.823  8000  8983 I System.out: Amazon: [RAW] Got 5 products
02-03 19:48:31.827  8000  8983 I System.out: Amazon: âœ“ 5 products (raw, unfiltered)
02-03 19:48:31.828  8000  8983 I System.out: Amazon: Completed (2/10)
02-03 19:48:31.837  8000  8000 I System.out: [STREAM] Amazon: 5 products at 2157ms
02-03 19:48:31.837  8000  8000 I System.out: ğŸ” Per-platform AI: Amazon - queued (5 products, timeout=4000ms, reason=fresh)
02-03 19:48:31.838  8000  8000 I System.out: ğŸ” Per-platform AI: Amazon - started
02-03 19:48:31.840  8000  8000 I System.out: ğŸ” Best Deal Search: 'milk full cream' â†’ Primary keyword: 'milk'
02-03 19:48:31.846  8000  8000 I System.out: ğŸ“Š Relevance: HIGH=3, MEDIUM=1, LOW=1
02-03 19:48:31.847  8000  8000 I System.out:   âœ… HIGH [40]: Amul Full Fat Milk-Gold, 500ml Pack = â‚¹33.0
02-03 19:48:31.847  8000  8000 I System.out:   âœ… HIGH [40]: Arokya Full cream milk 500 ml = â‚¹40.0
02-03 19:48:31.847  8000  8000 I System.out:   âœ… HIGH [50]: Carnation Evaporated Milk â€“ Rich & Cream = â‚¹294.0
02-03 19:48:31.847  8000  8000 I System.out:   âš ï¸ MED [10]: Rainbow Condensed Milk Original | Rich & = â‚¹999.0
02-03 19:48:31.847  8000  8000 I System.out:   âŒ LOW [-10]: Ahuja Mart Milk Powder, EveryDay Dairy W = â‚¹849.0
02-03 19:48:31.848  8000  8000 I System.out: SearchIntelligence: âœ“ Carnation Evaporated Milk â€“ Ri â†’ â‚¹1470.0/L
02-03 19:48:31.849  8000  8000 I System.out:   ğŸ“ Per-unit comparison: 1 products have calculable unit price
02-03 19:48:31.849  8000  8000 I System.out:     ğŸ’° Carnation Evaporated Milk â€“ Rich &  = â‚¹294.0 (â‚¹1470/L)
02-03 19:48:31.849  8000  8000 I System.out:   ğŸ’µ Raw cheapest: Amul Full Fat Milk-Gold, 500ml Pack (per-unit best too expensive)
02-03 19:48:31.849  8000  8000 I System.out: ğŸ† Best Deal: Amul Full Fat Milk-Gold, 500ml Pack = â‚¹33.0
02-03 19:48:31.849  8000  8000 I System.out: ğŸ“Š Scraping: 1/10 platforms, Total: 5
02-03 19:48:32.094  8000  8000 I System.out: WebView Console: Anti-detection script injected successfully (:175)
02-03 19:48:32.094  8000  8000 I System.out: WebView Console: Anti-detection script injected successfully (:175)
02-03 19:48:32.094  8000  8000 I System.out: WebView Console: Anti-detection script injected successfully (:175)
02-03 19:48:32.956  8000  8000 I System.out: WebView Console: Warning: Component with name Placeholderis not available. Returning a fallback View (https://static-assets-web.flixcart.com/batman-returns/batman-returns/p/0dabfea1025c670ad99726ae9939d123/CrossCommon.js:1)
02-03 19:48:33.004  8000  8000 I System.out: WebView Console: Warning: Component with name RNShimmeringViewis not available. Returning a fallback View (https://static-assets-web.flixcart.com/batman-returns/batman-returns/p/0dabfea1025c670ad99726ae9939d123/CrossCommon.js:1)
02-03 19:48:33.021  8000  8000 I System.out: WebView Console: Warning: Component with name GifViewis not available. Returning a fallback View (https://static-assets-web.flixcart.com/batman-returns/batman-returns/p/0dabfea1025c670ad99726ae9939d123/CrossCommon.js:1)
02-03 19:48:33.022  8000  8000 I System.out: WebView Console: Warning: Component with name LiveVideoViewis not available. Returning a fallback View (https://static-assets-web.flixcart.com/batman-returns/batman-returns/p/0dabfea1025c670ad99726ae9939d123/CrossCommon.js:1)
02-03 19:48:33.787  8000  8000 I System.out: WebView Console: Anti-detection script injected successfully (:175)
02-03 19:48:33.788  8000  8000 I System.out: WebView Console: ServiceWorker registration successful with scope:  https://www.flipkart.com/ (https://www.flipkart.com/search?q=milk+full+cream&marketplace=GROCERY:1724)
02-03 19:48:33.788  8000  8000 I System.out: WebView Console: ServiceWorker is active and sending message :  https://www.flipkart.com/ (https://www.flipkart.com/search?q=milk+full+cream&marketplace=GROCERY:1733)
02-03 19:48:33.802  8000  8000 I System.out: WebView Console: hide header timeout (https://instamart-media-assets.swiggy.com/swiggy/raw/upload/dash-front-assets/js/app.es6.cd83c1c300ead98d.js:88)
02-03 19:48:34.338  8000  8000 I System.out: WebView Console: Sync registration failed for web push Heart beat: UnknownError: Background Sync is disabled. (https://www.flipkart.com/search?q=milk+full+cream&marketplace=GROCERY:1755)
02-03 19:48:34.670  8000  8000 I System.out: WebView Console: Unrecognized feature: 'browsing-topics'. (https://connect.facebook.net/signals/config/1149898238733621?v=2.9.256&r=stable&domain=www.swiggy.com&hme=18f1088ef3e8892a74f943ddaee05e3bbd28c980d3b65c4c57d9fe86969d4bce&ex_m=95%2C158%2C135%2C20%2C67%2C68%2C128%2C63%2C42%2C129%2C72%2C62%2C10%2C142%2C81%2C15%2C94%2C123%2C116%2C70%2C73%2C122%2C139%2C103%2C144%2C7%2C3%2C4%2C6%2C5%2C2%2C82%2C92%2C145%2C226%2C170%2C56%2C228%2C229%2C49%2C185%2C27%2C69%2C234%2C233%2C173%2C29%2C55%2C9%2C58%2C88%2C89%2C90%2C96%2C119%2C28%2C26%2C121%2C118%2C117%2C136%2C71%2C138%2C137%2C44%2C54%2C112%2C14%2C141%2C39%2C215%2C217%2C180%2C23%2C24%2C25%2C17%2C18%2C38%2C34%2C36%2C35%2C77%2C83%2C87%2C101%2C127%2C130%2C40%2C102%2C21%2C19%2C108%2C64%2C32%2C132%2C131%2C133%2C124%2C22%2C31%2C53%2C100%2C140%2C65%2C16%2C134%2C105%2C76%2C61%2C30%2C195%2C165%2C285%2C213%2C156%2C198%2C191%2C166%2C98%2C120%2C75%2C110%2C48%2C41%2C43%2C104%2C109%2C115%2C52%2C59%2C114%2C47%2C50%2C46%2C91%2C143%2C0%2C113%2C13%2C111%2C11%2C1%2C51%2C84%2C57%2C60%2C107%2C80%2C79%2C146%2C147%2C85%2C86%2C8%2C93%2C45%2C125%2C78%2C74%2C66%2C106%2C97%2C37%2C126%2C33%2C99%2C12%2C148:134)
02-03 19:48:34.739  8000  8000 I System.out: WebView Console: Unrecognized feature: 'browsing-topics'. (https://connect.facebook.net/signals/config/1685726148383397?v=2.9.256&r=stable&domain=blinkit.com&hme=18f1088ef3e8892a74f943ddaee05e3bbd28c980d3b65c4c57d9fe86969d4bce&ex_m=95%2C158%2C135%2C20%2C67%2C68%2C128%2C63%2C42%2C129%2C72%2C62%2C10%2C142%2C81%2C15%2C94%2C123%2C116%2C70%2C73%2C122%2C139%2C103%2C144%2C7%2C3%2C4%2C6%2C5%2C2%2C82%2C92%2C145%2C226%2C170%2C56%2C228%2C229%2C49%2C185%2C27%2C69%2C234%2C233%2C173%2C29%2C55%2C9%2C58%2C88%2C89%2C90%2C96%2C119%2C28%2C26%2C121%2C118%2C117%2C136%2C71%2C138%2C137%2C44%2C54%2C112%2C14%2C141%2C39%2C215%2C217%2C180%2C23%2C24%2C25%2C17%2C18%2C38%2C34%2C36%2C35%2C77%2C83%2C87%2C101%2C127%2C130%2C40%2C102%2C21%2C19%2C108%2C64%2C32%2C132%2C131%2C133%2C124%2C22%2C31%2C53%2C100%2C140%2C65%2C16%2C134%2C105%2C76%2C61%2C30%2C195%2C165%2C285%2C213%2C156%2C198%2C191%2C166%2C98%2C120%2C75%2C110%2C48%2C41%2C43%2C104%2C109%2C115%2C52%2C59%2C114%2C47%2C50%2C46%2C91%2C143%2C0%2C113%2C13%2C111%2C11%2C1%2C51%2C84%2C57%2C60%2C107%2C80%2C79%2C146%2C147%2C85%2C86%2C8%2C93%2C45%2C125%2C78%2C74%2C66%2C106%2C97%2C37%2C126%2C33%2C99%2C12%2C148:134)
02-03 19:48:35.241  8000  8000 I System.out: WebView: Error loading https://www.facebook.com/privacy_sandbox/pixel/register/trigger/?id=1149898238733621&ev=PageView&dl=https%3A%2F%2Fwww.swiggy.com%2Finstamart%2Fsearch%3Fcustom_back%3Dtrue%26query%3Dmilk%2Bfull%2Bcream&rl=&if=false&ts=1770128314693&sw=320&sh=872&v=2.9.256&r=stable&ec=0&o=4126&fbp=fb.1.1770128314679.396338808204884308&eid=ob3_plugin-set_ae7671977f187b1ce8d0df56ff064f7081de580637cb055b837e89843dda9337&ler=empty&cdl=API_unavailable&pmd[title]=Instamart&plt=870.3999999761581&it=1770128314168&coo=false&chmd=&chpv=&chfv=undefined&cf=1&expv2[0]=pl0&expv2[1]=el2&expv2[2]=bc1&expv2[3]=mr2&expv2[4]=ct2&expv2[5]=hf3&rqm=FGET: net::ERR_BLOCKED_BY_ORB
02-03 19:48:35.241  8000  8000 I System.out: WebView: Error loading https://www.facebook.com/privacy_sandbox/pixel/register/trigger/?id=1685726148383397&ev=PageView&dl=https%3A%2F%2Fblinkit.com%2Fs%2F%3Fq%3Dmilk%2Bfull%2Bcream&rl=&if=false&ts=1770128314757&sw=320&sh=872&v=2.9.256&r=stable&ec=0&o=4126&fbp=fb.1.1770128314750.771667473797532622&eid=ob3_plugin-set_a34b1ca99994e27bc9d930bedf969bd81b4db2d6b5cf2cd3cf60aaacfc4b844d&ler=empty&cdl=API_unavailable&pmd[title]=Buy%20milk%20full%20cream%20Online%20%7C%20blinkit&pmd[keywords]=Buy%20Grocery%20Online%2C%20Online%20Grocery%2C%20Grofers%2C%20Groffers%2C%20Groferss%2C%20blinkit%20grofers%2C%20blinkit%2C%20blink%20it%2C%20Grocery%20Store%2C%20Online%20Grocery%20Shopping%2C%20Online%20Grocery%20Store%2C%20Online%20Supermarket%2C%20Free%20Delivery%2C%20Great%20Offers%2C%20Best%20Prices&pmd[description]=Buy%20milk%20full%20cream%20at%20best%20price%20and%20get%20it%20delivered%20at%20your%20doorstep.&plt=1505.699999988079&it=1770128314182&coo=false&chmd=&chpv=&chfv=undefined&cf=1&expv2[0]=pl1&expv2[1]=el2&expv2[2]=bc1&expv2[3]=mr2&expv2[4]=im1&expv2[5]=hf2&rqm=FGET: net::ERR_BLOCKED_BY_ORB
02-03 19:48:35.860  8000  8000 I System.out: â±ï¸ Per-platform AI: Amazon - timeout after 4022ms
02-03 19:48:35.860  8000  8000 I System.out: ğŸ” Best Deal Search: 'milk full cream' â†’ Primary keyword: 'milk'
02-03 19:48:35.866  8000  8000 I System.out: ğŸ“Š Relevance: HIGH=3, MEDIUM=1, LOW=1
02-03 19:48:35.866  8000  8000 I System.out:   âœ… HIGH [40]: Amul Full Fat Milk-Gold, 500ml Pack = â‚¹33.0
02-03 19:48:35.866  8000  8000 I System.out:   âœ… HIGH [40]: Arokya Full cream milk 500 ml = â‚¹40.0
02-03 19:48:35.866  8000  8000 I System.out:   âœ… HIGH [50]: Carnation Evaporated Milk â€“ Rich & Cream = â‚¹294.0
02-03 19:48:35.866  8000  8000 I System.out:   âš ï¸ MED [10]: Rainbow Condensed Milk Original | Rich & = â‚¹999.0
02-03 19:48:35.866  8000  8000 I System.out:   âŒ LOW [-10]: Ahuja Mart Milk Powder, EveryDay Dairy W = â‚¹849.0
02-03 19:48:35.867  8000  8000 I System.out: SearchIntelligence: âœ“ Carnation Evaporated Milk â€“ Ri â†’ â‚¹1470.0/L
02-03 19:48:35.868  8000  8000 I System.out:   ğŸ“ Per-unit comparison: 1 products have calculable unit price
02-03 19:48:35.868  8000  8000 I System.out:     ğŸ’° Carnation Evaporated Milk â€“ Rich &  = â‚¹294.0 (â‚¹1470/L)
02-03 19:48:35.868  8000  8000 I System.out:   ğŸ’µ Raw cheapest: Amul Full Fat Milk-Gold, 500ml Pack (per-unit best too expensive)
02-03 19:48:35.868  8000  8000 I System.out: ğŸ† Best Deal: Amul Full Fat Milk-Gold, 500ml Pack = â‚¹33.0
02-03 19:48:35.994  8000  8000 I System.out: WebView Console: Anti-detection script injected successfully (:175)
02-03 19:48:36.005  8000  8000 I System.out: WebView Console: Anti-detection script injected successfully (https://blinkit.com/scripts/sentryvendor.df85f9ffd4f9be92831b.js:1)
02-03 19:48:36.309  8000  8000 I System.out: WebView Console: Anti-detection script injected successfully (:175)
02-03 19:48:37.113  8000  8000 I System.out: WebView: Content ready! Extracting immediately (attempt 7)
02-03 19:48:37.113  8000  8000 I System.out: WebView: Content ready! Extracting immediately (attempt 7)
02-03 19:48:37.278  8000  8989 I System.out: Zepto: Got 279968 chars HTML
02-03 19:48:37.307  8000  8989 I System.out: Zepto: DEBUG - All prices in HTML: [â‚¹35, â‚¹1, â‚¹31, â‚¹33, â‚¹2, â‚¹31, â‚¹37, â‚¹6, â‚¹95, â‚¹100, â‚¹5, â‚¹29, â‚¹42, â‚¹90, â‚¹66, â‚¹72, â‚¹6, â‚¹44, â‚¹46, â‚¹2]
02-03 19:48:37.308  8000  8989 I System.out: Zepto: DEBUG - Per-unit prices found: []
02-03 19:48:37.656  8000  8989 I System.out: Zepto: DEBUG - Extracted: 'Heritage Full Cream Fresh Milk | Pouch' = â‚¹35.0 (original: 37.0)
02-03 19:48:37.656  8000  8989 I System.out: Zepto: URL for 'Heritage Full Cream Fresh Milk | Pouch' -> https://www.zeptonow.com/pn/heritage-full-cream-fresh-milk-pouch/pvid/7f99a529-4d3a-41bb-b7d2-cb426f5189b8?pincode=560001
02-03 19:48:37.656  8000  8989 I System.out: Zepto: [RAW] Got 1 products
02-03 19:48:37.659  8000  8989 I System.out: Zepto: âœ“ 1 products (raw, unfiltered)
02-03 19:48:37.660  8000  8989 I System.out: Zepto: Completed (3/10)
02-03 19:48:37.660  8000  8989 I System.out: JioMart Quick: Starting (WebView)
02-03 19:48:37.661  8000  8000 I System.out: [STREAM] Zepto: 1 products at 7981ms
02-03 19:48:37.661  8000  8000 I System.out: ğŸ” Per-platform AI: Zepto - queued (1 products, timeout=4000ms, reason=fresh)
02-03 19:48:37.661  8000  8989 I System.out: JioMart Quick: Searching for 'milk full cream'...
02-03 19:48:37.661  8000  8000 I System.out: ğŸ” Per-platform AI: Zepto - started
02-03 19:48:37.661  8000  8989 I System.out: DirectApiScraper: JioMart Quick: Starting API scrape for 'milk full cream'
02-03 19:48:37.662  8000  8000 I System.out: ğŸ” Best Deal Search: 'milk full cream' â†’ Primary keyword: 'milk'
02-03 19:48:37.670  8000  8000 I System.out: ğŸ“Š Relevance: HIGH=4, MEDIUM=1, LOW=1
02-03 19:48:37.670  8000  8000 I System.out:   âœ… HIGH [40]: Amul Full Fat Milk-Gold, 500ml Pack = â‚¹33.0
02-03 19:48:37.670  8000  8000 I System.out:   âœ… HIGH [30]: Heritage Full Cream Fresh Milk | Pouch = â‚¹35.0
02-03 19:48:37.670  8000  8000 I System.out:   âœ… HIGH [40]: Arokya Full cream milk 500 ml = â‚¹40.0
02-03 19:48:37.670  8000  8000 I System.out:   âœ… HIGH [50]: Carnation Evaporated Milk â€“ Rich & Cream = â‚¹294.0
02-03 19:48:37.670  8000  8000 I System.out:   âš ï¸ MED [10]: Rainbow Condensed Milk Original | Rich & = â‚¹999.0
02-03 19:48:37.670  8000  8000 I System.out:   âŒ LOW [-10]: Ahuja Mart Milk Powder, EveryDay Dairy W = â‚¹849.0
02-03 19:48:37.671  8000  8000 I System.out: SearchIntelligence: âœ“ Carnation Evaporated Milk â€“ Ri â†’ â‚¹1470.0/L
02-03 19:48:37.672  8000  8000 I System.out:   ğŸ“ Per-unit comparison: 1 products have calculable unit price
02-03 19:48:37.672  8000  8000 I System.out:     ğŸ’° Carnation Evaporated Milk â€“ Rich &  = â‚¹294.0 (â‚¹1470/L)
02-03 19:48:37.672  8000  8000 I System.out:   ğŸ’µ Raw cheapest: Amul Full Fat Milk-Gold, 500ml Pack (per-unit best too expensive)
02-03 19:48:37.672  8000  8000 I System.out: ğŸ† Best Deal: Amul Full Fat Milk-Gold, 500ml Pack = â‚¹33.0
02-03 19:48:37.672  8000  8000 I System.out: ğŸ“Š Scraping: 2/10 platforms, Total: 6
02-03 19:48:38.009  8000  8000 I System.out: âœ… Per-platform AI: Zepto - success in 348ms (aiPowered=false, 1/1 kept, 0 filtered)
02-03 19:48:38.010  8000  8000 I System.out: ğŸ” Best Deal Search: 'milk full cream' â†’ Primary keyword: 'milk'
02-03 19:48:38.016  8000  8000 I System.out: ğŸ“Š Relevance: HIGH=4, MEDIUM=1, LOW=1
02-03 19:48:38.016  8000  8000 I System.out:   âœ… HIGH [40]: Amul Full Fat Milk-Gold, 500ml Pack = â‚¹33.0
02-03 19:48:38.016  8000  8000 I System.out:   âœ… HIGH [30]: Heritage Full Cream Fresh Milk | Pouch = â‚¹35.0
02-03 19:48:38.016  8000  8000 I System.out:   âœ… HIGH [40]: Arokya Full cream milk 500 ml = â‚¹40.0
02-03 19:48:38.016  8000  8000 I System.out:   âœ… HIGH [50]: Carnation Evaporated Milk â€“ Rich & Cream = â‚¹294.0
02-03 19:48:38.016  8000  8000 I System.out:   âš ï¸ MED [10]: Rainbow Condensed Milk Original | Rich & = â‚¹999.0
02-03 19:48:38.016  8000  8000 I System.out:   âŒ LOW [-10]: Ahuja Mart Milk Powder, EveryDay Dairy W = â‚¹849.0
02-03 19:48:38.017  8000  8000 I System.out: SearchIntelligence: âœ“ Carnation Evaporated Milk â€“ Ri â†’ â‚¹1470.0/L
02-03 19:48:38.018  8000  8000 I System.out:   ğŸ“ Per-unit comparison: 1 products have calculable unit price
02-03 19:48:38.018  8000  8000 I System.out:     ğŸ’° Carnation Evaporated Milk â€“ Rich &  = â‚¹294.0 (â‚¹1470/L)
02-03 19:48:38.018  8000  8000 I System.out:   ğŸ’µ Raw cheapest: Amul Full Fat Milk-Gold, 500ml Pack (per-unit best too expensive)
02-03 19:48:38.018  8000  8000 I System.out: ğŸ† Best Deal: Amul Full Fat Milk-Gold, 500ml Pack = â‚¹33.0
02-03 19:48:38.464  8000  8000 I System.out: WebView: Selector ready (img[src*='cloudinary'], img[src*='swiggy']), extracting
02-03 19:48:38.465  8000  8000 I System.out: WebView: Selector ready (img[alt]), extracting
02-03 19:48:38.557  8000  8983 I System.out: Instamart: Got 190539 chars
02-03 19:48:38.558  8000  8987 I System.out: Blinkit: Got 127618 chars
02-03 19:48:38.597  8000  8987 I System.out: Blinkit: HTML Structure Monitor:
02-03 19:48:38.597  8000  8987 I System.out:   - Images with alt: 1
02-03 19:48:38.597  8000  8987 I System.out:   - data-product elements: 0
02-03 19:48:38.597  8000  8987 I System.out:   - Product links: 0
02-03 19:48:38.597  8000  8987 I System.out:   - Price occurrences: 27
02-03 19:48:38.621  8000  8987 I System.out: Blinkit: Starting Blinkit-specific extraction...
02-03 19:48:38.622  8000  8987 I System.out: Blinkit: Found 1 product images
02-03 19:48:38.627  8000  8987 I System.out: Blinkit: Found 0 data-* elements
02-03 19:48:38.628  8000  8987 I System.out: Blinkit: Found 0 product links
02-03 19:48:38.628  8000  8987 I System.out: Blinkit: Blinkit extraction found 0 products
02-03 19:48:38.628  8000  8987 I System.out: Blinkit: Blinkit-specific extraction failed, trying generic...
02-03 19:48:38.665  8000  8983 I System.out: Instamart: HTML Structure Monitor:
02-03 19:48:38.666  8000  8983 I System.out:   - __NEXT_DATA__: false
02-03 19:48:38.668  8000  8983 I System.out:   - Cloudinary/Swiggy images: 35
02-03 19:48:38.668  8000  8983 I System.out:   - Images with alt: 34
02-03 19:48:38.668  8000  8983 I System.out:   - data-* elements: 105
02-03 19:48:38.669  8000  8983 I System.out:   - Price occurrences: 2
02-03 19:48:38.669  8000  8983 I System.out: Instamart: Trying __NEXT_DATA__ extraction...
02-03 19:48:38.673  8000  8983 I System.out: Instamart: Trying Cloudinary image extraction...
02-03 19:48:38.703  8000  8983 I System.out: Instamart: Found 35 Cloudinary/Swiggy images
02-03 19:48:38.720  8000  8983 I System.out: Instamart: Trying general image extraction...
02-03 19:48:38.746  8000  8983 I System.out: Instamart: Found 34 images with alt
02-03 19:48:38.785  8000  8987 I System.out: Blinkit: âœ“ Found 9 products on attempt 1
02-03 19:48:38.785  8000  8987 I System.out: Blinkit: [RAW] Got 9 products
02-03 19:48:38.787  8000  8989 I System.out: DirectApiScraper: JioMart: HTTP 500
02-03 19:48:38.791  8000  8987 I System.out: Blinkit: âœ“ 9 products (raw, unfiltered)
02-03 19:48:38.792  8000  8987 I System.out: Blinkit: Completed (4/10)
02-03 19:48:38.792  8000  8988 I System.out: BigBasket: Starting (WebView)
02-03 19:48:38.794  8000  8988 I System.out: BigBasket: Searching for 'milk full cream'...
02-03 19:48:38.794  8000  8988 I System.out: DirectApiScraper: BigBasket: Starting API scrape for 'milk full cream'
02-03 19:48:38.795  8000  8000 I System.out: [STREAM] Blinkit: 9 products at 9115ms
02-03 19:48:38.795  8000  8000 I System.out: ğŸ” Per-platform AI: Blinkit - queued (9 products, timeout=4000ms, reason=fresh)
02-03 19:48:38.795  8000  8000 I System.out: ğŸ” Per-platform AI: Blinkit - started
02-03 19:48:38.796  8000  8000 I System.out: ğŸ” Best Deal Search: 'milk full cream' â†’ Primary keyword: 'milk'
02-03 19:48:38.809  8000  8000 I System.out: ğŸ“Š Relevance: HIGH=13, MEDIUM=1, LOW=1
02-03 19:48:38.809  8000  8000 I System.out:   âœ… HIGH [40]: Arokya Toned Milk = â‚¹26.0
02-03 19:48:38.809  8000  8000 I System.out:   âœ… HIGH [40]: Heritage Daily Health Toned Milk = â‚¹26.0
02-03 19:48:38.809  8000  8000 I System.out:   âœ… HIGH [20]: Amul Moti Toned Milk (90 Days Shelf Life = â‚¹29.0
02-03 19:48:38.809  8000  8000 I System.out:   âœ… HIGH [20]: Amul Taaza Toned Milk - Pack of 2 = â‚¹32.0
02-03 19:48:38.810  8000  8000 I System.out:   âœ… HIGH [40]: Amul Full Fat Milk-Gold, 500ml Pack = â‚¹33.0
02-03 19:48:38.810  8000  8000 I System.out:   âš ï¸ MED [10]: Rainbow Condensed Milk Original | Rich & = â‚¹999.0
02-03 19:48:38.810  8000  8000 I System.out:   âŒ LOW [-10]: Ahuja Mart Milk Powder, EveryDay Dairy W = â‚¹849.0
02-03 19:48:38.811  8000  8000 I System.out: SearchIntelligence: âŒ Couldn't parse quantity from 'Amul Moti Toned Milk (90 Days Shelf Life)'
02-03 19:48:38.812  8000  8000 I System.out: SearchIntelligence: âœ“ Amul Taaza Toned Milk - Pack o â†’ â‚¹16.0/pc
02-03 19:48:38.815  8000  8000 I System.out: SearchIntelligence: âœ“ Carnation Evaporated Milk â€“ Ri â†’ â‚¹1470.0/L
02-03 19:48:38.815  8000  8000 I System.out:   ğŸ“ Per-unit comparison: 2 products have calculable unit price
02-03 19:48:38.816  8000  8000 I System.out:     ğŸ’° Carnation Evaporated Milk â€“ Rich &  = â‚¹294.0 (â‚¹1470/L)
02-03 19:48:38.816  8000  8000 I System.out:     ğŸ’° Amul Taaza Toned Milk - Pack of 2 = â‚¹32.0 (â‚¹16/pc)
02-03 19:48:38.816  8000  8000 I System.out:   ğŸ’µ Raw cheapest: Arokya Toned Milk (per-unit best too expensive)
02-03 19:48:38.816  8000  8000 I System.out: ğŸ† Best Deal: Arokya Toned Milk = â‚¹26.0
02-03 19:48:38.816  8000  8000 I System.out: ğŸ“Š Scraping: 3/10 platforms, Total: 15
02-03 19:48:39.039  8000  8983 I System.out: Instamart: Trying data-* extraction...
02-03 19:48:39.039  8000  8988 I System.out: DirectApiScraper: BigBasket: HTTP 400
02-03 19:48:39.040  8000  8988 I System.out: BigBasket: Direct API failed (HTTP 400)
02-03 19:48:39.040  8000  8988 I System.out: BigBasket: Loading https://www.bigbasket.com/ps/?q=milk+full+cream (WebView)...
02-03 19:48:39.040  8000  8988 I System.out: WebView: Location set to pincode=560001, lat=12.9352, lon=77.6245
02-03 19:48:39.064  8000  8983 I System.out: Instamart: Found 105 data-* elements
02-03 19:48:39.081  8000  8000 I System.out: WebView: Created with User-Agent: Mozilla/5.0 (Linux; Android 14; SM-S918B) AppleWebKit/537.36 (KHTML, like Gecko) Chrome/121.0.6167.143 Mobile Safari/537.36
02-03 19:48:39.095  8000  8983 I System.out: Instamart: Trying generic resilient extraction...
02-03 19:48:39.104  8000  8000 I System.out: WebView: Set location cookies for www.bigbasket.com with pincode=560001
02-03 19:48:39.239  8000  8983 I System.out: Instamart: Total extraction found 0 products
02-03 19:48:39.239  8000  8983 I System.out: Instamart: Attempt 1 - no valid products
02-03 19:48:39.239  8000  8983 I System.out: Instamart: âœ— All attempts failed
02-03 19:48:39.239  8000  8983 I System.out: Instamart: [RAW] Got 0 products
02-03 19:48:39.239  8000  8983 I System.out: Instamart: âœ— No products
02-03 19:48:39.239  8000  8983 I System.out: Instamart: Completed (5/10)
02-03 19:48:39.240  8000  8983 I System.out: JioMart: Starting (WebView)
02-03 19:48:39.241  8000  8983 I System.out: JioMart: Searching for 'milk full cream'...
02-03 19:48:39.241  8000  8983 I System.out: DirectApiScraper: JioMart: Starting API scrape for 'milk full cream'
02-03 19:48:39.252  8000  8000 I System.out: [STREAM] Instamart: 0 products at 9572ms
02-03 19:48:39.252  8000  8000 I System.out: ğŸ” Per-platform AI: Instamart - skipped (0 products)
02-03 19:48:39.252  8000  8000 I System.out: ğŸ” Best Deal Search: 'milk full cream' â†’ Primary keyword: 'milk'
02-03 19:48:39.258  8000  8000 I System.out: ğŸ“Š Relevance: HIGH=13, MEDIUM=1, LOW=1
02-03 19:48:39.259  8000  8000 I System.out:   âœ… HIGH [40]: Arokya Toned Milk = â‚¹26.0
02-03 19:48:39.259  8000  8000 I System.out:   âœ… HIGH [40]: Heritage Daily Health Toned Milk = â‚¹26.0
02-03 19:48:39.259  8000  8000 I System.out:   âœ… HIGH [20]: Amul Moti Toned Milk (90 Days Shelf Life = â‚¹29.0
02-03 19:48:39.259  8000  8000 I System.out:   âœ… HIGH [20]: Amul Taaza Toned Milk - Pack of 2 = â‚¹32.0
02-03 19:48:39.259  8000  8000 I System.out:   âœ… HIGH [40]: Amul Full Fat Milk-Gold, 500ml Pack = â‚¹33.0
02-03 19:48:39.259  8000  8000 I System.out:   âš ï¸ MED [10]: Rainbow Condensed Milk Original | Rich & = â‚¹999.0
02-03 19:48:39.259  8000  8000 I System.out:   âŒ LOW [-10]: Ahuja Mart Milk Powder, EveryDay Dairy W = â‚¹849.0
02-03 19:48:39.260  8000  8000 I System.out: SearchIntelligence: âŒ Couldn't parse quantity from 'Amul Moti Toned Milk (90 Days Shelf Life)'
02-03 19:48:39.261  8000  8000 I System.out: SearchIntelligence: âœ“ Amul Taaza Toned Milk - Pack o â†’ â‚¹16.0/pc
02-03 19:48:39.263  8000  8000 I System.out: SearchIntelligence: âœ“ Carnation Evaporated Milk â€“ Ri â†’ â‚¹1470.0/L
02-03 19:48:39.264  8000  8000 I System.out:   ğŸ“ Per-unit comparison: 2 products have calculable unit price
02-03 19:48:39.264  8000  8000 I System.out:     ğŸ’° Carnation Evaporated Milk â€“ Rich &  = â‚¹294.0 (â‚¹1470/L)
02-03 19:48:39.264  8000  8000 I System.out:     ğŸ’° Amul Taaza Toned Milk - Pack of 2 = â‚¹32.0 (â‚¹16/pc)
02-03 19:48:39.264  8000  8000 I System.out:   ğŸ’µ Raw cheapest: Arokya Toned Milk (per-unit best too expensive)
02-03 19:48:39.264  8000  8000 I System.out: ğŸ† Best Deal: Arokya Toned Milk = â‚¹26.0
02-03 19:48:39.264  8000  8989 I System.out: DirectApiScraper: JioMart: HTTP 400
02-03 19:48:39.264  8000  8000 I System.out: ğŸ” Best Deal Search: 'milk full cream' â†’ Primary keyword: 'milk'
02-03 19:48:39.265  8000  8989 I System.out: JioMart Quick: Direct API failed (HTTP 400)
02-03 19:48:39.266  8000  8989 I System.out: JioMart Quick: HTTP request to https://www.jiomart.com/search/milk+full+cream?deliveryType=express
02-03 19:48:39.271  8000  8000 I System.out: ğŸ“Š Relevance: HIGH=13, MEDIUM=1, LOW=1
02-03 19:48:39.271  8000  8000 I System.out:   âœ… HIGH [40]: Arokya Toned Milk = â‚¹26.0
02-03 19:48:39.271  8000  8000 I System.out:   âœ… HIGH [40]: Heritage Daily Health Toned Milk = â‚¹26.0
02-03 19:48:39.271  8000  8000 I System.out:   âœ… HIGH [20]: Amul Moti Toned Milk (90 Days Shelf Life = â‚¹29.0
02-03 19:48:39.271  8000  8000 I System.out:   âœ… HIGH [20]: Amul Taaza Toned Milk - Pack of 2 = â‚¹32.0
02-03 19:48:39.271  8000  8000 I System.out:   âœ… HIGH [40]: Amul Full Fat Milk-Gold, 500ml Pack = â‚¹33.0
02-03 19:48:39.271  8000  8000 I System.out:   âš ï¸ MED [10]: Rainbow Condensed Milk Original | Rich & = â‚¹999.0
02-03 19:48:39.272  8000  8000 I System.out:   âŒ LOW [-10]: Ahuja Mart Milk Powder, EveryDay Dairy W = â‚¹849.0
02-03 19:48:39.273  8000  8000 I System.out: SearchIntelligence: âŒ Couldn't parse quantity from 'Amul Moti Toned Milk (90 Days Shelf Life)'
02-03 19:48:39.273  8000  8000 I System.out: SearchIntelligence: âœ“ Amul Taaza Toned Milk - Pack o â†’ â‚¹16.0/pc
02-03 19:48:39.276  8000  8000 I System.out: SearchIntelligence: âœ“ Carnation Evaporated Milk â€“ Ri â†’ â‚¹1470.0/L
02-03 19:48:39.276  8000  8000 I System.out:   ğŸ“ Per-unit comparison: 2 products have calculable unit price
02-03 19:48:39.276  8000  8000 I System.out:     ğŸ’° Carnation Evaporated Milk â€“ Rich &  = â‚¹294.0 (â‚¹1470/L)
02-03 19:48:39.276  8000  8000 I System.out:     ğŸ’° Amul Taaza Toned Milk - Pack of 2 = â‚¹32.0 (â‚¹16/pc)
02-03 19:48:39.277  8000  8000 I System.out:   ğŸ’µ Raw cheapest: Arokya Toned Milk (per-unit best too expensive)
02-03 19:48:39.277  8000  8000 I System.out: ğŸ† Best Deal: Arokya Toned Milk = â‚¹26.0
02-03 19:48:39.277  8000  8000 I System.out: ğŸ“Š Scraping: 3/10 platforms, Total: 15
02-03 19:48:39.512  8000  8000 I System.out: WebView: Anti-detection script injected on page start
02-03 19:48:39.528  8000  8000 I System.out: WebView Console: Anti-detection script injected successfully (:175)
02-03 19:48:39.701  8000  8988 I System.out: Flipkart Minutes: URL 1 error: Timed out waiting for 10000 ms
02-03 19:48:39.701  8000  8988 I System.out: Flipkart Minutes: Timeout reached, stopping URL attempts
02-03 19:48:39.701  8000  8988 I System.out: Flipkart Minutes: âœ— All URLs failed
02-03 19:48:39.701  8000  8988 I System.out: Flipkart Minutes: [TIMEOUT]
02-03 19:48:39.701  8000  8988 I System.out: Flipkart Minutes: âœ— No products
02-03 19:48:39.701  8000  8988 I System.out: Flipkart Minutes: Completed (6/10)
02-03 19:48:39.702  8000  8000 I System.out: [STREAM] Flipkart Minutes: 0 products at 10021ms
02-03 19:48:39.702  8000  8000 I System.out: ğŸ” Per-platform AI: Flipkart Minutes - skipped (0 products)
02-03 19:48:39.702  8000  8982 I System.out: Flipkart: Starting (WebView)
02-03 19:48:39.702  8000  8000 I System.out: ğŸ” Best Deal Search: 'milk full cream' â†’ Primary keyword: 'milk'
02-03 19:48:39.704  8000  8982 I System.out: Flipkart: Searching for 'milk full cream'...
02-03 19:48:39.704  8000  8982 I System.out: Flipkart: Using WebView (SPA site)...
02-03 19:48:39.704  8000  8982 I System.out: WebView: Location set to pincode=560001, lat=12.9352, lon=77.6245
02-03 19:48:39.704  8000  8982 I System.out: Flipkart: Trying URL 1/3: https://m.flipkart.com/search?q=milk+full+cream
02-03 19:48:39.710  8000  8000 I System.out: ğŸ“Š Relevance: HIGH=13, MEDIUM=1, LOW=1
02-03 19:48:39.710  8000  8000 I System.out:   âœ… HIGH [40]: Arokya Toned Milk = â‚¹26.0
02-03 19:48:39.710  8000  8000 I System.out:   âœ… HIGH [40]: Heritage Daily Health Toned Milk = â‚¹26.0
02-03 19:48:39.710  8000  8000 I System.out:   âœ… HIGH [20]: Amul Moti Toned Milk (90 Days Shelf Life = â‚¹29.0
02-03 19:48:39.710  8000  8000 I System.out:   âœ… HIGH [20]: Amul Taaza Toned Milk - Pack of 2 = â‚¹32.0
02-03 19:48:39.710  8000  8000 I System.out:   âœ… HIGH [40]: Amul Full Fat Milk-Gold, 500ml Pack = â‚¹33.0
02-03 19:48:39.710  8000  8000 I System.out:   âš ï¸ MED [10]: Rainbow Condensed Milk Original | Rich & = â‚¹999.0
02-03 19:48:39.710  8000  8000 I System.out:   âŒ LOW [-10]: Ahuja Mart Milk Powder, EveryDay Dairy W = â‚¹849.0
02-03 19:48:39.711  8000  8000 I System.out: SearchIntelligence: âŒ Couldn't parse quantity from 'Amul Moti Toned Milk (90 Days Shelf Life)'
02-03 19:48:39.712  8000  8000 I System.out: SearchIntelligence: âœ“ Amul Taaza Toned Milk - Pack o â†’ â‚¹16.0/pc
02-03 19:48:39.714  8000  8000 I System.out: SearchIntelligence: âœ“ Carnation Evaporated Milk â€“ Ri â†’ â‚¹1470.0/L
02-03 19:48:39.714  8000  8000 I System.out:   ğŸ“ Per-unit comparison: 2 products have calculable unit price
02-03 19:48:39.714  8000  8000 I System.out:     ğŸ’° Carnation Evaporated Milk â€“ Rich &  = â‚¹294.0 (â‚¹1470/L)
02-03 19:48:39.714  8000  8000 I System.out:     ğŸ’° Amul Taaza Toned Milk - Pack of 2 = â‚¹32.0 (â‚¹16/pc)
02-03 19:48:39.714  8000  8000 I System.out:   ğŸ’µ Raw cheapest: Arokya Toned Milk (per-unit best too expensive)
02-03 19:48:39.714  8000  8000 I System.out: ğŸ† Best Deal: Arokya Toned Milk = â‚¹26.0
02-03 19:48:39.715  8000  8000 I System.out: ğŸ” Best Deal Search: 'milk full cream' â†’ Primary keyword: 'milk'
02-03 19:48:39.719  8000  8000 I System.out: ğŸ“Š Relevance: HIGH=13, MEDIUM=1, LOW=1
02-03 19:48:39.719  8000  8000 I System.out:   âœ… HIGH [40]: Arokya Toned Milk = â‚¹26.0
02-03 19:48:39.719  8000  8000 I System.out:   âœ… HIGH [40]: Heritage Daily Health Toned Milk = â‚¹26.0
02-03 19:48:39.719  8000  8000 I System.out:   âœ… HIGH [20]: Amul Moti Toned Milk (90 Days Shelf Life = â‚¹29.0
02-03 19:48:39.719  8000  8000 I System.out:   âœ… HIGH [20]: Amul Taaza Toned Milk - Pack of 2 = â‚¹32.0
02-03 19:48:39.719  8000  8000 I System.out:   âœ… HIGH [40]: Amul Full Fat Milk-Gold, 500ml Pack = â‚¹33.0
02-03 19:48:39.719  8000  8000 I System.out:   âš ï¸ MED [10]: Rainbow Condensed Milk Original | Rich & = â‚¹999.0
02-03 19:48:39.719  8000  8000 I System.out:   âŒ LOW [-10]: Ahuja Mart Milk Powder, EveryDay Dairy W = â‚¹849.0
02-03 19:48:39.720  8000  8000 I System.out: SearchIntelligence: âŒ Couldn't parse quantity from 'Amul Moti Toned Milk (90 Days Shelf Life)'
02-03 19:48:39.720  8000  8000 I System.out: SearchIntelligence: âœ“ Amul Taaza Toned Milk - Pack o â†’ â‚¹16.0/pc
02-03 19:48:39.722  8000  8000 I System.out: SearchIntelligence: âœ“ Carnation Evaporated Milk â€“ Ri â†’ â‚¹1470.0/L
02-03 19:48:39.723  8000  8000 I System.out:   ğŸ“ Per-unit comparison: 2 products have calculable unit price
02-03 19:48:39.723  8000  8000 I System.out:     ğŸ’° Carnation Evaporated Milk â€“ Rich &  = â‚¹294.0 (â‚¹1470/L)
02-03 19:48:39.723  8000  8000 I System.out:     ğŸ’° Amul Taaza Toned Milk - Pack of 2 = â‚¹32.0 (â‚¹16/pc)
02-03 19:48:39.723  8000  8000 I System.out:   ğŸ’µ Raw cheapest: Arokya Toned Milk (per-unit best too expensive)
02-03 19:48:39.723  8000  8000 I System.out: ğŸ† Best Deal: Arokya Toned Milk = â‚¹26.0
02-03 19:48:39.723  8000  8000 I System.out: ğŸ“Š Scraping: 3/10 platforms, Total: 15
02-03 19:48:39.778  8000  8000 I System.out: WebView: Created with User-Agent: Mozilla/5.0 (Linux; Android 13; Pixel 7 Pro) AppleWebKit/537.36 (KHTML, like Gecko) Chrome/120.0.6099.230 Mobile Safari/537.36
02-03 19:48:39.803  8000  8000 I System.out: WebView: Set location cookies for m.flipkart.com with pincode=560001
02-03 19:48:40.022  8000  8000 I System.out: WebView: Anti-detection script injected on page start
02-03 19:48:40.086  8000  8000 I System.out: WebView Console: Anti-detection script injected successfully (:175)
