02-03 19:48:40.098  8000  8000 I System.out: WebView Console: Anti-detection script injected successfully (:175)
02-03 19:48:40.115  8000  8000 I System.out: WebView Console: Anti-detection script injected successfully (:175)
02-03 19:48:40.254  8000  8983 I System.out: DirectApiScraper: JioMart: HTTP 500
02-03 19:48:40.580  8000  8000 I System.out: WebView Console: App data fetch failed with status: 400 (https://www.bbassets.com/monsters-inc/static_pwa/_next/static/chunks/492.9ef1b270fb46e78e.js:1)
02-03 19:48:40.678  8000  8000 I System.out: WebView: Error loading https://zn00za9ubdwvj6one-tatadigital.siteintercept.qualtrics.com/SIE/?Q_ZID=ZN_00za9ubdwvj6oNE: net::ERR_NAME_NOT_RESOLVED
02-03 19:48:40.717  8000  8983 I System.out: DirectApiScraper: JioMart: HTTP 400
02-03 19:48:40.717  8000  8983 I System.out: JioMart: Direct API failed (HTTP 400)
02-03 19:48:40.718  8000  8983 I System.out: JioMart: HTTP request to https://www.jiomart.com/search/milk+full+cream
02-03 19:48:41.361  8000  8000 I System.out: WebView: Backup extraction triggered
02-03 19:48:41.497  8000  8000 I System.out: WebView Console: Warning: Component with name Placeholderis not available. Returning a fallback View (https://static-assets-web.flixcart.com/batman-returns/batman-returns/p/0dabfea1025c670ad99726ae9939d123/CrossCommon.js:1)
02-03 19:48:41.535  8000  8000 I System.out: WebView Console: Warning: Component with name RNShimmeringViewis not available. Returning a fallback View (https://static-assets-web.flixcart.com/batman-returns/batman-returns/p/0dabfea1025c670ad99726ae9939d123/CrossCommon.js:1)
02-03 19:48:41.563  8000  8000 I System.out: WebView Console: Warning: Component with name GifViewis not available. Returning a fallback View (https://static-assets-web.flixcart.com/batman-returns/batman-returns/p/0dabfea1025c670ad99726ae9939d123/CrossCommon.js:1)
02-03 19:48:41.563  8000  8000 I System.out: WebView Console: Warning: Component with name LiveVideoViewis not available. Returning a fallback View (https://static-assets-web.flixcart.com/batman-returns/batman-returns/p/0dabfea1025c670ad99726ae9939d123/CrossCommon.js:1)
02-03 19:48:41.602  8000  8000 I System.out: WebView Console: Unrecognized feature: 'browsing-topics'. (https://connect.facebook.net/signals/config/1395135667375657?v=2.9.256&r=stable&domain=www.bigbasket.com&hme=18f1088ef3e8892a74f943ddaee05e3bbd28c980d3b65c4c57d9fe86969d4bce&ex_m=95%2C158%2C135%2C20%2C67%2C68%2C128%2C63%2C42%2C129%2C72%2C62%2C10%2C142%2C81%2C15%2C94%2C123%2C116%2C70%2C73%2C122%2C139%2C103%2C144%2C7%2C3%2C4%2C6%2C5%2C2%2C82%2C92%2C145%2C226%2C170%2C56%2C228%2C229%2C49%2C185%2C27%2C69%2C234%2C233%2C173%2C29%2C55%2C9%2C58%2C88%2C89%2C90%2C96%2C119%2C28%2C26%2C121%2C118%2C117%2C136%2C71%2C138%2C137%2C44%2C54%2C112%2C14%2C141%2C39%2C215%2C217%2C180%2C23%2C24%2C25%2C17%2C18%2C38%2C34%2C36%2C35%2C77%2C83%2C87%2C101%2C127%2C130%2C40%2C102%2C21%2C19%2C108%2C64%2C32%2C132%2C131%2C133%2C124%2C22%2C31%2C53%2C100%2C140%2C65%2C16%2C134%2C105%2C76%2C61%2C30%2C195%2C165%2C285%2C213%2C156%2C198%2C191%2C166%2C98%2C120%2C75%2C110%2C48%2C41%2C43%2C104%2C109%2C115%2C52%2C59%2C114%2C47%2C50%2C46%2C91%2C143%2C0%2C113%2C13%2C111%2C11%2C1%2C51%2C84%2C57%2C60%2C107%2C80%2C79%2C146%2C147%2C85%2C86%2C8%2C93%2C45%2C125%2C78%2C74%2C66%2C106%2C97%2C37%2C126%2C33%2C99%2C12%2C148:115)
02-03 19:48:41.846  8000  8000 I System.out: WebView Console: ServiceWorker registration successful with scope:  https://www.flipkart.com/ (https://www.flipkart.com/search?q=milk+full+cream:1727)
02-03 19:48:41.846  8000  8000 I System.out: WebView Console: ServiceWorker is active and sending message :  https://www.flipkart.com/ (https://www.flipkart.com/search?q=milk+full+cream:1736)
02-03 19:48:41.885  8000  8000 I System.out: WebView Console: Anti-detection script injected successfully (:175)
02-03 19:48:41.885  8000  8000 I System.out: WebView: Max wait reached, extracting (indicators: {"ready":false,"prices":0,"products":0,"images":0,"links":0,"jsonLd":1})
02-03 19:48:41.897  8000  8000 I System.out: WebView Console: Sync registration failed for web push Heart beat: UnknownError: Background Sync is disabled. (https://www.flipkart.com/search?q=milk+full+cream:1758)
02-03 19:48:42.038  8000  8000 I System.out: WebView: Error loading https://www.facebook.com/privacy_sandbox/pixel/register/trigger/?id=1395135667375657&ev=Search&dl=https%3A%2F%2Fwww.bigbasket.com%2Fps%2F%3Fq%3Dmilk%2Bfull%2Bcream&rl=&if=false&ts=1770128321625&cd[content_ids]=%5B%5D&cd[content_type]=product%20&sw=320&sh=872&v=2.9.256&r=stable&ec=2&o=4126&fbp=fb.1.1770128321611.212437318502774889&ler=empty&cdl=API_unavailable&plt=443.5&it=1770128321075&coo=false&chmd=&chpv=&chfv=undefined&expv2[0]=pl0&expv2[1]=el3&expv2[2]=bc1&expv2[3]=mr2&expv2[4]=ct3&expv2[5]=hf3&rqm=FGET: net::ERR_BLOCKED_BY_ORB
02-03 19:48:42.044  8000  8000 I System.out: WebView: Error loading https://www.facebook.com/privacy_sandbox/pixel/register/trigger/?id=1395135667375657&ev=Search&dl=https%3A%2F%2Fwww.bigbasket.com%2Fps%2F%3Fq%3Dmilk%2Bfull%2Bcream&rl=&if=false&ts=1770128321621&cd[content_ids]=%5B%5D&cd[content_type]=product&sw=320&sh=872&v=2.9.256&r=stable&ec=1&o=4126&fbp=fb.1.1770128321611.212437318502774889&ler=empty&cdl=API_unavailable&plt=443.5&it=1770128321075&coo=false&chmd=&chpv=&chfv=undefined&expv2[0]=pl0&expv2[1]=el2&expv2[2]=bc1&expv2[3]=mr2&expv2[4]=ct3&expv2[5]=hf3&rqm=FGET: net::ERR_BLOCKED_BY_ORB
02-03 19:48:42.046  8000  8000 I System.out: WebView: Error loading https://www.facebook.com/privacy_sandbox/pixel/register/trigger/?id=1395135667375657&ev=PageView&dl=https%3A%2F%2Fwww.bigbasket.com%2Fps%2F%3Fq%3Dmilk%2Bfull%2Bcream&rl=&if=false&ts=1770128321617&sw=320&sh=872&v=2.9.256&r=stable&ec=0&o=4126&fbp=fb.1.1770128321611.212437318502774889&ler=empty&cdl=API_unavailable&pmd[title]=&plt=443.5&it=1770128321075&coo=false&chmd=&chpv=&chfv=undefined&expv2[0]=pl0&expv2[1]=el3&expv2[2]=bc1&expv2[3]=mr2&expv2[4]=ct3&expv2[5]=hf3&rqm=FGET: net::ERR_BLOCKED_BY_ORB
02-03 19:48:42.371  8000  8000 I System.out: âœ… Per-platform AI: Blinkit - success in 3575ms (aiPowered=true, 9/9 kept, 0 filtered)
02-03 19:48:42.372  8000  8000 I System.out: ğŸ” Best Deal Search: 'milk full cream' â†’ Primary keyword: 'milk'
02-03 19:48:42.378  8000  8000 I System.out: ğŸ“Š Relevance: HIGH=13, MEDIUM=1, LOW=1
02-03 19:48:42.378  8000  8000 I System.out:   âœ… HIGH [40]: Arokya Toned Milk = â‚¹26.0
02-03 19:48:42.378  8000  8000 I System.out:   âœ… HIGH [40]: Heritage Daily Health Toned Milk = â‚¹26.0
02-03 19:48:42.379  8000  8000 I System.out:   âœ… HIGH [20]: Amul Moti Toned Milk (90 Days Shelf Life = â‚¹29.0
02-03 19:48:42.379  8000  8000 I System.out:   âœ… HIGH [20]: Amul Taaza Toned Milk - Pack of 2 = â‚¹32.0
02-03 19:48:42.379  8000  8000 I System.out:   âœ… HIGH [40]: Amul Full Fat Milk-Gold, 500ml Pack = â‚¹33.0
02-03 19:48:42.379  8000  8000 I System.out:   âš ï¸ MED [10]: Rainbow Condensed Milk Original | Rich & = â‚¹999.0
02-03 19:48:42.379  8000  8000 I System.out:   âŒ LOW [-10]: Ahuja Mart Milk Powder, EveryDay Dairy W = â‚¹849.0
02-03 19:48:42.382  8000  8000 I System.out: SearchIntelligence: âŒ Couldn't parse quantity from 'Amul Moti Toned Milk (90 Days Shelf Life)'
02-03 19:48:42.383  8000  8000 I System.out: SearchIntelligence: âœ“ Amul Taaza Toned Milk - Pack o â†’ â‚¹16.0/pc
02-03 19:48:42.384  8000  8000 I System.out: SearchIntelligence: âœ“ Carnation Evaporated Milk â€“ Ri â†’ â‚¹1470.0/L
02-03 19:48:42.385  8000  8000 I System.out:   ğŸ“ Per-unit comparison: 2 products have calculable unit price
02-03 19:48:42.385  8000  8000 I System.out:     ğŸ’° Carnation Evaporated Milk â€“ Rich &  = â‚¹294.0 (â‚¹1470/L)
02-03 19:48:42.385  8000  8000 I System.out:     ğŸ’° Amul Taaza Toned Milk - Pack of 2 = â‚¹32.0 (â‚¹16/pc)
02-03 19:48:42.385  8000  8000 I System.out:   ğŸ’µ Raw cheapest: Arokya Toned Milk (per-unit best too expensive)
02-03 19:48:42.385  8000  8000 I System.out: ğŸ† Best Deal: Arokya Toned Milk = â‚¹26.0
02-03 19:48:42.536  8000  8000 I System.out: WebView: Error loading https://rukminim2.flixcart.com/fk-p-ads/2/0/dp-doc/1768147854561-cmk9xkw69a1e60q4br71kwcv5-8bf4c1c7ea0f08e66caf47bde1eddd19a5619122a02569baac5dfd550f47912b.jpg?q=60: net::ERR_BLOCKED_BY_ORB
02-03 19:48:42.548  8000  8000 I System.out: WebView: Error loading https://rukminim2.flixcart.com/fk-p-ads/2/0/dp-doc/1768147854561-cmk9xkw69a1e60q4br71kwcv5-8bf4c1c7ea0f08e66caf47bde1eddd19a5619122a02569baac5dfd550f47912b.jpg?q=20: net::ERR_BLOCKED_BY_ORB
02-03 19:48:44.273  8000  8000 I System.out: WebView: Content ready! Extracting immediately (attempt 0)
02-03 19:48:44.390  8000  8982 I System.out: Flipkart: Got 517915 chars from URL 1
02-03 19:48:44.702  8000  8000 I System.out: BigBasket: Timeout
02-03 19:48:44.702  8000  8000 I System.out: ğŸ” Per-platform AI: BigBasket - skipped (0 products)
02-03 19:48:44.703  8000  8000 I System.out: ğŸ” Best Deal Search: 'milk full cream' â†’ Primary keyword: 'milk'
02-03 19:48:44.709  8000  8000 I System.out: ğŸ“Š Relevance: HIGH=13, MEDIUM=1, LOW=1
02-03 19:48:44.710  8000  8000 I System.out:   âœ… HIGH [40]: Arokya Toned Milk = â‚¹26.0
02-03 19:48:44.710  8000  8000 I System.out:   âœ… HIGH [40]: Heritage Daily Health Toned Milk = â‚¹26.0
02-03 19:48:44.710  8000  8000 I System.out:   âœ… HIGH [20]: Amul Moti Toned Milk (90 Days Shelf Life = â‚¹29.0
02-03 19:48:44.710  8000  8000 I System.out:   âœ… HIGH [20]: Amul Taaza Toned Milk - Pack of 2 = â‚¹32.0
02-03 19:48:44.710  8000  8000 I System.out:   âœ… HIGH [40]: Amul Full Fat Milk-Gold, 500ml Pack = â‚¹33.0
02-03 19:48:44.710  8000  8000 I System.out:   âš ï¸ MED [10]: Rainbow Condensed Milk Original | Rich & = â‚¹999.0
02-03 19:48:44.710  8000  8000 I System.out:   âŒ LOW [-10]: Ahuja Mart Milk Powder, EveryDay Dairy W = â‚¹849.0
02-03 19:48:44.713  8000  8000 I System.out: SearchIntelligence: âŒ Couldn't parse quantity from 'Amul Moti Toned Milk (90 Days Shelf Life)'
02-03 19:48:44.714  8000  8000 I System.out: SearchIntelligence: âœ“ Amul Taaza Toned Milk - Pack o â†’ â‚¹16.0/pc
02-03 19:48:44.715  8000  8000 I System.out: SearchIntelligence: âœ“ Carnation Evaporated Milk â€“ Ri â†’ â‚¹1470.0/L
02-03 19:48:44.715  8000  8000 I System.out:   ğŸ“ Per-unit comparison: 2 products have calculable unit price
02-03 19:48:44.716  8000  8000 I System.out:     ğŸ’° Carnation Evaporated Milk â€“ Rich &  = â‚¹294.0 (â‚¹1470/L)
02-03 19:48:44.716  8000  8000 I System.out:     ğŸ’° Amul Taaza Toned Milk - Pack of 2 = â‚¹32.0 (â‚¹16/pc)
02-03 19:48:44.716  8000  8000 I System.out:   ğŸ’µ Raw cheapest: Arokya Toned Milk (per-unit best too expensive)
02-03 19:48:44.716  8000  8000 I System.out: ğŸ† Best Deal: Arokya Toned Milk = â‚¹26.0
02-03 19:48:44.716  8000  8000 I System.out: ğŸ” Best Deal Search: 'milk full cream' â†’ Primary keyword: 'milk'
02-03 19:48:44.723  8000  8000 I System.out: ğŸ“Š Relevance: HIGH=13, MEDIUM=1, LOW=1
02-03 19:48:44.723  8000  8000 I System.out:   âœ… HIGH [40]: Arokya Toned Milk = â‚¹26.0
02-03 19:48:44.723  8000  8000 I System.out:   âœ… HIGH [40]: Heritage Daily Health Toned Milk = â‚¹26.0
02-03 19:48:44.723  8000  8000 I System.out:   âœ… HIGH [20]: Amul Moti Toned Milk (90 Days Shelf Life = â‚¹29.0
02-03 19:48:44.723  8000  8000 I System.out:   âœ… HIGH [20]: Amul Taaza Toned Milk - Pack of 2 = â‚¹32.0
02-03 19:48:44.723  8000  8000 I System.out:   âœ… HIGH [40]: Amul Full Fat Milk-Gold, 500ml Pack = â‚¹33.0
02-03 19:48:44.723  8000  8000 I System.out:   âš ï¸ MED [10]: Rainbow Condensed Milk Original | Rich & = â‚¹999.0
02-03 19:48:44.723  8000  8000 I System.out:   âŒ LOW [-10]: Ahuja Mart Milk Powder, EveryDay Dairy W = â‚¹849.0
02-03 19:48:44.726  8000  8000 I System.out: SearchIntelligence: âŒ Couldn't parse quantity from 'Amul Moti Toned Milk (90 Days Shelf Life)'
02-03 19:48:44.727  8000  8000 I System.out: SearchIntelligence: âœ“ Amul Taaza Toned Milk - Pack o â†’ â‚¹16.0/pc
02-03 19:48:44.728  8000  8000 I System.out: SearchIntelligence: âœ“ Carnation Evaporated Milk â€“ Ri â†’ â‚¹1470.0/L
02-03 19:48:44.729  8000  8000 I System.out:   ğŸ“ Per-unit comparison: 2 products have calculable unit price
02-03 19:48:44.729  8000  8000 I System.out:     ğŸ’° Carnation Evaporated Milk â€“ Rich &  = â‚¹294.0 (â‚¹1470/L)
02-03 19:48:44.729  8000  8000 I System.out:     ğŸ’° Amul Taaza Toned Milk - Pack of 2 = â‚¹32.0 (â‚¹16/pc)
02-03 19:48:44.729  8000  8000 I System.out:   ğŸ’µ Raw cheapest: Arokya Toned Milk (per-unit best too expensive)
02-03 19:48:44.729  8000  8000 I System.out: ğŸ† Best Deal: Arokya Toned Milk = â‚¹26.0
02-03 19:48:44.729  8000  8000 I System.out: ğŸ“Š Scraping: 3/10 platforms, Total: 15
02-03 19:48:44.729  8000  8000 I System.out: JioMart Quick: Timeout
02-03 19:48:44.729  8000  8000 I System.out: ğŸ” Per-platform AI: JioMart Quick - skipped (0 products)
02-03 19:48:44.730  8000  8000 I System.out: ğŸ” Best Deal Search: 'milk full cream' â†’ Primary keyword: 'milk'
02-03 19:48:44.736  8000  8000 I System.out: ğŸ“Š Relevance: HIGH=13, MEDIUM=1, LOW=1
02-03 19:48:44.736  8000  8000 I System.out:   âœ… HIGH [40]: Arokya Toned Milk = â‚¹26.0
02-03 19:48:44.736  8000  8000 I System.out:   âœ… HIGH [40]: Heritage Daily Health Toned Milk = â‚¹26.0
02-03 19:48:44.736  8000  8000 I System.out:   âœ… HIGH [20]: Amul Moti Toned Milk (90 Days Shelf Life = â‚¹29.0
02-03 19:48:44.736  8000  8000 I System.out:   âœ… HIGH [20]: Amul Taaza Toned Milk - Pack of 2 = â‚¹32.0
02-03 19:48:44.736  8000  8000 I System.out:   âœ… HIGH [40]: Amul Full Fat Milk-Gold, 500ml Pack = â‚¹33.0
02-03 19:48:44.736  8000  8000 I System.out:   âš ï¸ MED [10]: Rainbow Condensed Milk Original | Rich & = â‚¹999.0
02-03 19:48:44.736  8000  8000 I System.out:   âŒ LOW [-10]: Ahuja Mart Milk Powder, EveryDay Dairy W = â‚¹849.0
02-03 19:48:44.740  8000  8000 I System.out: SearchIntelligence: âŒ Couldn't parse quantity from 'Amul Moti Toned Milk (90 Days Shelf Life)'
02-03 19:48:44.740  8000  8000 I System.out: SearchIntelligence: âœ“ Amul Taaza Toned Milk - Pack o â†’ â‚¹16.0/pc
02-03 19:48:44.742  8000  8000 I System.out: SearchIntelligence: âœ“ Carnation Evaporated Milk â€“ Ri â†’ â‚¹1470.0/L
02-03 19:48:44.742  8000  8000 I System.out:   ğŸ“ Per-unit comparison: 2 products have calculable unit price
02-03 19:48:44.742  8000  8000 I System.out:     ğŸ’° Carnation Evaporated Milk â€“ Rich &  = â‚¹294.0 (â‚¹1470/L)
02-03 19:48:44.742  8000  8000 I System.out:     ğŸ’° Amul Taaza Toned Milk - Pack of 2 = â‚¹32.0 (â‚¹16/pc)
02-03 19:48:44.743  8000  8000 I System.out:   ğŸ’µ Raw cheapest: Arokya Toned Milk (per-unit best too expensive)
02-03 19:48:44.743  8000  8000 I System.out: ğŸ† Best Deal: Arokya Toned Milk = â‚¹26.0
02-03 19:48:44.743  8000  8000 I System.out: ğŸ” Best Deal Search: 'milk full cream' â†’ Primary keyword: 'milk'
02-03 19:48:44.749  8000  8000 I System.out: ğŸ“Š Relevance: HIGH=13, MEDIUM=1, LOW=1
02-03 19:48:44.749  8000  8000 I System.out:   âœ… HIGH [40]: Arokya Toned Milk = â‚¹26.0
02-03 19:48:44.749  8000  8000 I System.out:   âœ… HIGH [40]: Heritage Daily Health Toned Milk = â‚¹26.0
02-03 19:48:44.750  8000  8000 I System.out:   âœ… HIGH [20]: Amul Moti Toned Milk (90 Days Shelf Life = â‚¹29.0
02-03 19:48:44.750  8000  8000 I System.out:   âœ… HIGH [20]: Amul Taaza Toned Milk - Pack of 2 = â‚¹32.0
02-03 19:48:44.750  8000  8000 I System.out:   âœ… HIGH [40]: Amul Full Fat Milk-Gold, 500ml Pack = â‚¹33.0
02-03 19:48:44.750  8000  8000 I System.out:   âš ï¸ MED [10]: Rainbow Condensed Milk Original | Rich & = â‚¹999.0
02-03 19:48:44.750  8000  8000 I System.out:   âŒ LOW [-10]: Ahuja Mart Milk Powder, EveryDay Dairy W = â‚¹849.0
02-03 19:48:44.753  8000  8000 I System.out: SearchIntelligence: âŒ Couldn't parse quantity from 'Amul Moti Toned Milk (90 Days Shelf Life)'
02-03 19:48:44.754  8000  8000 I System.out: SearchIntelligence: âœ“ Amul Taaza Toned Milk - Pack o â†’ â‚¹16.0/pc
02-03 19:48:44.755  8000  8000 I System.out: SearchIntelligence: âœ“ Carnation Evaporated Milk â€“ Ri â†’ â‚¹1470.0/L
02-03 19:48:44.755  8000  8000 I System.out:   ğŸ“ Per-unit comparison: 2 products have calculable unit price
02-03 19:48:44.756  8000  8000 I System.out:     ğŸ’° Carnation Evaporated Milk â€“ Rich &  = â‚¹294.0 (â‚¹1470/L)
02-03 19:48:44.756  8000  8000 I System.out:     ğŸ’° Amul Taaza Toned Milk - Pack of 2 = â‚¹32.0 (â‚¹16/pc)
02-03 19:48:44.756  8000  8000 I System.out:   ğŸ’µ Raw cheapest: Arokya Toned Milk (per-unit best too expensive)
02-03 19:48:44.756  8000  8000 I System.out: ğŸ† Best Deal: Arokya Toned Milk = â‚¹26.0
02-03 19:48:44.756  8000  8000 I System.out: ğŸ“Š Scraping: 3/10 platforms, Total: 15
02-03 19:48:44.756  8000  8000 I System.out: Flipkart: Timeout
02-03 19:48:44.756  8000  8000 I System.out: ğŸ” Per-platform AI: Flipkart - skipped (0 products)
02-03 19:48:44.756  8000  8000 I System.out: ğŸ” Best Deal Search: 'milk full cream' â†’ Primary keyword: 'milk'
02-03 19:48:44.762  8000  8982 I System.out: Flipkart: âœ“ Found 3 products via URL 1
02-03 19:48:44.762  8000  8982 I System.out: Flipkart: [RAW] Got 3 products
02-03 19:48:44.763  8000  8000 I System.out: ğŸ“Š Relevance: HIGH=13, MEDIUM=1, LOW=1
02-03 19:48:44.763  8000  8000 I System.out:   âœ… HIGH [40]: Arokya Toned Milk = â‚¹26.0
02-03 19:48:44.763  8000  8000 I System.out:   âœ… HIGH [40]: Heritage Daily Health Toned Milk = â‚¹26.0
02-03 19:48:44.763  8000  8000 I System.out:   âœ… HIGH [20]: Amul Moti Toned Milk (90 Days Shelf Life = â‚¹29.0
02-03 19:48:44.763  8000  8000 I System.out:   âœ… HIGH [20]: Amul Taaza Toned Milk - Pack of 2 = â‚¹32.0
02-03 19:48:44.763  8000  8000 I System.out:   âœ… HIGH [40]: Amul Full Fat Milk-Gold, 500ml Pack = â‚¹33.0
02-03 19:48:44.763  8000  8000 I System.out:   âš ï¸ MED [10]: Rainbow Condensed Milk Original | Rich & = â‚¹999.0
02-03 19:48:44.763  8000  8000 I System.out:   âŒ LOW [-10]: Ahuja Mart Milk Powder, EveryDay Dairy W = â‚¹849.0
02-03 19:48:44.765  8000  8982 I System.out: Flipkart: âœ“ 3 products (raw, unfiltered)
02-03 19:48:44.766  8000  8982 I System.out: Flipkart: Completed (7/10)
02-03 19:48:44.766  8000  8000 I System.out: SearchIntelligence: âŒ Couldn't parse quantity from 'Amul Moti Toned Milk (90 Days Shelf Life)'
02-03 19:48:44.767  8000  8000 I System.out: SearchIntelligence: âœ“ Amul Taaza Toned Milk - Pack o â†’ â‚¹16.0/pc
02-03 19:48:44.768  8000  8000 I System.out: SearchIntelligence: âœ“ Carnation Evaporated Milk â€“ Ri â†’ â‚¹1470.0/L
02-03 19:48:44.769  8000  8000 I System.out:   ğŸ“ Per-unit comparison: 2 products have calculable unit price
02-03 19:48:44.769  8000  8000 I System.out:     ğŸ’° Carnation Evaporated Milk â€“ Rich &  = â‚¹294.0 (â‚¹1470/L)
02-03 19:48:44.769  8000  8000 I System.out:     ğŸ’° Amul Taaza Toned Milk - Pack of 2 = â‚¹32.0 (â‚¹16/pc)
02-03 19:48:44.769  8000  8000 I System.out:   ğŸ’µ Raw cheapest: Arokya Toned Milk (per-unit best too expensive)
02-03 19:48:44.769  8000  8000 I System.out: ğŸ† Best Deal: Arokya Toned Milk = â‚¹26.0
02-03 19:48:44.770  8000  8000 I System.out: ğŸ” Best Deal Search: 'milk full cream' â†’ Primary keyword: 'milk'
02-03 19:48:44.775  8000  8000 I System.out: ğŸ“Š Relevance: HIGH=13, MEDIUM=1, LOW=1
02-03 19:48:44.775  8000  8000 I System.out:   âœ… HIGH [40]: Arokya Toned Milk = â‚¹26.0
02-03 19:48:44.775  8000  8000 I System.out:   âœ… HIGH [40]: Heritage Daily Health Toned Milk = â‚¹26.0
02-03 19:48:44.775  8000  8000 I System.out:   âœ… HIGH [20]: Amul Moti Toned Milk (90 Days Shelf Life = â‚¹29.0
02-03 19:48:44.775  8000  8000 I System.out:   âœ… HIGH [20]: Amul Taaza Toned Milk - Pack of 2 = â‚¹32.0
02-03 19:48:44.775  8000  8000 I System.out:   âœ… HIGH [40]: Amul Full Fat Milk-Gold, 500ml Pack = â‚¹33.0
02-03 19:48:44.775  8000  8000 I System.out:   âš ï¸ MED [10]: Rainbow Condensed Milk Original | Rich & = â‚¹999.0
02-03 19:48:44.775  8000  8000 I System.out:   âŒ LOW [-10]: Ahuja Mart Milk Powder, EveryDay Dairy W = â‚¹849.0
02-03 19:48:44.778  8000  8000 I System.out: SearchIntelligence: âŒ Couldn't parse quantity from 'Amul Moti Toned Milk (90 Days Shelf Life)'
02-03 19:48:44.778  8000  8000 I System.out: SearchIntelligence: âœ“ Amul Taaza Toned Milk - Pack o â†’ â‚¹16.0/pc
02-03 19:48:44.779  8000  8000 I System.out: SearchIntelligence: âœ“ Carnation Evaporated Milk â€“ Ri â†’ â‚¹1470.0/L
02-03 19:48:44.780  8000  8000 I System.out:   ğŸ“ Per-unit comparison: 2 products have calculable unit price
02-03 19:48:44.780  8000  8000 I System.out:     ğŸ’° Carnation Evaporated Milk â€“ Rich &  = â‚¹294.0 (â‚¹1470/L)
02-03 19:48:44.780  8000  8000 I System.out:     ğŸ’° Amul Taaza Toned Milk - Pack of 2 = â‚¹32.0 (â‚¹16/pc)
02-03 19:48:44.780  8000  8000 I System.out:   ğŸ’µ Raw cheapest: Arokya Toned Milk (per-unit best too expensive)
02-03 19:48:44.780  8000  8000 I System.out: ğŸ† Best Deal: Arokya Toned Milk = â‚¹26.0
02-03 19:48:44.780  8000  8000 I System.out: ğŸ“Š Scraping: 3/10 platforms, Total: 15
02-03 19:48:44.780  8000  8000 I System.out: JioMart: Timeout
02-03 19:48:44.780  8000  8000 I System.out: ğŸ” Per-platform AI: JioMart - skipped (0 products)
02-03 19:48:44.781  8000  8000 I System.out: ğŸ” Best Deal Search: 'milk full cream' â†’ Primary keyword: 'milk'
02-03 19:48:44.785  8000  8000 I System.out: ğŸ“Š Relevance: HIGH=13, MEDIUM=1, LOW=1
02-03 19:48:44.786  8000  8000 I System.out:   âœ… HIGH [40]: Arokya Toned Milk = â‚¹26.0
02-03 19:48:44.786  8000  8000 I System.out:   âœ… HIGH [40]: Heritage Daily Health Toned Milk = â‚¹26.0
02-03 19:48:44.786  8000  8000 I System.out:   âœ… HIGH [20]: Amul Moti Toned Milk (90 Days Shelf Life = â‚¹29.0
02-03 19:48:44.786  8000  8000 I System.out:   âœ… HIGH [20]: Amul Taaza Toned Milk - Pack of 2 = â‚¹32.0
02-03 19:48:44.786  8000  8000 I System.out:   âœ… HIGH [40]: Amul Full Fat Milk-Gold, 500ml Pack = â‚¹33.0
02-03 19:48:44.786  8000  8000 I System.out:   âš ï¸ MED [10]: Rainbow Condensed Milk Original | Rich & = â‚¹999.0
02-03 19:48:44.786  8000  8000 I System.out:   âŒ LOW [-10]: Ahuja Mart Milk Powder, EveryDay Dairy W = â‚¹849.0
02-03 19:48:44.789  8000  8000 I System.out: SearchIntelligence: âŒ Couldn't parse quantity from 'Amul Moti Toned Milk (90 Days Shelf Life)'
02-03 19:48:44.789  8000  8000 I System.out: SearchIntelligence: âœ“ Amul Taaza Toned Milk - Pack o â†’ â‚¹16.0/pc
02-03 19:48:44.790  8000  8000 I System.out: SearchIntelligence: âœ“ Carnation Evaporated Milk â€“ Ri â†’ â‚¹1470.0/L
02-03 19:48:44.790  8000  8000 I System.out:   ğŸ“ Per-unit comparison: 2 products have calculable unit price
02-03 19:48:44.791  8000  8000 I System.out:     ğŸ’° Carnation Evaporated Milk â€“ Rich &  = â‚¹294.0 (â‚¹1470/L)
02-03 19:48:44.791  8000  8000 I System.out:     ğŸ’° Amul Taaza Toned Milk - Pack of 2 = â‚¹32.0 (â‚¹16/pc)
02-03 19:48:44.791  8000  8000 I System.out:   ğŸ’µ Raw cheapest: Arokya Toned Milk (per-unit best too expensive)
02-03 19:48:44.791  8000  8000 I System.out: ğŸ† Best Deal: Arokya Toned Milk = â‚¹26.0
02-03 19:48:44.791  8000  8000 I System.out: ğŸ” Best Deal Search: 'milk full cream' â†’ Primary keyword: 'milk'
02-03 19:48:44.796  8000  8000 I System.out: ğŸ“Š Relevance: HIGH=13, MEDIUM=1, LOW=1
02-03 19:48:44.796  8000  8000 I System.out:   âœ… HIGH [40]: Arokya Toned Milk = â‚¹26.0
02-03 19:48:44.796  8000  8000 I System.out:   âœ… HIGH [40]: Heritage Daily Health Toned Milk = â‚¹26.0
02-03 19:48:44.796  8000  8000 I System.out:   âœ… HIGH [20]: Amul Moti Toned Milk (90 Days Shelf Life = â‚¹29.0
02-03 19:48:44.796  8000  8000 I System.out:   âœ… HIGH [20]: Amul Taaza Toned Milk - Pack of 2 = â‚¹32.0
02-03 19:48:44.796  8000  8000 I System.out:   âœ… HIGH [40]: Amul Full Fat Milk-Gold, 500ml Pack = â‚¹33.0
02-03 19:48:44.796  8000  8000 I System.out:   âš ï¸ MED [10]: Rainbow Condensed Milk Original | Rich & = â‚¹999.0
02-03 19:48:44.796  8000  8000 I System.out:   âŒ LOW [-10]: Ahuja Mart Milk Powder, EveryDay Dairy W = â‚¹849.0
02-03 19:48:44.799  8000  8000 I System.out: SearchIntelligence: âŒ Couldn't parse quantity from 'Amul Moti Toned Milk (90 Days Shelf Life)'
02-03 19:48:44.800  8000  8000 I System.out: SearchIntelligence: âœ“ Amul Taaza Toned Milk - Pack o â†’ â‚¹16.0/pc
02-03 19:48:44.801  8000  8000 I System.out: SearchIntelligence: âœ“ Carnation Evaporated Milk â€“ Ri â†’ â‚¹1470.0/L
02-03 19:48:44.801  8000  8000 I System.out:   ğŸ“ Per-unit comparison: 2 products have calculable unit price
02-03 19:48:44.801  8000  8000 I System.out:     ğŸ’° Carnation Evaporated Milk â€“ Rich &  = â‚¹294.0 (â‚¹1470/L)
02-03 19:48:44.802  8000  8000 I System.out:     ğŸ’° Amul Taaza Toned Milk - Pack of 2 = â‚¹32.0 (â‚¹16/pc)
02-03 19:48:44.802  8000  8000 I System.out:   ğŸ’µ Raw cheapest: Arokya Toned Milk (per-unit best too expensive)
02-03 19:48:44.802  8000  8000 I System.out: ğŸ† Best Deal: Arokya Toned Milk = â‚¹26.0
02-03 19:48:44.802  8000  8000 I System.out: ğŸ“Š Scraping: 3/10 platforms, Total: 15
02-03 19:48:44.802  8000  8000 I System.out: === RAW SCRAPE COMPLETED ===
02-03 19:48:44.802  8000  8000 I System.out: âœ… Fresh scraping complete. Total: 15 products
02-03 19:48:44.802  8000  8000 I System.out: ğŸ¤– Applying AI smart search...
02-03 19:48:44.804  8000  8000 I System.out: ğŸ¤– Final AI request started (timeout=120000ms, products=15)
02-03 19:48:44.807  8000  8000 I System.out: WebView: Max wait reached, extracting (indicators: {"ready":false,"prices":0,"products":0,"images":0,"links":0,"jsonLd":1})
02-03 19:48:44.862  8000  8982 I System.out: BigBasket: âœ— Error - Job was cancelled
02-03 19:48:44.862  8000  8982 I System.out: BigBasket: âœ— Error - Job was cancelled
02-03 19:48:44.862  8000  8982 I System.out: BigBasket: Completed (8/10)
02-03 19:48:46.379  8000  8000 I System.out: WebView Console: be = 682345053781770128320270 (https://cdn.epsilondelta.co/static/gemGen.js:1)
02-03 19:48:46.379  8000  8000 I System.out: WebView Console: sp = undefined (https://cdn.epsilondelta.co/static/gemGen.js:1)
02-03 19:48:47.704  8000  8000 I System.out: WebView: Max wait reached, extracting (indicators: {"ready":false,"prices":0,"products":0,"images":0,"links":0,"jsonLd":0})
02-03 19:48:47.706  8000  8000 I System.out: WebView: Max wait reached, extracting (indicators: {"ready":false,"prices":0,"products":0,"images":0,"links":0,"jsonLd":0})
02-03 19:48:51.214  8000  8000 I System.out: âœ… Final AI success in 6410ms (aiPowered=true, products=15)
